  Determinando os projetos a serem restaurados...
  Todos os projetos est├úo atualizados para restaura├º├úo.
  IrmaDulce.Domain -> C:\Projects\Irma Dulce\backend\src\IrmaDulce.Domain\bin\Debug\net8.0\IrmaDulce.Domain.dll
  IrmaDulce.Application -> C:\Projects\Irma Dulce\backend\src\IrmaDulce.Application\bin\Debug\net8.0\IrmaDulce.Application.dll
  IrmaDulce.Infrastructure -> C:\Projects\Irma Dulce\backend\src\IrmaDulce.Infrastructure\bin\Debug\net8.0\IrmaDulce.Infrastructure.dll
C:\Program Files\dotnet\sdk\8.0.415\Microsoft.Common.CurrentVersion.targets(5034,5): warning MSB3026: n├úo foi poss├¡vel copiar "C:\Projects\Irma Dulce\backend\src\IrmaDulce.Application\bin\Debug\net8.0\IrmaDulce.Application.dll" para "bin\Debug\net8.0\IrmaDulce.Application.dll". Iniciando nova tentativa 1 em 1000ms. The process cannot access the file 'C:\Projects\Irma Dulce\backend\src\IrmaDulce.API\bin\Debug\net8.0\IrmaDulce.Application.dll' because it is being used by another process. O arquivo ├® bloqueado por: "IrmaDulce.API (41484)" [C:\Projects\Irma Dulce\backend\src\IrmaDulce.API\IrmaDulce.API.csproj]
C:\Program Files\dotnet\sdk\8.0.415\Microsoft.Common.CurrentVersion.targets(5034,5): warning MSB3026: n├úo foi poss├¡vel copiar "C:\Projects\Irma Dulce\backend\src\IrmaDulce.Infrastructure\bin\Debug\net8.0\IrmaDulce.Infrastructure.dll" para "bin\Debug\net8.0\IrmaDulce.Infrastructure.dll". Iniciando nova tentativa 1 em 1000ms. The process cannot access the file 'C:\Projects\Irma Dulce\backend\src\IrmaDulce.API\bin\Debug\net8.0\IrmaDulce.Infrastructure.dll' because it is being used by another process. O arquivo ├® bloqueado por: "IrmaDulce.API (41484)" [C:\Projects\Irma Dulce\backend\src\IrmaDulce.API\IrmaDulce.API.csproj]
C:\Program Files\dotnet\sdk\8.0.415\Microsoft.Common.CurrentVersion.targets(5034,5): warning MSB3026: n├úo foi poss├¡vel copiar "C:\Projects\Irma Dulce\backend\src\IrmaDulce.Domain\bin\Debug\net8.0\IrmaDulce.Domain.dll" para "bin\Debug\net8.0\IrmaDulce.Domain.dll". Iniciando nova tentativa 1 em 1000ms. The process cannot access the file 'C:\Projects\Irma Dulce\backend\src\IrmaDulce.API\bin\Debug\net8.0\IrmaDulce.Domain.dll' because it is being used by another process. O arquivo ├® bloqueado por: "IrmaDulce.API (41484)" [C:\Projects\Irma Dulce\backend\src\IrmaDulce.API\IrmaDulce.API.csproj]
C:\Program Files\dotnet\sdk\8.0.415\Microsoft.Common.CurrentVersion.targets(5034,5): warning MSB3026: n├úo foi poss├¡vel copiar "C:\Projects\Irma Dulce\backend\src\IrmaDulce.Application\bin\Debug\net8.0\IrmaDulce.Application.dll" para "bin\Debug\net8.0\IrmaDulce.Application.dll". Iniciando nova tentativa 2 em 1000ms. The process cannot access the file 'C:\Projects\Irma Dulce\backend\src\IrmaDulce.API\bin\Debug\net8.0\IrmaDulce.Application.dll' because it is being used by another process. O arquivo ├® bloqueado por: "IrmaDulce.API (41484)" [C:\Projects\Irma Dulce\backend\src\IrmaDulce.API\IrmaDulce.API.csproj]
C:\Program Files\dotnet\sdk\8.0.415\Microsoft.Common.CurrentVersion.targets(5034,5): warning MSB3026: n├úo foi poss├¡vel copiar "C:\Projects\Irma Dulce\backend\src\IrmaDulce.Domain\bin\Debug\net8.0\IrmaDulce.Domain.dll" para "bin\Debug\net8.0\IrmaDulce.Domain.dll". Iniciando nova tentativa 2 em 1000ms. The process cannot access the file 'C:\Projects\Irma Dulce\backend\src\IrmaDulce.API\bin\Debug\net8.0\IrmaDulce.Domain.dll' because it is being used by another process. O arquivo ├® bloqueado por: "IrmaDulce.API (41484)" [C:\Projects\Irma Dulce\backend\src\IrmaDulce.API\IrmaDulce.API.csproj]
C:\Program Files\dotnet\sdk\8.0.415\Microsoft.Common.CurrentVersion.targets(5034,5): warning MSB3026: n├úo foi poss├¡vel copiar "C:\Projects\Irma Dulce\backend\src\IrmaDulce.Infrastructure\bin\Debug\net8.0\IrmaDulce.Infrastructure.dll" para "bin\Debug\net8.0\IrmaDulce.Infrastructure.dll". Iniciando nova tentativa 2 em 1000ms. The process cannot access the file 'C:\Projects\Irma Dulce\backend\src\IrmaDulce.API\bin\Debug\net8.0\IrmaDulce.Infrastructure.dll' because it is being used by another process. O arquivo ├® bloqueado por: "IrmaDulce.API (41484)" [C:\Projects\Irma Dulce\backend\src\IrmaDulce.API\IrmaDulce.API.csproj]
C:\Program Files\dotnet\sdk\8.0.415\Microsoft.Common.CurrentVersion.targets(5034,5): warning MSB3026: n├úo foi poss├¡vel copiar "C:\Projects\Irma Dulce\backend\src\IrmaDulce.Application\bin\Debug\net8.0\IrmaDulce.Application.dll" para "bin\Debug\net8.0\IrmaDulce.Application.dll". Iniciando nova tentativa 3 em 1000ms. The process cannot access the file 'C:\Projects\Irma Dulce\backend\src\IrmaDulce.API\bin\Debug\net8.0\IrmaDulce.Application.dll' because it is being used by another process. O arquivo ├® bloqueado por: "IrmaDulce.API (41484)" [C:\Projects\Irma Dulce\backend\src\IrmaDulce.API\IrmaDulce.API.csproj]
C:\Program Files\dotnet\sdk\8.0.415\Microsoft.Common.CurrentVersion.targets(5034,5): warning MSB3026: n├úo foi poss├¡vel copiar "C:\Projects\Irma Dulce\backend\src\IrmaDulce.Infrastructure\bin\Debug\net8.0\IrmaDulce.Infrastructure.dll" para "bin\Debug\net8.0\IrmaDulce.Infrastructure.dll". Iniciando nova tentativa 3 em 1000ms. The process cannot access the file 'C:\Projects\Irma Dulce\backend\src\IrmaDulce.API\bin\Debug\net8.0\IrmaDulce.Infrastructure.dll' because it is being used by another process. O arquivo ├® bloqueado por: "IrmaDulce.API (41484)" [C:\Projects\Irma Dulce\backend\src\IrmaDulce.API\IrmaDulce.API.csproj]
C:\Program Files\dotnet\sdk\8.0.415\Microsoft.Common.CurrentVersion.targets(5034,5): warning MSB3026: n├úo foi poss├¡vel copiar "C:\Projects\Irma Dulce\backend\src\IrmaDulce.Domain\bin\Debug\net8.0\IrmaDulce.Domain.dll" para "bin\Debug\net8.0\IrmaDulce.Domain.dll". Iniciando nova tentativa 3 em 1000ms. The process cannot access the file 'C:\Projects\Irma Dulce\backend\src\IrmaDulce.API\bin\Debug\net8.0\IrmaDulce.Domain.dll' because it is being used by another process. O arquivo ├® bloqueado por: "IrmaDulce.API (41484)" [C:\Projects\Irma Dulce\backend\src\IrmaDulce.API\IrmaDulce.API.csproj]
C:\Program Files\dotnet\sdk\8.0.415\Microsoft.Common.CurrentVersion.targets(5034,5): warning MSB3026: n├úo foi poss├¡vel copiar "C:\Projects\Irma Dulce\backend\src\IrmaDulce.Application\bin\Debug\net8.0\IrmaDulce.Application.dll" para "bin\Debug\net8.0\IrmaDulce.Application.dll". Iniciando nova tentativa 4 em 1000ms. The process cannot access the file 'C:\Projects\Irma Dulce\backend\src\IrmaDulce.API\bin\Debug\net8.0\IrmaDulce.Application.dll' because it is being used by another process. O arquivo ├® bloqueado por: "IrmaDulce.API (41484)" [C:\Projects\Irma Dulce\backend\src\IrmaDulce.API\IrmaDulce.API.csproj]
C:\Program Files\dotnet\sdk\8.0.415\Microsoft.Common.CurrentVersion.targets(5034,5): warning MSB3026: n├úo foi poss├¡vel copiar "C:\Projects\Irma Dulce\backend\src\IrmaDulce.Infrastructure\bin\Debug\net8.0\IrmaDulce.Infrastructure.dll" para "bin\Debug\net8.0\IrmaDulce.Infrastructure.dll". Iniciando nova tentativa 4 em 1000ms. The process cannot access the file 'C:\Projects\Irma Dulce\backend\src\IrmaDulce.API\bin\Debug\net8.0\IrmaDulce.Infrastructure.dll' because it is being used by another process. O arquivo ├® bloqueado por: "IrmaDulce.API (41484)" [C:\Projects\Irma Dulce\backend\src\IrmaDulce.API\IrmaDulce.API.csproj]
C:\Program Files\dotnet\sdk\8.0.415\Microsoft.Common.CurrentVersion.targets(5034,5): warning MSB3026: n├úo foi poss├¡vel copiar "C:\Projects\Irma Dulce\backend\src\IrmaDulce.Domain\bin\Debug\net8.0\IrmaDulce.Domain.dll" para "bin\Debug\net8.0\IrmaDulce.Domain.dll". Iniciando nova tentativa 4 em 1000ms. The process cannot access the file 'C:\Projects\Irma Dulce\backend\src\IrmaDulce.API\bin\Debug\net8.0\IrmaDulce.Domain.dll' because it is being used by another process. O arquivo ├® bloqueado por: "IrmaDulce.API (41484)" [C:\Projects\Irma Dulce\backend\src\IrmaDulce.API\IrmaDulce.API.csproj]
C:\Program Files\dotnet\sdk\8.0.415\Microsoft.Common.CurrentVersion.targets(5034,5): warning MSB3026: n├úo foi poss├¡vel copiar "C:\Projects\Irma Dulce\backend\src\IrmaDulce.Application\bin\Debug\net8.0\IrmaDulce.Application.dll" para "bin\Debug\net8.0\IrmaDulce.Application.dll". Iniciando nova tentativa 5 em 1000ms. The process cannot access the file 'C:\Projects\Irma Dulce\backend\src\IrmaDulce.API\bin\Debug\net8.0\IrmaDulce.Application.dll' because it is being used by another process. O arquivo ├® bloqueado por: "IrmaDulce.API (41484)" [C:\Projects\Irma Dulce\backend\src\IrmaDulce.API\IrmaDulce.API.csproj]
C:\Program Files\dotnet\sdk\8.0.415\Microsoft.Common.CurrentVersion.targets(5034,5): warning MSB3026: n├úo foi poss├¡vel copiar "C:\Projects\Irma Dulce\backend\src\IrmaDulce.Infrastructure\bin\Debug\net8.0\IrmaDulce.Infrastructure.dll" para "bin\Debug\net8.0\IrmaDulce.Infrastructure.dll". Iniciando nova tentativa 5 em 1000ms. The process cannot access the file 'C:\Projects\Irma Dulce\backend\src\IrmaDulce.API\bin\Debug\net8.0\IrmaDulce.Infrastructure.dll' because it is being used by another process. O arquivo ├® bloqueado por: "IrmaDulce.API (41484)" [C:\Projects\Irma Dulce\backend\src\IrmaDulce.API\IrmaDulce.API.csproj]
C:\Program Files\dotnet\sdk\8.0.415\Microsoft.Common.CurrentVersion.targets(5034,5): warning MSB3026: n├úo foi poss├¡vel copiar "C:\Projects\Irma Dulce\backend\src\IrmaDulce.Domain\bin\Debug\net8.0\IrmaDulce.Domain.dll" para "bin\Debug\net8.0\IrmaDulce.Domain.dll". Iniciando nova tentativa 5 em 1000ms. The process cannot access the file 'C:\Projects\Irma Dulce\backend\src\IrmaDulce.API\bin\Debug\net8.0\IrmaDulce.Domain.dll' because it is being used by another process. O arquivo ├® bloqueado por: "IrmaDulce.API (41484)" [C:\Projects\Irma Dulce\backend\src\IrmaDulce.API\IrmaDulce.API.csproj]
C:\Program Files\dotnet\sdk\8.0.415\Microsoft.Common.CurrentVersion.targets(5034,5): warning MSB3026: n├úo foi poss├¡vel copiar "C:\Projects\Irma Dulce\backend\src\IrmaDulce.Application\bin\Debug\net8.0\IrmaDulce.Application.dll" para "bin\Debug\net8.0\IrmaDulce.Application.dll". Iniciando nova tentativa 6 em 1000ms. The process cannot access the file 'C:\Projects\Irma Dulce\backend\src\IrmaDulce.API\bin\Debug\net8.0\IrmaDulce.Application.dll' because it is being used by another process. O arquivo ├® bloqueado por: "IrmaDulce.API (41484)" [C:\Projects\Irma Dulce\backend\src\IrmaDulce.API\IrmaDulce.API.csproj]
C:\Program Files\dotnet\sdk\8.0.415\Microsoft.Common.CurrentVersion.targets(5034,5): warning MSB3026: n├úo foi poss├¡vel copiar "C:\Projects\Irma Dulce\backend\src\IrmaDulce.Domain\bin\Debug\net8.0\IrmaDulce.Domain.dll" para "bin\Debug\net8.0\IrmaDulce.Domain.dll". Iniciando nova tentativa 6 em 1000ms. The process cannot access the file 'C:\Projects\Irma Dulce\backend\src\IrmaDulce.API\bin\Debug\net8.0\IrmaDulce.Domain.dll' because it is being used by another process. O arquivo ├® bloqueado por: "IrmaDulce.API (41484)" [C:\Projects\Irma Dulce\backend\src\IrmaDulce.API\IrmaDulce.API.csproj]
C:\Program Files\dotnet\sdk\8.0.415\Microsoft.Common.CurrentVersion.targets(5034,5): warning MSB3026: n├úo foi poss├¡vel copiar "C:\Projects\Irma Dulce\backend\src\IrmaDulce.Infrastructure\bin\Debug\net8.0\IrmaDulce.Infrastructure.dll" para "bin\Debug\net8.0\IrmaDulce.Infrastructure.dll". Iniciando nova tentativa 6 em 1000ms. The process cannot access the file 'C:\Projects\Irma Dulce\backend\src\IrmaDulce.API\bin\Debug\net8.0\IrmaDulce.Infrastructure.dll' because it is being used by another process. O arquivo ├® bloqueado por: "IrmaDulce.API (41484)" [C:\Projects\Irma Dulce\backend\src\IrmaDulce.API\IrmaDulce.API.csproj]
C:\Program Files\dotnet\sdk\8.0.415\Microsoft.Common.CurrentVersion.targets(5034,5): warning MSB3026: n├úo foi poss├¡vel copiar "C:\Projects\Irma Dulce\backend\src\IrmaDulce.Application\bin\Debug\net8.0\IrmaDulce.Application.dll" para "bin\Debug\net8.0\IrmaDulce.Application.dll". Iniciando nova tentativa 7 em 1000ms. The process cannot access the file 'C:\Projects\Irma Dulce\backend\src\IrmaDulce.API\bin\Debug\net8.0\IrmaDulce.Application.dll' because it is being used by another process. O arquivo ├® bloqueado por: "IrmaDulce.API (41484)" [C:\Projects\Irma Dulce\backend\src\IrmaDulce.API\IrmaDulce.API.csproj]
C:\Program Files\dotnet\sdk\8.0.415\Microsoft.Common.CurrentVersion.targets(5034,5): warning MSB3026: n├úo foi poss├¡vel copiar "C:\Projects\Irma Dulce\backend\src\IrmaDulce.Domain\bin\Debug\net8.0\IrmaDulce.Domain.dll" para "bin\Debug\net8.0\IrmaDulce.Domain.dll". Iniciando nova tentativa 7 em 1000ms. The process cannot access the file 'C:\Projects\Irma Dulce\backend\src\IrmaDulce.API\bin\Debug\net8.0\IrmaDulce.Domain.dll' because it is being used by another process. O arquivo ├® bloqueado por: "IrmaDulce.API (41484)" [C:\Projects\Irma Dulce\backend\src\IrmaDulce.API\IrmaDulce.API.csproj]
C:\Program Files\dotnet\sdk\8.0.415\Microsoft.Common.CurrentVersion.targets(5034,5): warning MSB3026: n├úo foi poss├¡vel copiar "C:\Projects\Irma Dulce\backend\src\IrmaDulce.Infrastructure\bin\Debug\net8.0\IrmaDulce.Infrastructure.dll" para "bin\Debug\net8.0\IrmaDulce.Infrastructure.dll". Iniciando nova tentativa 7 em 1000ms. The process cannot access the file 'C:\Projects\Irma Dulce\backend\src\IrmaDulce.API\bin\Debug\net8.0\IrmaDulce.Infrastructure.dll' because it is being used by another process. O arquivo ├® bloqueado por: "IrmaDulce.API (41484)" [C:\Projects\Irma Dulce\backend\src\IrmaDulce.API\IrmaDulce.API.csproj]
C:\Program Files\dotnet\sdk\8.0.415\Microsoft.Common.CurrentVersion.targets(5034,5): warning MSB3026: n├úo foi poss├¡vel copiar "C:\Projects\Irma Dulce\backend\src\IrmaDulce.Application\bin\Debug\net8.0\IrmaDulce.Application.dll" para "bin\Debug\net8.0\IrmaDulce.Application.dll". Iniciando nova tentativa 8 em 1000ms. The process cannot access the file 'C:\Projects\Irma Dulce\backend\src\IrmaDulce.API\bin\Debug\net8.0\IrmaDulce.Application.dll' because it is being used by another process. O arquivo ├® bloqueado por: "IrmaDulce.API (41484)" [C:\Projects\Irma Dulce\backend\src\IrmaDulce.API\IrmaDulce.API.csproj]
C:\Program Files\dotnet\sdk\8.0.415\Microsoft.Common.CurrentVersion.targets(5034,5): warning MSB3026: n├úo foi poss├¡vel copiar "C:\Projects\Irma Dulce\backend\src\IrmaDulce.Domain\bin\Debug\net8.0\IrmaDulce.Domain.dll" para "bin\Debug\net8.0\IrmaDulce.Domain.dll". Iniciando nova tentativa 8 em 1000ms. The process cannot access the file 'C:\Projects\Irma Dulce\backend\src\IrmaDulce.API\bin\Debug\net8.0\IrmaDulce.Domain.dll' because it is being used by another process. O arquivo ├® bloqueado por: "IrmaDulce.API (41484)" [C:\Projects\Irma Dulce\backend\src\IrmaDulce.API\IrmaDulce.API.csproj]
C:\Program Files\dotnet\sdk\8.0.415\Microsoft.Common.CurrentVersion.targets(5034,5): warning MSB3026: n├úo foi poss├¡vel copiar "C:\Projects\Irma Dulce\backend\src\IrmaDulce.Infrastructure\bin\Debug\net8.0\IrmaDulce.Infrastructure.dll" para "bin\Debug\net8.0\IrmaDulce.Infrastructure.dll". Iniciando nova tentativa 8 em 1000ms. The process cannot access the file 'C:\Projects\Irma Dulce\backend\src\IrmaDulce.API\bin\Debug\net8.0\IrmaDulce.Infrastructure.dll' because it is being used by another process. O arquivo ├® bloqueado por: "IrmaDulce.API (41484)" [C:\Projects\Irma Dulce\backend\src\IrmaDulce.API\IrmaDulce.API.csproj]
C:\Program Files\dotnet\sdk\8.0.415\Microsoft.Common.CurrentVersion.targets(5034,5): warning MSB3026: n├úo foi poss├¡vel copiar "C:\Projects\Irma Dulce\backend\src\IrmaDulce.Application\bin\Debug\net8.0\IrmaDulce.Application.dll" para "bin\Debug\net8.0\IrmaDulce.Application.dll". Iniciando nova tentativa 9 em 1000ms. The process cannot access the file 'C:\Projects\Irma Dulce\backend\src\IrmaDulce.API\bin\Debug\net8.0\IrmaDulce.Application.dll' because it is being used by another process. O arquivo ├® bloqueado por: "IrmaDulce.API (41484)" [C:\Projects\Irma Dulce\backend\src\IrmaDulce.API\IrmaDulce.API.csproj]
C:\Program Files\dotnet\sdk\8.0.415\Microsoft.Common.CurrentVersion.targets(5034,5): warning MSB3026: n├úo foi poss├¡vel copiar "C:\Projects\Irma Dulce\backend\src\IrmaDulce.Domain\bin\Debug\net8.0\IrmaDulce.Domain.dll" para "bin\Debug\net8.0\IrmaDulce.Domain.dll". Iniciando nova tentativa 9 em 1000ms. The process cannot access the file 'C:\Projects\Irma Dulce\backend\src\IrmaDulce.API\bin\Debug\net8.0\IrmaDulce.Domain.dll' because it is being used by another process. O arquivo ├® bloqueado por: "IrmaDulce.API (41484)" [C:\Projects\Irma Dulce\backend\src\IrmaDulce.API\IrmaDulce.API.csproj]
C:\Program Files\dotnet\sdk\8.0.415\Microsoft.Common.CurrentVersion.targets(5034,5): warning MSB3026: n├úo foi poss├¡vel copiar "C:\Projects\Irma Dulce\backend\src\IrmaDulce.Infrastructure\bin\Debug\net8.0\IrmaDulce.Infrastructure.dll" para "bin\Debug\net8.0\IrmaDulce.Infrastructure.dll". Iniciando nova tentativa 9 em 1000ms. The process cannot access the file 'C:\Projects\Irma Dulce\backend\src\IrmaDulce.API\bin\Debug\net8.0\IrmaDulce.Infrastructure.dll' because it is being used by another process. O arquivo ├® bloqueado por: "IrmaDulce.API (41484)" [C:\Projects\Irma Dulce\backend\src\IrmaDulce.API\IrmaDulce.API.csproj]
C:\Program Files\dotnet\sdk\8.0.415\Microsoft.Common.CurrentVersion.targets(5034,5): warning MSB3026: n├úo foi poss├¡vel copiar "C:\Projects\Irma Dulce\backend\src\IrmaDulce.Application\bin\Debug\net8.0\IrmaDulce.Application.dll" para "bin\Debug\net8.0\IrmaDulce.Application.dll". Iniciando nova tentativa 10 em 1000ms. The process cannot access the file 'C:\Projects\Irma Dulce\backend\src\IrmaDulce.API\bin\Debug\net8.0\IrmaDulce.Application.dll' because it is being used by another process. O arquivo ├® bloqueado por: "IrmaDulce.API (41484)" [C:\Projects\Irma Dulce\backend\src\IrmaDulce.API\IrmaDulce.API.csproj]
C:\Program Files\dotnet\sdk\8.0.415\Microsoft.Common.CurrentVersion.targets(5034,5): warning MSB3026: n├úo foi poss├¡vel copiar "C:\Projects\Irma Dulce\backend\src\IrmaDulce.Domain\bin\Debug\net8.0\IrmaDulce.Domain.dll" para "bin\Debug\net8.0\IrmaDulce.Domain.dll". Iniciando nova tentativa 10 em 1000ms. The process cannot access the file 'C:\Projects\Irma Dulce\backend\src\IrmaDulce.API\bin\Debug\net8.0\IrmaDulce.Domain.dll' because it is being used by another process. O arquivo ├® bloqueado por: "IrmaDulce.API (41484)" [C:\Projects\Irma Dulce\backend\src\IrmaDulce.API\IrmaDulce.API.csproj]
C:\Program Files\dotnet\sdk\8.0.415\Microsoft.Common.CurrentVersion.targets(5034,5): warning MSB3026: n├úo foi poss├¡vel copiar "C:\Projects\Irma Dulce\backend\src\IrmaDulce.Infrastructure\bin\Debug\net8.0\IrmaDulce.Infrastructure.dll" para "bin\Debug\net8.0\IrmaDulce.Infrastructure.dll". Iniciando nova tentativa 10 em 1000ms. The process cannot access the file 'C:\Projects\Irma Dulce\backend\src\IrmaDulce.API\bin\Debug\net8.0\IrmaDulce.Infrastructure.dll' because it is being used by another process. O arquivo ├® bloqueado por: "IrmaDulce.API (41484)" [C:\Projects\Irma Dulce\backend\src\IrmaDulce.API\IrmaDulce.API.csproj]
C:\Program Files\dotnet\sdk\8.0.415\Microsoft.Common.CurrentVersion.targets(5034,5): error MSB3027: n├úo foi poss├¡vel copiar "C:\Projects\Irma Dulce\backend\src\IrmaDulce.Application\bin\Debug\net8.0\IrmaDulce.Application.dll" para "bin\Debug\net8.0\IrmaDulce.Application.dll". N├║mero de novas tentativas 10 excedido. Falha. O arquivo ├® bloqueado por: "IrmaDulce.API (41484)" [C:\Projects\Irma Dulce\backend\src\IrmaDulce.API\IrmaDulce.API.csproj]
C:\Program Files\dotnet\sdk\8.0.415\Microsoft.Common.CurrentVersion.targets(5034,5): error MSB3021: N├úo ├® poss├¡vel copiar o arquivo "C:\Projects\Irma Dulce\backend\src\IrmaDulce.Application\bin\Debug\net8.0\IrmaDulce.Application.dll" para "bin\Debug\net8.0\IrmaDulce.Application.dll". The process cannot access the file 'C:\Projects\Irma Dulce\backend\src\IrmaDulce.API\bin\Debug\net8.0\IrmaDulce.Application.dll' because it is being used by another process. [C:\Projects\Irma Dulce\backend\src\IrmaDulce.API\IrmaDulce.API.csproj]
C:\Program Files\dotnet\sdk\8.0.415\Microsoft.Common.CurrentVersion.targets(5034,5): error MSB3027: n├úo foi poss├¡vel copiar "C:\Projects\Irma Dulce\backend\src\IrmaDulce.Domain\bin\Debug\net8.0\IrmaDulce.Domain.dll" para "bin\Debug\net8.0\IrmaDulce.Domain.dll". N├║mero de novas tentativas 10 excedido. Falha. O arquivo ├® bloqueado por: "IrmaDulce.API (41484)" [C:\Projects\Irma Dulce\backend\src\IrmaDulce.API\IrmaDulce.API.csproj]
C:\Program Files\dotnet\sdk\8.0.415\Microsoft.Common.CurrentVersion.targets(5034,5): error MSB3021: N├úo ├® poss├¡vel copiar o arquivo "C:\Projects\Irma Dulce\backend\src\IrmaDulce.Domain\bin\Debug\net8.0\IrmaDulce.Domain.dll" para "bin\Debug\net8.0\IrmaDulce.Domain.dll". The process cannot access the file 'C:\Projects\Irma Dulce\backend\src\IrmaDulce.API\bin\Debug\net8.0\IrmaDulce.Domain.dll' because it is being used by another process. [C:\Projects\Irma Dulce\backend\src\IrmaDulce.API\IrmaDulce.API.csproj]
C:\Program Files\dotnet\sdk\8.0.415\Microsoft.Common.CurrentVersion.targets(5034,5): error MSB3027: n├úo foi poss├¡vel copiar "C:\Projects\Irma Dulce\backend\src\IrmaDulce.Infrastructure\bin\Debug\net8.0\IrmaDulce.Infrastructure.dll" para "bin\Debug\net8.0\IrmaDulce.Infrastructure.dll". N├║mero de novas tentativas 10 excedido. Falha. O arquivo ├® bloqueado por: "IrmaDulce.API (41484)" [C:\Projects\Irma Dulce\backend\src\IrmaDulce.API\IrmaDulce.API.csproj]
C:\Program Files\dotnet\sdk\8.0.415\Microsoft.Common.CurrentVersion.targets(5034,5): error MSB3021: N├úo ├® poss├¡vel copiar o arquivo "C:\Projects\Irma Dulce\backend\src\IrmaDulce.Infrastructure\bin\Debug\net8.0\IrmaDulce.Infrastructure.dll" para "bin\Debug\net8.0\IrmaDulce.Infrastructure.dll". The process cannot access the file 'C:\Projects\Irma Dulce\backend\src\IrmaDulce.API\bin\Debug\net8.0\IrmaDulce.Infrastructure.dll' because it is being used by another process. [C:\Projects\Irma Dulce\backend\src\IrmaDulce.API\IrmaDulce.API.csproj]

FALHA da compila├º├úo.

C:\Program Files\dotnet\sdk\8.0.415\Microsoft.Common.CurrentVersion.targets(5034,5): warning MSB3026: n├úo foi poss├¡vel copiar "C:\Projects\Irma Dulce\backend\src\IrmaDulce.Application\bin\Debug\net8.0\IrmaDulce.Application.dll" para "bin\Debug\net8.0\IrmaDulce.Application.dll". Iniciando nova tentativa 1 em 1000ms. The process cannot access the file 'C:\Projects\Irma Dulce\backend\src\IrmaDulce.API\bin\Debug\net8.0\IrmaDulce.Application.dll' because it is being used by another process. O arquivo ├® bloqueado por: "IrmaDulce.API (41484)" [C:\Projects\Irma Dulce\backend\src\IrmaDulce.API\IrmaDulce.API.csproj]
C:\Program Files\dotnet\sdk\8.0.415\Microsoft.Common.CurrentVersion.targets(5034,5): warning MSB3026: n├úo foi poss├¡vel copiar "C:\Projects\Irma Dulce\backend\src\IrmaDulce.Infrastructure\bin\Debug\net8.0\IrmaDulce.Infrastructure.dll" para "bin\Debug\net8.0\IrmaDulce.Infrastructure.dll". Iniciando nova tentativa 1 em 1000ms. The process cannot access the file 'C:\Projects\Irma Dulce\backend\src\IrmaDulce.API\bin\Debug\net8.0\IrmaDulce.Infrastructure.dll' because it is being used by another process. O arquivo ├® bloqueado por: "IrmaDulce.API (41484)" [C:\Projects\Irma Dulce\backend\src\IrmaDulce.API\IrmaDulce.API.csproj]
C:\Program Files\dotnet\sdk\8.0.415\Microsoft.Common.CurrentVersion.targets(5034,5): warning MSB3026: n├úo foi poss├¡vel copiar "C:\Projects\Irma Dulce\backend\src\IrmaDulce.Domain\bin\Debug\net8.0\IrmaDulce.Domain.dll" para "bin\Debug\net8.0\IrmaDulce.Domain.dll". Iniciando nova tentativa 1 em 1000ms. The process cannot access the file 'C:\Projects\Irma Dulce\backend\src\IrmaDulce.API\bin\Debug\net8.0\IrmaDulce.Domain.dll' because it is being used by another process. O arquivo ├® bloqueado por: "IrmaDulce.API (41484)" [C:\Projects\Irma Dulce\backend\src\IrmaDulce.API\IrmaDulce.API.csproj]
C:\Program Files\dotnet\sdk\8.0.415\Microsoft.Common.CurrentVersion.targets(5034,5): warning MSB3026: n├úo foi poss├¡vel copiar "C:\Projects\Irma Dulce\backend\src\IrmaDulce.Application\bin\Debug\net8.0\IrmaDulce.Application.dll" para "bin\Debug\net8.0\IrmaDulce.Application.dll". Iniciando nova tentativa 2 em 1000ms. The process cannot access the file 'C:\Projects\Irma Dulce\backend\src\IrmaDulce.API\bin\Debug\net8.0\IrmaDulce.Application.dll' because it is being used by another process. O arquivo ├® bloqueado por: "IrmaDulce.API (41484)" [C:\Projects\Irma Dulce\backend\src\IrmaDulce.API\IrmaDulce.API.csproj]
C:\Program Files\dotnet\sdk\8.0.415\Microsoft.Common.CurrentVersion.targets(5034,5): warning MSB3026: n├úo foi poss├¡vel copiar "C:\Projects\Irma Dulce\backend\src\IrmaDulce.Domain\bin\Debug\net8.0\IrmaDulce.Domain.dll" para "bin\Debug\net8.0\IrmaDulce.Domain.dll". Iniciando nova tentativa 2 em 1000ms. The process cannot access the file 'C:\Projects\Irma Dulce\backend\src\IrmaDulce.API\bin\Debug\net8.0\IrmaDulce.Domain.dll' because it is being used by another process. O arquivo ├® bloqueado por: "IrmaDulce.API (41484)" [C:\Projects\Irma Dulce\backend\src\IrmaDulce.API\IrmaDulce.API.csproj]
C:\Program Files\dotnet\sdk\8.0.415\Microsoft.Common.CurrentVersion.targets(5034,5): warning MSB3026: n├úo foi poss├¡vel copiar "C:\Projects\Irma Dulce\backend\src\IrmaDulce.Infrastructure\bin\Debug\net8.0\IrmaDulce.Infrastructure.dll" para "bin\Debug\net8.0\IrmaDulce.Infrastructure.dll". Iniciando nova tentativa 2 em 1000ms. The process cannot access the file 'C:\Projects\Irma Dulce\backend\src\IrmaDulce.API\bin\Debug\net8.0\IrmaDulce.Infrastructure.dll' because it is being used by another process. O arquivo ├® bloqueado por: "IrmaDulce.API (41484)" [C:\Projects\Irma Dulce\backend\src\IrmaDulce.API\IrmaDulce.API.csproj]
C:\Program Files\dotnet\sdk\8.0.415\Microsoft.Common.CurrentVersion.targets(5034,5): warning MSB3026: n├úo foi poss├¡vel copiar "C:\Projects\Irma Dulce\backend\src\IrmaDulce.Application\bin\Debug\net8.0\IrmaDulce.Application.dll" para "bin\Debug\net8.0\IrmaDulce.Application.dll". Iniciando nova tentativa 3 em 1000ms. The process cannot access the file 'C:\Projects\Irma Dulce\backend\src\IrmaDulce.API\bin\Debug\net8.0\IrmaDulce.Application.dll' because it is being used by another process. O arquivo ├® bloqueado por: "IrmaDulce.API (41484)" [C:\Projects\Irma Dulce\backend\src\IrmaDulce.API\IrmaDulce.API.csproj]
C:\Program Files\dotnet\sdk\8.0.415\Microsoft.Common.CurrentVersion.targets(5034,5): warning MSB3026: n├úo foi poss├¡vel copiar "C:\Projects\Irma Dulce\backend\src\IrmaDulce.Infrastructure\bin\Debug\net8.0\IrmaDulce.Infrastructure.dll" para "bin\Debug\net8.0\IrmaDulce.Infrastructure.dll". Iniciando nova tentativa 3 em 1000ms. The process cannot access the file 'C:\Projects\Irma Dulce\backend\src\IrmaDulce.API\bin\Debug\net8.0\IrmaDulce.Infrastructure.dll' because it is being used by another process. O arquivo ├® bloqueado por: "IrmaDulce.API (41484)" [C:\Projects\Irma Dulce\backend\src\IrmaDulce.API\IrmaDulce.API.csproj]
C:\Program Files\dotnet\sdk\8.0.415\Microsoft.Common.CurrentVersion.targets(5034,5): warning MSB3026: n├úo foi poss├¡vel copiar "C:\Projects\Irma Dulce\backend\src\IrmaDulce.Domain\bin\Debug\net8.0\IrmaDulce.Domain.dll" para "bin\Debug\net8.0\IrmaDulce.Domain.dll". Iniciando nova tentativa 3 em 1000ms. The process cannot access the file 'C:\Projects\Irma Dulce\backend\src\IrmaDulce.API\bin\Debug\net8.0\IrmaDulce.Domain.dll' because it is being used by another process. O arquivo ├® bloqueado por: "IrmaDulce.API (41484)" [C:\Projects\Irma Dulce\backend\src\IrmaDulce.API\IrmaDulce.API.csproj]
C:\Program Files\dotnet\sdk\8.0.415\Microsoft.Common.CurrentVersion.targets(5034,5): warning MSB3026: n├úo foi poss├¡vel copiar "C:\Projects\Irma Dulce\backend\src\IrmaDulce.Application\bin\Debug\net8.0\IrmaDulce.Application.dll" para "bin\Debug\net8.0\IrmaDulce.Application.dll". Iniciando nova tentativa 4 em 1000ms. The process cannot access the file 'C:\Projects\Irma Dulce\backend\src\IrmaDulce.API\bin\Debug\net8.0\IrmaDulce.Application.dll' because it is being used by another process. O arquivo ├® bloqueado por: "IrmaDulce.API (41484)" [C:\Projects\Irma Dulce\backend\src\IrmaDulce.API\IrmaDulce.API.csproj]
C:\Program Files\dotnet\sdk\8.0.415\Microsoft.Common.CurrentVersion.targets(5034,5): warning MSB3026: n├úo foi poss├¡vel copiar "C:\Projects\Irma Dulce\backend\src\IrmaDulce.Infrastructure\bin\Debug\net8.0\IrmaDulce.Infrastructure.dll" para "bin\Debug\net8.0\IrmaDulce.Infrastructure.dll". Iniciando nova tentativa 4 em 1000ms. The process cannot access the file 'C:\Projects\Irma Dulce\backend\src\IrmaDulce.API\bin\Debug\net8.0\IrmaDulce.Infrastructure.dll' because it is being used by another process. O arquivo ├® bloqueado por: "IrmaDulce.API (41484)" [C:\Projects\Irma Dulce\backend\src\IrmaDulce.API\IrmaDulce.API.csproj]
C:\Program Files\dotnet\sdk\8.0.415\Microsoft.Common.CurrentVersion.targets(5034,5): warning MSB3026: n├úo foi poss├¡vel copiar "C:\Projects\Irma Dulce\backend\src\IrmaDulce.Domain\bin\Debug\net8.0\IrmaDulce.Domain.dll" para "bin\Debug\net8.0\IrmaDulce.Domain.dll". Iniciando nova tentativa 4 em 1000ms. The process cannot access the file 'C:\Projects\Irma Dulce\backend\src\IrmaDulce.API\bin\Debug\net8.0\IrmaDulce.Domain.dll' because it is being used by another process. O arquivo ├® bloqueado por: "IrmaDulce.API (41484)" [C:\Projects\Irma Dulce\backend\src\IrmaDulce.API\IrmaDulce.API.csproj]
C:\Program Files\dotnet\sdk\8.0.415\Microsoft.Common.CurrentVersion.targets(5034,5): warning MSB3026: n├úo foi poss├¡vel copiar "C:\Projects\Irma Dulce\backend\src\IrmaDulce.Application\bin\Debug\net8.0\IrmaDulce.Application.dll" para "bin\Debug\net8.0\IrmaDulce.Application.dll". Iniciando nova tentativa 5 em 1000ms. The process cannot access the file 'C:\Projects\Irma Dulce\backend\src\IrmaDulce.API\bin\Debug\net8.0\IrmaDulce.Application.dll' because it is being used by another process. O arquivo ├® bloqueado por: "IrmaDulce.API (41484)" [C:\Projects\Irma Dulce\backend\src\IrmaDulce.API\IrmaDulce.API.csproj]
C:\Program Files\dotnet\sdk\8.0.415\Microsoft.Common.CurrentVersion.targets(5034,5): warning MSB3026: n├úo foi poss├¡vel copiar "C:\Projects\Irma Dulce\backend\src\IrmaDulce.Infrastructure\bin\Debug\net8.0\IrmaDulce.Infrastructure.dll" para "bin\Debug\net8.0\IrmaDulce.Infrastructure.dll". Iniciando nova tentativa 5 em 1000ms. The process cannot access the file 'C:\Projects\Irma Dulce\backend\src\IrmaDulce.API\bin\Debug\net8.0\IrmaDulce.Infrastructure.dll' because it is being used by another process. O arquivo ├® bloqueado por: "IrmaDulce.API (41484)" [C:\Projects\Irma Dulce\backend\src\IrmaDulce.API\IrmaDulce.API.csproj]
C:\Program Files\dotnet\sdk\8.0.415\Microsoft.Common.CurrentVersion.targets(5034,5): warning MSB3026: n├úo foi poss├¡vel copiar "C:\Projects\Irma Dulce\backend\src\IrmaDulce.Domain\bin\Debug\net8.0\IrmaDulce.Domain.dll" para "bin\Debug\net8.0\IrmaDulce.Domain.dll". Iniciando nova tentativa 5 em 1000ms. The process cannot access the file 'C:\Projects\Irma Dulce\backend\src\IrmaDulce.API\bin\Debug\net8.0\IrmaDulce.Domain.dll' because it is being used by another process. O arquivo ├® bloqueado por: "IrmaDulce.API (41484)" [C:\Projects\Irma Dulce\backend\src\IrmaDulce.API\IrmaDulce.API.csproj]
C:\Program Files\dotnet\sdk\8.0.415\Microsoft.Common.CurrentVersion.targets(5034,5): warning MSB3026: n├úo foi poss├¡vel copiar "C:\Projects\Irma Dulce\backend\src\IrmaDulce.Application\bin\Debug\net8.0\IrmaDulce.Application.dll" para "bin\Debug\net8.0\IrmaDulce.Application.dll". Iniciando nova tentativa 6 em 1000ms. The process cannot access the file 'C:\Projects\Irma Dulce\backend\src\IrmaDulce.API\bin\Debug\net8.0\IrmaDulce.Application.dll' because it is being used by another process. O arquivo ├® bloqueado por: "IrmaDulce.API (41484)" [C:\Projects\Irma Dulce\backend\src\IrmaDulce.API\IrmaDulce.API.csproj]
C:\Program Files\dotnet\sdk\8.0.415\Microsoft.Common.CurrentVersion.targets(5034,5): warning MSB3026: n├úo foi poss├¡vel copiar "C:\Projects\Irma Dulce\backend\src\IrmaDulce.Domain\bin\Debug\net8.0\IrmaDulce.Domain.dll" para "bin\Debug\net8.0\IrmaDulce.Domain.dll". Iniciando nova tentativa 6 em 1000ms. The process cannot access the file 'C:\Projects\Irma Dulce\backend\src\IrmaDulce.API\bin\Debug\net8.0\IrmaDulce.Domain.dll' because it is being used by another process. O arquivo ├® bloqueado por: "IrmaDulce.API (41484)" [C:\Projects\Irma Dulce\backend\src\IrmaDulce.API\IrmaDulce.API.csproj]
C:\Program Files\dotnet\sdk\8.0.415\Microsoft.Common.CurrentVersion.targets(5034,5): warning MSB3026: n├úo foi poss├¡vel copiar "C:\Projects\Irma Dulce\backend\src\IrmaDulce.Infrastructure\bin\Debug\net8.0\IrmaDulce.Infrastructure.dll" para "bin\Debug\net8.0\IrmaDulce.Infrastructure.dll". Iniciando nova tentativa 6 em 1000ms. The process cannot access the file 'C:\Projects\Irma Dulce\backend\src\IrmaDulce.API\bin\Debug\net8.0\IrmaDulce.Infrastructure.dll' because it is being used by another process. O arquivo ├® bloqueado por: "IrmaDulce.API (41484)" [C:\Projects\Irma Dulce\backend\src\IrmaDulce.API\IrmaDulce.API.csproj]
C:\Program Files\dotnet\sdk\8.0.415\Microsoft.Common.CurrentVersion.targets(5034,5): warning MSB3026: n├úo foi poss├¡vel copiar "C:\Projects\Irma Dulce\backend\src\IrmaDulce.Application\bin\Debug\net8.0\IrmaDulce.Application.dll" para "bin\Debug\net8.0\IrmaDulce.Application.dll". Iniciando nova tentativa 7 em 1000ms. The process cannot access the file 'C:\Projects\Irma Dulce\backend\src\IrmaDulce.API\bin\Debug\net8.0\IrmaDulce.Application.dll' because it is being used by another process. O arquivo ├® bloqueado por: "IrmaDulce.API (41484)" [C:\Projects\Irma Dulce\backend\src\IrmaDulce.API\IrmaDulce.API.csproj]
C:\Program Files\dotnet\sdk\8.0.415\Microsoft.Common.CurrentVersion.targets(5034,5): warning MSB3026: n├úo foi poss├¡vel copiar "C:\Projects\Irma Dulce\backend\src\IrmaDulce.Domain\bin\Debug\net8.0\IrmaDulce.Domain.dll" para "bin\Debug\net8.0\IrmaDulce.Domain.dll". Iniciando nova tentativa 7 em 1000ms. The process cannot access the file 'C:\Projects\Irma Dulce\backend\src\IrmaDulce.API\bin\Debug\net8.0\IrmaDulce.Domain.dll' because it is being used by another process. O arquivo ├® bloqueado por: "IrmaDulce.API (41484)" [C:\Projects\Irma Dulce\backend\src\IrmaDulce.API\IrmaDulce.API.csproj]
C:\Program Files\dotnet\sdk\8.0.415\Microsoft.Common.CurrentVersion.targets(5034,5): warning MSB3026: n├úo foi poss├¡vel copiar "C:\Projects\Irma Dulce\backend\src\IrmaDulce.Infrastructure\bin\Debug\net8.0\IrmaDulce.Infrastructure.dll" para "bin\Debug\net8.0\IrmaDulce.Infrastructure.dll". Iniciando nova tentativa 7 em 1000ms. The process cannot access the file 'C:\Projects\Irma Dulce\backend\src\IrmaDulce.API\bin\Debug\net8.0\IrmaDulce.Infrastructure.dll' because it is being used by another process. O arquivo ├® bloqueado por: "IrmaDulce.API (41484)" [C:\Projects\Irma Dulce\backend\src\IrmaDulce.API\IrmaDulce.API.csproj]
C:\Program Files\dotnet\sdk\8.0.415\Microsoft.Common.CurrentVersion.targets(5034,5): warning MSB3026: n├úo foi poss├¡vel copiar "C:\Projects\Irma Dulce\backend\src\IrmaDulce.Application\bin\Debug\net8.0\IrmaDulce.Application.dll" para "bin\Debug\net8.0\IrmaDulce.Application.dll". Iniciando nova tentativa 8 em 1000ms. The process cannot access the file 'C:\Projects\Irma Dulce\backend\src\IrmaDulce.API\bin\Debug\net8.0\IrmaDulce.Application.dll' because it is being used by another process. O arquivo ├® bloqueado por: "IrmaDulce.API (41484)" [C:\Projects\Irma Dulce\backend\src\IrmaDulce.API\IrmaDulce.API.csproj]
C:\Program Files\dotnet\sdk\8.0.415\Microsoft.Common.CurrentVersion.targets(5034,5): warning MSB3026: n├úo foi poss├¡vel copiar "C:\Projects\Irma Dulce\backend\src\IrmaDulce.Domain\bin\Debug\net8.0\IrmaDulce.Domain.dll" para "bin\Debug\net8.0\IrmaDulce.Domain.dll". Iniciando nova tentativa 8 em 1000ms. The process cannot access the file 'C:\Projects\Irma Dulce\backend\src\IrmaDulce.API\bin\Debug\net8.0\IrmaDulce.Domain.dll' because it is being used by another process. O arquivo ├® bloqueado por: "IrmaDulce.API (41484)" [C:\Projects\Irma Dulce\backend\src\IrmaDulce.API\IrmaDulce.API.csproj]
C:\Program Files\dotnet\sdk\8.0.415\Microsoft.Common.CurrentVersion.targets(5034,5): warning MSB3026: n├úo foi poss├¡vel copiar "C:\Projects\Irma Dulce\backend\src\IrmaDulce.Infrastructure\bin\Debug\net8.0\IrmaDulce.Infrastructure.dll" para "bin\Debug\net8.0\IrmaDulce.Infrastructure.dll". Iniciando nova tentativa 8 em 1000ms. The process cannot access the file 'C:\Projects\Irma Dulce\backend\src\IrmaDulce.API\bin\Debug\net8.0\IrmaDulce.Infrastructure.dll' because it is being used by another process. O arquivo ├® bloqueado por: "IrmaDulce.API (41484)" [C:\Projects\Irma Dulce\backend\src\IrmaDulce.API\IrmaDulce.API.csproj]
C:\Program Files\dotnet\sdk\8.0.415\Microsoft.Common.CurrentVersion.targets(5034,5): warning MSB3026: n├úo foi poss├¡vel copiar "C:\Projects\Irma Dulce\backend\src\IrmaDulce.Application\bin\Debug\net8.0\IrmaDulce.Application.dll" para "bin\Debug\net8.0\IrmaDulce.Application.dll". Iniciando nova tentativa 9 em 1000ms. The process cannot access the file 'C:\Projects\Irma Dulce\backend\src\IrmaDulce.API\bin\Debug\net8.0\IrmaDulce.Application.dll' because it is being used by another process. O arquivo ├® bloqueado por: "IrmaDulce.API (41484)" [C:\Projects\Irma Dulce\backend\src\IrmaDulce.API\IrmaDulce.API.csproj]
C:\Program Files\dotnet\sdk\8.0.415\Microsoft.Common.CurrentVersion.targets(5034,5): warning MSB3026: n├úo foi poss├¡vel copiar "C:\Projects\Irma Dulce\backend\src\IrmaDulce.Domain\bin\Debug\net8.0\IrmaDulce.Domain.dll" para "bin\Debug\net8.0\IrmaDulce.Domain.dll". Iniciando nova tentativa 9 em 1000ms. The process cannot access the file 'C:\Projects\Irma Dulce\backend\src\IrmaDulce.API\bin\Debug\net8.0\IrmaDulce.Domain.dll' because it is being used by another process. O arquivo ├® bloqueado por: "IrmaDulce.API (41484)" [C:\Projects\Irma Dulce\backend\src\IrmaDulce.API\IrmaDulce.API.csproj]
C:\Program Files\dotnet\sdk\8.0.415\Microsoft.Common.CurrentVersion.targets(5034,5): warning MSB3026: n├úo foi poss├¡vel copiar "C:\Projects\Irma Dulce\backend\src\IrmaDulce.Infrastructure\bin\Debug\net8.0\IrmaDulce.Infrastructure.dll" para "bin\Debug\net8.0\IrmaDulce.Infrastructure.dll". Iniciando nova tentativa 9 em 1000ms. The process cannot access the file 'C:\Projects\Irma Dulce\backend\src\IrmaDulce.API\bin\Debug\net8.0\IrmaDulce.Infrastructure.dll' because it is being used by another process. O arquivo ├® bloqueado por: "IrmaDulce.API (41484)" [C:\Projects\Irma Dulce\backend\src\IrmaDulce.API\IrmaDulce.API.csproj]
C:\Program Files\dotnet\sdk\8.0.415\Microsoft.Common.CurrentVersion.targets(5034,5): warning MSB3026: n├úo foi poss├¡vel copiar "C:\Projects\Irma Dulce\backend\src\IrmaDulce.Application\bin\Debug\net8.0\IrmaDulce.Application.dll" para "bin\Debug\net8.0\IrmaDulce.Application.dll". Iniciando nova tentativa 10 em 1000ms. The process cannot access the file 'C:\Projects\Irma Dulce\backend\src\IrmaDulce.API\bin\Debug\net8.0\IrmaDulce.Application.dll' because it is being used by another process. O arquivo ├® bloqueado por: "IrmaDulce.API (41484)" [C:\Projects\Irma Dulce\backend\src\IrmaDulce.API\IrmaDulce.API.csproj]
C:\Program Files\dotnet\sdk\8.0.415\Microsoft.Common.CurrentVersion.targets(5034,5): warning MSB3026: n├úo foi poss├¡vel copiar "C:\Projects\Irma Dulce\backend\src\IrmaDulce.Domain\bin\Debug\net8.0\IrmaDulce.Domain.dll" para "bin\Debug\net8.0\IrmaDulce.Domain.dll". Iniciando nova tentativa 10 em 1000ms. The process cannot access the file 'C:\Projects\Irma Dulce\backend\src\IrmaDulce.API\bin\Debug\net8.0\IrmaDulce.Domain.dll' because it is being used by another process. O arquivo ├® bloqueado por: "IrmaDulce.API (41484)" [C:\Projects\Irma Dulce\backend\src\IrmaDulce.API\IrmaDulce.API.csproj]
C:\Program Files\dotnet\sdk\8.0.415\Microsoft.Common.CurrentVersion.targets(5034,5): warning MSB3026: n├úo foi poss├¡vel copiar "C:\Projects\Irma Dulce\backend\src\IrmaDulce.Infrastructure\bin\Debug\net8.0\IrmaDulce.Infrastructure.dll" para "bin\Debug\net8.0\IrmaDulce.Infrastructure.dll". Iniciando nova tentativa 10 em 1000ms. The process cannot access the file 'C:\Projects\Irma Dulce\backend\src\IrmaDulce.API\bin\Debug\net8.0\IrmaDulce.Infrastructure.dll' because it is being used by another process. O arquivo ├® bloqueado por: "IrmaDulce.API (41484)" [C:\Projects\Irma Dulce\backend\src\IrmaDulce.API\IrmaDulce.API.csproj]
C:\Program Files\dotnet\sdk\8.0.415\Microsoft.Common.CurrentVersion.targets(5034,5): error MSB3027: n├úo foi poss├¡vel copiar "C:\Projects\Irma Dulce\backend\src\IrmaDulce.Application\bin\Debug\net8.0\IrmaDulce.Application.dll" para "bin\Debug\net8.0\IrmaDulce.Application.dll". N├║mero de novas tentativas 10 excedido. Falha. O arquivo ├® bloqueado por: "IrmaDulce.API (41484)" [C:\Projects\Irma Dulce\backend\src\IrmaDulce.API\IrmaDulce.API.csproj]
C:\Program Files\dotnet\sdk\8.0.415\Microsoft.Common.CurrentVersion.targets(5034,5): error MSB3021: N├úo ├® poss├¡vel copiar o arquivo "C:\Projects\Irma Dulce\backend\src\IrmaDulce.Application\bin\Debug\net8.0\IrmaDulce.Application.dll" para "bin\Debug\net8.0\IrmaDulce.Application.dll". The process cannot access the file 'C:\Projects\Irma Dulce\backend\src\IrmaDulce.API\bin\Debug\net8.0\IrmaDulce.Application.dll' because it is being used by another process. [C:\Projects\Irma Dulce\backend\src\IrmaDulce.API\IrmaDulce.API.csproj]
C:\Program Files\dotnet\sdk\8.0.415\Microsoft.Common.CurrentVersion.targets(5034,5): error MSB3027: n├úo foi poss├¡vel copiar "C:\Projects\Irma Dulce\backend\src\IrmaDulce.Domain\bin\Debug\net8.0\IrmaDulce.Domain.dll" para "bin\Debug\net8.0\IrmaDulce.Domain.dll". N├║mero de novas tentativas 10 excedido. Falha. O arquivo ├® bloqueado por: "IrmaDulce.API (41484)" [C:\Projects\Irma Dulce\backend\src\IrmaDulce.API\IrmaDulce.API.csproj]
C:\Program Files\dotnet\sdk\8.0.415\Microsoft.Common.CurrentVersion.targets(5034,5): error MSB3021: N├úo ├® poss├¡vel copiar o arquivo "C:\Projects\Irma Dulce\backend\src\IrmaDulce.Domain\bin\Debug\net8.0\IrmaDulce.Domain.dll" para "bin\Debug\net8.0\IrmaDulce.Domain.dll". The process cannot access the file 'C:\Projects\Irma Dulce\backend\src\IrmaDulce.API\bin\Debug\net8.0\IrmaDulce.Domain.dll' because it is being used by another process. [C:\Projects\Irma Dulce\backend\src\IrmaDulce.API\IrmaDulce.API.csproj]
C:\Program Files\dotnet\sdk\8.0.415\Microsoft.Common.CurrentVersion.targets(5034,5): error MSB3027: n├úo foi poss├¡vel copiar "C:\Projects\Irma Dulce\backend\src\IrmaDulce.Infrastructure\bin\Debug\net8.0\IrmaDulce.Infrastructure.dll" para "bin\Debug\net8.0\IrmaDulce.Infrastructure.dll". N├║mero de novas tentativas 10 excedido. Falha. O arquivo ├® bloqueado por: "IrmaDulce.API (41484)" [C:\Projects\Irma Dulce\backend\src\IrmaDulce.API\IrmaDulce.API.csproj]
C:\Program Files\dotnet\sdk\8.0.415\Microsoft.Common.CurrentVersion.targets(5034,5): error MSB3021: N├úo ├® poss├¡vel copiar o arquivo "C:\Projects\Irma Dulce\backend\src\IrmaDulce.Infrastructure\bin\Debug\net8.0\IrmaDulce.Infrastructure.dll" para "bin\Debug\net8.0\IrmaDulce.Infrastructure.dll". The process cannot access the file 'C:\Projects\Irma Dulce\backend\src\IrmaDulce.API\bin\Debug\net8.0\IrmaDulce.Infrastructure.dll' because it is being used by another process. [C:\Projects\Irma Dulce\backend\src\IrmaDulce.API\IrmaDulce.API.csproj]
    30 Aviso(s)
    6 Erro(s)

Tempo Decorrido 00:00:14.07
