Compilação de 02/03/2026 17:54:52 iniciada.
O detalhamento do log está definido como: Detailed.     0>Processo = "C:\Program Files\dotnet\dotnet.exe"
       Caminho executável do MSBuild = "C:\Program Files\dotnet\sdk\8.0.415\MSBuild.dll"
       Argumentos de linha de comando = "C:\Program Files\dotnet\sdk\8.0.415\MSBuild.dll -maxcpucount -verbosity:m -nologo -restore -consoleloggerparameters:Summary -flp:logfile=build_errors.log -distributedlogger:Microsoft.DotNet.Tools.MSBuild.MSBuildLogger,C:\Program Files\dotnet\sdk\8.0.415\dotnet.dll*Microsoft.DotNet.Tools.MSBuild.MSBuildForwardingLogger,C:\Program Files\dotnet\sdk\8.0.415\dotnet.dll"
       Diretório atual = "C:\Projects\Irma Dulce\backend"
       Versão do MSBuild = "17.11.48+02bf66295"
       Com base na chave do Registro do Windows LongPathsEnabled, o recurso LongPaths é desabilitado.
       Assembly carregado durante Evaluation: Microsoft.NET.StringTools, Version=1.0.0.0, Culture=neutral, PublicKeyToken=b03f5f7f11d50a3a (local: C:\Program Files\dotnet\sdk\8.0.415\Microsoft.NET.StringTools.dll, MVID: a6df08db-4589-427d-8720-dbb53fdf37b0, AssemblyLoadContext: Default)
       Imóvel 'MSBuildExtensionsPath' com valor 'C:\Program Files\dotnet\sdk\8.0.415\' expandido do ambiente.
       Assembly carregado durante Evaluation: System.Threading.Tasks.Parallel, Version=8.0.0.0, Culture=neutral, PublicKeyToken=b03f5f7f11d50a3a (local: C:\Program Files\dotnet\shared\Microsoft.NETCore.App\8.0.21\System.Threading.Tasks.Parallel.dll, MVID: bf7744b4-79cc-4e56-9c4d-dcd633bd484d, AssemblyLoadContext: Default)
       Reatribuição de propriedade: $(_GenerateRestoreGraphProjectEntryInputProperties)="
             ExcludeRestorePackageImports=true;
             _RestoreSolutionFileUsed=true;
             SolutionDir=C:\Projects\Irma Dulce\backend\;
             SolutionName=IrmaDulce;
             SolutionFileName=IrmaDulce.sln;
             SolutionPath=C:\Projects\Irma Dulce\backend\IrmaDulce.sln;
             SolutionExt=.sln;
           " (valor anterior: "ExcludeRestorePackageImports=true") em C:\Program Files\dotnet\sdk\8.0.415\NuGet.targets (101,5)
       Substituindo o destino "Restore" no projeto "C:\Projects\Irma Dulce\backend\IrmaDulce.sln.metaproj" pelo destino "Restore" do projeto "C:\Program Files\dotnet\sdk\8.0.415\NuGet.targets".
       O destino "Store" listado em um atributo BeforeTargets em "C:\Program Files\dotnet\sdk\8.0.415\Current\SolutionFile\ImportAfter\Microsoft.NET.Sdk.Solution.targets (33,11)" não existe no projeto e será ignorado.
       O destino "VSTest" listado em um atributo BeforeTargets em "C:\Program Files\dotnet\sdk\8.0.415\Current\SolutionFile\ImportAfter\Microsoft.NET.Sdk.Solution.targets (33,11)" não existe no projeto e será ignorado.
       O destino "_CheckForInvalidConfigurationAndPlatform" listado em um atributo BeforeTargets em "C:\Program Files\dotnet\sdk\8.0.415\NuGet.targets (667,11)" não existe no projeto e será ignorado.
     1>Projeto "C:\Projects\Irma Dulce\backend\IrmaDulce.sln" no nó 1 (Restore destino(s)).
     1>Destino "ValidateSolutionConfiguration" no arquivo "C:\Projects\Irma Dulce\backend\IrmaDulce.sln.metaproj" do projeto "C:\Projects\Irma Dulce\backend\IrmaDulce.sln" (ponto de entrada):
     1>A tarefa "Error" foi ignorada devido a condição falsa; (('$(CurrentSolutionConfigurationContents)' == '') and ('$(SkipInvalidConfigurations)' != 'true')) foi avaliado como (('<SolutionConfiguration>
  <ProjectConfiguration Project="{25D5DE7D-883B-4CB3-A1E0-6724DD7910B5}" AbsolutePath="C:\Projects\Irma Dulce\backend\src\IrmaDulce.Domain\IrmaDulce.Domain.csproj" BuildProjectInSolution="True">Debug|AnyCPU</ProjectConfiguration>
  <ProjectConfiguration Project="{FB86B88B-FE19-47AB-AA9F-8FAA075C260A}" AbsolutePath="C:\Projects\Irma Dulce\backend\src\IrmaDulce.Application\IrmaDulce.Application.csproj" BuildProjectInSolution="True">Debug|AnyCPU</ProjectConfiguration>
  <ProjectConfiguration Project="{9F89B962-37E1-47BA-B692-DDF7335F4476}" AbsolutePath="C:\Projects\Irma Dulce\backend\src\IrmaDulce.Infrastructure\IrmaDulce.Infrastructure.csproj" BuildProjectInSolution="True">Debug|AnyCPU</ProjectConfiguration>
  <ProjectConfiguration Project="{338FD4F5-91BD-477A-995E-7295405BD406}" AbsolutePath="C:\Projects\Irma Dulce\backend\src\IrmaDulce.API\IrmaDulce.API.csproj" BuildProjectInSolution="True">Debug|AnyCPU</ProjectConfiguration>
</SolutionConfiguration>' == '') and ('' != 'true')).
       A tarefa "Warning" foi ignorada devido a condição falsa; (('$(CurrentSolutionConfigurationContents)' == '') and ('$(SkipInvalidConfigurations)' == 'true')) foi avaliado como (('<SolutionConfiguration>
         <ProjectConfiguration Project="{25D5DE7D-883B-4CB3-A1E0-6724DD7910B5}" AbsolutePath="C:\Projects\Irma Dulce\backend\src\IrmaDulce.Domain\IrmaDulce.Domain.csproj" BuildProjectInSolution="True">Debug|AnyCPU</ProjectConfiguration>
         <ProjectConfiguration Project="{FB86B88B-FE19-47AB-AA9F-8FAA075C260A}" AbsolutePath="C:\Projects\Irma Dulce\backend\src\IrmaDulce.Application\IrmaDulce.Application.csproj" BuildProjectInSolution="True">Debug|AnyCPU</ProjectConfiguration>
         <ProjectConfiguration Project="{9F89B962-37E1-47BA-B692-DDF7335F4476}" AbsolutePath="C:\Projects\Irma Dulce\backend\src\IrmaDulce.Infrastructure\IrmaDulce.Infrastructure.csproj" BuildProjectInSolution="True">Debug|AnyCPU</ProjectConfiguration>
         <ProjectConfiguration Project="{338FD4F5-91BD-477A-995E-7295405BD406}" AbsolutePath="C:\Projects\Irma Dulce\backend\src\IrmaDulce.API\IrmaDulce.API.csproj" BuildProjectInSolution="True">Debug|AnyCPU</ProjectConfiguration>
       </SolutionConfiguration>' == '') and ('' == 'true')).
       Usando a tarefa "Message" do assembly "Microsoft.Build.Tasks.Core, Version=15.1.0.0, Culture=neutral, PublicKeyToken=b03f5f7f11d50a3a".
       Tarefa "Message"
         Compilando a configuração de solução "Debug|Any CPU".
       Tarefa em execução pronta "Message".
     1>Destino de compilação pronto"ValidateSolutionConfiguration" no projeto "IrmaDulce.sln".
     1>Destino "ValidateToolsVersions" no arquivo "C:\Projects\Irma Dulce\backend\IrmaDulce.sln.metaproj" do projeto "C:\Projects\Irma Dulce\backend\IrmaDulce.sln" (ponto de entrada):
       A tarefa "Error" foi ignorada devido a condição falsa; ('$(MSBuildToolsVersion)' == '2.0' and ('$(ProjectToolsVersion)' != '2.0' and '$(ProjectToolsVersion)' != '')) foi avaliado como ('Current' == '2.0' and ('' != '2.0' and '' != '')).
     1>Destino de compilação pronto"ValidateToolsVersions" no projeto "IrmaDulce.sln".
     1>Destino "ValidateProjects" no arquivo "C:\Projects\Irma Dulce\backend\IrmaDulce.sln.metaproj" do projeto "C:\Projects\Irma Dulce\backend\IrmaDulce.sln" (ponto de entrada):
     1>Destino de compilação pronto"ValidateProjects" no projeto "IrmaDulce.sln".
     1>Destino "_LoadRestoreGraphEntryPoints" no arquivo "C:\Program Files\dotnet\sdk\8.0.415\NuGet.targets" do projeto "C:\Projects\Irma Dulce\backend\IrmaDulce.sln" (o destino "_FilterRestoreGraphProjectInputItems" depende dele):
       Assembly carregado durante TaskRun: NuGet.Build.Tasks, Version=6.11.1.2, Culture=neutral, PublicKeyToken=31bf3856ad364e35 (local: C:\Program Files\dotnet\sdk\8.0.415\NuGet.Build.Tasks.dll, MVID: da6659e2-ab3c-4a1c-91d3-86fe81c4da96, AssemblyLoadContext: MSBuild plugin C:\Program Files\dotnet\sdk\8.0.415\NuGet.Build.Tasks.dll)
       Assembly carregado durante TaskRun: System.Reflection.Metadata, Version=8.0.0.0, Culture=neutral, PublicKeyToken=b03f5f7f11d50a3a (local: C:\Program Files\dotnet\shared\Microsoft.NETCore.App\8.0.21\System.Reflection.Metadata.dll, MVID: 0ad7ec86-2026-4b08-af4d-935949a403ab, AssemblyLoadContext: Default)
       Assembly carregado durante TaskRun: NuGet.Common, Version=6.11.1.2, Culture=neutral, PublicKeyToken=31bf3856ad364e35 (local: C:\Program Files\dotnet\sdk\8.0.415\NuGet.Common.dll, MVID: 71662c50-4eea-46ea-82bf-b2edfd33a945, AssemblyLoadContext: MSBuild plugin C:\Program Files\dotnet\sdk\8.0.415\NuGet.Build.Tasks.dll)
       Assembly carregado durante TaskRun: NuGet.Commands, Version=6.11.1.2, Culture=neutral, PublicKeyToken=31bf3856ad364e35 (local: C:\Program Files\dotnet\sdk\8.0.415\NuGet.Commands.dll, MVID: fd182425-a30a-445b-9628-b4c5f0ab1353, AssemblyLoadContext: MSBuild plugin C:\Program Files\dotnet\sdk\8.0.415\NuGet.Build.Tasks.dll)
       Assembly carregado durante TaskRun: NuGet.ProjectModel, Version=6.11.1.2, Culture=neutral, PublicKeyToken=31bf3856ad364e35 (local: C:\Program Files\dotnet\sdk\8.0.415\NuGet.ProjectModel.dll, MVID: de1018f8-9cea-4ea5-aafd-eccdf5a6f888, AssemblyLoadContext: MSBuild plugin C:\Program Files\dotnet\sdk\8.0.415\NuGet.Build.Tasks.dll)
       Usando a tarefa "GetRestoreSolutionProjectsTask" do assembly "C:\Program Files\dotnet\sdk\8.0.415\NuGet.Build.Tasks.dll".
       Tarefa "GetRestoreSolutionProjectsTask"
       Tarefa em execução pronta "GetRestoreSolutionProjectsTask".
     1>Destino de compilação pronto"_LoadRestoreGraphEntryPoints" no projeto "IrmaDulce.sln".
     1>Destino "_FilterRestoreGraphProjectInputItems" no arquivo "C:\Program Files\dotnet\sdk\8.0.415\NuGet.targets" do projeto "C:\Projects\Irma Dulce\backend\IrmaDulce.sln" (o destino "_GenerateRestoreGraph" depende dele):
       Usando a tarefa "RemoveDuplicates" do assembly "Microsoft.Build.Tasks.Core, Version=15.1.0.0, Culture=neutral, PublicKeyToken=b03f5f7f11d50a3a".
       Tarefa "RemoveDuplicates"
       Tarefa em execução pronta "RemoveDuplicates".
       Usando a tarefa "MSBuild" do assembly "Microsoft.Build.Tasks.Core, Version=15.1.0.0, Culture=neutral, PublicKeyToken=b03f5f7f11d50a3a".
       Tarefa "MSBuild"
         Propriedades globais:
           ExcludeRestorePackageImports=true
           _RestoreSolutionFileUsed=true
           SolutionDir=C:\Projects\Irma Dulce\backend\
           SolutionName=IrmaDulce
           SolutionFileName=IrmaDulce.sln
           SolutionPath=C:\Projects\Irma Dulce\backend\IrmaDulce.sln
           SolutionExt=.sln
         Propriedades adicionais do projeto "C:\Projects\Irma Dulce\backend\src\IrmaDulce.Domain\IrmaDulce.Domain.csproj":
           Configuration=Debug
           Platform=AnyCPU
         Propriedades adicionais do projeto "C:\Projects\Irma Dulce\backend\src\IrmaDulce.Application\IrmaDulce.Application.csproj":
           Configuration=Debug
           Platform=AnyCPU
         Propriedades adicionais do projeto "C:\Projects\Irma Dulce\backend\src\IrmaDulce.Infrastructure\IrmaDulce.Infrastructure.csproj":
           Configuration=Debug
           Platform=AnyCPU
         Propriedades adicionais do projeto "C:\Projects\Irma Dulce\backend\src\IrmaDulce.API\IrmaDulce.API.csproj":
           Configuration=Debug
           Platform=AnyCPU
     0>O SDK "Microsoft.NET.Sdk" foi resolvido com êxito pelo resolvedor "DefaultSdkResolver" para o local "C:\Program Files\dotnet\sdk\8.0.415\Sdks\Microsoft.NET.Sdk\Sdk" e a versão "".
       Imóvel 'MSBuildExtensionsPath' com valor 'C:\Program Files\dotnet\sdk\8.0.415\' expandido do ambiente.
       Reatribuição de propriedade: $(MSBuildProjectExtensionsPath)="C:\Projects\Irma Dulce\backend\src\IrmaDulce.Domain\obj\" (valor anterior: "obj\") em C:\Program Files\dotnet\sdk\8.0.415\Current\Microsoft.Common.props (60,5)
       Imóvel 'MSBuildUserExtensionsPath' com valor 'C:\Users\lucas.bertin\AppData\Local\Microsoft\MSBuild' expandido do ambiente.
       A propriedade "Configuration" é global e não pode ser modificada.
       A propriedade "Platform" é global e não pode ser modificada.
       A propriedade "Configuration" é global e não pode ser modificada.
       A propriedade "Platform" é global e não pode ser modificada.
       Reatribuição de propriedade: $(AssemblySearchPaths)="{CandidateAssemblyFiles};{HintPathFromItem}" (valor anterior: "{CandidateAssemblyFiles}") em C:\Program Files\dotnet\sdk\8.0.415\Sdks\Microsoft.NET.Sdk\targets\Microsoft.NET.Sdk.props (91,5)
       Reatribuição de propriedade: $(AssemblySearchPaths)="{CandidateAssemblyFiles};{HintPathFromItem};{TargetFrameworkDirectory}" (valor anterior: "{CandidateAssemblyFiles};{HintPathFromItem}") em C:\Program Files\dotnet\sdk\8.0.415\Sdks\Microsoft.NET.Sdk\targets\Microsoft.NET.Sdk.props (92,5)
       Reatribuição de propriedade: $(AssemblySearchPaths)="{CandidateAssemblyFiles};{HintPathFromItem};{TargetFrameworkDirectory};{RawFileName}" (valor anterior: "{CandidateAssemblyFiles};{HintPathFromItem};{TargetFrameworkDirectory}") em C:\Program Files\dotnet\sdk\8.0.415\Sdks\Microsoft.NET.Sdk\targets\Microsoft.NET.Sdk.props (93,5)
       O resolvedor "DefaultSdkResolver" tentou resolver o SDK "Microsoft.NET.SDK.WorkloadAutoImportPropsLocator".
       Avisos: null
       Erros: MSB4276: O resolvedor SDK padrão falhou ao resolver SDK "Microsoft.NET.SDK.WorkloadAutoImportPropsLocator" porque o diretório "C:\Program Files\dotnet\sdk\8.0.415\Sdks\Microsoft.NET.SDK.WorkloadAutoImportPropsLocator\Sdk" não existia.
       Assembly carregado durante Evaluation: Microsoft.Build.NuGetSdkResolver, Version=6.11.1.2, Culture=neutral, PublicKeyToken=31bf3856ad364e35 (local: C:\Program Files\dotnet\sdk\8.0.415\Microsoft.Build.NuGetSdkResolver.dll, MVID: ae254ffe-3ea7-4bba-8a74-0bd55e8cfe87, AssemblyLoadContext: MSBuild plugin C:\Program Files\dotnet\sdk\8.0.415\Microsoft.Build.NuGetSdkResolver.dll)
       Assembly carregado durante Evaluation: System.IO.Pipes, Version=8.0.0.0, Culture=neutral, PublicKeyToken=b03f5f7f11d50a3a (local: C:\Program Files\dotnet\shared\Microsoft.NETCore.App\8.0.21\System.IO.Pipes.dll, MVID: 7e5bc52c-679f-4e75-a706-2aa185b8b29d, AssemblyLoadContext: Default)
       Assembly carregado durante Evaluation: Microsoft.NET.Sdk.WorkloadMSBuildSdkResolver, Version=8.0.415.0, Culture=neutral, PublicKeyToken=31bf3856ad364e35 (local: C:\Program Files\dotnet\sdk\8.0.415\Microsoft.NET.Sdk.WorkloadMSBuildSdkResolver.dll, MVID: 4bff0eb9-c832-4c54-89e1-1465c03b9581, AssemblyLoadContext: MSBuild plugin C:\Program Files\dotnet\sdk\8.0.415\Microsoft.NET.Sdk.WorkloadMSBuildSdkResolver.dll)
       Assembly carregado durante Evaluation: Microsoft.DotNet.Cli.Utils, Version=8.0.415.0, Culture=neutral, PublicKeyToken=adb9793829ddae60 (local: C:\Program Files\dotnet\sdk\8.0.415\Microsoft.DotNet.Cli.Utils.dll, MVID: ab36f9a5-6a87-4092-859c-84eb2d9c91c2, AssemblyLoadContext: MSBuild plugin C:\Program Files\dotnet\sdk\8.0.415\Microsoft.NET.Sdk.WorkloadMSBuildSdkResolver.dll)
       Assembly carregado durante Evaluation: System.Security.AccessControl, Version=8.0.0.0, Culture=neutral, PublicKeyToken=b03f5f7f11d50a3a (local: C:\Program Files\dotnet\shared\Microsoft.NETCore.App\8.0.21\System.Security.AccessControl.dll, MVID: 84e9c130-645b-4035-a8e9-c4c59aa19772, AssemblyLoadContext: Default)
       Assembly carregado durante Evaluation: Microsoft.NET.Sdk.WorkloadManifestReader, Version=8.0.415.0, Culture=neutral, PublicKeyToken=adb9793829ddae60 (local: C:\Program Files\dotnet\sdk\8.0.415\Microsoft.NET.Sdk.WorkloadManifestReader.dll, MVID: bc40e2a4-902d-45b2-9542-be3e518d101f, AssemblyLoadContext: MSBuild plugin C:\Program Files\dotnet\sdk\8.0.415\Microsoft.NET.Sdk.WorkloadMSBuildSdkResolver.dll)
       Assembly carregado durante Evaluation: Microsoft.Deployment.DotNet.Releases, Version=2.0.0.0, Culture=neutral, PublicKeyToken=31bf3856ad364e35 (local: C:\Program Files\dotnet\sdk\8.0.415\Microsoft.Deployment.DotNet.Releases.dll, MVID: 34f9f9be-a352-437d-b864-e54aac6740dd, AssemblyLoadContext: MSBuild plugin C:\Program Files\dotnet\sdk\8.0.415\Microsoft.NET.Sdk.WorkloadMSBuildSdkResolver.dll)
       Reutilizando nó 4 (PID: 23972).
       Reutilizando nó 3 (PID: 21544).
       Reutilizando nó 2 (PID: 34576).
       O SDK "Microsoft.NET.Sdk.Web" foi resolvido com êxito pelo resolvedor "DefaultSdkResolver" para o local "C:\Program Files\dotnet\sdk\8.0.415\Sdks\Microsoft.NET.Sdk.Web\Sdk" e a versão "".
       Imóvel 'MSBuildExtensionsPath' com valor 'C:\Program Files\dotnet\sdk\8.0.415\' expandido do ambiente.
       Imóvel 'MSBuildExtensionsPath' com valor 'C:\Program Files\dotnet\sdk\8.0.415\' expandido do ambiente.
       Imóvel 'MSBuildExtensionsPath' com valor 'C:\Program Files\dotnet\sdk\8.0.415\' expandido do ambiente.
       Reatribuição de propriedade: $(MSBuildProjectExtensionsPath)="C:\Projects\Irma Dulce\backend\src\IrmaDulce.Infrastructure\obj\" (valor anterior: "obj\") em C:\Program Files\dotnet\sdk\8.0.415\Current\Microsoft.Common.props (60,5)
       Imóvel 'MSBuildUserExtensionsPath' com valor 'C:\Users\lucas.bertin\AppData\Local\Microsoft\MSBuild' expandido do ambiente.
       Reatribuição de propriedade: $(MSBuildProjectExtensionsPath)="C:\Projects\Irma Dulce\backend\src\IrmaDulce.Application\obj\" (valor anterior: "obj\") em C:\Program Files\dotnet\sdk\8.0.415\Current\Microsoft.Common.props (60,5)
       Reatribuição de propriedade: $(MSBuildProjectExtensionsPath)="C:\Projects\Irma Dulce\backend\src\IrmaDulce.API\obj\" (valor anterior: "obj\") em C:\Program Files\dotnet\sdk\8.0.415\Current\Microsoft.Common.props (60,5)
       A propriedade "Configuration" é global e não pode ser modificada.
       Imóvel 'MSBuildUserExtensionsPath' com valor 'C:\Users\lucas.bertin\AppData\Local\Microsoft\MSBuild' expandido do ambiente.
       Imóvel 'MSBuildUserExtensionsPath' com valor 'C:\Users\lucas.bertin\AppData\Local\Microsoft\MSBuild' expandido do ambiente.
       A propriedade "Configuration" é global e não pode ser modificada.
       A propriedade "Platform" é global e não pode ser modificada.
       A propriedade "Configuration" é global e não pode ser modificada.
       A propriedade "Platform" é global e não pode ser modificada.
       A propriedade "Configuration" é global e não pode ser modificada.
       A propriedade "Platform" é global e não pode ser modificada.
       A propriedade "Configuration" é global e não pode ser modificada.
       A propriedade "Platform" é global e não pode ser modificada.
       A propriedade "Configuration" é global e não pode ser modificada.
       A propriedade "Platform" é global e não pode ser modificada.
       A propriedade "Platform" é global e não pode ser modificada.
       Reatribuição de propriedade: $(AssemblySearchPaths)="{CandidateAssemblyFiles};{HintPathFromItem}" (valor anterior: "{CandidateAssemblyFiles}") em C:\Program Files\dotnet\sdk\8.0.415\Sdks\Microsoft.NET.Sdk\targets\Microsoft.NET.Sdk.props (91,5)
       Reatribuição de propriedade: $(AssemblySearchPaths)="{CandidateAssemblyFiles};{HintPathFromItem}" (valor anterior: "{CandidateAssemblyFiles}") em C:\Program Files\dotnet\sdk\8.0.415\Sdks\Microsoft.NET.Sdk\targets\Microsoft.NET.Sdk.props (91,5)
       Reatribuição de propriedade: $(AssemblySearchPaths)="{CandidateAssemblyFiles};{HintPathFromItem};{TargetFrameworkDirectory}" (valor anterior: "{CandidateAssemblyFiles};{HintPathFromItem}") em C:\Program Files\dotnet\sdk\8.0.415\Sdks\Microsoft.NET.Sdk\targets\Microsoft.NET.Sdk.props (92,5)
       Reatribuição de propriedade: $(AssemblySearchPaths)="{CandidateAssemblyFiles};{HintPathFromItem}" (valor anterior: "{CandidateAssemblyFiles}") em C:\Program Files\dotnet\sdk\8.0.415\Sdks\Microsoft.NET.Sdk\targets\Microsoft.NET.Sdk.props (91,5)
       Reatribuição de propriedade: $(AssemblySearchPaths)="{CandidateAssemblyFiles};{HintPathFromItem};{TargetFrameworkDirectory}" (valor anterior: "{CandidateAssemblyFiles};{HintPathFromItem}") em C:\Program Files\dotnet\sdk\8.0.415\Sdks\Microsoft.NET.Sdk\targets\Microsoft.NET.Sdk.props (92,5)
       Reatribuição de propriedade: $(AssemblySearchPaths)="{CandidateAssemblyFiles};{HintPathFromItem};{TargetFrameworkDirectory};{RawFileName}" (valor anterior: "{CandidateAssemblyFiles};{HintPathFromItem};{TargetFrameworkDirectory}") em C:\Program Files\dotnet\sdk\8.0.415\Sdks\Microsoft.NET.Sdk\targets\Microsoft.NET.Sdk.props (93,5)
       Reatribuição de propriedade: $(AssemblySearchPaths)="{CandidateAssemblyFiles};{HintPathFromItem};{TargetFrameworkDirectory}" (valor anterior: "{CandidateAssemblyFiles};{HintPathFromItem}") em C:\Program Files\dotnet\sdk\8.0.415\Sdks\Microsoft.NET.Sdk\targets\Microsoft.NET.Sdk.props (92,5)
       Reatribuição de propriedade: $(AssemblySearchPaths)="{CandidateAssemblyFiles};{HintPathFromItem};{TargetFrameworkDirectory};{RawFileName}" (valor anterior: "{CandidateAssemblyFiles};{HintPathFromItem};{TargetFrameworkDirectory}") em C:\Program Files\dotnet\sdk\8.0.415\Sdks\Microsoft.NET.Sdk\targets\Microsoft.NET.Sdk.props (93,5)
       Reatribuição de propriedade: $(AssemblySearchPaths)="{CandidateAssemblyFiles};{HintPathFromItem};{TargetFrameworkDirectory};{RawFileName}" (valor anterior: "{CandidateAssemblyFiles};{HintPathFromItem};{TargetFrameworkDirectory}") em C:\Program Files\dotnet\sdk\8.0.415\Sdks\Microsoft.NET.Sdk\targets\Microsoft.NET.Sdk.props (93,5)
       O SDK "Microsoft.NET.SDK.WorkloadAutoImportPropsLocator" foi resolvido com êxito pelo resolvedor "Microsoft.DotNet.MSBuildWorkloadSdkResolver" para o local "null" e a versão "null".
       Reatribuição de propriedade: $(TargetsForTfmSpecificContentInPackage)=";PackTool;_PackProjectToolValidation" (valor anterior: ";PackTool") em C:\Program Files\dotnet\sdk\8.0.415\Sdks\Microsoft.NET.Sdk\targets\Microsoft.NET.PackProjectTool.props (15,5)
       Reatribuição de propriedade: $(TargetsForTfmSpecificContentInPackage)=";PackTool;_PackProjectToolValidation" (valor anterior: ";PackTool") em C:\Program Files\dotnet\sdk\8.0.415\Sdks\Microsoft.NET.Sdk\targets\Microsoft.NET.PackProjectTool.props (15,5)
       Reatribuição de propriedade: $(TargetsForTfmSpecificContentInPackage)=";PackTool;_PackProjectToolValidation" (valor anterior: ";PackTool") em C:\Program Files\dotnet\sdk\8.0.415\Sdks\Microsoft.NET.Sdk\targets\Microsoft.NET.PackProjectTool.props (15,5)
       A propriedade "Configuration" é global e não pode ser modificada.
       A propriedade "Configuration" é global e não pode ser modificada.
       A propriedade "Platform" é global e não pode ser modificada.
       Reatribuição de propriedade: $(PublishProfileImported)="false" (valor anterior: "true") em C:\Program Files\dotnet\sdk\8.0.415\Sdks\Microsoft.NET.Sdk\targets\Microsoft.NET.Sdk.ImportPublishProfile.targets (28,5)
       O SDK "Microsoft.NET.Sdk.Razor" foi resolvido com êxito pelo resolvedor "DefaultSdkResolver" para o local "C:\Program Files\dotnet\sdk\8.0.415\Sdks\Microsoft.NET.Sdk.Razor\Sdk" e a versão "".
       Reatribuição de propriedade: $(TargetPlatformVersion)="" (valor anterior: "0.0") em C:\Program Files\dotnet\sdk\8.0.415\Sdks\Microsoft.NET.Sdk\targets\Microsoft.NET.TargetFrameworkInference.targets (69,5)
       A propriedade "Platform" é global e não pode ser modificada.
       Reatribuição de propriedade: $(PublishProfileImported)="false" (valor anterior: "true") em C:\Program Files\dotnet\sdk\8.0.415\Sdks\Microsoft.NET.Sdk\targets\Microsoft.NET.Sdk.ImportPublishProfile.targets (28,5)
       Reatribuição de propriedade: $(DefaultItemExcludes)=";bin\Debug\/**;obj\Debug\/**" (valor anterior: ";bin\Debug\/**") em C:\Program Files\dotnet\sdk\8.0.415\Sdks\Microsoft.NET.Sdk\targets\Microsoft.NET.DefaultOutputPaths.targets (122,5)
       Reatribuição de propriedade: $(TargetPlatformVersion)="" (valor anterior: "0.0") em C:\Program Files\dotnet\sdk\8.0.415\Sdks\Microsoft.NET.Sdk\targets\Microsoft.NET.TargetFrameworkInference.targets (69,5)
       Reatribuição de propriedade: $(OutputPath)="bin\Debug\net8.0\" (valor anterior: "bin\Debug\") em C:\Program Files\dotnet\sdk\8.0.415\Sdks\Microsoft.NET.Sdk\targets\Microsoft.NET.DefaultOutputPaths.targets (137,5)
       Reatribuição de propriedade: $(IntermediateOutputPath)="obj\Debug\net8.0\" (valor anterior: "obj\Debug\") em C:\Program Files\dotnet\sdk\8.0.415\Sdks\Microsoft.NET.Sdk\targets\Microsoft.NET.DefaultOutputPaths.targets (142,5)
       Reatribuição de propriedade: $(DefaultItemExcludes)=";bin\Debug\/**;obj\Debug\/**" (valor anterior: ";bin\Debug\/**") em C:\Program Files\dotnet\sdk\8.0.415\Sdks\Microsoft.NET.Sdk\targets\Microsoft.NET.DefaultOutputPaths.targets (122,5)
       Reatribuição de propriedade: $(OutputPath)="bin\Debug\net8.0\" (valor anterior: "bin\Debug\") em C:\Program Files\dotnet\sdk\8.0.415\Sdks\Microsoft.NET.Sdk\targets\Microsoft.NET.DefaultOutputPaths.targets (137,5)
       O SDK "Microsoft.NET.Sdk.StaticWebAssets" foi resolvido com êxito pelo resolvedor "DefaultSdkResolver" para o local "C:\Program Files\dotnet\sdk\8.0.415\Sdks\Microsoft.NET.Sdk.StaticWebAssets\Sdk" e a versão "".
       Reatribuição de propriedade: $(IntermediateOutputPath)="obj\Debug\net8.0\" (valor anterior: "obj\Debug\") em C:\Program Files\dotnet\sdk\8.0.415\Sdks\Microsoft.NET.Sdk\targets\Microsoft.NET.DefaultOutputPaths.targets (142,5)
       O resolvedor "DefaultSdkResolver" tentou resolver o SDK "Microsoft.NET.SDK.WorkloadManifestTargetsLocator".
       Avisos: null
       Erros: MSB4276: O resolvedor SDK padrão falhou ao resolver SDK "Microsoft.NET.SDK.WorkloadManifestTargetsLocator" porque o diretório "C:\Program Files\dotnet\sdk\8.0.415\Sdks\Microsoft.NET.SDK.WorkloadManifestTargetsLocator\Sdk" não existia.
       Reatribuição de propriedade: $(DefaultItemExcludes)=";**\node_modules\**;node_modules\**;**\jspm_packages\**;jspm_packages\**" (valor anterior: ";**\node_modules\**;node_modules\**") em C:\Program Files\dotnet\sdk\8.0.415\Sdks\Microsoft.NET.Sdk.StaticWebAssets\Sdk\Sdk.StaticWebAssets.StaticAssets.ProjectSystem.props (23,5)
       Reatribuição de propriedade: $(DefaultItemExcludes)=";**\node_modules\**;node_modules\**;**\jspm_packages\**;jspm_packages\**;**\bower_components\**;bower_components\**" (valor anterior: ";**\node_modules\**;node_modules\**;**\jspm_packages\**;jspm_packages\**") em C:\Program Files\dotnet\sdk\8.0.415\Sdks\Microsoft.NET.Sdk.StaticWebAssets\Sdk\Sdk.StaticWebAssets.StaticAssets.ProjectSystem.props (24,5)
       O SDK "Microsoft.NET.Sdk.Web.ProjectSystem" foi resolvido com êxito pelo resolvedor "DefaultSdkResolver" para o local "C:\Program Files\dotnet\sdk\8.0.415\Sdks\Microsoft.NET.Sdk.Web.ProjectSystem\Sdk" e a versão "".
       Reatribuição de propriedade: $(OutputType)="Exe" (valor anterior: "Library") em C:\Program Files\dotnet\sdk\8.0.415\Sdks\Microsoft.NET.Sdk.Web.ProjectSystem\targets\Microsoft.NET.Sdk.Web.ProjectSystem.props (16,5)
       O SDK "Microsoft.NET.Sdk.Publish" foi resolvido com êxito pelo resolvedor "DefaultSdkResolver" para o local "C:\Program Files\dotnet\sdk\8.0.415\Sdks\Microsoft.NET.Sdk.Publish\Sdk" e a versão "".
       A propriedade "Configuration" é global e não pode ser modificada.
       A propriedade "Platform" é global e não pode ser modificada.
       Reatribuição de propriedade: $(PublishProfileImported)="false" (valor anterior: "true") em C:\Program Files\dotnet\sdk\8.0.415\Sdks\Microsoft.NET.Sdk\targets\Microsoft.NET.Sdk.ImportPublishProfile.targets (28,5)
       Reatribuição de propriedade: $(TargetPlatformVersion)="" (valor anterior: "0.0") em C:\Program Files\dotnet\sdk\8.0.415\Sdks\Microsoft.NET.Sdk\targets\Microsoft.NET.TargetFrameworkInference.targets (69,5)
       Reatribuição de propriedade: $(DefaultItemExcludes)=";**\node_modules\**;node_modules\**;**\jspm_packages\**;jspm_packages\**;**\bower_components\**;bower_components\**;bin\Debug\/**" (valor anterior: ";**\node_modules\**;node_modules\**;**\jspm_packages\**;jspm_packages\**;**\bower_components\**;bower_components\**") em C:\Program Files\dotnet\sdk\8.0.415\Sdks\Microsoft.NET.Sdk\targets\Microsoft.NET.DefaultOutputPaths.targets (121,5)
       Reatribuição de propriedade: $(DefaultItemExcludes)=";**\node_modules\**;node_modules\**;**\jspm_packages\**;jspm_packages\**;**\bower_components\**;bower_components\**;bin\Debug\/**;obj\Debug\/**" (valor anterior: ";**\node_modules\**;node_modules\**;**\jspm_packages\**;jspm_packages\**;**\bower_components\**;bower_components\**;bin\Debug\/**") em C:\Program Files\dotnet\sdk\8.0.415\Sdks\Microsoft.NET.Sdk\targets\Microsoft.NET.DefaultOutputPaths.targets (122,5)
       Reatribuição de propriedade: $(OutputPath)="bin\Debug\net8.0\" (valor anterior: "bin\Debug\") em C:\Program Files\dotnet\sdk\8.0.415\Sdks\Microsoft.NET.Sdk\targets\Microsoft.NET.DefaultOutputPaths.targets (137,5)
       Reatribuição de propriedade: $(IntermediateOutputPath)="obj\Debug\net8.0\" (valor anterior: "obj\Debug\") em C:\Program Files\dotnet\sdk\8.0.415\Sdks\Microsoft.NET.Sdk\targets\Microsoft.NET.DefaultOutputPaths.targets (142,5)
       Reatribuição de propriedade: $(TargetsForTfmSpecificContentInPackage)=";PackTool;_PackProjectToolValidation" (valor anterior: ";PackTool") em C:\Program Files\dotnet\sdk\8.0.415\Sdks\Microsoft.NET.Sdk\targets\Microsoft.NET.PackProjectTool.props (15,5)
       O SDK "Microsoft.NET.SDK.WorkloadManifestTargetsLocator" foi resolvido com êxito pelo resolvedor "Microsoft.DotNet.MSBuildWorkloadSdkResolver" para o local "C:\Program Files\dotnet\sdk-manifests\8.0.100\microsoft.net.sdk.android\34.0.43" e a versão "null".
       A propriedade "Configuration" é global e não pode ser modificada.
       A propriedade "Platform" é global e não pode ser modificada.
       Reatribuição de propriedade: $(PublishProfileImported)="false" (valor anterior: "true") em C:\Program Files\dotnet\sdk\8.0.415\Sdks\Microsoft.NET.Sdk\targets\Microsoft.NET.Sdk.ImportPublishProfile.targets (28,5)
       Reatribuição de propriedade: $(_FrameworkIdentifierForImplicitDefine)="NET" (valor anterior: "NETCOREAPP") em C:\Program Files\dotnet\sdk\8.0.415\Sdks\Microsoft.NET.Sdk\targets\Microsoft.NET.Sdk.BeforeCommon.targets (187,5)
       Reatribuição de propriedade: $(_FrameworkIdentifierForImplicitDefine)="NET" (valor anterior: "NETCOREAPP") em C:\Program Files\dotnet\sdk\8.0.415\Sdks\Microsoft.NET.Sdk\targets\Microsoft.NET.Sdk.BeforeCommon.targets (187,5)
       Reatribuição de propriedade: $(_FrameworkIdentifierForImplicitDefine)="NET" (valor anterior: "NETCOREAPP") em C:\Program Files\dotnet\sdk\8.0.415\Sdks\Microsoft.NET.Sdk\targets\Microsoft.NET.Sdk.BeforeCommon.targets (187,5)
       Assembly carregado durante Evaluation: NuGet.Frameworks, Version=6.11.1.2, Culture=neutral, PublicKeyToken=31bf3856ad364e35 (local: C:\Program Files\dotnet\sdk\8.0.415\NuGet.Frameworks.dll, MVID: 36fa17a1-abb6-4cce-b85c-dd32a6dcc45f, AssemblyLoadContext: Assembly.LoadFile(C:\Program Files\dotnet\sdk\8.0.415\NuGet.Frameworks.dll))
       Reatribuição de propriedade: $(_FrameworkVersionForImplicitDefine)="8_0" (valor anterior: "8.0") em C:\Program Files\dotnet\sdk\8.0.415\Sdks\Microsoft.NET.Sdk\targets\Microsoft.NET.Sdk.BeforeCommon.targets (192,5)
       Reatribuição de propriedade: $(_FrameworkVersionForImplicitDefine)="8_0" (valor anterior: "8.0") em C:\Program Files\dotnet\sdk\8.0.415\Sdks\Microsoft.NET.Sdk\targets\Microsoft.NET.Sdk.BeforeCommon.targets (192,5)
       Reatribuição de propriedade: $(_FrameworkVersionForImplicitDefine)="8_0" (valor anterior: "8.0") em C:\Program Files\dotnet\sdk\8.0.415\Sdks\Microsoft.NET.Sdk\targets\Microsoft.NET.Sdk.BeforeCommon.targets (192,5)
       Reatribuição de propriedade: $(CommandLineArgsForDesignTimeEvaluation)="-langversion:12.0 -define:TRACE" (valor anterior: "-langversion:12.0") em C:\Program Files\dotnet\sdk\8.0.415\Roslyn\Microsoft.CSharp.Core.targets (200,5)
       Reatribuição de propriedade: $(CommandLineArgsForDesignTimeEvaluation)="-langversion:12.0 -define:TRACE" (valor anterior: "-langversion:12.0") em C:\Program Files\dotnet\sdk\8.0.415\Roslyn\Microsoft.CSharp.Core.targets (200,5)
       A propriedade "Platform" é global e não pode ser modificada.
       A propriedade "Platform" é global e não pode ser modificada.
       A propriedade "Configuration" é global e não pode ser modificada.
       A propriedade "Configuration" é global e não pode ser modificada.
       Reatribuição de propriedade: $(_DebugSymbolsProduced)="true" (valor anterior: "false") em C:\Program Files\dotnet\sdk\8.0.415\Microsoft.Common.CurrentVersion.targets (175,5)
       Reatribuição de propriedade: $(_DebugSymbolsProduced)="true" (valor anterior: "false") em C:\Program Files\dotnet\sdk\8.0.415\Microsoft.Common.CurrentVersion.targets (175,5)
       Reatribuição de propriedade: $(_DocumentationFileProduced)="false" (valor anterior: "true") em C:\Program Files\dotnet\sdk\8.0.415\Microsoft.Common.CurrentVersion.targets (185,5)
       A propriedade "SolutionName" é global e não pode ser modificada.
       A propriedade "SolutionFileName" é global e não pode ser modificada.
       A propriedade "SolutionPath" é global e não pode ser modificada.
       A propriedade "SolutionDir" é global e não pode ser modificada.
       A propriedade "SolutionExt" é global e não pode ser modificada.
       Reatribuição de propriedade: $(MSBuildCopyMarkerName)="IrmaDulc.3EAD2F83" (valor anterior: "IrmaDulce.API.csproj") em C:\Program Files\dotnet\sdk\8.0.415\Microsoft.Common.CurrentVersion.targets (392,5)
       Reatribuição de propriedade: $(CommandLineArgsForDesignTimeEvaluation)="-langversion:12.0 -define:TRACE" (valor anterior: "-langversion:12.0") em C:\Program Files\dotnet\sdk\8.0.415\Roslyn\Microsoft.CSharp.Core.targets (200,5)
       Reatribuição de propriedade: $(MSBuildCopyMarkerName)="IrmaDulc.3EAD2F83.Up2Date" (valor anterior: "IrmaDulc.3EAD2F83") em C:\Program Files\dotnet\sdk\8.0.415\Microsoft.Common.CurrentVersion.targets (393,5)
       Reatribuição de propriedade: $(ProcessorArchitecture)="msil" (valor anterior: "") em C:\Program Files\dotnet\sdk\8.0.415\Microsoft.Common.CurrentVersion.targets (541,5)
       Reatribuição de propriedade: $(DelaySign)="" (valor anterior: "false") em C:\Program Files\dotnet\sdk\8.0.415\Microsoft.Common.CurrentVersion.targets (580,5)
       Imóvel 'LOCALAPPDATA' com valor 'C:\Users\lucas.bertin\AppData\Local' expandido do ambiente.
       Reatribuição de propriedade: $(_SGenGenerateSerializationAssembliesConfig)="Auto" (valor anterior: "") em C:\Program Files\dotnet\sdk\8.0.415\Microsoft.Common.CurrentVersion.targets (3896,5)
       A propriedade "Platform" é global e não pode ser modificada.
       Reatribuição de propriedade: $(_SGenGenerateSerializationAssembliesConfig)="Off" (valor anterior: "Auto") em C:\Program Files\dotnet\sdk\8.0.415\Microsoft.Common.CurrentVersion.targets (3897,5)
       Reatribuição de propriedade: $(_TargetsThatPrepareProjectReferences)="
             AssignProjectConfiguration;
             _SplitProjectReferencesByFileExistence
           " (valor anterior: "_SplitProjectReferencesByFileExistence") em C:\Program Files\dotnet\sdk\8.0.415\Microsoft.Common.CurrentVersion.targets (5099,5)
       Reatribuição de propriedade: $(_DocumentationFileProduced)="false" (valor anterior: "true") em C:\Program Files\dotnet\sdk\8.0.415\Microsoft.Common.CurrentVersion.targets (185,5)
       A propriedade "SolutionName" é global e não pode ser modificada.
       Imóvel 'MSBuildExtensionsPath32' com valor 'C:\Program Files\dotnet\sdk\8.0.415' expandido do ambiente.
       A propriedade "SolutionFileName" é global e não pode ser modificada.
       A propriedade "SolutionPath" é global e não pode ser modificada.
       A propriedade "_RestoreSolutionFileUsed" é global e não pode ser modificada.
       A propriedade "SolutionDir" é global e não pode ser modificada.
       Reatribuição de propriedade: $(_GenerateRestoreGraphProjectEntryInputProperties)="
             ExcludeRestorePackageImports=true;
             _RestoreSolutionFileUsed=true;
             SolutionDir=C:\Projects\Irma Dulce\backend\;
             SolutionName=IrmaDulce;
             SolutionFileName=IrmaDulce.sln;
             SolutionPath=C:\Projects\Irma Dulce\backend\IrmaDulce.sln;
             SolutionExt=.sln;
           " (valor anterior: "ExcludeRestorePackageImports=true") em C:\Program Files\dotnet\sdk\8.0.415\NuGet.targets (101,5)
       A propriedade "SolutionExt" é global e não pode ser modificada.
       Reatribuição de propriedade: $(ProjectAssetsFile)="C:\Projects\Irma Dulce\backend\src\IrmaDulce.API\obj\project.assets.json" (valor anterior: "C:\Projects\Irma Dulce\backend\src\IrmaDulce.API\obj\/project.assets.json") em C:\Program Files\dotnet\sdk\8.0.415\Sdks\Microsoft.NET.Sdk\targets\Microsoft.PackageDependencyResolution.targets (24,5)
       Reatribuição de propriedade: $(MSBuildCopyMarkerName)="IrmaDulc.72F7B47A" (valor anterior: "IrmaDulce.Application.csproj") em C:\Program Files\dotnet\sdk\8.0.415\Microsoft.Common.CurrentVersion.targets (392,5)
       Reatribuição de propriedade: $(ProjectAssetsCacheFile)="C:\Projects\Irma Dulce\backend\src\IrmaDulce.API\obj\Debug\net8.0\IrmaDulce.API.assets.cache" (valor anterior: "obj\Debug\net8.0\IrmaDulce.API.assets.cache") em C:\Program Files\dotnet\sdk\8.0.415\Sdks\Microsoft.NET.Sdk\targets\Microsoft.PackageDependencyResolution.targets (29,5)
       A propriedade "Configuration" é global e não pode ser modificada.
       Reatribuição de propriedade: $(MSBuildCopyMarkerName)="IrmaDulc.72F7B47A.Up2Date" (valor anterior: "IrmaDulc.72F7B47A") em C:\Program Files\dotnet\sdk\8.0.415\Microsoft.Common.CurrentVersion.targets (393,5)
       Reatribuição de propriedade: $(ResolveAssemblyReferencesDependsOn)="
             
             ResolveProjectReferences;
             FindInvalidProjectReferences;
             GetFrameworkPaths;
             GetReferenceAssemblyPaths;
             PrepareForBuild;
             ResolveSDKReferences;
             ExpandSDKReferences;
           ;
             ResolvePackageDependenciesForBuild;
             _HandlePackageFileConflicts;
           " (valor anterior: "
             ResolveProjectReferences;
             FindInvalidProjectReferences;
             GetFrameworkPaths;
             GetReferenceAssemblyPaths;
             PrepareForBuild;
             ResolveSDKReferences;
             ExpandSDKReferences;
           ") em C:\Program Files\dotnet\sdk\8.0.415\Sdks\Microsoft.NET.Sdk\targets\Microsoft.PackageDependencyResolution.targets (80,5)
       Reatribuição de propriedade: $(ProcessorArchitecture)="msil" (valor anterior: "") em C:\Program Files\dotnet\sdk\8.0.415\Microsoft.Common.CurrentVersion.targets (541,5)
       Reatribuição de propriedade: $(_DebugSymbolsProduced)="true" (valor anterior: "false") em C:\Program Files\dotnet\sdk\8.0.415\Microsoft.Common.CurrentVersion.targets (175,5)
       Reatribuição de propriedade: $(TargetPlatformVersion)="" (valor anterior: "0.0") em C:\Program Files\dotnet\sdk\8.0.415\Sdks\Microsoft.NET.Sdk\targets\Microsoft.NET.TargetFrameworkInference.targets (69,5)
       Reatribuição de propriedade: $(PrepareResourcesDependsOn)="
             ResolvePackageDependenciesForBuild;
             _HandlePackageFileConflicts;
             
             ;
             PrepareResourceNames;
             ResGen;
             CompileLicxFiles
           
           " (valor anterior: "
             ;
             PrepareResourceNames;
             ResGen;
             CompileLicxFiles
           ") em C:\Program Files\dotnet\sdk\8.0.415\Sdks\Microsoft.NET.Sdk\targets\Microsoft.PackageDependencyResolution.targets (86,5)
       Reatribuição de propriedade: $(DelaySign)="" (valor anterior: "false") em C:\Program Files\dotnet\sdk\8.0.415\Microsoft.Common.CurrentVersion.targets (580,5)
       Reatribuição de propriedade: $(_DocumentationFileProduced)="false" (valor anterior: "true") em C:\Program Files\dotnet\sdk\8.0.415\Microsoft.Common.CurrentVersion.targets (185,5)
       Reatribuição de propriedade: $(DefaultItemExcludes)=";**\node_modules\**;node_modules\**;**\jspm_packages\**;jspm_packages\**;**\bower_components\**;bower_components\**;bin\Debug\/**;obj\Debug\/**;bin\/**" (valor anterior: ";**\node_modules\**;node_modules\**;**\jspm_packages\**;jspm_packages\**;**\bower_components\**;bower_components\**;bin\Debug\/**;obj\Debug\/**") em C:\Program Files\dotnet\sdk\8.0.415\Sdks\Microsoft.NET.Sdk\targets\Microsoft.NET.Sdk.DefaultItems.targets (27,5)
       Imóvel 'LOCALAPPDATA' com valor 'C:\Users\lucas.bertin\AppData\Local' expandido do ambiente.
       Reatribuição de propriedade: $(DefaultItemExcludes)=";**\node_modules\**;node_modules\**;**\jspm_packages\**;jspm_packages\**;**\bower_components\**;bower_components\**;bin\Debug\/**;obj\Debug\/**;bin\/**;obj\/**" (valor anterior: ";**\node_modules\**;node_modules\**;**\jspm_packages\**;jspm_packages\**;**\bower_components\**;bower_components\**;bin\Debug\/**;obj\Debug\/**;bin\/**") em C:\Program Files\dotnet\sdk\8.0.415\Sdks\Microsoft.NET.Sdk\targets\Microsoft.NET.Sdk.DefaultItems.targets (29,5)
       Reatribuição de propriedade: $(_SGenGenerateSerializationAssembliesConfig)="Auto" (valor anterior: "") em C:\Program Files\dotnet\sdk\8.0.415\Microsoft.Common.CurrentVersion.targets (3896,5)
       Reatribuição de propriedade: $(DefaultItemExcludes)=";bin\Debug\/**;obj\Debug\/**" (valor anterior: ";bin\Debug\/**") em C:\Program Files\dotnet\sdk\8.0.415\Sdks\Microsoft.NET.Sdk\targets\Microsoft.NET.DefaultOutputPaths.targets (122,5)
       Reatribuição de propriedade: $(OutputPath)="bin\Debug\net8.0\" (valor anterior: "bin\Debug\") em C:\Program Files\dotnet\sdk\8.0.415\Sdks\Microsoft.NET.Sdk\targets\Microsoft.NET.DefaultOutputPaths.targets (137,5)
       Reatribuição de propriedade: $(IntermediateOutputPath)="obj\Debug\net8.0\" (valor anterior: "obj\Debug\") em C:\Program Files\dotnet\sdk\8.0.415\Sdks\Microsoft.NET.Sdk\targets\Microsoft.NET.DefaultOutputPaths.targets (142,5)
       Reatribuição de propriedade: $(DefaultItemExcludes)=";**\node_modules\**;node_modules\**;**\jspm_packages\**;jspm_packages\**;**\bower_components\**;bower_components\**;bin\Debug\/**;obj\Debug\/**;bin\/**;obj\/**;**/*.user" (valor anterior: ";**\node_modules\**;node_modules\**;**\jspm_packages\**;jspm_packages\**;**\bower_components\**;bower_components\**;bin\Debug\/**;obj\Debug\/**;bin\/**;obj\/**") em C:\Program Files\dotnet\sdk\8.0.415\Sdks\Microsoft.NET.Sdk\targets\Microsoft.NET.Sdk.DefaultItems.targets (32,5)
       Reatribuição de propriedade: $(_SGenGenerateSerializationAssembliesConfig)="Off" (valor anterior: "Auto") em C:\Program Files\dotnet\sdk\8.0.415\Microsoft.Common.CurrentVersion.targets (3897,5)
       A propriedade "SolutionName" é global e não pode ser modificada.
       A propriedade "SolutionFileName" é global e não pode ser modificada.
       Reatribuição de propriedade: $(_TargetsThatPrepareProjectReferences)="
             AssignProjectConfiguration;
             _SplitProjectReferencesByFileExistence
           " (valor anterior: "_SplitProjectReferencesByFileExistence") em C:\Program Files\dotnet\sdk\8.0.415\Microsoft.Common.CurrentVersion.targets (5099,5)
       Reatribuição de propriedade: $(DefaultItemExcludes)=";**\node_modules\**;node_modules\**;**\jspm_packages\**;jspm_packages\**;**\bower_components\**;bower_components\**;bin\Debug\/**;obj\Debug\/**;bin\/**;obj\/**;**/*.user;**/*.*proj" (valor anterior: ";**\node_modules\**;node_modules\**;**\jspm_packages\**;jspm_packages\**;**\bower_components\**;bower_components\**;bin\Debug\/**;obj\Debug\/**;bin\/**;obj\/**;**/*.user") em C:\Program Files\dotnet\sdk\8.0.415\Sdks\Microsoft.NET.Sdk\targets\Microsoft.NET.Sdk.DefaultItems.targets (33,5)
       A propriedade "SolutionPath" é global e não pode ser modificada.
       A propriedade "SolutionDir" é global e não pode ser modificada.
       Imóvel 'MSBuildExtensionsPath32' com valor 'C:\Program Files\dotnet\sdk\8.0.415' expandido do ambiente.
       Reatribuição de propriedade: $(DefaultItemExcludes)=";**\node_modules\**;node_modules\**;**\jspm_packages\**;jspm_packages\**;**\bower_components\**;bower_components\**;bin\Debug\/**;obj\Debug\/**;bin\/**;obj\/**;**/*.user;**/*.*proj;**/*.sln" (valor anterior: ";**\node_modules\**;node_modules\**;**\jspm_packages\**;jspm_packages\**;**\bower_components\**;bower_components\**;bin\Debug\/**;obj\Debug\/**;bin\/**;obj\/**;**/*.user;**/*.*proj") em C:\Program Files\dotnet\sdk\8.0.415\Sdks\Microsoft.NET.Sdk\targets\Microsoft.NET.Sdk.DefaultItems.targets (34,5)
       A propriedade "SolutionExt" é global e não pode ser modificada.
       Reatribuição de propriedade: $(MSBuildCopyMarkerName)="IrmaDulc.2067EFE4" (valor anterior: "IrmaDulce.Infrastructure.csproj") em C:\Program Files\dotnet\sdk\8.0.415\Microsoft.Common.CurrentVersion.targets (392,5)
       Reatribuição de propriedade: $(MSBuildCopyMarkerName)="IrmaDulc.2067EFE4.Up2Date" (valor anterior: "IrmaDulc.2067EFE4") em C:\Program Files\dotnet\sdk\8.0.415\Microsoft.Common.CurrentVersion.targets (393,5)
       Reatribuição de propriedade: $(ProcessorArchitecture)="msil" (valor anterior: "") em C:\Program Files\dotnet\sdk\8.0.415\Microsoft.Common.CurrentVersion.targets (541,5)
       Reatribuição de propriedade: $(DefaultItemExcludes)=";**\node_modules\**;node_modules\**;**\jspm_packages\**;jspm_packages\**;**\bower_components\**;bower_components\**;bin\Debug\/**;obj\Debug\/**;bin\/**;obj\/**;**/*.user;**/*.*proj;**/*.sln;**/*.vssscc" (valor anterior: ";**\node_modules\**;node_modules\**;**\jspm_packages\**;jspm_packages\**;**\bower_components\**;bower_components\**;bin\Debug\/**;obj\Debug\/**;bin\/**;obj\/**;**/*.user;**/*.*proj;**/*.sln") em C:\Program Files\dotnet\sdk\8.0.415\Sdks\Microsoft.NET.Sdk\targets\Microsoft.NET.Sdk.DefaultItems.targets (35,5)
       A propriedade "_RestoreSolutionFileUsed" é global e não pode ser modificada.
       Reatribuição de propriedade: $(DelaySign)="" (valor anterior: "false") em C:\Program Files\dotnet\sdk\8.0.415\Microsoft.Common.CurrentVersion.targets (580,5)
       Imóvel 'LOCALAPPDATA' com valor 'C:\Users\lucas.bertin\AppData\Local' expandido do ambiente.
       Reatribuição de propriedade: $(_SGenGenerateSerializationAssembliesConfig)="Auto" (valor anterior: "") em C:\Program Files\dotnet\sdk\8.0.415\Microsoft.Common.CurrentVersion.targets (3896,5)
       Reatribuição de propriedade: $(_SGenGenerateSerializationAssembliesConfig)="Off" (valor anterior: "Auto") em C:\Program Files\dotnet\sdk\8.0.415\Microsoft.Common.CurrentVersion.targets (3897,5)
       Reatribuição de propriedade: $(_GenerateRestoreGraphProjectEntryInputProperties)="
             ExcludeRestorePackageImports=true;
             _RestoreSolutionFileUsed=true;
             SolutionDir=C:\Projects\Irma Dulce\backend\;
             SolutionName=IrmaDulce;
             SolutionFileName=IrmaDulce.sln;
             SolutionPath=C:\Projects\Irma Dulce\backend\IrmaDulce.sln;
             SolutionExt=.sln;
           " (valor anterior: "ExcludeRestorePackageImports=true") em C:\Program Files\dotnet\sdk\8.0.415\NuGet.targets (101,5)
       Reatribuição de propriedade: $(DefaultItemExcludes)=";**\node_modules\**;node_modules\**;**\jspm_packages\**;jspm_packages\**;**\bower_components\**;bower_components\**;bin\Debug\/**;obj\Debug\/**;bin\/**;obj\/**;**/*.user;**/*.*proj;**/*.sln;**/*.vssscc;**/.DS_Store" (valor anterior: ";**\node_modules\**;node_modules\**;**\jspm_packages\**;jspm_packages\**;**\bower_components\**;bower_components\**;bin\Debug\/**;obj\Debug\/**;bin\/**;obj\/**;**/*.user;**/*.*proj;**/*.sln;**/*.vssscc") em C:\Program Files\dotnet\sdk\8.0.415\Sdks\Microsoft.NET.Sdk\targets\Microsoft.NET.Sdk.DefaultItems.targets (36,5)
       Reatribuição de propriedade: $(_TargetsThatPrepareProjectReferences)="
             AssignProjectConfiguration;
             _SplitProjectReferencesByFileExistence
           " (valor anterior: "_SplitProjectReferencesByFileExistence") em C:\Program Files\dotnet\sdk\8.0.415\Microsoft.Common.CurrentVersion.targets (5099,5)
       Imóvel 'MSBuildExtensionsPath32' com valor 'C:\Program Files\dotnet\sdk\8.0.415' expandido do ambiente.
       A propriedade "_RestoreSolutionFileUsed" é global e não pode ser modificada.
       Reatribuição de propriedade: $(_GenerateRestoreGraphProjectEntryInputProperties)="
             ExcludeRestorePackageImports=true;
             _RestoreSolutionFileUsed=true;
             SolutionDir=C:\Projects\Irma Dulce\backend\;
             SolutionName=IrmaDulce;
             SolutionFileName=IrmaDulce.sln;
             SolutionPath=C:\Projects\Irma Dulce\backend\IrmaDulce.sln;
             SolutionExt=.sln;
           " (valor anterior: "ExcludeRestorePackageImports=true") em C:\Program Files\dotnet\sdk\8.0.415\NuGet.targets (101,5)
       Reatribuição de propriedade: $(ProjectAssetsFile)="C:\Projects\Irma Dulce\backend\src\IrmaDulce.Infrastructure\obj\project.assets.json" (valor anterior: "C:\Projects\Irma Dulce\backend\src\IrmaDulce.Infrastructure\obj\/project.assets.json") em C:\Program Files\dotnet\sdk\8.0.415\Sdks\Microsoft.NET.Sdk\targets\Microsoft.PackageDependencyResolution.targets (24,5)
       Reatribuição de propriedade: $(ProjectAssetsCacheFile)="C:\Projects\Irma Dulce\backend\src\IrmaDulce.Infrastructure\obj\Debug\net8.0\IrmaDulce.Infrastructure.assets.cache" (valor anterior: "obj\Debug\net8.0\IrmaDulce.Infrastructure.assets.cache") em C:\Program Files\dotnet\sdk\8.0.415\Sdks\Microsoft.NET.Sdk\targets\Microsoft.PackageDependencyResolution.targets (29,5)
       Reatribuição de propriedade: $(ResolveAssemblyReferencesDependsOn)="
             
             ResolveProjectReferences;
             FindInvalidProjectReferences;
             GetFrameworkPaths;
             GetReferenceAssemblyPaths;
             PrepareForBuild;
             ResolveSDKReferences;
             ExpandSDKReferences;
           ;
             ResolvePackageDependenciesForBuild;
             _HandlePackageFileConflicts;
           " (valor anterior: "
             ResolveProjectReferences;
             FindInvalidProjectReferences;
             GetFrameworkPaths;
             GetReferenceAssemblyPaths;
             PrepareForBuild;
             ResolveSDKReferences;
             ExpandSDKReferences;
           ") em C:\Program Files\dotnet\sdk\8.0.415\Sdks\Microsoft.NET.Sdk\targets\Microsoft.PackageDependencyResolution.targets (80,5)
       Reatribuição de propriedade: $(PrepareResourcesDependsOn)="
             ResolvePackageDependenciesForBuild;
             _HandlePackageFileConflicts;
             
             ;
             PrepareResourceNames;
             ResGen;
             CompileLicxFiles
           
           " (valor anterior: "
             ;
             PrepareResourceNames;
             ResGen;
             CompileLicxFiles
           ") em C:\Program Files\dotnet\sdk\8.0.415\Sdks\Microsoft.NET.Sdk\targets\Microsoft.PackageDependencyResolution.targets (86,5)
       Reatribuição de propriedade: $(DefaultItemExcludes)=";bin\Debug\/**;obj\Debug\/**;bin\/**" (valor anterior: ";bin\Debug\/**;obj\Debug\/**") em C:\Program Files\dotnet\sdk\8.0.415\Sdks\Microsoft.NET.Sdk\targets\Microsoft.NET.Sdk.DefaultItems.targets (27,5)
       Reatribuição de propriedade: $(ProjectAssetsFile)="C:\Projects\Irma Dulce\backend\src\IrmaDulce.Application\obj\project.assets.json" (valor anterior: "C:\Projects\Irma Dulce\backend\src\IrmaDulce.Application\obj\/project.assets.json") em C:\Program Files\dotnet\sdk\8.0.415\Sdks\Microsoft.NET.Sdk\targets\Microsoft.PackageDependencyResolution.targets (24,5)
       Reatribuição de propriedade: $(ResolveAssemblyReferencesDependsOn)="
             
             
             ResolveProjectReferences;
             FindInvalidProjectReferences;
             GetFrameworkPaths;
             GetReferenceAssemblyPaths;
             PrepareForBuild;
             ResolveSDKReferences;
             ExpandSDKReferences;
           ;
             ResolvePackageDependenciesForBuild;
             _HandlePackageFileConflicts;
           ;
             ResolveTargetingPackAssets;
           " (valor anterior: "
             
             ResolveProjectReferences;
             FindInvalidProjectReferences;
             GetFrameworkPaths;
             GetReferenceAssemblyPaths;
             PrepareForBuild;
             ResolveSDKReferences;
             ExpandSDKReferences;
           ;
             ResolvePackageDependenciesForBuild;
             _HandlePackageFileConflicts;
           ") em C:\Program Files\dotnet\sdk\8.0.415\Sdks\Microsoft.NET.Sdk\targets\Microsoft.NET.Sdk.FrameworkReferenceResolution.targets (14,5)
       Reatribuição de propriedade: $(DefaultItemExcludes)=";bin\Debug\/**;obj\Debug\/**;bin\/**;obj\/**" (valor anterior: ";bin\Debug\/**;obj\Debug\/**;bin\/**") em C:\Program Files\dotnet\sdk\8.0.415\Sdks\Microsoft.NET.Sdk\targets\Microsoft.NET.Sdk.DefaultItems.targets (29,5)
       Reatribuição de propriedade: $(DefaultItemExcludes)=";bin\Debug\/**;obj\Debug\/**;bin\/**;obj\/**;**/*.user" (valor anterior: ";bin\Debug\/**;obj\Debug\/**;bin\/**;obj\/**") em C:\Program Files\dotnet\sdk\8.0.415\Sdks\Microsoft.NET.Sdk\targets\Microsoft.NET.Sdk.DefaultItems.targets (32,5)
       Reatribuição de propriedade: $(DefaultItemExcludes)=";bin\Debug\/**;obj\Debug\/**;bin\/**;obj\/**;**/*.user;**/*.*proj" (valor anterior: ";bin\Debug\/**;obj\Debug\/**;bin\/**;obj\/**;**/*.user") em C:\Program Files\dotnet\sdk\8.0.415\Sdks\Microsoft.NET.Sdk\targets\Microsoft.NET.Sdk.DefaultItems.targets (33,5)
       Reatribuição de propriedade: $(DefaultItemExcludes)=";bin\Debug\/**;obj\Debug\/**;bin\/**;obj\/**;**/*.user;**/*.*proj;**/*.sln" (valor anterior: ";bin\Debug\/**;obj\Debug\/**;bin\/**;obj\/**;**/*.user;**/*.*proj") em C:\Program Files\dotnet\sdk\8.0.415\Sdks\Microsoft.NET.Sdk\targets\Microsoft.NET.Sdk.DefaultItems.targets (34,5)
       Reatribuição de propriedade: $(ProjectAssetsCacheFile)="C:\Projects\Irma Dulce\backend\src\IrmaDulce.Application\obj\Debug\net8.0\IrmaDulce.Application.assets.cache" (valor anterior: "obj\Debug\net8.0\IrmaDulce.Application.assets.cache") em C:\Program Files\dotnet\sdk\8.0.415\Sdks\Microsoft.NET.Sdk\targets\Microsoft.PackageDependencyResolution.targets (29,5)
       Reatribuição de propriedade: $(DefaultItemExcludes)=";bin\Debug\/**;obj\Debug\/**;bin\/**;obj\/**;**/*.user;**/*.*proj;**/*.sln;**/*.vssscc" (valor anterior: ";bin\Debug\/**;obj\Debug\/**;bin\/**;obj\/**;**/*.user;**/*.*proj;**/*.sln") em C:\Program Files\dotnet\sdk\8.0.415\Sdks\Microsoft.NET.Sdk\targets\Microsoft.NET.Sdk.DefaultItems.targets (35,5)
       Reatribuição de propriedade: $(_GenerateRuntimeConfigurationPropertyInputsCache)="C:\Projects\Irma Dulce\backend\src\IrmaDulce.API\obj\Debug\net8.0\IrmaDulce.API.genruntimeconfig.cache" (valor anterior: "obj\Debug\net8.0\IrmaDulce.API.genruntimeconfig.cache") em C:\Program Files\dotnet\sdk\8.0.415\Sdks\Microsoft.NET.Sdk\targets\Microsoft.NET.Sdk.targets (44,5)
       Reatribuição de propriedade: $(DefaultItemExcludes)=";bin\Debug\/**;obj\Debug\/**;bin\/**;obj\/**;**/*.user;**/*.*proj;**/*.sln;**/*.vssscc;**/.DS_Store" (valor anterior: ";bin\Debug\/**;obj\Debug\/**;bin\/**;obj\/**;**/*.user;**/*.*proj;**/*.sln;**/*.vssscc") em C:\Program Files\dotnet\sdk\8.0.415\Sdks\Microsoft.NET.Sdk\targets\Microsoft.NET.Sdk.DefaultItems.targets (36,5)
       Reatribuição de propriedade: $(_GeneratePublishDependencyFilePropertyInputsCache)="C:\Projects\Irma Dulce\backend\src\IrmaDulce.API\obj\Debug\net8.0\IrmaDulce.API.genpublishdeps.cache" (valor anterior: "obj\Debug\net8.0\IrmaDulce.API.genpublishdeps.cache") em C:\Program Files\dotnet\sdk\8.0.415\Sdks\Microsoft.NET.Sdk\targets\Microsoft.NET.Sdk.targets (46,5)
       Reatribuição de propriedade: $(ResolveAssemblyReferencesDependsOn)="
             
             ResolveProjectReferences;
             FindInvalidProjectReferences;
             GetFrameworkPaths;
             GetReferenceAssemblyPaths;
             PrepareForBuild;
             ResolveSDKReferences;
             ExpandSDKReferences;
           ;
             ResolvePackageDependenciesForBuild;
             _HandlePackageFileConflicts;
           " (valor anterior: "
             ResolveProjectReferences;
             FindInvalidProjectReferences;
             GetFrameworkPaths;
             GetReferenceAssemblyPaths;
             PrepareForBuild;
             ResolveSDKReferences;
             ExpandSDKReferences;
           ") em C:\Program Files\dotnet\sdk\8.0.415\Sdks\Microsoft.NET.Sdk\targets\Microsoft.PackageDependencyResolution.targets (80,5)
       Reatribuição de propriedade: $(ResolveAssemblyReferencesDependsOn)="
             
             
             ResolveProjectReferences;
             FindInvalidProjectReferences;
             GetFrameworkPaths;
             GetReferenceAssemblyPaths;
             PrepareForBuild;
             ResolveSDKReferences;
             ExpandSDKReferences;
           ;
             ResolvePackageDependenciesForBuild;
             _HandlePackageFileConflicts;
           ;
             ResolveTargetingPackAssets;
           " (valor anterior: "
             
             ResolveProjectReferences;
             FindInvalidProjectReferences;
             GetFrameworkPaths;
             GetReferenceAssemblyPaths;
             PrepareForBuild;
             ResolveSDKReferences;
             ExpandSDKReferences;
           ;
             ResolvePackageDependenciesForBuild;
             _HandlePackageFileConflicts;
           ") em C:\Program Files\dotnet\sdk\8.0.415\Sdks\Microsoft.NET.Sdk\targets\Microsoft.NET.Sdk.FrameworkReferenceResolution.targets (14,5)
       Reatribuição de propriedade: $(PrepareResourcesDependsOn)="
             ResolvePackageDependenciesForBuild;
             _HandlePackageFileConflicts;
             
             ;
             PrepareResourceNames;
             ResGen;
             CompileLicxFiles
           
           " (valor anterior: "
             ;
             PrepareResourceNames;
             ResGen;
             CompileLicxFiles
           ") em C:\Program Files\dotnet\sdk\8.0.415\Sdks\Microsoft.NET.Sdk\targets\Microsoft.PackageDependencyResolution.targets (86,5)
       Reatribuição de propriedade: $(_GenerateSingleFileBundlePropertyInputsCache)="C:\Projects\Irma Dulce\backend\src\IrmaDulce.API\obj\Debug\net8.0\IrmaDulce.API.genbundle.cache" (valor anterior: "obj\Debug\net8.0\IrmaDulce.API.genbundle.cache") em C:\Program Files\dotnet\sdk\8.0.415\Sdks\Microsoft.NET.Sdk\targets\Microsoft.NET.Sdk.targets (48,5)
       Reatribuição de propriedade: $(_GenerateRuntimeConfigurationPropertyInputsCache)="C:\Projects\Irma Dulce\backend\src\IrmaDulce.Infrastructure\obj\Debug\net8.0\IrmaDulce.Infrastructure.genruntimeconfig.cache" (valor anterior: "obj\Debug\net8.0\IrmaDulce.Infrastructure.genruntimeconfig.cache") em C:\Program Files\dotnet\sdk\8.0.415\Sdks\Microsoft.NET.Sdk\targets\Microsoft.NET.Sdk.targets (44,5)
       Reatribuição de propriedade: $(_GeneratePublishDependencyFilePropertyInputsCache)="C:\Projects\Irma Dulce\backend\src\IrmaDulce.Infrastructure\obj\Debug\net8.0\IrmaDulce.Infrastructure.genpublishdeps.cache" (valor anterior: "obj\Debug\net8.0\IrmaDulce.Infrastructure.genpublishdeps.cache") em C:\Program Files\dotnet\sdk\8.0.415\Sdks\Microsoft.NET.Sdk\targets\Microsoft.NET.Sdk.targets (46,5)
       Reatribuição de propriedade: $(_GenerateSingleFileBundlePropertyInputsCache)="C:\Projects\Irma Dulce\backend\src\IrmaDulce.Infrastructure\obj\Debug\net8.0\IrmaDulce.Infrastructure.genbundle.cache" (valor anterior: "obj\Debug\net8.0\IrmaDulce.Infrastructure.genbundle.cache") em C:\Program Files\dotnet\sdk\8.0.415\Sdks\Microsoft.NET.Sdk\targets\Microsoft.NET.Sdk.targets (48,5)
       Reatribuição de propriedade: $(GenerateRuntimeConfigDevFile)="false" (valor anterior: "true") em C:\Program Files\dotnet\sdk\8.0.415\Sdks\Microsoft.NET.Sdk\targets\Microsoft.NET.Sdk.targets (81,5)
       Imóvel 'USERPROFILE' com valor 'C:\Users\lucas.bertin' expandido do ambiente.
       Reatribuição de propriedade: $(_DefaultUserProfileRuntimeStorePath)="C:\Users\lucas.bertin" (valor anterior: "") em C:\Program Files\dotnet\sdk\8.0.415\Sdks\Microsoft.NET.Sdk\targets\Microsoft.NET.Sdk.targets (97,5)
       Reatribuição de propriedade: $(_DefaultUserProfileRuntimeStorePath)="C:\Users\lucas.bertin\.dotnet\store" (valor anterior: "C:\Users\lucas.bertin") em C:\Program Files\dotnet\sdk\8.0.415\Sdks\Microsoft.NET.Sdk\targets\Microsoft.NET.Sdk.targets (98,5)
       Reatribuição de propriedade: $(AvailablePlatforms)="Any CPU,x86,x64,ARM32" (valor anterior: "Any CPU,x86,x64") em C:\Program Files\dotnet\sdk\8.0.415\Sdks\Microsoft.NET.Sdk\targets\Microsoft.NET.Sdk.targets (136,5)
       Reatribuição de propriedade: $(AvailablePlatforms)="Any CPU,x86,x64,ARM32,ARM64" (valor anterior: "Any CPU,x86,x64,ARM32") em C:\Program Files\dotnet\sdk\8.0.415\Sdks\Microsoft.NET.Sdk\targets\Microsoft.NET.Sdk.targets (140,5)
       Reatribuição de propriedade: $(CoreBuildDependsOn)="
             _CheckForBuildWithNoBuild;
             
             BuildOnlySettings;
             PrepareForBuild;
             PreBuildEvent;
             ResolveReferences;
             PrepareResources;
             ResolveKeySource;
             Compile;
             ExportWindowsMDFile;
             UnmanagedUnregistration;
             GenerateSerializationAssemblies;
             CreateSatelliteAssemblies;
             GenerateManifests;
             GetTargetPath;
             PrepareForRun;
             UnmanagedRegistration;
             IncrementalClean;
             PostBuildEvent
           ;
             GenerateBuildDependencyFile;
             GenerateBuildRuntimeConfigurationFiles
           " (valor anterior: "
             BuildOnlySettings;
             PrepareForBuild;
             PreBuildEvent;
             ResolveReferences;
             PrepareResources;
             ResolveKeySource;
             Compile;
             ExportWindowsMDFile;
             UnmanagedUnregistration;
             GenerateSerializationAssemblies;
             CreateSatelliteAssemblies;
             GenerateManifests;
             GetTargetPath;
             PrepareForRun;
             UnmanagedRegistration;
             IncrementalClean;
             PostBuildEvent
           ") em C:\Program Files\dotnet\sdk\8.0.415\Sdks\Microsoft.NET.Sdk\targets\Microsoft.NET.Sdk.targets (197,5)
       Reatribuição de propriedade: $(CoreCleanDependsOn)="
             _SdkBeforeClean;
             
           " (valor anterior: "") em C:\Program Files\dotnet\sdk\8.0.415\Sdks\Microsoft.NET.Sdk\targets\Microsoft.NET.Sdk.targets (206,5)
       Reatribuição de propriedade: $(RebuildDependsOn)="
             _SdkBeforeRebuild;
             
             BeforeRebuild;
             Clean;
             Build;
             AfterRebuild;
           
           " (valor anterior: "
             BeforeRebuild;
             Clean;
             Build;
             AfterRebuild;
           ") em C:\Program Files\dotnet\sdk\8.0.415\Sdks\Microsoft.NET.Sdk\targets\Microsoft.NET.Sdk.targets (213,5)
       Reatribuição de propriedade: $(DefaultItemExcludes)=";bin\Debug\/**;obj\Debug\/**;bin\/**" (valor anterior: ";bin\Debug\/**;obj\Debug\/**") em C:\Program Files\dotnet\sdk\8.0.415\Sdks\Microsoft.NET.Sdk\targets\Microsoft.NET.Sdk.DefaultItems.targets (27,5)
       Reatribuição de propriedade: $(GenerateRuntimeConfigDevFile)="false" (valor anterior: "true") em C:\Program Files\dotnet\sdk\8.0.415\Sdks\Microsoft.NET.Sdk\targets\Microsoft.NET.Sdk.targets (81,5)
       Reatribuição de propriedade: $(CompileDependsOn)="
             
             ResolveReferences;
             ResolveKeySource;
             SetWin32ManifestProperties;
             _SetPreferNativeArm64Win32ManifestProperties;
             FindReferenceAssembliesForReferences;
             _GenerateCompileInputs;
             BeforeCompile;
             _TimeStampBeforeCompile;
             _GenerateCompileDependencyCache;
             CoreCompile;
             _TimeStampAfterCompile;
             AfterCompile;
           ;
             _CreateAppHost;
             _CreateComHost;
             _GetIjwHostPaths;
           " (valor anterior: "
             ResolveReferences;
             ResolveKeySource;
             SetWin32ManifestProperties;
             _SetPreferNativeArm64Win32ManifestProperties;
             FindReferenceAssembliesForReferences;
             _GenerateCompileInputs;
             BeforeCompile;
             _TimeStampBeforeCompile;
             _GenerateCompileDependencyCache;
             CoreCompile;
             _TimeStampAfterCompile;
             AfterCompile;
           ") em C:\Program Files\dotnet\sdk\8.0.415\Sdks\Microsoft.NET.Sdk\targets\Microsoft.NET.Sdk.targets (679,5)
       Reatribuição de propriedade: $(CreateSatelliteAssembliesDependsOn)="
             
             ;
             _GenerateSatelliteAssemblyInputs;
             ComputeIntermediateSatelliteAssemblies;
             GenerateSatelliteAssemblies
           ;
             CoreGenerateSatelliteAssemblies
           " (valor anterior: "
             ;
             _GenerateSatelliteAssemblyInputs;
             ComputeIntermediateSatelliteAssemblies;
             GenerateSatelliteAssemblies
           ") em C:\Program Files\dotnet\sdk\8.0.415\Sdks\Microsoft.NET.Sdk\targets\Microsoft.NET.Sdk.targets (1065,5)
       Reatribuição de propriedade: $(DefaultItemExcludes)=";bin\Debug\/**;obj\Debug\/**;bin\/**;obj\/**" (valor anterior: ";bin\Debug\/**;obj\Debug\/**;bin\/**") em C:\Program Files\dotnet\sdk\8.0.415\Sdks\Microsoft.NET.Sdk\targets\Microsoft.NET.Sdk.DefaultItems.targets (29,5)
       Imóvel 'USERPROFILE' com valor 'C:\Users\lucas.bertin' expandido do ambiente.
       Reatribuição de propriedade: $(SourceLinkUrlInitializerTargets)=";_InitializeGitHubSourceLinkUrl;_InitializeGitLabSourceLinkUrl" (valor anterior: ";_InitializeGitHubSourceLinkUrl") em C:\Program Files\dotnet\sdk\8.0.415\Sdks\Microsoft.SourceLink.GitLab\build\Microsoft.SourceLink.GitLab.targets (12,5)
       Reatribuição de propriedade: $(SourceControlManagerUrlTranslationTargets)=";TranslateGitHubUrlsInSourceControlInformation;TranslateGitLabUrlsInSourceControlInformation" (valor anterior: ";TranslateGitHubUrlsInSourceControlInformation") em C:\Program Files\dotnet\sdk\8.0.415\Sdks\Microsoft.SourceLink.GitLab\build\Microsoft.SourceLink.GitLab.targets (13,5)
       Reatribuição de propriedade: $(SourceLinkUrlInitializerTargets)=";_InitializeGitHubSourceLinkUrl;_InitializeGitLabSourceLinkUrl;_InitializeAzureReposGitSourceLinkUrl" (valor anterior: ";_InitializeGitHubSourceLinkUrl;_InitializeGitLabSourceLinkUrl") em C:\Program Files\dotnet\sdk\8.0.415\Sdks\Microsoft.SourceLink.AzureRepos.Git\build\Microsoft.SourceLink.AzureRepos.Git.targets (12,5)
       Reatribuição de propriedade: $(SourceControlManagerUrlTranslationTargets)=";TranslateGitHubUrlsInSourceControlInformation;TranslateGitLabUrlsInSourceControlInformation;TranslateAzureReposGitUrlsInSourceControlInformation" (valor anterior: ";TranslateGitHubUrlsInSourceControlInformation;TranslateGitLabUrlsInSourceControlInformation") em C:\Program Files\dotnet\sdk\8.0.415\Sdks\Microsoft.SourceLink.AzureRepos.Git\build\Microsoft.SourceLink.AzureRepos.Git.targets (13,5)
       Reatribuição de propriedade: $(DefaultItemExcludes)=";bin\Debug\/**;obj\Debug\/**;bin\/**;obj\/**;**/*.user" (valor anterior: ";bin\Debug\/**;obj\Debug\/**;bin\/**;obj\/**") em C:\Program Files\dotnet\sdk\8.0.415\Sdks\Microsoft.NET.Sdk\targets\Microsoft.NET.Sdk.DefaultItems.targets (32,5)
       Reatribuição de propriedade: $(_DefaultUserProfileRuntimeStorePath)="C:\Users\lucas.bertin" (valor anterior: "") em C:\Program Files\dotnet\sdk\8.0.415\Sdks\Microsoft.NET.Sdk\targets\Microsoft.NET.Sdk.targets (97,5)
       Reatribuição de propriedade: $(SourceLinkUrlInitializerTargets)=";_InitializeGitHubSourceLinkUrl;_InitializeGitLabSourceLinkUrl;_InitializeAzureReposGitSourceLinkUrl;_InitializeBitbucketGitSourceLinkUrl" (valor anterior: ";_InitializeGitHubSourceLinkUrl;_InitializeGitLabSourceLinkUrl;_InitializeAzureReposGitSourceLinkUrl") em C:\Program Files\dotnet\sdk\8.0.415\Sdks\Microsoft.SourceLink.Bitbucket.Git\build\Microsoft.SourceLink.Bitbucket.Git.targets (12,5)
       Reatribuição de propriedade: $(SourceControlManagerUrlTranslationTargets)=";TranslateGitHubUrlsInSourceControlInformation;TranslateGitLabUrlsInSourceControlInformation;TranslateAzureReposGitUrlsInSourceControlInformation;TranslateBitbucketGitUrlsInSourceControlInformation" (valor anterior: ";TranslateGitHubUrlsInSourceControlInformation;TranslateGitLabUrlsInSourceControlInformation;TranslateAzureReposGitUrlsInSourceControlInformation") em C:\Program Files\dotnet\sdk\8.0.415\Sdks\Microsoft.SourceLink.Bitbucket.Git\build\Microsoft.SourceLink.Bitbucket.Git.targets (13,5)
       Reatribuição de propriedade: $(DesignerRuntimeImplementationProjectOutputGroupDependsOn)="
             
             ;
             
             ;
             BuildOnlySettings;
             PrepareForBuild;
             AssignTargetPaths;
             ResolveReferences
           
           ;
             _GenerateDesignerDepsFile;
             _GenerateDesignerRuntimeConfigFile;
             GetCopyToOutputDirectoryItems;
             _GatherDesignerShadowCopyFiles;
           " (valor anterior: "
             ;
             
             ;
             BuildOnlySettings;
             PrepareForBuild;
             AssignTargetPaths;
             ResolveReferences
           
           ") em C:\Program Files\dotnet\sdk\8.0.415\Sdks\Microsoft.NET.Sdk\targets\Microsoft.NET.DesignerSupport.targets (21,5)
       Reatribuição de propriedade: $(_GenerateToolsSettingsFileCacheFile)="C:\Projects\Irma Dulce\backend\src\IrmaDulce.Infrastructure\obj\Debug\net8.0\IrmaDulce.Infrastructure.toolssettingsinput.cache" (valor anterior: "obj\Debug\net8.0\IrmaDulce.Infrastructure.toolssettingsinput.cache") em C:\Program Files\dotnet\sdk\8.0.415\Sdks\Microsoft.NET.Sdk\targets\Microsoft.NET.PackTool.targets (68,5)
       Reatribuição de propriedade: $(_ShimInputCacheFile)="C:\Projects\Irma Dulce\backend\src\IrmaDulce.Infrastructure\obj\Debug\net8.0\IrmaDulce.Infrastructure.shiminput.cache" (valor anterior: "obj\Debug\net8.0\IrmaDulce.Infrastructure.shiminput.cache") em C:\Program Files\dotnet\sdk\8.0.415\Sdks\Microsoft.NET.Sdk\targets\Microsoft.NET.PackTool.targets (137,5)
       Reatribuição de propriedade: $(_ShimCreatedSentinelFile)="C:\Projects\Irma Dulce\backend\src\IrmaDulce.Infrastructure\obj\Debug\net8.0\IrmaDulce.Infrastructure.shimcreated.sentinel" (valor anterior: "obj\Debug\net8.0\IrmaDulce.Infrastructure.shimcreated.sentinel") em C:\Program Files\dotnet\sdk\8.0.415\Sdks\Microsoft.NET.Sdk\targets\Microsoft.NET.PackTool.targets (139,5)
       Reatribuição de propriedade: $(DefaultItemExcludes)=";bin\Debug\/**;obj\Debug\/**;bin\/**;obj\/**;**/*.user;**/*.*proj" (valor anterior: ";bin\Debug\/**;obj\Debug\/**;bin\/**;obj\/**;**/*.user") em C:\Program Files\dotnet\sdk\8.0.415\Sdks\Microsoft.NET.Sdk\targets\Microsoft.NET.Sdk.DefaultItems.targets (33,5)
       Reatribuição de propriedade: $(DefineConstants)="TRACE;DEBUG" (valor anterior: "TRACE") em C:\Program Files\dotnet\sdk\8.0.415\Sdks\Microsoft.NET.Sdk\targets\Microsoft.NET.Sdk.CSharp.targets (31,5)
       Reatribuição de propriedade: $(DefineConstants)="TRACE;DEBUG;NET;NET8_0;NETCOREAPP" (valor anterior: "TRACE;DEBUG") em C:\Program Files\dotnet\sdk\8.0.415\Sdks\Microsoft.NET.Sdk\targets\Microsoft.NET.Sdk.CSharp.targets (34,5)
       Reatribuição de propriedade: $(WarningsAsErrors)=";NU1605;SYSLIB0011" (valor anterior: ";NU1605") em C:\Program Files\dotnet\sdk\8.0.415\Sdks\Microsoft.NET.Sdk\targets\Microsoft.NET.Sdk.CSharp.targets (48,5)
       Reatribuição de propriedade: $(PackageDescription)="Package Description" (valor anterior: "") em C:\Program Files\dotnet\sdk\8.0.415\Sdks\NuGet.Build.Tasks.Pack\build\NuGet.Build.Tasks.Pack.targets (34,5)
       Reatribuição de propriedade: $(_DefaultUserProfileRuntimeStorePath)="C:\Users\lucas.bertin\.dotnet\store" (valor anterior: "C:\Users\lucas.bertin") em C:\Program Files\dotnet\sdk\8.0.415\Sdks\Microsoft.NET.Sdk\targets\Microsoft.NET.Sdk.targets (98,5)
       Reatribuição de propriedade: $(GenerateNuspecDependsOn)="Build;_LoadPackInputItems; _GetTargetFrameworksOutput; _WalkEachTargetPerFramework; _GetPackageFiles; " (valor anterior: "_LoadPackInputItems; _GetTargetFrameworksOutput; _WalkEachTargetPerFramework; _GetPackageFiles; ") em C:\Program Files\dotnet\sdk\8.0.415\Sdks\NuGet.Build.Tasks.Pack\build\NuGet.Build.Tasks.Pack.targets (59,5)
       Reatribuição de propriedade: $(DefaultItemExcludes)=";bin\Debug\/**;obj\Debug\/**;bin\/**;obj\/**;**/*.user;**/*.*proj;**/*.sln" (valor anterior: ";bin\Debug\/**;obj\Debug\/**;bin\/**;obj\/**;**/*.user;**/*.*proj") em C:\Program Files\dotnet\sdk\8.0.415\Sdks\Microsoft.NET.Sdk\targets\Microsoft.NET.Sdk.DefaultItems.targets (34,5)
       Reatribuição de propriedade: $(AvailablePlatforms)="Any CPU,x86,x64,ARM32" (valor anterior: "Any CPU,x86,x64") em C:\Program Files\dotnet\sdk\8.0.415\Sdks\Microsoft.NET.Sdk\targets\Microsoft.NET.Sdk.targets (136,5)
       Reatribuição de propriedade: $(_FrameworkIdentifierForImplicitDefine)="NET" (valor anterior: "NETCOREAPP") em C:\Program Files\dotnet\sdk\8.0.415\Sdks\Microsoft.NET.Sdk\targets\Microsoft.NET.Sdk.BeforeCommon.targets (187,5)
       Reatribuição de propriedade: $(_FrameworkVersionForImplicitDefine)="8_0" (valor anterior: "8.0") em C:\Program Files\dotnet\sdk\8.0.415\Sdks\Microsoft.NET.Sdk\targets\Microsoft.NET.Sdk.BeforeCommon.targets (192,5)
       Reatribuição de propriedade: $(_IsNotSetContainersTargetsDir)="true" (valor anterior: "false") em C:\Program Files\dotnet\sdk\8.0.415\Sdks\Microsoft.NET.Sdk\Sdk\Sdk.targets (59,5)
       Reatribuição de propriedade: $(_IsSDKContainerAllowedVersion)="true" (valor anterior: "false") em C:\Program Files\dotnet\sdk\8.0.415\Containers\build\Microsoft.NET.Build.Containers.targets (5,5)
       Reatribuição de propriedade: $(DefaultItemExcludes)=";bin\Debug\/**;obj\Debug\/**;bin\/**;obj\/**;**/*.user;**/*.*proj;**/*.sln;**/*.vssscc" (valor anterior: ";bin\Debug\/**;obj\Debug\/**;bin\/**;obj\/**;**/*.user;**/*.*proj;**/*.sln") em C:\Program Files\dotnet\sdk\8.0.415\Sdks\Microsoft.NET.Sdk\targets\Microsoft.NET.Sdk.DefaultItems.targets (35,5)
       Reatribuição de propriedade: $(AvailablePlatforms)="Any CPU,x86,x64,ARM32,ARM64" (valor anterior: "Any CPU,x86,x64,ARM32") em C:\Program Files\dotnet\sdk\8.0.415\Sdks\Microsoft.NET.Sdk\targets\Microsoft.NET.Sdk.targets (140,5)
       Reatribuição de propriedade: $(_ContainerIsTargetingNet8TFM)="true" (valor anterior: "false") em C:\Program Files\dotnet\sdk\8.0.415\Containers\build\Microsoft.NET.Build.Containers.targets (15,5)
       Substituindo o destino "ResolveFrameworkReferences" no projeto "C:\Program Files\dotnet\sdk\8.0.415\Microsoft.Common.CurrentVersion.targets" pelo destino "ResolveFrameworkReferences" do projeto "C:\Program Files\dotnet\sdk\8.0.415\Sdks\Microsoft.NET.Sdk\targets\Microsoft.NET.Sdk.FrameworkReferenceResolution.targets".
       Substituindo o destino "Run" no projeto "C:\Program Files\dotnet\sdk\8.0.415\Microsoft.Common.CurrentVersion.targets" pelo destino "Run" do projeto "C:\Program Files\dotnet\sdk\8.0.415\Sdks\Microsoft.NET.Sdk\targets\Microsoft.NET.Sdk.targets".
       Substituindo o destino "GenerateSupportedTargetFrameworkAlias" no projeto "C:\Program Files\dotnet\sdk\8.0.415\Microsoft.Common.CurrentVersion.targets" pelo destino "GenerateSupportedTargetFrameworkAlias" do projeto "C:\Program Files\dotnet\sdk\8.0.415\Sdks\Microsoft.NET.Sdk\targets\Microsoft.NET.Sdk.targets".
       Substituindo o destino "GetReferenceAssemblyPaths" no projeto "C:\Program Files\dotnet\sdk\8.0.415\Microsoft.Common.CurrentVersion.targets" pelo destino "GetReferenceAssemblyPaths" do projeto "C:\Program Files\dotnet\sdk\8.0.415\Sdks\Microsoft.NET.Sdk\targets\Microsoft.NET.DisableStandardFrameworkResolution.targets".
       Substituindo o destino "GetFrameworkPaths" no projeto "C:\Program Files\dotnet\sdk\8.0.415\Microsoft.Common.CurrentVersion.targets" pelo destino "GetFrameworkPaths" do projeto "C:\Program Files\dotnet\sdk\8.0.415\Sdks\Microsoft.NET.Sdk\targets\Microsoft.NET.DisableStandardFrameworkResolution.targets".
       Reatribuição de propriedade: $(DefaultItemExcludes)=";bin\Debug\/**;obj\Debug\/**;bin\/**;obj\/**;**/*.user;**/*.*proj;**/*.sln;**/*.vssscc;**/.DS_Store" (valor anterior: ";bin\Debug\/**;obj\Debug\/**;bin\/**;obj\/**;**/*.user;**/*.*proj;**/*.sln;**/*.vssscc") em C:\Program Files\dotnet\sdk\8.0.415\Sdks\Microsoft.NET.Sdk\targets\Microsoft.NET.Sdk.DefaultItems.targets (36,5)
       Substituindo o destino "DesignerRuntimeImplementationProjectOutputGroup" no projeto "C:\Program Files\dotnet\sdk\8.0.415\Microsoft.Common.CurrentVersion.targets" pelo destino "DesignerRuntimeImplementationProjectOutputGroup" do projeto "C:\Program Files\dotnet\sdk\8.0.415\Sdks\Microsoft.NET.Sdk\targets\Microsoft.NET.DesignerSupport.targets".
       Reatribuição de propriedade: $(CoreBuildDependsOn)="
             _CheckForBuildWithNoBuild;
             
             BuildOnlySettings;
             PrepareForBuild;
             PreBuildEvent;
             ResolveReferences;
             PrepareResources;
             ResolveKeySource;
             Compile;
             ExportWindowsMDFile;
             UnmanagedUnregistration;
             GenerateSerializationAssemblies;
             CreateSatelliteAssemblies;
             GenerateManifests;
             GetTargetPath;
             PrepareForRun;
             UnmanagedRegistration;
             IncrementalClean;
             PostBuildEvent
           ;
             GenerateBuildDependencyFile;
             GenerateBuildRuntimeConfigurationFiles
           " (valor anterior: "
             BuildOnlySettings;
             PrepareForBuild;
             PreBuildEvent;
             ResolveReferences;
             PrepareResources;
             ResolveKeySource;
             Compile;
             ExportWindowsMDFile;
             UnmanagedUnregistration;
             GenerateSerializationAssemblies;
             CreateSatelliteAssemblies;
             GenerateManifests;
             GetTargetPath;
             PrepareForRun;
             UnmanagedRegistration;
             IncrementalClean;
             PostBuildEvent
           ") em C:\Program Files\dotnet\sdk\8.0.415\Sdks\Microsoft.NET.Sdk\targets\Microsoft.NET.Sdk.targets (197,5)
       Substituindo o destino "Publish" no projeto "C:\Program Files\dotnet\sdk\8.0.415\Microsoft.Common.CurrentVersion.targets" pelo destino "Publish" do projeto "C:\Program Files\dotnet\sdk\8.0.415\Sdks\Microsoft.NET.Sdk\targets\Microsoft.NET.Publish.targets".
       Substituindo o destino "ResolveReadyToRunCompilers" no projeto "C:\Program Files\dotnet\sdk\8.0.415\Sdks\Microsoft.NET.Sdk\targets\Microsoft.NET.CrossGen.targets" pelo destino "ResolveReadyToRunCompilers" do projeto "C:\Program Files\dotnet\sdk\8.0.415\Sdks\Microsoft.NET.Sdk\targets\Microsoft.NET.Publish.targets".
       Substituindo o destino "GetCopyToPublishDirectoryItems" no projeto "C:\Program Files\dotnet\sdk\8.0.415\Microsoft.Common.CurrentVersion.targets" pelo destino "GetCopyToPublishDirectoryItems" do projeto "C:\Program Files\dotnet\sdk\8.0.415\Sdks\Microsoft.NET.Sdk\targets\Microsoft.NET.Publish.targets".
       Reatribuição de propriedade: $(ResolveAssemblyReferencesDependsOn)="
             
             
             ResolveProjectReferences;
             FindInvalidProjectReferences;
             GetFrameworkPaths;
             GetReferenceAssemblyPaths;
             PrepareForBuild;
             ResolveSDKReferences;
             ExpandSDKReferences;
           ;
             ResolvePackageDependenciesForBuild;
             _HandlePackageFileConflicts;
           ;
             ResolveTargetingPackAssets;
           " (valor anterior: "
             
             ResolveProjectReferences;
             FindInvalidProjectReferences;
             GetFrameworkPaths;
             GetReferenceAssemblyPaths;
             PrepareForBuild;
             ResolveSDKReferences;
             ExpandSDKReferences;
           ;
             ResolvePackageDependenciesForBuild;
             _HandlePackageFileConflicts;
           ") em C:\Program Files\dotnet\sdk\8.0.415\Sdks\Microsoft.NET.Sdk\targets\Microsoft.NET.Sdk.FrameworkReferenceResolution.targets (14,5)
       Reatribuição de propriedade: $(CoreCleanDependsOn)="
             _SdkBeforeClean;
             
           " (valor anterior: "") em C:\Program Files\dotnet\sdk\8.0.415\Sdks\Microsoft.NET.Sdk\targets\Microsoft.NET.Sdk.targets (206,5)
       Reatribuição de propriedade: $(_GenerateRuntimeConfigurationPropertyInputsCache)="C:\Projects\Irma Dulce\backend\src\IrmaDulce.Application\obj\Debug\net8.0\IrmaDulce.Application.genruntimeconfig.cache" (valor anterior: "obj\Debug\net8.0\IrmaDulce.Application.genruntimeconfig.cache") em C:\Program Files\dotnet\sdk\8.0.415\Sdks\Microsoft.NET.Sdk\targets\Microsoft.NET.Sdk.targets (44,5)
       Reatribuição de propriedade: $(RebuildDependsOn)="
             _SdkBeforeRebuild;
             
             BeforeRebuild;
             Clean;
             Build;
             AfterRebuild;
           
           " (valor anterior: "
             BeforeRebuild;
             Clean;
             Build;
             AfterRebuild;
           ") em C:\Program Files\dotnet\sdk\8.0.415\Sdks\Microsoft.NET.Sdk\targets\Microsoft.NET.Sdk.targets (213,5)
       Reatribuição de propriedade: $(_GeneratePublishDependencyFilePropertyInputsCache)="C:\Projects\Irma Dulce\backend\src\IrmaDulce.Application\obj\Debug\net8.0\IrmaDulce.Application.genpublishdeps.cache" (valor anterior: "obj\Debug\net8.0\IrmaDulce.Application.genpublishdeps.cache") em C:\Program Files\dotnet\sdk\8.0.415\Sdks\Microsoft.NET.Sdk\targets\Microsoft.NET.Sdk.targets (46,5)
       Reatribuição de propriedade: $(CompileDependsOn)="
             
             ResolveReferences;
             ResolveKeySource;
             SetWin32ManifestProperties;
             _SetPreferNativeArm64Win32ManifestProperties;
             FindReferenceAssembliesForReferences;
             _GenerateCompileInputs;
             BeforeCompile;
             _TimeStampBeforeCompile;
             _GenerateCompileDependencyCache;
             CoreCompile;
             _TimeStampAfterCompile;
             AfterCompile;
           ;
             _CreateAppHost;
             _CreateComHost;
             _GetIjwHostPaths;
           " (valor anterior: "
             ResolveReferences;
             ResolveKeySource;
             SetWin32ManifestProperties;
             _SetPreferNativeArm64Win32ManifestProperties;
             FindReferenceAssembliesForReferences;
             _GenerateCompileInputs;
             BeforeCompile;
             _TimeStampBeforeCompile;
             _GenerateCompileDependencyCache;
             CoreCompile;
             _TimeStampAfterCompile;
             AfterCompile;
           ") em C:\Program Files\dotnet\sdk\8.0.415\Sdks\Microsoft.NET.Sdk\targets\Microsoft.NET.Sdk.targets (679,5)
       Reatribuição de propriedade: $(_GenerateSingleFileBundlePropertyInputsCache)="C:\Projects\Irma Dulce\backend\src\IrmaDulce.Application\obj\Debug\net8.0\IrmaDulce.Application.genbundle.cache" (valor anterior: "obj\Debug\net8.0\IrmaDulce.Application.genbundle.cache") em C:\Program Files\dotnet\sdk\8.0.415\Sdks\Microsoft.NET.Sdk\targets\Microsoft.NET.Sdk.targets (48,5)
       Reatribuição de propriedade: $(CreateSatelliteAssembliesDependsOn)="
             
             ;
             _GenerateSatelliteAssemblyInputs;
             ComputeIntermediateSatelliteAssemblies;
             GenerateSatelliteAssemblies
           ;
             CoreGenerateSatelliteAssemblies
           " (valor anterior: "
             ;
             _GenerateSatelliteAssemblyInputs;
             ComputeIntermediateSatelliteAssemblies;
             GenerateSatelliteAssemblies
           ") em C:\Program Files\dotnet\sdk\8.0.415\Sdks\Microsoft.NET.Sdk\targets\Microsoft.NET.Sdk.targets (1065,5)
       Reatribuição de propriedade: $(GenerateRuntimeConfigDevFile)="false" (valor anterior: "true") em C:\Program Files\dotnet\sdk\8.0.415\Sdks\Microsoft.NET.Sdk\targets\Microsoft.NET.Sdk.targets (81,5)
       Reatribuição de propriedade: $(SourceLinkUrlInitializerTargets)=";_InitializeGitHubSourceLinkUrl;_InitializeGitLabSourceLinkUrl" (valor anterior: ";_InitializeGitHubSourceLinkUrl") em C:\Program Files\dotnet\sdk\8.0.415\Sdks\Microsoft.SourceLink.GitLab\build\Microsoft.SourceLink.GitLab.targets (12,5)
       Imóvel 'USERPROFILE' com valor 'C:\Users\lucas.bertin' expandido do ambiente.
       Reatribuição de propriedade: $(SourceControlManagerUrlTranslationTargets)=";TranslateGitHubUrlsInSourceControlInformation;TranslateGitLabUrlsInSourceControlInformation" (valor anterior: ";TranslateGitHubUrlsInSourceControlInformation") em C:\Program Files\dotnet\sdk\8.0.415\Sdks\Microsoft.SourceLink.GitLab\build\Microsoft.SourceLink.GitLab.targets (13,5)
       Reatribuição de propriedade: $(_DefaultUserProfileRuntimeStorePath)="C:\Users\lucas.bertin" (valor anterior: "") em C:\Program Files\dotnet\sdk\8.0.415\Sdks\Microsoft.NET.Sdk\targets\Microsoft.NET.Sdk.targets (97,5)
       Reatribuição de propriedade: $(SourceLinkUrlInitializerTargets)=";_InitializeGitHubSourceLinkUrl;_InitializeGitLabSourceLinkUrl;_InitializeAzureReposGitSourceLinkUrl" (valor anterior: ";_InitializeGitHubSourceLinkUrl;_InitializeGitLabSourceLinkUrl") em C:\Program Files\dotnet\sdk\8.0.415\Sdks\Microsoft.SourceLink.AzureRepos.Git\build\Microsoft.SourceLink.AzureRepos.Git.targets (12,5)
       Reatribuição de propriedade: $(_DefaultUserProfileRuntimeStorePath)="C:\Users\lucas.bertin\.dotnet\store" (valor anterior: "C:\Users\lucas.bertin") em C:\Program Files\dotnet\sdk\8.0.415\Sdks\Microsoft.NET.Sdk\targets\Microsoft.NET.Sdk.targets (98,5)
       Reatribuição de propriedade: $(SourceControlManagerUrlTranslationTargets)=";TranslateGitHubUrlsInSourceControlInformation;TranslateGitLabUrlsInSourceControlInformation;TranslateAzureReposGitUrlsInSourceControlInformation" (valor anterior: ";TranslateGitHubUrlsInSourceControlInformation;TranslateGitLabUrlsInSourceControlInformation") em C:\Program Files\dotnet\sdk\8.0.415\Sdks\Microsoft.SourceLink.AzureRepos.Git\build\Microsoft.SourceLink.AzureRepos.Git.targets (13,5)
       Reatribuição de propriedade: $(AvailablePlatforms)="Any CPU,x86,x64,ARM32" (valor anterior: "Any CPU,x86,x64") em C:\Program Files\dotnet\sdk\8.0.415\Sdks\Microsoft.NET.Sdk\targets\Microsoft.NET.Sdk.targets (136,5)
       Reatribuição de propriedade: $(AvailablePlatforms)="Any CPU,x86,x64,ARM32,ARM64" (valor anterior: "Any CPU,x86,x64,ARM32") em C:\Program Files\dotnet\sdk\8.0.415\Sdks\Microsoft.NET.Sdk\targets\Microsoft.NET.Sdk.targets (140,5)
       Reatribuição de propriedade: $(CoreBuildDependsOn)="
             _CheckForBuildWithNoBuild;
             
             BuildOnlySettings;
             PrepareForBuild;
             PreBuildEvent;
             ResolveReferences;
             PrepareResources;
             ResolveKeySource;
             Compile;
             ExportWindowsMDFile;
             UnmanagedUnregistration;
             GenerateSerializationAssemblies;
             CreateSatelliteAssemblies;
             GenerateManifests;
             GetTargetPath;
             PrepareForRun;
             UnmanagedRegistration;
             IncrementalClean;
             PostBuildEvent
           ;
             GenerateBuildDependencyFile;
             GenerateBuildRuntimeConfigurationFiles
           " (valor anterior: "
             BuildOnlySettings;
             PrepareForBuild;
             PreBuildEvent;
             ResolveReferences;
             PrepareResources;
             ResolveKeySource;
             Compile;
             ExportWindowsMDFile;
             UnmanagedUnregistration;
             GenerateSerializationAssemblies;
             CreateSatelliteAssemblies;
             GenerateManifests;
             GetTargetPath;
             PrepareForRun;
             UnmanagedRegistration;
             IncrementalClean;
             PostBuildEvent
           ") em C:\Program Files\dotnet\sdk\8.0.415\Sdks\Microsoft.NET.Sdk\targets\Microsoft.NET.Sdk.targets (197,5)
       Reatribuição de propriedade: $(CoreCleanDependsOn)="
             _SdkBeforeClean;
             
           " (valor anterior: "") em C:\Program Files\dotnet\sdk\8.0.415\Sdks\Microsoft.NET.Sdk\targets\Microsoft.NET.Sdk.targets (206,5)
       Reatribuição de propriedade: $(RebuildDependsOn)="
             _SdkBeforeRebuild;
             
             BeforeRebuild;
             Clean;
             Build;
             AfterRebuild;
           
           " (valor anterior: "
             BeforeRebuild;
             Clean;
             Build;
             AfterRebuild;
           ") em C:\Program Files\dotnet\sdk\8.0.415\Sdks\Microsoft.NET.Sdk\targets\Microsoft.NET.Sdk.targets (213,5)
       Reatribuição de propriedade: $(CompileDependsOn)="
             
             ResolveReferences;
             ResolveKeySource;
             SetWin32ManifestProperties;
             _SetPreferNativeArm64Win32ManifestProperties;
             FindReferenceAssembliesForReferences;
             _GenerateCompileInputs;
             BeforeCompile;
             _TimeStampBeforeCompile;
             _GenerateCompileDependencyCache;
             CoreCompile;
             _TimeStampAfterCompile;
             AfterCompile;
           ;
             _CreateAppHost;
             _CreateComHost;
             _GetIjwHostPaths;
           " (valor anterior: "
             ResolveReferences;
             ResolveKeySource;
             SetWin32ManifestProperties;
             _SetPreferNativeArm64Win32ManifestProperties;
             FindReferenceAssembliesForReferences;
             _GenerateCompileInputs;
             BeforeCompile;
             _TimeStampBeforeCompile;
             _GenerateCompileDependencyCache;
             CoreCompile;
             _TimeStampAfterCompile;
             AfterCompile;
           ") em C:\Program Files\dotnet\sdk\8.0.415\Sdks\Microsoft.NET.Sdk\targets\Microsoft.NET.Sdk.targets (679,5)
       Reatribuição de propriedade: $(CommandLineArgsForDesignTimeEvaluation)="-langversion:12.0 -define:TRACE" (valor anterior: "-langversion:12.0") em C:\Program Files\dotnet\sdk\8.0.415\Roslyn\Microsoft.CSharp.Core.targets (200,5)
       Reatribuição de propriedade: $(SourceLinkUrlInitializerTargets)=";_InitializeGitHubSourceLinkUrl;_InitializeGitLabSourceLinkUrl;_InitializeAzureReposGitSourceLinkUrl;_InitializeBitbucketGitSourceLinkUrl" (valor anterior: ";_InitializeGitHubSourceLinkUrl;_InitializeGitLabSourceLinkUrl;_InitializeAzureReposGitSourceLinkUrl") em C:\Program Files\dotnet\sdk\8.0.415\Sdks\Microsoft.SourceLink.Bitbucket.Git\build\Microsoft.SourceLink.Bitbucket.Git.targets (12,5)
       Reatribuição de propriedade: $(CreateSatelliteAssembliesDependsOn)="
             
             ;
             _GenerateSatelliteAssemblyInputs;
             ComputeIntermediateSatelliteAssemblies;
             GenerateSatelliteAssemblies
           ;
             CoreGenerateSatelliteAssemblies
           " (valor anterior: "
             ;
             _GenerateSatelliteAssemblyInputs;
             ComputeIntermediateSatelliteAssemblies;
             GenerateSatelliteAssemblies
           ") em C:\Program Files\dotnet\sdk\8.0.415\Sdks\Microsoft.NET.Sdk\targets\Microsoft.NET.Sdk.targets (1065,5)
       Reatribuição de propriedade: $(SourceControlManagerUrlTranslationTargets)=";TranslateGitHubUrlsInSourceControlInformation;TranslateGitLabUrlsInSourceControlInformation;TranslateAzureReposGitUrlsInSourceControlInformation;TranslateBitbucketGitUrlsInSourceControlInformation" (valor anterior: ";TranslateGitHubUrlsInSourceControlInformation;TranslateGitLabUrlsInSourceControlInformation;TranslateAzureReposGitUrlsInSourceControlInformation") em C:\Program Files\dotnet\sdk\8.0.415\Sdks\Microsoft.SourceLink.Bitbucket.Git\build\Microsoft.SourceLink.Bitbucket.Git.targets (13,5)
       Reatribuição de propriedade: $(SourceLinkUrlInitializerTargets)=";_InitializeGitHubSourceLinkUrl;_InitializeGitLabSourceLinkUrl" (valor anterior: ";_InitializeGitHubSourceLinkUrl") em C:\Program Files\dotnet\sdk\8.0.415\Sdks\Microsoft.SourceLink.GitLab\build\Microsoft.SourceLink.GitLab.targets (12,5)
       Reatribuição de propriedade: $(DesignerRuntimeImplementationProjectOutputGroupDependsOn)="
             
             ;
             
             ;
             BuildOnlySettings;
             PrepareForBuild;
             AssignTargetPaths;
             ResolveReferences
           
           ;
             _GenerateDesignerDepsFile;
             _GenerateDesignerRuntimeConfigFile;
             GetCopyToOutputDirectoryItems;
             _GatherDesignerShadowCopyFiles;
           " (valor anterior: "
             ;
             
             ;
             BuildOnlySettings;
             PrepareForBuild;
             AssignTargetPaths;
             ResolveReferences
           
           ") em C:\Program Files\dotnet\sdk\8.0.415\Sdks\Microsoft.NET.Sdk\targets\Microsoft.NET.DesignerSupport.targets (21,5)
       Reatribuição de propriedade: $(SourceControlManagerUrlTranslationTargets)=";TranslateGitHubUrlsInSourceControlInformation;TranslateGitLabUrlsInSourceControlInformation" (valor anterior: ";TranslateGitHubUrlsInSourceControlInformation") em C:\Program Files\dotnet\sdk\8.0.415\Sdks\Microsoft.SourceLink.GitLab\build\Microsoft.SourceLink.GitLab.targets (13,5)
       Reatribuição de propriedade: $(_GenerateToolsSettingsFileCacheFile)="C:\Projects\Irma Dulce\backend\src\IrmaDulce.API\obj\Debug\net8.0\IrmaDulce.API.toolssettingsinput.cache" (valor anterior: "obj\Debug\net8.0\IrmaDulce.API.toolssettingsinput.cache") em C:\Program Files\dotnet\sdk\8.0.415\Sdks\Microsoft.NET.Sdk\targets\Microsoft.NET.PackTool.targets (68,5)
       Reatribuição de propriedade: $(SourceLinkUrlInitializerTargets)=";_InitializeGitHubSourceLinkUrl;_InitializeGitLabSourceLinkUrl;_InitializeAzureReposGitSourceLinkUrl" (valor anterior: ";_InitializeGitHubSourceLinkUrl;_InitializeGitLabSourceLinkUrl") em C:\Program Files\dotnet\sdk\8.0.415\Sdks\Microsoft.SourceLink.AzureRepos.Git\build\Microsoft.SourceLink.AzureRepos.Git.targets (12,5)
       Reatribuição de propriedade: $(_ShimInputCacheFile)="C:\Projects\Irma Dulce\backend\src\IrmaDulce.API\obj\Debug\net8.0\IrmaDulce.API.shiminput.cache" (valor anterior: "obj\Debug\net8.0\IrmaDulce.API.shiminput.cache") em C:\Program Files\dotnet\sdk\8.0.415\Sdks\Microsoft.NET.Sdk\targets\Microsoft.NET.PackTool.targets (137,5)
       Reatribuição de propriedade: $(_ShimCreatedSentinelFile)="C:\Projects\Irma Dulce\backend\src\IrmaDulce.API\obj\Debug\net8.0\IrmaDulce.API.shimcreated.sentinel" (valor anterior: "obj\Debug\net8.0\IrmaDulce.API.shimcreated.sentinel") em C:\Program Files\dotnet\sdk\8.0.415\Sdks\Microsoft.NET.Sdk\targets\Microsoft.NET.PackTool.targets (139,5)
       Reatribuição de propriedade: $(SourceControlManagerUrlTranslationTargets)=";TranslateGitHubUrlsInSourceControlInformation;TranslateGitLabUrlsInSourceControlInformation;TranslateAzureReposGitUrlsInSourceControlInformation" (valor anterior: ";TranslateGitHubUrlsInSourceControlInformation;TranslateGitLabUrlsInSourceControlInformation") em C:\Program Files\dotnet\sdk\8.0.415\Sdks\Microsoft.SourceLink.AzureRepos.Git\build\Microsoft.SourceLink.AzureRepos.Git.targets (13,5)
       Reatribuição de propriedade: $(SourceLinkUrlInitializerTargets)=";_InitializeGitHubSourceLinkUrl;_InitializeGitLabSourceLinkUrl;_InitializeAzureReposGitSourceLinkUrl;_InitializeBitbucketGitSourceLinkUrl" (valor anterior: ";_InitializeGitHubSourceLinkUrl;_InitializeGitLabSourceLinkUrl;_InitializeAzureReposGitSourceLinkUrl") em C:\Program Files\dotnet\sdk\8.0.415\Sdks\Microsoft.SourceLink.Bitbucket.Git\build\Microsoft.SourceLink.Bitbucket.Git.targets (12,5)
       Reatribuição de propriedade: $(DefineConstants)="TRACE;DEBUG" (valor anterior: "TRACE") em C:\Program Files\dotnet\sdk\8.0.415\Sdks\Microsoft.NET.Sdk\targets\Microsoft.NET.Sdk.CSharp.targets (31,5)
       Reatribuição de propriedade: $(DefineConstants)="TRACE;DEBUG;NET;NET8_0;NETCOREAPP" (valor anterior: "TRACE;DEBUG") em C:\Program Files\dotnet\sdk\8.0.415\Sdks\Microsoft.NET.Sdk\targets\Microsoft.NET.Sdk.CSharp.targets (34,5)
       Reatribuição de propriedade: $(WarningsAsErrors)=";NU1605;SYSLIB0011" (valor anterior: ";NU1605") em C:\Program Files\dotnet\sdk\8.0.415\Sdks\Microsoft.NET.Sdk\targets\Microsoft.NET.Sdk.CSharp.targets (48,5)
       Reatribuição de propriedade: $(PackageDescription)="Package Description" (valor anterior: "") em C:\Program Files\dotnet\sdk\8.0.415\Sdks\NuGet.Build.Tasks.Pack\build\NuGet.Build.Tasks.Pack.targets (34,5)
       Reatribuição de propriedade: $(GenerateNuspecDependsOn)="Build;_LoadPackInputItems; _GetTargetFrameworksOutput; _WalkEachTargetPerFramework; _GetPackageFiles; " (valor anterior: "_LoadPackInputItems; _GetTargetFrameworksOutput; _WalkEachTargetPerFramework; _GetPackageFiles; ") em C:\Program Files\dotnet\sdk\8.0.415\Sdks\NuGet.Build.Tasks.Pack\build\NuGet.Build.Tasks.Pack.targets (59,5)
       Reatribuição de propriedade: $(SourceControlManagerUrlTranslationTargets)=";TranslateGitHubUrlsInSourceControlInformation;TranslateGitLabUrlsInSourceControlInformation;TranslateAzureReposGitUrlsInSourceControlInformation;TranslateBitbucketGitUrlsInSourceControlInformation" (valor anterior: ";TranslateGitHubUrlsInSourceControlInformation;TranslateGitLabUrlsInSourceControlInformation;TranslateAzureReposGitUrlsInSourceControlInformation") em C:\Program Files\dotnet\sdk\8.0.415\Sdks\Microsoft.SourceLink.Bitbucket.Git\build\Microsoft.SourceLink.Bitbucket.Git.targets (13,5)
       Reatribuição de propriedade: $(_IsNotSetContainersTargetsDir)="true" (valor anterior: "false") em C:\Program Files\dotnet\sdk\8.0.415\Sdks\Microsoft.NET.Sdk\Sdk\Sdk.targets (59,5)
       Reatribuição de propriedade: $(DesignerRuntimeImplementationProjectOutputGroupDependsOn)="
             
             ;
             
             ;
             BuildOnlySettings;
             PrepareForBuild;
             AssignTargetPaths;
             ResolveReferences
           
           ;
             _GenerateDesignerDepsFile;
             _GenerateDesignerRuntimeConfigFile;
             GetCopyToOutputDirectoryItems;
             _GatherDesignerShadowCopyFiles;
           " (valor anterior: "
             ;
             
             ;
             BuildOnlySettings;
             PrepareForBuild;
             AssignTargetPaths;
             ResolveReferences
           
           ") em C:\Program Files\dotnet\sdk\8.0.415\Sdks\Microsoft.NET.Sdk\targets\Microsoft.NET.DesignerSupport.targets (21,5)
       Reatribuição de propriedade: $(_GenerateToolsSettingsFileCacheFile)="C:\Projects\Irma Dulce\backend\src\IrmaDulce.Application\obj\Debug\net8.0\IrmaDulce.Application.toolssettingsinput.cache" (valor anterior: "obj\Debug\net8.0\IrmaDulce.Application.toolssettingsinput.cache") em C:\Program Files\dotnet\sdk\8.0.415\Sdks\Microsoft.NET.Sdk\targets\Microsoft.NET.PackTool.targets (68,5)
       Reatribuição de propriedade: $(_IsSDKContainerAllowedVersion)="true" (valor anterior: "false") em C:\Program Files\dotnet\sdk\8.0.415\Containers\build\Microsoft.NET.Build.Containers.targets (5,5)
       Reatribuição de propriedade: $(_ShimInputCacheFile)="C:\Projects\Irma Dulce\backend\src\IrmaDulce.Application\obj\Debug\net8.0\IrmaDulce.Application.shiminput.cache" (valor anterior: "obj\Debug\net8.0\IrmaDulce.Application.shiminput.cache") em C:\Program Files\dotnet\sdk\8.0.415\Sdks\Microsoft.NET.Sdk\targets\Microsoft.NET.PackTool.targets (137,5)
       Reatribuição de propriedade: $(_ShimCreatedSentinelFile)="C:\Projects\Irma Dulce\backend\src\IrmaDulce.Application\obj\Debug\net8.0\IrmaDulce.Application.shimcreated.sentinel" (valor anterior: "obj\Debug\net8.0\IrmaDulce.Application.shimcreated.sentinel") em C:\Program Files\dotnet\sdk\8.0.415\Sdks\Microsoft.NET.Sdk\targets\Microsoft.NET.PackTool.targets (139,5)
       Reatribuição de propriedade: $(_ContainerIsTargetingNet8TFM)="true" (valor anterior: "false") em C:\Program Files\dotnet\sdk\8.0.415\Containers\build\Microsoft.NET.Build.Containers.targets (15,5)
       Imóvel 'DOTNET_HOST_PATH' com valor 'C:\Program Files\dotnet\dotnet.exe' expandido do ambiente.
       Reatribuição de propriedade: $(PrepareForRunDependsOn)="StaticWebAssetsPrepareForRun;
             CopyFilesToOutputDirectory
           " (valor anterior: "
             CopyFilesToOutputDirectory
           ") em C:\Program Files\dotnet\sdk\8.0.415\Sdks\Microsoft.NET.Sdk.StaticWebAssets\targets\Microsoft.NET.Sdk.StaticWebAssets.targets (255,5)
       Reatribuição de propriedade: $(DefineConstants)="TRACE;DEBUG" (valor anterior: "TRACE") em C:\Program Files\dotnet\sdk\8.0.415\Sdks\Microsoft.NET.Sdk\targets\Microsoft.NET.Sdk.CSharp.targets (31,5)
       Reatribuição de propriedade: $(DefineConstants)="TRACE;DEBUG;NET;NET8_0;NETCOREAPP" (valor anterior: "TRACE;DEBUG") em C:\Program Files\dotnet\sdk\8.0.415\Sdks\Microsoft.NET.Sdk\targets\Microsoft.NET.Sdk.CSharp.targets (34,5)
       Reatribuição de propriedade: $(GetCopyToOutputDirectoryItemsDependsOn)="
             AssignTargetPaths;
             
             AssignProjectConfiguration;
             _SplitProjectReferencesByFileExistence
           ;
             _GetProjectReferenceTargetFrameworkProperties;
             _PopulateCommonStateForGetCopyToOutputDirectoryItems
           ;AddStaticWebAssetsManifest" (valor anterior: "
             AssignTargetPaths;
             
             AssignProjectConfiguration;
             _SplitProjectReferencesByFileExistence
           ;
             _GetProjectReferenceTargetFrameworkProperties;
             _PopulateCommonStateForGetCopyToOutputDirectoryItems
           ") em C:\Program Files\dotnet\sdk\8.0.415\Sdks\Microsoft.NET.Sdk.StaticWebAssets\targets\Microsoft.NET.Sdk.StaticWebAssets.targets (266,5)
       Reatribuição de propriedade: $(GenerateNuspecDependsOn)="
             IncludeStaticWebAssetsPackItems;
             Build;_LoadPackInputItems; _GetTargetFrameworksOutput; _WalkEachTargetPerFramework; _GetPackageFiles; ;
           " (valor anterior: "Build;_LoadPackInputItems; _GetTargetFrameworksOutput; _WalkEachTargetPerFramework; _GetPackageFiles; ") em C:\Program Files\dotnet\sdk\8.0.415\Sdks\Microsoft.NET.Sdk.StaticWebAssets\targets\Microsoft.NET.Sdk.StaticWebAssets.Pack.targets (41,5)
       Reatribuição de propriedade: $(WarningsAsErrors)=";NU1605;SYSLIB0011" (valor anterior: ";NU1605") em C:\Program Files\dotnet\sdk\8.0.415\Sdks\Microsoft.NET.Sdk\targets\Microsoft.NET.Sdk.CSharp.targets (48,5)
       Reatribuição de propriedade: $(PackageDescription)="Package Description" (valor anterior: "") em C:\Program Files\dotnet\sdk\8.0.415\Sdks\NuGet.Build.Tasks.Pack\build\NuGet.Build.Tasks.Pack.targets (34,5)
       Reatribuição de propriedade: $(IncludeStaticWebAssetsPackItemsDependsOn)="
             Build;
             ResolveStaticWebAssetsConfiguration;LoadStaticWebAssetsBuildManifest
           ;
           " (valor anterior: "
             ResolveStaticWebAssetsConfiguration;LoadStaticWebAssetsBuildManifest
           ") em C:\Program Files\dotnet\sdk\8.0.415\Sdks\Microsoft.NET.Sdk.StaticWebAssets\targets\Microsoft.NET.Sdk.StaticWebAssets.Pack.targets (50,5)
       Reatribuição de propriedade: $(GenerateNuspecDependsOn)="Build;_LoadPackInputItems; _GetTargetFrameworksOutput; _WalkEachTargetPerFramework; _GetPackageFiles; " (valor anterior: "_LoadPackInputItems; _GetTargetFrameworksOutput; _WalkEachTargetPerFramework; _GetPackageFiles; ") em C:\Program Files\dotnet\sdk\8.0.415\Sdks\NuGet.Build.Tasks.Pack\build\NuGet.Build.Tasks.Pack.targets (59,5)
       Reatribuição de propriedade: $(ResolveStaticWebAssetsInputsDependsOn)="
           UpdateExistingPackageStaticWebAssets;ResolveProjectStaticWebAssets;ResolveEmbeddedProjectsStaticWebAssets;ResolveReferencedProjectsStaticWebAssets;;
           UpdateLegacyPackageScopedCssBundles;
           _AddScopedCssBundles;
         " (valor anterior: "UpdateExistingPackageStaticWebAssets;ResolveProjectStaticWebAssets;ResolveEmbeddedProjectsStaticWebAssets;ResolveReferencedProjectsStaticWebAssets;") em C:\Program Files\dotnet\sdk\8.0.415\Sdks\Microsoft.NET.Sdk.StaticWebAssets\targets\Microsoft.NET.Sdk.StaticWebAssets.ScopedCss.targets (55,3)
       Reatribuição de propriedade: $(_IsNotSetContainersTargetsDir)="true" (valor anterior: "false") em C:\Program Files\dotnet\sdk\8.0.415\Sdks\Microsoft.NET.Sdk\Sdk\Sdk.targets (59,5)
       Reatribuição de propriedade: $(GenerateComputedBuildStaticWebAssetsDependsOn)="
           ;
           _ResolveBundlingConfiguration;
           _GenerateScopedCssFiles;
           BundleScopedCssFiles;
         " (valor anterior: "") em C:\Program Files\dotnet\sdk\8.0.415\Sdks\Microsoft.NET.Sdk.StaticWebAssets\targets\Microsoft.NET.Sdk.StaticWebAssets.ScopedCss.targets (61,3)
       Reatribuição de propriedade: $(_IsSDKContainerAllowedVersion)="true" (valor anterior: "false") em C:\Program Files\dotnet\sdk\8.0.415\Containers\build\Microsoft.NET.Build.Containers.targets (5,5)
       Reatribuição de propriedade: $(ResolveStaticWebAssetsInputsDependsOn)="
             
           UpdateExistingPackageStaticWebAssets;ResolveProjectStaticWebAssets;ResolveEmbeddedProjectsStaticWebAssets;ResolveReferencedProjectsStaticWebAssets;;
           UpdateLegacyPackageScopedCssBundles;
           _AddScopedCssBundles;
         ;
             _AddJsModulesToStaticWebAssets;
           " (valor anterior: "
           UpdateExistingPackageStaticWebAssets;ResolveProjectStaticWebAssets;ResolveEmbeddedProjectsStaticWebAssets;ResolveReferencedProjectsStaticWebAssets;;
           UpdateLegacyPackageScopedCssBundles;
           _AddScopedCssBundles;
         ") em C:\Program Files\dotnet\sdk\8.0.415\Sdks\Microsoft.NET.Sdk.StaticWebAssets\targets\Microsoft.NET.Sdk.StaticWebAssets.JSModules.targets (36,5)
       Reatribuição de propriedade: $(_ContainerIsTargetingNet8TFM)="true" (valor anterior: "false") em C:\Program Files\dotnet\sdk\8.0.415\Containers\build\Microsoft.NET.Build.Containers.targets (15,5)
       Reatribuição de propriedade: $(StaticWebAssetsPrepareForRunDependsOn)="
             ;GenerateStaticWebAssetsManifest;GenerateComputedBuildStaticWebAssets;CopyStaticWebAssetsToOutputDirectory;
             _GenerateBuildJsModuleManifest;
           " (valor anterior: ";GenerateStaticWebAssetsManifest;GenerateComputedBuildStaticWebAssets;CopyStaticWebAssetsToOutputDirectory") em C:\Program Files\dotnet\sdk\8.0.415\Sdks\Microsoft.NET.Sdk.StaticWebAssets\targets\Microsoft.NET.Sdk.StaticWebAssets.JSModules.targets (44,5)
       Substituindo o destino "ResolveFrameworkReferences" no projeto "C:\Program Files\dotnet\sdk\8.0.415\Microsoft.Common.CurrentVersion.targets" pelo destino "ResolveFrameworkReferences" do projeto "C:\Program Files\dotnet\sdk\8.0.415\Sdks\Microsoft.NET.Sdk\targets\Microsoft.NET.Sdk.FrameworkReferenceResolution.targets".
       Reatribuição de propriedade: $(StaticWebAssetsPrepareForPublishDependsOn)="
             ;ResolveStaticWebAssetsConfiguration;GenerateStaticWebAssetsPublishManifest;GenerateComputedPublishStaticWebAssets;
             _GeneratePublishJsModuleManifest;
           " (valor anterior: ";ResolveStaticWebAssetsConfiguration;GenerateStaticWebAssetsPublishManifest;GenerateComputedPublishStaticWebAssets") em C:\Program Files\dotnet\sdk\8.0.415\Sdks\Microsoft.NET.Sdk.StaticWebAssets\targets\Microsoft.NET.Sdk.StaticWebAssets.JSModules.targets (49,5)
     1>O projeto "C:\Projects\Irma Dulce\backend\IrmaDulce.sln" (1) está compilando "C:\Projects\Irma Dulce\backend\src\IrmaDulce.Infrastructure\IrmaDulce.Infrastructure.csproj" (2) no nó 3 (_IsProjectRestoreSupported destino(s)).
     2>Destino "_IsProjectRestoreSupported" no arquivo "C:\Program Files\dotnet\sdk\8.0.415\NuGet.targets" do projeto "C:\Projects\Irma Dulce\backend\src\IrmaDulce.Infrastructure\IrmaDulce.Infrastructure.csproj" (ponto de entrada):
     2>Destino de compilação pronto"_IsProjectRestoreSupported" no projeto "IrmaDulce.Infrastructure.csproj".
     0>Reatribuição de propriedade: $(ResolveStaticWebAssetsInputsDependsOn)="
      
      
    UpdateExistingPackageStaticWebAssets;ResolveProjectStaticWebAssets;ResolveEmbeddedProjectsStaticWebAssets;ResolveReferencedProjectsStaticWebAssets;;
    UpdateLegacyPackageScopedCssBundles;
    _AddScopedCssBundles;
  ;
      _AddJsModulesToStaticWebAssets;
    ;
      _AddBuildJsModuleManifest;
    " (valor anterior: "
      
    UpdateExistingPackageStaticWebAssets;ResolveProjectStaticWebAssets;ResolveEmbeddedProjectsStaticWebAssets;ResolveReferencedProjectsStaticWebAssets;;
    UpdateLegacyPackageScopedCssBundles;
    _AddScopedCssBundles;
  ;
      _AddJsModulesToStaticWebAssets;
    ") em C:\Program Files\dotnet\sdk\8.0.415\Sdks\Microsoft.NET.Sdk.StaticWebAssets\targets\Microsoft.NET.Sdk.StaticWebAssets.JSModules.targets (54,5)
     2>Projeto de compilação pronto "C:\Projects\Irma Dulce\backend\src\IrmaDulce.Infrastructure\IrmaDulce.Infrastructure.csproj" (_IsProjectRestoreSupported destino(s)).
     0>Substituindo o destino "Run" no projeto "C:\Program Files\dotnet\sdk\8.0.415\Microsoft.Common.CurrentVersion.targets" pelo destino "Run" do projeto "C:\Program Files\dotnet\sdk\8.0.415\Sdks\Microsoft.NET.Sdk\targets\Microsoft.NET.Sdk.targets".
       Reatribuição de propriedade: $(ResolvePublishStaticWebAssetsDependsOn)="
             LoadStaticWebAssetsBuildManifest;ComputeReferencedProjectsEmbeddedPublishAssets;ComputeReferencedProjectsPublishAssets;;
             _AddPublishJsModuleManifest
           " (valor anterior: "LoadStaticWebAssetsBuildManifest;ComputeReferencedProjectsEmbeddedPublishAssets;ComputeReferencedProjectsPublishAssets;") em C:\Program Files\dotnet\sdk\8.0.415\Sdks\Microsoft.NET.Sdk.StaticWebAssets\targets\Microsoft.NET.Sdk.StaticWebAssets.JSModules.targets (59,5)
       Substituindo o destino "GenerateSupportedTargetFrameworkAlias" no projeto "C:\Program Files\dotnet\sdk\8.0.415\Microsoft.Common.CurrentVersion.targets" pelo destino "GenerateSupportedTargetFrameworkAlias" do projeto "C:\Program Files\dotnet\sdk\8.0.415\Sdks\Microsoft.NET.Sdk\targets\Microsoft.NET.Sdk.targets".
       Reatribuição de propriedade: $(GenerateComputedBuildStaticWebAssetsDependsOn)="
             
           ;
           _ResolveBundlingConfiguration;
           _GenerateScopedCssFiles;
           BundleScopedCssFiles;
         ;
             _CompressFiles;
           " (valor anterior: "
           ;
           _ResolveBundlingConfiguration;
           _GenerateScopedCssFiles;
           BundleScopedCssFiles;
         ") em C:\Program Files\dotnet\sdk\8.0.415\Sdks\Microsoft.NET.Sdk.StaticWebAssets\targets\Microsoft.NET.Sdk.StaticWebAssets.Compression.targets (35,5)
       Substituindo o destino "GetReferenceAssemblyPaths" no projeto "C:\Program Files\dotnet\sdk\8.0.415\Microsoft.Common.CurrentVersion.targets" pelo destino "GetReferenceAssemblyPaths" do projeto "C:\Program Files\dotnet\sdk\8.0.415\Sdks\Microsoft.NET.Sdk\targets\Microsoft.NET.DisableStandardFrameworkResolution.targets".
       Substituindo o destino "GetFrameworkPaths" no projeto "C:\Program Files\dotnet\sdk\8.0.415\Microsoft.Common.CurrentVersion.targets" pelo destino "GetFrameworkPaths" do projeto "C:\Program Files\dotnet\sdk\8.0.415\Sdks\Microsoft.NET.Sdk\targets\Microsoft.NET.DisableStandardFrameworkResolution.targets".
       Reatribuição de propriedade: $(GenerateComputedPublishStaticWebAssetsDependsOn)="
             ;
             _CompressFilesForPublish;
           " (valor anterior: "") em C:\Program Files\dotnet\sdk\8.0.415\Sdks\Microsoft.NET.Sdk.StaticWebAssets\targets\Microsoft.NET.Sdk.StaticWebAssets.Compression.targets (39,5)
       Substituindo o destino "DesignerRuntimeImplementationProjectOutputGroup" no projeto "C:\Program Files\dotnet\sdk\8.0.415\Microsoft.Common.CurrentVersion.targets" pelo destino "DesignerRuntimeImplementationProjectOutputGroup" do projeto "C:\Program Files\dotnet\sdk\8.0.415\Sdks\Microsoft.NET.Sdk\targets\Microsoft.NET.DesignerSupport.targets".
       Substituindo o destino "Publish" no projeto "C:\Program Files\dotnet\sdk\8.0.415\Microsoft.Common.CurrentVersion.targets" pelo destino "Publish" do projeto "C:\Program Files\dotnet\sdk\8.0.415\Sdks\Microsoft.NET.Sdk\targets\Microsoft.NET.Publish.targets".
       Reatribuição de propriedade: $(StaticWebAssetsPrepareForPublishDependsOn)="
             
             ;ResolveStaticWebAssetsConfiguration;GenerateStaticWebAssetsPublishManifest;GenerateComputedPublishStaticWebAssets;
             _GeneratePublishJsModuleManifest;
           ;
             _CompressFilesForPublish;
           " (valor anterior: "
             ;ResolveStaticWebAssetsConfiguration;GenerateStaticWebAssetsPublishManifest;GenerateComputedPublishStaticWebAssets;
             _GeneratePublishJsModuleManifest;
           ") em C:\Program Files\dotnet\sdk\8.0.415\Sdks\Microsoft.NET.Sdk.StaticWebAssets\targets\Microsoft.NET.Sdk.StaticWebAssets.Compression.targets (43,5)
       Substituindo o destino "ResolveReadyToRunCompilers" no projeto "C:\Program Files\dotnet\sdk\8.0.415\Sdks\Microsoft.NET.Sdk\targets\Microsoft.NET.CrossGen.targets" pelo destino "ResolveReadyToRunCompilers" do projeto "C:\Program Files\dotnet\sdk\8.0.415\Sdks\Microsoft.NET.Sdk\targets\Microsoft.NET.Publish.targets".
       Reatribuição de propriedade: $(ResolveStaticWebAssetsInputsDependsOn)="
             
             
             
           UpdateExistingPackageStaticWebAssets;ResolveProjectStaticWebAssets;ResolveEmbeddedProjectsStaticWebAssets;ResolveReferencedProjectsStaticWebAssets;;
           UpdateLegacyPackageScopedCssBundles;
           _AddScopedCssBundles;
         ;
             _AddJsModulesToStaticWebAssets;
           ;
             _AddBuildJsModuleManifest;
           ;
             _ResolveCompressedFiles;
           " (valor anterior: "
             
             
           UpdateExistingPackageStaticWebAssets;ResolveProjectStaticWebAssets;ResolveEmbeddedProjectsStaticWebAssets;ResolveReferencedProjectsStaticWebAssets;;
           UpdateLegacyPackageScopedCssBundles;
           _AddScopedCssBundles;
         ;
             _AddJsModulesToStaticWebAssets;
           ;
             _AddBuildJsModuleManifest;
           ") em C:\Program Files\dotnet\sdk\8.0.415\Sdks\Microsoft.NET.Sdk.StaticWebAssets\targets\Microsoft.NET.Sdk.StaticWebAssets.Compression.targets (47,5)
       Substituindo o destino "GetCopyToPublishDirectoryItems" no projeto "C:\Program Files\dotnet\sdk\8.0.415\Microsoft.Common.CurrentVersion.targets" pelo destino "GetCopyToPublishDirectoryItems" do projeto "C:\Program Files\dotnet\sdk\8.0.415\Sdks\Microsoft.NET.Sdk\targets\Microsoft.NET.Publish.targets".
       Reatribuição de propriedade: $(ResolvePublishStaticWebAssetsDependsOn)="
             
             LoadStaticWebAssetsBuildManifest;ComputeReferencedProjectsEmbeddedPublishAssets;ComputeReferencedProjectsPublishAssets;;
             _AddPublishJsModuleManifest
           ;
             _ResolveCompressedFilesForPublish;
           " (valor anterior: "
             LoadStaticWebAssetsBuildManifest;ComputeReferencedProjectsEmbeddedPublishAssets;ComputeReferencedProjectsPublishAssets;;
             _AddPublishJsModuleManifest
           ") em C:\Program Files\dotnet\sdk\8.0.415\Sdks\Microsoft.NET.Sdk.StaticWebAssets\targets\Microsoft.NET.Sdk.StaticWebAssets.Compression.targets (51,5)
       Reatribuição de propriedade: $(ResolveScopedCssOutputsDependsOn)="
             
           ;
         ;
             ResolveCssScopes;
           " (valor anterior: "
           ;
         ") em C:\Program Files\dotnet\sdk\8.0.415\Sdks\Microsoft.NET.Sdk.Razor\targets\Sdk.Razor.CurrentVersion.targets (188,5)
       Reatribuição de propriedade: $(DebugSymbolsProjectOutputGroupDependsOn)="
             ;
             _RazorAddDebugSymbolsProjectOutputGroupOutput
           " (valor anterior: "") em C:\Program Files\dotnet\sdk\8.0.415\Sdks\Microsoft.NET.Sdk.Razor\targets\Sdk.Razor.CurrentVersion.targets (193,5)
       Reatribuição de propriedade: $(PrepareForBuildDependsOn)="
             ;GetFrameworkPaths;GetReferenceAssemblyPaths;AssignLinkMetadata;
             ResolveRazorGenerateInputs
           " (valor anterior: ";GetFrameworkPaths;GetReferenceAssemblyPaths;AssignLinkMetadata") em C:\Program Files\dotnet\sdk\8.0.415\Sdks\Microsoft.NET.Sdk.Razor\targets\Sdk.Razor.CurrentVersion.targets (198,5)
       Reatribuição de propriedade: $(GenerateNuspecDependsOn)="
             ResolveRazorGenerateInputs;
             
             IncludeStaticWebAssetsPackItems;
             Build;_LoadPackInputItems; _GetTargetFrameworksOutput; _WalkEachTargetPerFramework; _GetPackageFiles; ;
           
           " (valor anterior: "
             IncludeStaticWebAssetsPackItems;
             Build;_LoadPackInputItems; _GetTargetFrameworksOutput; _WalkEachTargetPerFramework; _GetPackageFiles; ;
           ") em C:\Program Files\dotnet\sdk\8.0.415\Sdks\Microsoft.NET.Sdk.Razor\targets\Sdk.Razor.CurrentVersion.targets (203,5)
       Reatribuição de propriedade: $(PrepareForRunDependsOn)="
             _RazorPrepareForRun;
             StaticWebAssetsPrepareForRun;
             CopyFilesToOutputDirectory
           
           " (valor anterior: "StaticWebAssetsPrepareForRun;
             CopyFilesToOutputDirectory
           ") em C:\Program Files\dotnet\sdk\8.0.415\Sdks\Microsoft.NET.Sdk.Razor\targets\Sdk.Razor.CurrentVersion.targets (208,5)
       Reatribuição de propriedade: $(UseRazorBuildServer)="true" (valor anterior: "") em C:\Program Files\dotnet\sdk\8.0.415\Sdks\Microsoft.NET.Sdk.Razor\targets\Sdk.Razor.CurrentVersion.targets (299,5)
       Reatribuição de propriedade: $(_RazorDebugSymbolsProduced)="true" (valor anterior: "false") em C:\Program Files\dotnet\sdk\8.0.415\Sdks\Microsoft.NET.Sdk.Razor\targets\Sdk.Razor.CurrentVersion.targets (305,5)
       Reatribuição de propriedade: $(GenerateRazorTargetAssemblyInfoDependsOn)="
             _ResolveMvcAssemblyAttributes;
             
             GetRazorTargetAssemblyAttributes;
             _CreateRazorTargetAssemblyInfoInputsCacheFile;
             CoreGenerateRazorTargetAssemblyInfo
           
           " (valor anterior: "
             GetRazorTargetAssemblyAttributes;
             _CreateRazorTargetAssemblyInfoInputsCacheFile;
             CoreGenerateRazorTargetAssemblyInfo
           ") em C:\Program Files\dotnet\sdk\8.0.415\Sdks\Microsoft.NET.Sdk.Razor\targets\Microsoft.NET.Sdk.Razor.GenerateAssemblyInfo.targets (36,5)
       Reatribuição de propriedade: $(CoreCompileDependsOn)="
             ;_ComputeNonExistentFileProperty;ResolveCodeAnalysisRuleSet;
             _GenerateRazorAssemblyInfo
           " (valor anterior: ";_ComputeNonExistentFileProperty;ResolveCodeAnalysisRuleSet") em C:\Program Files\dotnet\sdk\8.0.415\Sdks\Microsoft.NET.Sdk.Razor\targets\Microsoft.NET.Sdk.Razor.GenerateAssemblyInfo.targets (181,5)
       Reatribuição de propriedade: $(_GenerateRazorAssemblyInfoDependsOn)="
             _ResolveMvcAssemblyAttributes;
             RazorGetAssemblyAttributes;PrepareForBuild;_CoreGenerateRazorAssemblyInfo;
           " (valor anterior: "RazorGetAssemblyAttributes;PrepareForBuild;_CoreGenerateRazorAssemblyInfo") em C:\Program Files\dotnet\sdk\8.0.415\Sdks\Microsoft.NET.Sdk.Razor\targets\Microsoft.NET.Sdk.Razor.GenerateAssemblyInfo.targets (189,5)
       Reatribuição de propriedade: $(CoreCompileDependsOn)="
             _DiscoverMvcApplicationParts;
             
             ;_ComputeNonExistentFileProperty;ResolveCodeAnalysisRuleSet;
             _GenerateRazorAssemblyInfo
           ;
           " (valor anterior: "
             ;_ComputeNonExistentFileProperty;ResolveCodeAnalysisRuleSet;
             _GenerateRazorAssemblyInfo
           ") em C:\Program Files\dotnet\sdk\8.0.415\Sdks\Microsoft.NET.Sdk.Razor\targets\Microsoft.NET.Sdk.Razor.MvcApplicationPartsDiscovery.targets (22,5)
       Reatribuição de propriedade: $(RazorDesignTimeTargets)="C:\Program Files\dotnet\sdk\8.0.415\Sdks\Microsoft.NET.Sdk.Razor\targets\Microsoft.NET.Sdk.Razor.DesignTime.targets" (valor anterior: "C:\Program Files\dotnet\sdk\8.0.415\\Microsoft\VisualStudio\Razor\Microsoft.NET.Sdk.Razor.DesignTime.targets") em C:\Program Files\dotnet\sdk\8.0.415\Sdks\Microsoft.NET.Sdk.Razor\targets\Sdk.Razor.CurrentVersion.targets (779,5)
       Reatribuição de propriedade: $(RunWorkingDirectory)="C:\Projects\Irma Dulce\backend\src\IrmaDulce.API" (valor anterior: "") em C:\Program Files\dotnet\sdk\8.0.415\Sdks\Microsoft.NET.Sdk.Web.ProjectSystem\targets\Microsoft.NET.Sdk.Web.ProjectSystem.targets (21,5)
       Reatribuição de propriedade: $(PublishProfileImported)="true" (valor anterior: "false") em C:\Program Files\dotnet\sdk\8.0.415\Sdks\Microsoft.NET.Sdk.Publish\targets\Microsoft.NET.Sdk.Publish.targets (60,5)
       Reatribuição de propriedade: $(PublishConfiguration)="Debug" (valor anterior: "") em C:\Program Files\dotnet\sdk\8.0.415\Sdks\Microsoft.NET.Sdk.Publish\targets\Microsoft.NET.Sdk.Publish.targets (81,5)
       Reatribuição de propriedade: $(BaseIntermediateOutputPath)="C:\Projects\Irma Dulce\backend\src\IrmaDulce.API\obj\" (valor anterior: "obj\") em C:\Program Files\dotnet\sdk\8.0.415\Sdks\Microsoft.NET.Sdk.Publish\targets\Microsoft.NET.Sdk.Publish.targets (87,5)
       Substituindo o destino "ResolveFrameworkReferences" no projeto "C:\Program Files\dotnet\sdk\8.0.415\Microsoft.Common.CurrentVersion.targets" pelo destino "ResolveFrameworkReferences" do projeto "C:\Program Files\dotnet\sdk\8.0.415\Sdks\Microsoft.NET.Sdk\targets\Microsoft.NET.Sdk.FrameworkReferenceResolution.targets".
       Substituindo o destino "Run" no projeto "C:\Program Files\dotnet\sdk\8.0.415\Microsoft.Common.CurrentVersion.targets" pelo destino "Run" do projeto "C:\Program Files\dotnet\sdk\8.0.415\Sdks\Microsoft.NET.Sdk\targets\Microsoft.NET.Sdk.targets".
       Substituindo o destino "GenerateSupportedTargetFrameworkAlias" no projeto "C:\Program Files\dotnet\sdk\8.0.415\Microsoft.Common.CurrentVersion.targets" pelo destino "GenerateSupportedTargetFrameworkAlias" do projeto "C:\Program Files\dotnet\sdk\8.0.415\Sdks\Microsoft.NET.Sdk\targets\Microsoft.NET.Sdk.targets".
       Substituindo o destino "GetReferenceAssemblyPaths" no projeto "C:\Program Files\dotnet\sdk\8.0.415\Microsoft.Common.CurrentVersion.targets" pelo destino "GetReferenceAssemblyPaths" do projeto "C:\Program Files\dotnet\sdk\8.0.415\Sdks\Microsoft.NET.Sdk\targets\Microsoft.NET.DisableStandardFrameworkResolution.targets".
       Substituindo o destino "GetFrameworkPaths" no projeto "C:\Program Files\dotnet\sdk\8.0.415\Microsoft.Common.CurrentVersion.targets" pelo destino "GetFrameworkPaths" do projeto "C:\Program Files\dotnet\sdk\8.0.415\Sdks\Microsoft.NET.Sdk\targets\Microsoft.NET.DisableStandardFrameworkResolution.targets".
       Substituindo o destino "DesignerRuntimeImplementationProjectOutputGroup" no projeto "C:\Program Files\dotnet\sdk\8.0.415\Microsoft.Common.CurrentVersion.targets" pelo destino "DesignerRuntimeImplementationProjectOutputGroup" do projeto "C:\Program Files\dotnet\sdk\8.0.415\Sdks\Microsoft.NET.Sdk\targets\Microsoft.NET.DesignerSupport.targets".
       Substituindo o destino "Publish" no projeto "C:\Program Files\dotnet\sdk\8.0.415\Microsoft.Common.CurrentVersion.targets" pelo destino "Publish" do projeto "C:\Program Files\dotnet\sdk\8.0.415\Sdks\Microsoft.NET.Sdk\targets\Microsoft.NET.Publish.targets".
       Substituindo o destino "ResolveReadyToRunCompilers" no projeto "C:\Program Files\dotnet\sdk\8.0.415\Sdks\Microsoft.NET.Sdk\targets\Microsoft.NET.CrossGen.targets" pelo destino "ResolveReadyToRunCompilers" do projeto "C:\Program Files\dotnet\sdk\8.0.415\Sdks\Microsoft.NET.Sdk\targets\Microsoft.NET.Publish.targets".
       Substituindo o destino "GetCopyToPublishDirectoryItems" no projeto "C:\Program Files\dotnet\sdk\8.0.415\Microsoft.Common.CurrentVersion.targets" pelo destino "GetCopyToPublishDirectoryItems" do projeto "C:\Program Files\dotnet\sdk\8.0.415\Sdks\Microsoft.NET.Sdk\targets\Microsoft.NET.Publish.targets".
       Substituindo o destino "BeforePublish" no projeto "C:\Program Files\dotnet\sdk\8.0.415\Microsoft.Common.CurrentVersion.targets" pelo destino "BeforePublish" do projeto "C:\Program Files\dotnet\sdk\8.0.415\Sdks\Microsoft.NET.Sdk.Publish\targets\Microsoft.NET.Sdk.Publish.targets".
       Substituindo o destino "AfterPublish" no projeto "C:\Program Files\dotnet\sdk\8.0.415\Microsoft.Common.CurrentVersion.targets" pelo destino "AfterPublish" do projeto "C:\Program Files\dotnet\sdk\8.0.415\Sdks\Microsoft.NET.Sdk.Publish\targets\Microsoft.NET.Sdk.Publish.targets".
       O destino "CollectUpToDateCheckInputDesignTime" listado em um atributo BeforeTargets em "C:\Program Files\dotnet\sdk\8.0.415\Sdks\Microsoft.NET.Sdk.StaticWebAssets\targets\Microsoft.NET.Sdk.StaticWebAssets.ScopedCss.targets (156,5)" não existe no projeto e será ignorado.
       O destino "CollectUpToDateCheckBuiltDesignTime" listado em um atributo BeforeTargets em "C:\Program Files\dotnet\sdk\8.0.415\Sdks\Microsoft.NET.Sdk.StaticWebAssets\targets\Microsoft.NET.Sdk.StaticWebAssets.ScopedCss.targets (156,5)" não existe no projeto e será ignorado.
       O destino "RazorGenerateComponentDeclaration" listado em um atributo AfterTargets em "C:\Program Files\dotnet\sdk\8.0.415\Sdks\Microsoft.NET.Sdk.Razor\targets\Microsoft.NET.Sdk.Razor.DesignTime.targets (55,53)" não existe no projeto e será ignorado.
     1>O projeto "C:\Projects\Irma Dulce\backend\IrmaDulce.sln" (1) está compilando "C:\Projects\Irma Dulce\backend\src\IrmaDulce.Application\IrmaDulce.Application.csproj" (3) no nó 4 (_IsProjectRestoreSupported destino(s)).
     3>Destino "_IsProjectRestoreSupported" no arquivo "C:\Program Files\dotnet\sdk\8.0.415\NuGet.targets" do projeto "C:\Projects\Irma Dulce\backend\src\IrmaDulce.Application\IrmaDulce.Application.csproj" (ponto de entrada):
     3>Destino de compilação pronto"_IsProjectRestoreSupported" no projeto "IrmaDulce.Application.csproj".
     1>O projeto "C:\Projects\Irma Dulce\backend\IrmaDulce.sln" (1) está compilando "C:\Projects\Irma Dulce\backend\src\IrmaDulce.API\IrmaDulce.API.csproj" (4) no nó 2 (_IsProjectRestoreSupported destino(s)).
     4>Destino "_IsProjectRestoreSupported" no arquivo "C:\Program Files\dotnet\sdk\8.0.415\NuGet.targets" do projeto "C:\Projects\Irma Dulce\backend\src\IrmaDulce.API\IrmaDulce.API.csproj" (ponto de entrada):
     4>Destino de compilação pronto"_IsProjectRestoreSupported" no projeto "IrmaDulce.API.csproj".
     3>Projeto de compilação pronto "C:\Projects\Irma Dulce\backend\src\IrmaDulce.Application\IrmaDulce.Application.csproj" (_IsProjectRestoreSupported destino(s)).
     4>Projeto de compilação pronto "C:\Projects\Irma Dulce\backend\src\IrmaDulce.API\IrmaDulce.API.csproj" (_IsProjectRestoreSupported destino(s)).
     0>A propriedade "Platform" é global e não pode ser modificada.
       A propriedade "Configuration" é global e não pode ser modificada.
       Reatribuição de propriedade: $(_DebugSymbolsProduced)="true" (valor anterior: "false") em C:\Program Files\dotnet\sdk\8.0.415\Microsoft.Common.CurrentVersion.targets (175,5)
       Reatribuição de propriedade: $(_DocumentationFileProduced)="false" (valor anterior: "true") em C:\Program Files\dotnet\sdk\8.0.415\Microsoft.Common.CurrentVersion.targets (185,5)
       A propriedade "SolutionName" é global e não pode ser modificada.
       A propriedade "SolutionFileName" é global e não pode ser modificada.
       A propriedade "SolutionPath" é global e não pode ser modificada.
       A propriedade "SolutionDir" é global e não pode ser modificada.
       A propriedade "SolutionExt" é global e não pode ser modificada.
       Reatribuição de propriedade: $(MSBuildCopyMarkerName)="IrmaDulc.A5821517" (valor anterior: "IrmaDulce.Domain.csproj") em C:\Program Files\dotnet\sdk\8.0.415\Microsoft.Common.CurrentVersion.targets (392,5)
       Reatribuição de propriedade: $(MSBuildCopyMarkerName)="IrmaDulc.A5821517.Up2Date" (valor anterior: "IrmaDulc.A5821517") em C:\Program Files\dotnet\sdk\8.0.415\Microsoft.Common.CurrentVersion.targets (393,5)
       Reatribuição de propriedade: $(ProcessorArchitecture)="msil" (valor anterior: "") em C:\Program Files\dotnet\sdk\8.0.415\Microsoft.Common.CurrentVersion.targets (541,5)
       Reatribuição de propriedade: $(DelaySign)="" (valor anterior: "false") em C:\Program Files\dotnet\sdk\8.0.415\Microsoft.Common.CurrentVersion.targets (580,5)
       Imóvel 'LOCALAPPDATA' com valor 'C:\Users\lucas.bertin\AppData\Local' expandido do ambiente.
       Reatribuição de propriedade: $(_SGenGenerateSerializationAssembliesConfig)="Auto" (valor anterior: "") em C:\Program Files\dotnet\sdk\8.0.415\Microsoft.Common.CurrentVersion.targets (3896,5)
       Reatribuição de propriedade: $(_SGenGenerateSerializationAssembliesConfig)="Off" (valor anterior: "Auto") em C:\Program Files\dotnet\sdk\8.0.415\Microsoft.Common.CurrentVersion.targets (3897,5)
       Reatribuição de propriedade: $(_TargetsThatPrepareProjectReferences)="
             AssignProjectConfiguration;
             _SplitProjectReferencesByFileExistence
           " (valor anterior: "_SplitProjectReferencesByFileExistence") em C:\Program Files\dotnet\sdk\8.0.415\Microsoft.Common.CurrentVersion.targets (5099,5)
       Imóvel 'MSBuildExtensionsPath32' com valor 'C:\Program Files\dotnet\sdk\8.0.415' expandido do ambiente.
       A propriedade "_RestoreSolutionFileUsed" é global e não pode ser modificada.
       Reatribuição de propriedade: $(_GenerateRestoreGraphProjectEntryInputProperties)="
             ExcludeRestorePackageImports=true;
             _RestoreSolutionFileUsed=true;
             SolutionDir=C:\Projects\Irma Dulce\backend\;
             SolutionName=IrmaDulce;
             SolutionFileName=IrmaDulce.sln;
             SolutionPath=C:\Projects\Irma Dulce\backend\IrmaDulce.sln;
             SolutionExt=.sln;
           " (valor anterior: "ExcludeRestorePackageImports=true") em C:\Program Files\dotnet\sdk\8.0.415\NuGet.targets (101,5)
       Reatribuição de propriedade: $(ProjectAssetsFile)="C:\Projects\Irma Dulce\backend\src\IrmaDulce.Domain\obj\project.assets.json" (valor anterior: "C:\Projects\Irma Dulce\backend\src\IrmaDulce.Domain\obj\/project.assets.json") em C:\Program Files\dotnet\sdk\8.0.415\Sdks\Microsoft.NET.Sdk\targets\Microsoft.PackageDependencyResolution.targets (24,5)
       Reatribuição de propriedade: $(ProjectAssetsCacheFile)="C:\Projects\Irma Dulce\backend\src\IrmaDulce.Domain\obj\Debug\net8.0\IrmaDulce.Domain.assets.cache" (valor anterior: "obj\Debug\net8.0\IrmaDulce.Domain.assets.cache") em C:\Program Files\dotnet\sdk\8.0.415\Sdks\Microsoft.NET.Sdk\targets\Microsoft.PackageDependencyResolution.targets (29,5)
       Reatribuição de propriedade: $(ResolveAssemblyReferencesDependsOn)="
             
             ResolveProjectReferences;
             FindInvalidProjectReferences;
             GetFrameworkPaths;
             GetReferenceAssemblyPaths;
             PrepareForBuild;
             ResolveSDKReferences;
             ExpandSDKReferences;
           ;
             ResolvePackageDependenciesForBuild;
             _HandlePackageFileConflicts;
           " (valor anterior: "
             ResolveProjectReferences;
             FindInvalidProjectReferences;
             GetFrameworkPaths;
             GetReferenceAssemblyPaths;
             PrepareForBuild;
             ResolveSDKReferences;
             ExpandSDKReferences;
           ") em C:\Program Files\dotnet\sdk\8.0.415\Sdks\Microsoft.NET.Sdk\targets\Microsoft.PackageDependencyResolution.targets (80,5)
       Reatribuição de propriedade: $(PrepareResourcesDependsOn)="
             ResolvePackageDependenciesForBuild;
             _HandlePackageFileConflicts;
             
             ;
             PrepareResourceNames;
             ResGen;
             CompileLicxFiles
           
           " (valor anterior: "
             ;
             PrepareResourceNames;
             ResGen;
             CompileLicxFiles
           ") em C:\Program Files\dotnet\sdk\8.0.415\Sdks\Microsoft.NET.Sdk\targets\Microsoft.PackageDependencyResolution.targets (86,5)
       Reatribuição de propriedade: $(DefaultItemExcludes)=";bin\Debug\/**;obj\Debug\/**;bin\/**" (valor anterior: ";bin\Debug\/**;obj\Debug\/**") em C:\Program Files\dotnet\sdk\8.0.415\Sdks\Microsoft.NET.Sdk\targets\Microsoft.NET.Sdk.DefaultItems.targets (27,5)
       Reatribuição de propriedade: $(DefaultItemExcludes)=";bin\Debug\/**;obj\Debug\/**;bin\/**;obj\/**" (valor anterior: ";bin\Debug\/**;obj\Debug\/**;bin\/**") em C:\Program Files\dotnet\sdk\8.0.415\Sdks\Microsoft.NET.Sdk\targets\Microsoft.NET.Sdk.DefaultItems.targets (29,5)
       Reatribuição de propriedade: $(DefaultItemExcludes)=";bin\Debug\/**;obj\Debug\/**;bin\/**;obj\/**;**/*.user" (valor anterior: ";bin\Debug\/**;obj\Debug\/**;bin\/**;obj\/**") em C:\Program Files\dotnet\sdk\8.0.415\Sdks\Microsoft.NET.Sdk\targets\Microsoft.NET.Sdk.DefaultItems.targets (32,5)
       Reatribuição de propriedade: $(DefaultItemExcludes)=";bin\Debug\/**;obj\Debug\/**;bin\/**;obj\/**;**/*.user;**/*.*proj" (valor anterior: ";bin\Debug\/**;obj\Debug\/**;bin\/**;obj\/**;**/*.user") em C:\Program Files\dotnet\sdk\8.0.415\Sdks\Microsoft.NET.Sdk\targets\Microsoft.NET.Sdk.DefaultItems.targets (33,5)
       Reatribuição de propriedade: $(DefaultItemExcludes)=";bin\Debug\/**;obj\Debug\/**;bin\/**;obj\/**;**/*.user;**/*.*proj;**/*.sln" (valor anterior: ";bin\Debug\/**;obj\Debug\/**;bin\/**;obj\/**;**/*.user;**/*.*proj") em C:\Program Files\dotnet\sdk\8.0.415\Sdks\Microsoft.NET.Sdk\targets\Microsoft.NET.Sdk.DefaultItems.targets (34,5)
       Reatribuição de propriedade: $(DefaultItemExcludes)=";bin\Debug\/**;obj\Debug\/**;bin\/**;obj\/**;**/*.user;**/*.*proj;**/*.sln;**/*.vssscc" (valor anterior: ";bin\Debug\/**;obj\Debug\/**;bin\/**;obj\/**;**/*.user;**/*.*proj;**/*.sln") em C:\Program Files\dotnet\sdk\8.0.415\Sdks\Microsoft.NET.Sdk\targets\Microsoft.NET.Sdk.DefaultItems.targets (35,5)
       Reatribuição de propriedade: $(DefaultItemExcludes)=";bin\Debug\/**;obj\Debug\/**;bin\/**;obj\/**;**/*.user;**/*.*proj;**/*.sln;**/*.vssscc;**/.DS_Store" (valor anterior: ";bin\Debug\/**;obj\Debug\/**;bin\/**;obj\/**;**/*.user;**/*.*proj;**/*.sln;**/*.vssscc") em C:\Program Files\dotnet\sdk\8.0.415\Sdks\Microsoft.NET.Sdk\targets\Microsoft.NET.Sdk.DefaultItems.targets (36,5)
       Reatribuição de propriedade: $(ResolveAssemblyReferencesDependsOn)="
             
             
             ResolveProjectReferences;
             FindInvalidProjectReferences;
             GetFrameworkPaths;
             GetReferenceAssemblyPaths;
             PrepareForBuild;
             ResolveSDKReferences;
             ExpandSDKReferences;
           ;
             ResolvePackageDependenciesForBuild;
             _HandlePackageFileConflicts;
           ;
             ResolveTargetingPackAssets;
           " (valor anterior: "
             
             ResolveProjectReferences;
             FindInvalidProjectReferences;
             GetFrameworkPaths;
             GetReferenceAssemblyPaths;
             PrepareForBuild;
             ResolveSDKReferences;
             ExpandSDKReferences;
           ;
             ResolvePackageDependenciesForBuild;
             _HandlePackageFileConflicts;
           ") em C:\Program Files\dotnet\sdk\8.0.415\Sdks\Microsoft.NET.Sdk\targets\Microsoft.NET.Sdk.FrameworkReferenceResolution.targets (14,5)
       Reatribuição de propriedade: $(_GenerateRuntimeConfigurationPropertyInputsCache)="C:\Projects\Irma Dulce\backend\src\IrmaDulce.Domain\obj\Debug\net8.0\IrmaDulce.Domain.genruntimeconfig.cache" (valor anterior: "obj\Debug\net8.0\IrmaDulce.Domain.genruntimeconfig.cache") em C:\Program Files\dotnet\sdk\8.0.415\Sdks\Microsoft.NET.Sdk\targets\Microsoft.NET.Sdk.targets (44,5)
       Reatribuição de propriedade: $(_GeneratePublishDependencyFilePropertyInputsCache)="C:\Projects\Irma Dulce\backend\src\IrmaDulce.Domain\obj\Debug\net8.0\IrmaDulce.Domain.genpublishdeps.cache" (valor anterior: "obj\Debug\net8.0\IrmaDulce.Domain.genpublishdeps.cache") em C:\Program Files\dotnet\sdk\8.0.415\Sdks\Microsoft.NET.Sdk\targets\Microsoft.NET.Sdk.targets (46,5)
       Reatribuição de propriedade: $(_GenerateSingleFileBundlePropertyInputsCache)="C:\Projects\Irma Dulce\backend\src\IrmaDulce.Domain\obj\Debug\net8.0\IrmaDulce.Domain.genbundle.cache" (valor anterior: "obj\Debug\net8.0\IrmaDulce.Domain.genbundle.cache") em C:\Program Files\dotnet\sdk\8.0.415\Sdks\Microsoft.NET.Sdk\targets\Microsoft.NET.Sdk.targets (48,5)
       Reatribuição de propriedade: $(GenerateRuntimeConfigDevFile)="false" (valor anterior: "true") em C:\Program Files\dotnet\sdk\8.0.415\Sdks\Microsoft.NET.Sdk\targets\Microsoft.NET.Sdk.targets (81,5)
       Imóvel 'USERPROFILE' com valor 'C:\Users\lucas.bertin' expandido do ambiente.
       Reatribuição de propriedade: $(_DefaultUserProfileRuntimeStorePath)="C:\Users\lucas.bertin" (valor anterior: "") em C:\Program Files\dotnet\sdk\8.0.415\Sdks\Microsoft.NET.Sdk\targets\Microsoft.NET.Sdk.targets (97,5)
       Reatribuição de propriedade: $(_DefaultUserProfileRuntimeStorePath)="C:\Users\lucas.bertin\.dotnet\store" (valor anterior: "C:\Users\lucas.bertin") em C:\Program Files\dotnet\sdk\8.0.415\Sdks\Microsoft.NET.Sdk\targets\Microsoft.NET.Sdk.targets (98,5)
       Reatribuição de propriedade: $(AvailablePlatforms)="Any CPU,x86,x64,ARM32" (valor anterior: "Any CPU,x86,x64") em C:\Program Files\dotnet\sdk\8.0.415\Sdks\Microsoft.NET.Sdk\targets\Microsoft.NET.Sdk.targets (136,5)
       Reatribuição de propriedade: $(AvailablePlatforms)="Any CPU,x86,x64,ARM32,ARM64" (valor anterior: "Any CPU,x86,x64,ARM32") em C:\Program Files\dotnet\sdk\8.0.415\Sdks\Microsoft.NET.Sdk\targets\Microsoft.NET.Sdk.targets (140,5)
       Reatribuição de propriedade: $(CoreBuildDependsOn)="
             _CheckForBuildWithNoBuild;
             
             BuildOnlySettings;
             PrepareForBuild;
             PreBuildEvent;
             ResolveReferences;
             PrepareResources;
             ResolveKeySource;
             Compile;
             ExportWindowsMDFile;
             UnmanagedUnregistration;
             GenerateSerializationAssemblies;
             CreateSatelliteAssemblies;
             GenerateManifests;
             GetTargetPath;
             PrepareForRun;
             UnmanagedRegistration;
             IncrementalClean;
             PostBuildEvent
           ;
             GenerateBuildDependencyFile;
             GenerateBuildRuntimeConfigurationFiles
           " (valor anterior: "
             BuildOnlySettings;
             PrepareForBuild;
             PreBuildEvent;
             ResolveReferences;
             PrepareResources;
             ResolveKeySource;
             Compile;
             ExportWindowsMDFile;
             UnmanagedUnregistration;
             GenerateSerializationAssemblies;
             CreateSatelliteAssemblies;
             GenerateManifests;
             GetTargetPath;
             PrepareForRun;
             UnmanagedRegistration;
             IncrementalClean;
             PostBuildEvent
           ") em C:\Program Files\dotnet\sdk\8.0.415\Sdks\Microsoft.NET.Sdk\targets\Microsoft.NET.Sdk.targets (197,5)
       Reatribuição de propriedade: $(CoreCleanDependsOn)="
             _SdkBeforeClean;
             
           " (valor anterior: "") em C:\Program Files\dotnet\sdk\8.0.415\Sdks\Microsoft.NET.Sdk\targets\Microsoft.NET.Sdk.targets (206,5)
       Reatribuição de propriedade: $(RebuildDependsOn)="
             _SdkBeforeRebuild;
             
             BeforeRebuild;
             Clean;
             Build;
             AfterRebuild;
           
           " (valor anterior: "
             BeforeRebuild;
             Clean;
             Build;
             AfterRebuild;
           ") em C:\Program Files\dotnet\sdk\8.0.415\Sdks\Microsoft.NET.Sdk\targets\Microsoft.NET.Sdk.targets (213,5)
       Reatribuição de propriedade: $(CompileDependsOn)="
             
             ResolveReferences;
             ResolveKeySource;
             SetWin32ManifestProperties;
             _SetPreferNativeArm64Win32ManifestProperties;
             FindReferenceAssembliesForReferences;
             _GenerateCompileInputs;
             BeforeCompile;
             _TimeStampBeforeCompile;
             _GenerateCompileDependencyCache;
             CoreCompile;
             _TimeStampAfterCompile;
             AfterCompile;
           ;
             _CreateAppHost;
             _CreateComHost;
             _GetIjwHostPaths;
           " (valor anterior: "
             ResolveReferences;
             ResolveKeySource;
             SetWin32ManifestProperties;
             _SetPreferNativeArm64Win32ManifestProperties;
             FindReferenceAssembliesForReferences;
             _GenerateCompileInputs;
             BeforeCompile;
             _TimeStampBeforeCompile;
             _GenerateCompileDependencyCache;
             CoreCompile;
             _TimeStampAfterCompile;
             AfterCompile;
           ") em C:\Program Files\dotnet\sdk\8.0.415\Sdks\Microsoft.NET.Sdk\targets\Microsoft.NET.Sdk.targets (679,5)
       Reatribuição de propriedade: $(CreateSatelliteAssembliesDependsOn)="
             
             ;
             _GenerateSatelliteAssemblyInputs;
             ComputeIntermediateSatelliteAssemblies;
             GenerateSatelliteAssemblies
           ;
             CoreGenerateSatelliteAssemblies
           " (valor anterior: "
             ;
             _GenerateSatelliteAssemblyInputs;
             ComputeIntermediateSatelliteAssemblies;
             GenerateSatelliteAssemblies
           ") em C:\Program Files\dotnet\sdk\8.0.415\Sdks\Microsoft.NET.Sdk\targets\Microsoft.NET.Sdk.targets (1065,5)
       Reatribuição de propriedade: $(SourceLinkUrlInitializerTargets)=";_InitializeGitHubSourceLinkUrl;_InitializeGitLabSourceLinkUrl" (valor anterior: ";_InitializeGitHubSourceLinkUrl") em C:\Program Files\dotnet\sdk\8.0.415\Sdks\Microsoft.SourceLink.GitLab\build\Microsoft.SourceLink.GitLab.targets (12,5)
       Reatribuição de propriedade: $(SourceControlManagerUrlTranslationTargets)=";TranslateGitHubUrlsInSourceControlInformation;TranslateGitLabUrlsInSourceControlInformation" (valor anterior: ";TranslateGitHubUrlsInSourceControlInformation") em C:\Program Files\dotnet\sdk\8.0.415\Sdks\Microsoft.SourceLink.GitLab\build\Microsoft.SourceLink.GitLab.targets (13,5)
       Reatribuição de propriedade: $(SourceLinkUrlInitializerTargets)=";_InitializeGitHubSourceLinkUrl;_InitializeGitLabSourceLinkUrl;_InitializeAzureReposGitSourceLinkUrl" (valor anterior: ";_InitializeGitHubSourceLinkUrl;_InitializeGitLabSourceLinkUrl") em C:\Program Files\dotnet\sdk\8.0.415\Sdks\Microsoft.SourceLink.AzureRepos.Git\build\Microsoft.SourceLink.AzureRepos.Git.targets (12,5)
       Reatribuição de propriedade: $(SourceControlManagerUrlTranslationTargets)=";TranslateGitHubUrlsInSourceControlInformation;TranslateGitLabUrlsInSourceControlInformation;TranslateAzureReposGitUrlsInSourceControlInformation" (valor anterior: ";TranslateGitHubUrlsInSourceControlInformation;TranslateGitLabUrlsInSourceControlInformation") em C:\Program Files\dotnet\sdk\8.0.415\Sdks\Microsoft.SourceLink.AzureRepos.Git\build\Microsoft.SourceLink.AzureRepos.Git.targets (13,5)
       Reatribuição de propriedade: $(SourceLinkUrlInitializerTargets)=";_InitializeGitHubSourceLinkUrl;_InitializeGitLabSourceLinkUrl;_InitializeAzureReposGitSourceLinkUrl;_InitializeBitbucketGitSourceLinkUrl" (valor anterior: ";_InitializeGitHubSourceLinkUrl;_InitializeGitLabSourceLinkUrl;_InitializeAzureReposGitSourceLinkUrl") em C:\Program Files\dotnet\sdk\8.0.415\Sdks\Microsoft.SourceLink.Bitbucket.Git\build\Microsoft.SourceLink.Bitbucket.Git.targets (12,5)
       Reatribuição de propriedade: $(SourceControlManagerUrlTranslationTargets)=";TranslateGitHubUrlsInSourceControlInformation;TranslateGitLabUrlsInSourceControlInformation;TranslateAzureReposGitUrlsInSourceControlInformation;TranslateBitbucketGitUrlsInSourceControlInformation" (valor anterior: ";TranslateGitHubUrlsInSourceControlInformation;TranslateGitLabUrlsInSourceControlInformation;TranslateAzureReposGitUrlsInSourceControlInformation") em C:\Program Files\dotnet\sdk\8.0.415\Sdks\Microsoft.SourceLink.Bitbucket.Git\build\Microsoft.SourceLink.Bitbucket.Git.targets (13,5)
       Reatribuição de propriedade: $(DesignerRuntimeImplementationProjectOutputGroupDependsOn)="
             
             ;
             
             ;
             BuildOnlySettings;
             PrepareForBuild;
             AssignTargetPaths;
             ResolveReferences
           
           ;
             _GenerateDesignerDepsFile;
             _GenerateDesignerRuntimeConfigFile;
             GetCopyToOutputDirectoryItems;
             _GatherDesignerShadowCopyFiles;
           " (valor anterior: "
             ;
             
             ;
             BuildOnlySettings;
             PrepareForBuild;
             AssignTargetPaths;
             ResolveReferences
           
           ") em C:\Program Files\dotnet\sdk\8.0.415\Sdks\Microsoft.NET.Sdk\targets\Microsoft.NET.DesignerSupport.targets (21,5)
       Reatribuição de propriedade: $(_GenerateToolsSettingsFileCacheFile)="C:\Projects\Irma Dulce\backend\src\IrmaDulce.Domain\obj\Debug\net8.0\IrmaDulce.Domain.toolssettingsinput.cache" (valor anterior: "obj\Debug\net8.0\IrmaDulce.Domain.toolssettingsinput.cache") em C:\Program Files\dotnet\sdk\8.0.415\Sdks\Microsoft.NET.Sdk\targets\Microsoft.NET.PackTool.targets (68,5)
       Reatribuição de propriedade: $(_ShimInputCacheFile)="C:\Projects\Irma Dulce\backend\src\IrmaDulce.Domain\obj\Debug\net8.0\IrmaDulce.Domain.shiminput.cache" (valor anterior: "obj\Debug\net8.0\IrmaDulce.Domain.shiminput.cache") em C:\Program Files\dotnet\sdk\8.0.415\Sdks\Microsoft.NET.Sdk\targets\Microsoft.NET.PackTool.targets (137,5)
       Reatribuição de propriedade: $(_ShimCreatedSentinelFile)="C:\Projects\Irma Dulce\backend\src\IrmaDulce.Domain\obj\Debug\net8.0\IrmaDulce.Domain.shimcreated.sentinel" (valor anterior: "obj\Debug\net8.0\IrmaDulce.Domain.shimcreated.sentinel") em C:\Program Files\dotnet\sdk\8.0.415\Sdks\Microsoft.NET.Sdk\targets\Microsoft.NET.PackTool.targets (139,5)
       Reatribuição de propriedade: $(DefineConstants)="TRACE;DEBUG" (valor anterior: "TRACE") em C:\Program Files\dotnet\sdk\8.0.415\Sdks\Microsoft.NET.Sdk\targets\Microsoft.NET.Sdk.CSharp.targets (31,5)
       Reatribuição de propriedade: $(DefineConstants)="TRACE;DEBUG;NET;NET8_0;NETCOREAPP" (valor anterior: "TRACE;DEBUG") em C:\Program Files\dotnet\sdk\8.0.415\Sdks\Microsoft.NET.Sdk\targets\Microsoft.NET.Sdk.CSharp.targets (34,5)
       Reatribuição de propriedade: $(WarningsAsErrors)=";NU1605;SYSLIB0011" (valor anterior: ";NU1605") em C:\Program Files\dotnet\sdk\8.0.415\Sdks\Microsoft.NET.Sdk\targets\Microsoft.NET.Sdk.CSharp.targets (48,5)
       Reatribuição de propriedade: $(PackageDescription)="Package Description" (valor anterior: "") em C:\Program Files\dotnet\sdk\8.0.415\Sdks\NuGet.Build.Tasks.Pack\build\NuGet.Build.Tasks.Pack.targets (34,5)
       Reatribuição de propriedade: $(GenerateNuspecDependsOn)="Build;_LoadPackInputItems; _GetTargetFrameworksOutput; _WalkEachTargetPerFramework; _GetPackageFiles; " (valor anterior: "_LoadPackInputItems; _GetTargetFrameworksOutput; _WalkEachTargetPerFramework; _GetPackageFiles; ") em C:\Program Files\dotnet\sdk\8.0.415\Sdks\NuGet.Build.Tasks.Pack\build\NuGet.Build.Tasks.Pack.targets (59,5)
       Reatribuição de propriedade: $(_IsNotSetContainersTargetsDir)="true" (valor anterior: "false") em C:\Program Files\dotnet\sdk\8.0.415\Sdks\Microsoft.NET.Sdk\Sdk\Sdk.targets (59,5)
       Reatribuição de propriedade: $(_IsSDKContainerAllowedVersion)="true" (valor anterior: "false") em C:\Program Files\dotnet\sdk\8.0.415\Containers\build\Microsoft.NET.Build.Containers.targets (5,5)
       Reatribuição de propriedade: $(_ContainerIsTargetingNet8TFM)="true" (valor anterior: "false") em C:\Program Files\dotnet\sdk\8.0.415\Containers\build\Microsoft.NET.Build.Containers.targets (15,5)
       Substituindo o destino "ResolveFrameworkReferences" no projeto "C:\Program Files\dotnet\sdk\8.0.415\Microsoft.Common.CurrentVersion.targets" pelo destino "ResolveFrameworkReferences" do projeto "C:\Program Files\dotnet\sdk\8.0.415\Sdks\Microsoft.NET.Sdk\targets\Microsoft.NET.Sdk.FrameworkReferenceResolution.targets".
       Substituindo o destino "Run" no projeto "C:\Program Files\dotnet\sdk\8.0.415\Microsoft.Common.CurrentVersion.targets" pelo destino "Run" do projeto "C:\Program Files\dotnet\sdk\8.0.415\Sdks\Microsoft.NET.Sdk\targets\Microsoft.NET.Sdk.targets".
       Substituindo o destino "GenerateSupportedTargetFrameworkAlias" no projeto "C:\Program Files\dotnet\sdk\8.0.415\Microsoft.Common.CurrentVersion.targets" pelo destino "GenerateSupportedTargetFrameworkAlias" do projeto "C:\Program Files\dotnet\sdk\8.0.415\Sdks\Microsoft.NET.Sdk\targets\Microsoft.NET.Sdk.targets".
       Substituindo o destino "GetReferenceAssemblyPaths" no projeto "C:\Program Files\dotnet\sdk\8.0.415\Microsoft.Common.CurrentVersion.targets" pelo destino "GetReferenceAssemblyPaths" do projeto "C:\Program Files\dotnet\sdk\8.0.415\Sdks\Microsoft.NET.Sdk\targets\Microsoft.NET.DisableStandardFrameworkResolution.targets".
       Substituindo o destino "GetFrameworkPaths" no projeto "C:\Program Files\dotnet\sdk\8.0.415\Microsoft.Common.CurrentVersion.targets" pelo destino "GetFrameworkPaths" do projeto "C:\Program Files\dotnet\sdk\8.0.415\Sdks\Microsoft.NET.Sdk\targets\Microsoft.NET.DisableStandardFrameworkResolution.targets".
       Substituindo o destino "DesignerRuntimeImplementationProjectOutputGroup" no projeto "C:\Program Files\dotnet\sdk\8.0.415\Microsoft.Common.CurrentVersion.targets" pelo destino "DesignerRuntimeImplementationProjectOutputGroup" do projeto "C:\Program Files\dotnet\sdk\8.0.415\Sdks\Microsoft.NET.Sdk\targets\Microsoft.NET.DesignerSupport.targets".
       Substituindo o destino "Publish" no projeto "C:\Program Files\dotnet\sdk\8.0.415\Microsoft.Common.CurrentVersion.targets" pelo destino "Publish" do projeto "C:\Program Files\dotnet\sdk\8.0.415\Sdks\Microsoft.NET.Sdk\targets\Microsoft.NET.Publish.targets".
       Substituindo o destino "ResolveReadyToRunCompilers" no projeto "C:\Program Files\dotnet\sdk\8.0.415\Sdks\Microsoft.NET.Sdk\targets\Microsoft.NET.CrossGen.targets" pelo destino "ResolveReadyToRunCompilers" do projeto "C:\Program Files\dotnet\sdk\8.0.415\Sdks\Microsoft.NET.Sdk\targets\Microsoft.NET.Publish.targets".
       Substituindo o destino "GetCopyToPublishDirectoryItems" no projeto "C:\Program Files\dotnet\sdk\8.0.415\Microsoft.Common.CurrentVersion.targets" pelo destino "GetCopyToPublishDirectoryItems" do projeto "C:\Program Files\dotnet\sdk\8.0.415\Sdks\Microsoft.NET.Sdk\targets\Microsoft.NET.Publish.targets".
     1>O projeto "C:\Projects\Irma Dulce\backend\IrmaDulce.sln" (1) está compilando "C:\Projects\Irma Dulce\backend\src\IrmaDulce.Domain\IrmaDulce.Domain.csproj" (5) no nó 1 (_IsProjectRestoreSupported destino(s)).
     5>Destino "_IsProjectRestoreSupported" no arquivo "C:\Program Files\dotnet\sdk\8.0.415\NuGet.targets" do projeto "C:\Projects\Irma Dulce\backend\src\IrmaDulce.Domain\IrmaDulce.Domain.csproj" (ponto de entrada):
     5>Destino de compilação pronto"_IsProjectRestoreSupported" no projeto "IrmaDulce.Domain.csproj".
     5>Projeto de compilação pronto "C:\Projects\Irma Dulce\backend\src\IrmaDulce.Domain\IrmaDulce.Domain.csproj" (_IsProjectRestoreSupported destino(s)).
     1>Tarefa em execução pronta "MSBuild".
       A tarefa "MSBuild" foi ignorada devido a condição falsa; ( '$(RestoreUseSkipNonexistentTargets)' != 'true' ) foi avaliado como ( 'true' != 'true' ).
       Usando a tarefa "WarnForInvalidProjectsTask" do assembly "C:\Program Files\dotnet\sdk\8.0.415\NuGet.Build.Tasks.dll".
       Tarefa "WarnForInvalidProjectsTask"
       Tarefa em execução pronta "WarnForInvalidProjectsTask".
     1>Destino de compilação pronto"_FilterRestoreGraphProjectInputItems" no projeto "IrmaDulce.sln".
       Destino "_FilterRestoreGraphProjectInputItems" ignorado. Compilado anteriormente com êxito.
     1>Destino "_GetAllRestoreProjectPathItems" no arquivo "C:\Program Files\dotnet\sdk\8.0.415\NuGet.targets" do projeto "C:\Projects\Irma Dulce\backend\IrmaDulce.sln" (o destino "_GenerateRestoreGraph" depende dele):
       Usando a tarefa "NuGetMessageTask" do assembly "C:\Program Files\dotnet\sdk\8.0.415\NuGet.Build.Tasks.dll".
       Tarefa "NuGetMessageTask"
         Assembly carregado durante TaskRun (NuGet.Build.Tasks.NuGetMessageTask): NuGet.Build.Tasks.resources, Version=6.11.1.2, Culture=pt-BR, PublicKeyToken=31bf3856ad364e35, processorArchitecture=MSIL (local: C:\Program Files\dotnet\sdk\8.0.415\pt-BR\NuGet.Build.Tasks.resources.dll, MVID: 446fd4a0-170c-4a48-8010-d681d75a475e, AssemblyLoadContext: MSBuild plugin C:\Program Files\dotnet\sdk\8.0.415\NuGet.Build.Tasks.dll)
         Determinando os projetos a serem restaurados...
       Tarefa em execução pronta "NuGetMessageTask".
       Tarefa "MSBuild"
         Propriedades globais:
           ExcludeRestorePackageImports=true
           _RestoreSolutionFileUsed=true
           SolutionDir=C:\Projects\Irma Dulce\backend\
           SolutionName=IrmaDulce
           SolutionFileName=IrmaDulce.sln
           SolutionPath=C:\Projects\Irma Dulce\backend\IrmaDulce.sln
           SolutionExt=.sln
         Propriedades adicionais do projeto "C:\Projects\Irma Dulce\backend\src\IrmaDulce.Domain\IrmaDulce.Domain.csproj":
           Configuration=Debug
           Platform=AnyCPU
         Propriedades adicionais do projeto "C:\Projects\Irma Dulce\backend\src\IrmaDulce.Application\IrmaDulce.Application.csproj":
           Configuration=Debug
           Platform=AnyCPU
         Propriedades adicionais do projeto "C:\Projects\Irma Dulce\backend\src\IrmaDulce.Infrastructure\IrmaDulce.Infrastructure.csproj":
           Configuration=Debug
           Platform=AnyCPU
         Propriedades adicionais do projeto "C:\Projects\Irma Dulce\backend\src\IrmaDulce.API\IrmaDulce.API.csproj":
           Configuration=Debug
           Platform=AnyCPU
     1>O projeto "C:\Projects\Irma Dulce\backend\IrmaDulce.sln" (1) está compilando "C:\Projects\Irma Dulce\backend\src\IrmaDulce.Domain\IrmaDulce.Domain.csproj" (5:2) no nó 1 (_GenerateRestoreProjectPathWalk destino(s)).
   5:2>Destino "_GenerateRestoreProjectPathItemsAllFrameworks" ignorado devido à condição falsa; ( '$(TargetFrameworks)' != '' ) foi avaliado como ( '' != '' ).
     1>O projeto "C:\Projects\Irma Dulce\backend\IrmaDulce.sln" (1) está compilando "C:\Projects\Irma Dulce\backend\src\IrmaDulce.API\IrmaDulce.API.csproj" (4:2) no nó 2 (_GenerateRestoreProjectPathWalk destino(s)).
   4:2>Destino "_GenerateRestoreProjectPathItemsAllFrameworks" ignorado devido à condição falsa; ( '$(TargetFrameworks)' != '' ) foi avaliado como ( '' != '' ).
     1>O projeto "C:\Projects\Irma Dulce\backend\IrmaDulce.sln" (1) está compilando "C:\Projects\Irma Dulce\backend\src\IrmaDulce.Application\IrmaDulce.Application.csproj" (3:2) no nó 4 (_GenerateRestoreProjectPathWalk destino(s)).
   3:2>Destino "_GenerateRestoreProjectPathItemsAllFrameworks" ignorado devido à condição falsa; ( '$(TargetFrameworks)' != '' ) foi avaliado como ( '' != '' ).
     1>O projeto "C:\Projects\Irma Dulce\backend\IrmaDulce.sln" (1) está compilando "C:\Projects\Irma Dulce\backend\src\IrmaDulce.Infrastructure\IrmaDulce.Infrastructure.csproj" (2:2) no nó 3 (_GenerateRestoreProjectPathWalk destino(s)).
   2:2>Destino "_GenerateRestoreProjectPathItemsAllFrameworks" ignorado devido à condição falsa; ( '$(TargetFrameworks)' != '' ) foi avaliado como ( '' != '' ).
   2:2>Destino "_GenerateRestoreProjectPathItemsPerFramework" no arquivo "C:\Program Files\dotnet\sdk\8.0.415\NuGet.targets" do projeto "C:\Projects\Irma Dulce\backend\src\IrmaDulce.Infrastructure\IrmaDulce.Infrastructure.csproj" (o destino "_GenerateRestoreProjectPathItemsCurrentProject" depende dele):
       Usando a tarefa "ConvertToAbsolutePath" do assembly "Microsoft.Build.Tasks.Core, Version=15.1.0.0, Culture=neutral, PublicKeyToken=b03f5f7f11d50a3a".
   4:2>Destino "_GenerateRestoreProjectPathItemsPerFramework" no arquivo "C:\Program Files\dotnet\sdk\8.0.415\NuGet.targets" do projeto "C:\Projects\Irma Dulce\backend\src\IrmaDulce.API\IrmaDulce.API.csproj" (o destino "_GenerateRestoreProjectPathItemsCurrentProject" depende dele):
   4:2>Usando a tarefa "ConvertToAbsolutePath" do assembly "Microsoft.Build.Tasks.Core, Version=15.1.0.0, Culture=neutral, PublicKeyToken=b03f5f7f11d50a3a".
   2:2>Tarefa "ConvertToAbsolutePath"
       Tarefa em execução pronta "ConvertToAbsolutePath".
   2:2>Destino de compilação pronto"_GenerateRestoreProjectPathItemsPerFramework" no projeto "IrmaDulce.Infrastructure.csproj".
   2:2>Destino "_GenerateRestoreProjectPathItemsCurrentProject" no arquivo "C:\Program Files\dotnet\sdk\8.0.415\NuGet.targets" do projeto "C:\Projects\Irma Dulce\backend\src\IrmaDulce.Infrastructure\IrmaDulce.Infrastructure.csproj" (o destino "_GenerateRestoreProjectPathItems" depende dele):
   2:2>Destino de compilação pronto"_GenerateRestoreProjectPathItemsCurrentProject" no projeto "IrmaDulce.Infrastructure.csproj".
   4:2>Tarefa "ConvertToAbsolutePath"
   3:2>Destino "_GenerateRestoreProjectPathItemsPerFramework" no arquivo "C:\Program Files\dotnet\sdk\8.0.415\NuGet.targets" do projeto "C:\Projects\Irma Dulce\backend\src\IrmaDulce.Application\IrmaDulce.Application.csproj" (o destino "_GenerateRestoreProjectPathItemsCurrentProject" depende dele):
   3:2>Usando a tarefa "ConvertToAbsolutePath" do assembly "Microsoft.Build.Tasks.Core, Version=15.1.0.0, Culture=neutral, PublicKeyToken=b03f5f7f11d50a3a".
   2:2>Destino "_GenerateRestoreProjectPathItems" no arquivo "C:\Program Files\dotnet\sdk\8.0.415\NuGet.targets" do projeto "C:\Projects\Irma Dulce\backend\src\IrmaDulce.Infrastructure\IrmaDulce.Infrastructure.csproj" (o destino "_GenerateRestoreProjectPathWalk" depende dele):
   2:2>Usando a tarefa "RemoveDuplicates" do assembly "Microsoft.Build.Tasks.Core, Version=15.1.0.0, Culture=neutral, PublicKeyToken=b03f5f7f11d50a3a".
       Tarefa "RemoveDuplicates"
       Tarefa em execução pronta "RemoveDuplicates".
   2:2>Destino de compilação pronto"_GenerateRestoreProjectPathItems" no projeto "IrmaDulce.Infrastructure.csproj".
   4:2>Tarefa em execução pronta "ConvertToAbsolutePath".
   2:2>Destino "_GenerateRestoreProjectPathWalk" no arquivo "C:\Program Files\dotnet\sdk\8.0.415\NuGet.targets" do projeto "C:\Projects\Irma Dulce\backend\src\IrmaDulce.Infrastructure\IrmaDulce.Infrastructure.csproj" (ponto de entrada):
   2:2>Usando a tarefa "MSBuild" do assembly "Microsoft.Build.Tasks.Core, Version=15.1.0.0, Culture=neutral, PublicKeyToken=b03f5f7f11d50a3a".
   3:2>Tarefa "ConvertToAbsolutePath"
   2:2>Tarefa "MSBuild"
         Propriedades globais:
           ExcludeRestorePackageImports=true
   4:2>Destino de compilação pronto"_GenerateRestoreProjectPathItemsPerFramework" no projeto "IrmaDulce.API.csproj".
   3:2>Tarefa em execução pronta "ConvertToAbsolutePath".
   2:2>_GenerateRestoreProjectPathWalk:
           _RestoreSolutionFileUsed=true
           SolutionDir=C:\Projects\Irma Dulce\backend\
           SolutionName=IrmaDulce
           SolutionFileName=IrmaDulce.sln
           SolutionPath=C:\Projects\Irma Dulce\backend\IrmaDulce.sln
           SolutionExt=.sln
   5:2>Destino "_GenerateRestoreProjectPathItemsPerFramework" no arquivo "C:\Program Files\dotnet\sdk\8.0.415\NuGet.targets" do projeto "C:\Projects\Irma Dulce\backend\src\IrmaDulce.Domain\IrmaDulce.Domain.csproj" (o destino "_GenerateRestoreProjectPathItemsCurrentProject" depende dele):
   5:2>Usando a tarefa "ConvertToAbsolutePath" do assembly "Microsoft.Build.Tasks.Core, Version=15.1.0.0, Culture=neutral, PublicKeyToken=b03f5f7f11d50a3a".
       Tarefa "ConvertToAbsolutePath"
       Tarefa em execução pronta "ConvertToAbsolutePath".
   5:2>Destino de compilação pronto"_GenerateRestoreProjectPathItemsPerFramework" no projeto "IrmaDulce.Domain.csproj".
   5:2>Destino "_GenerateRestoreProjectPathItemsCurrentProject" no arquivo "C:\Program Files\dotnet\sdk\8.0.415\NuGet.targets" do projeto "C:\Projects\Irma Dulce\backend\src\IrmaDulce.Domain\IrmaDulce.Domain.csproj" (o destino "_GenerateRestoreProjectPathItems" depende dele):
   5:2>Destino de compilação pronto"_GenerateRestoreProjectPathItemsCurrentProject" no projeto "IrmaDulce.Domain.csproj".
   5:2>Destino "_GenerateRestoreProjectPathItems" no arquivo "C:\Program Files\dotnet\sdk\8.0.415\NuGet.targets" do projeto "C:\Projects\Irma Dulce\backend\src\IrmaDulce.Domain\IrmaDulce.Domain.csproj" (o destino "_GenerateRestoreProjectPathWalk" depende dele):
       Usando a tarefa "RemoveDuplicates" do assembly "Microsoft.Build.Tasks.Core, Version=15.1.0.0, Culture=neutral, PublicKeyToken=b03f5f7f11d50a3a".
       Tarefa "RemoveDuplicates"
   3:2>Destino de compilação pronto"_GenerateRestoreProjectPathItemsPerFramework" no projeto "IrmaDulce.Application.csproj".
   5:2>Tarefa em execução pronta "RemoveDuplicates".
   5:2>Destino de compilação pronto"_GenerateRestoreProjectPathItems" no projeto "IrmaDulce.Domain.csproj".
   4:2>Destino "_GenerateRestoreProjectPathItemsCurrentProject" no arquivo "C:\Program Files\dotnet\sdk\8.0.415\NuGet.targets" do projeto "C:\Projects\Irma Dulce\backend\src\IrmaDulce.API\IrmaDulce.API.csproj" (o destino "_GenerateRestoreProjectPathItems" depende dele):
   4:2>Destino de compilação pronto"_GenerateRestoreProjectPathItemsCurrentProject" no projeto "IrmaDulce.API.csproj".
   5:2>Destino "_GenerateRestoreProjectPathWalk" no arquivo "C:\Program Files\dotnet\sdk\8.0.415\NuGet.targets" do projeto "C:\Projects\Irma Dulce\backend\src\IrmaDulce.Domain\IrmaDulce.Domain.csproj" (ponto de entrada):
   5:2>Usando a tarefa "MSBuild" do assembly "Microsoft.Build.Tasks.Core, Version=15.1.0.0, Culture=neutral, PublicKeyToken=b03f5f7f11d50a3a".
       Tarefa "MSBuild"
   3:2>Destino "_GenerateRestoreProjectPathItemsCurrentProject" no arquivo "C:\Program Files\dotnet\sdk\8.0.415\NuGet.targets" do projeto "C:\Projects\Irma Dulce\backend\src\IrmaDulce.Application\IrmaDulce.Application.csproj" (o destino "_GenerateRestoreProjectPathItems" depende dele):
   3:2>Destino de compilação pronto"_GenerateRestoreProjectPathItemsCurrentProject" no projeto "IrmaDulce.Application.csproj".
   3:2>Destino "_GenerateRestoreProjectPathItems" no arquivo "C:\Program Files\dotnet\sdk\8.0.415\NuGet.targets" do projeto "C:\Projects\Irma Dulce\backend\src\IrmaDulce.Application\IrmaDulce.Application.csproj" (o destino "_GenerateRestoreProjectPathWalk" depende dele):
       Usando a tarefa "RemoveDuplicates" do assembly "Microsoft.Build.Tasks.Core, Version=15.1.0.0, Culture=neutral, PublicKeyToken=b03f5f7f11d50a3a".
       Tarefa "RemoveDuplicates"
       Tarefa em execução pronta "RemoveDuplicates".
   4:2>Destino "_GenerateRestoreProjectPathItems" no arquivo "C:\Program Files\dotnet\sdk\8.0.415\NuGet.targets" do projeto "C:\Projects\Irma Dulce\backend\src\IrmaDulce.API\IrmaDulce.API.csproj" (o destino "_GenerateRestoreProjectPathWalk" depende dele):
   4:2>Usando a tarefa "RemoveDuplicates" do assembly "Microsoft.Build.Tasks.Core, Version=15.1.0.0, Culture=neutral, PublicKeyToken=b03f5f7f11d50a3a".
   3:2>Destino de compilação pronto"_GenerateRestoreProjectPathItems" no projeto "IrmaDulce.Application.csproj".
   4:2>Tarefa "RemoveDuplicates"
   3:2>Destino "_GenerateRestoreProjectPathWalk" no arquivo "C:\Program Files\dotnet\sdk\8.0.415\NuGet.targets" do projeto "C:\Projects\Irma Dulce\backend\src\IrmaDulce.Application\IrmaDulce.Application.csproj" (ponto de entrada):
   3:2>Usando a tarefa "MSBuild" do assembly "Microsoft.Build.Tasks.Core, Version=15.1.0.0, Culture=neutral, PublicKeyToken=b03f5f7f11d50a3a".
   4:2>Tarefa em execução pronta "RemoveDuplicates".
   3:2>Tarefa "MSBuild"
         Propriedades globais:
   4:2>Destino de compilação pronto"_GenerateRestoreProjectPathItems" no projeto "IrmaDulce.API.csproj".
   3:2>_GenerateRestoreProjectPathWalk:
           ExcludeRestorePackageImports=true
   5:2>Tarefa em execução pronta "MSBuild".
   3:2>_GenerateRestoreProjectPathWalk:
           _RestoreSolutionFileUsed=true
   5:2>_GenerateRestoreProjectPathWalk:
       A tarefa "MSBuild" foi ignorada devido a condição falsa; ( '$(RestoreUseSkipNonexistentTargets)' != 'true' ) foi avaliado como ( 'true' != 'true' ).
   3:2>_GenerateRestoreProjectPathWalk:
           SolutionDir=C:\Projects\Irma Dulce\backend\
           SolutionName=IrmaDulce
   4:2>Destino "_GenerateRestoreProjectPathWalk" no arquivo "C:\Program Files\dotnet\sdk\8.0.415\NuGet.targets" do projeto "C:\Projects\Irma Dulce\backend\src\IrmaDulce.API\IrmaDulce.API.csproj" (ponto de entrada):
   4:2>Usando a tarefa "MSBuild" do assembly "Microsoft.Build.Tasks.Core, Version=15.1.0.0, Culture=neutral, PublicKeyToken=b03f5f7f11d50a3a".
   5:2>Tarefa "RemoveDuplicates"
   3:2>_GenerateRestoreProjectPathWalk:
           SolutionFileName=IrmaDulce.sln
   4:2>Tarefa "MSBuild"
   3:2>_GenerateRestoreProjectPathWalk:
           SolutionPath=C:\Projects\Irma Dulce\backend\IrmaDulce.sln
   4:2>_GenerateRestoreProjectPathWalk:
         Propriedades globais:
           ExcludeRestorePackageImports=true
   3:2>_GenerateRestoreProjectPathWalk:
           SolutionExt=.sln
   5:2>Tarefa em execução pronta "RemoveDuplicates".
   4:2>_GenerateRestoreProjectPathWalk:
           _RestoreSolutionFileUsed=true
   5:2>Destino de compilação pronto"_GenerateRestoreProjectPathWalk" no projeto "IrmaDulce.Domain.csproj".
   4:2>_GenerateRestoreProjectPathWalk:
           SolutionDir=C:\Projects\Irma Dulce\backend\
           SolutionName=IrmaDulce
   5:2>Projeto de compilação pronto "C:\Projects\Irma Dulce\backend\src\IrmaDulce.Domain\IrmaDulce.Domain.csproj" (_GenerateRestoreProjectPathWalk destino(s)).
   4:2>_GenerateRestoreProjectPathWalk:
           SolutionFileName=IrmaDulce.sln
           SolutionPath=C:\Projects\Irma Dulce\backend\IrmaDulce.sln
           SolutionExt=.sln
   2:2>O projeto "C:\Projects\Irma Dulce\backend\src\IrmaDulce.Infrastructure\IrmaDulce.Infrastructure.csproj" (2:2) está compilando "C:\Projects\Irma Dulce\backend\src\IrmaDulce.Domain\IrmaDulce.Domain.csproj" (5:3) no nó 1 (_GenerateRestoreProjectPathWalk destino(s)).
   5:3>Destino "_GenerateRestoreProjectPathWalk" ignorado. Compilado anteriormente com êxito.
   5:3>Projeto de compilação pronto "C:\Projects\Irma Dulce\backend\src\IrmaDulce.Domain\IrmaDulce.Domain.csproj" (_GenerateRestoreProjectPathWalk destino(s)).
   3:2>O projeto "C:\Projects\Irma Dulce\backend\src\IrmaDulce.Application\IrmaDulce.Application.csproj" (3:2) está compilando "C:\Projects\Irma Dulce\backend\src\IrmaDulce.Domain\IrmaDulce.Domain.csproj" (5:4) no nó 1 (_GenerateRestoreProjectPathWalk destino(s)).
   5:4>Destino "_GenerateRestoreProjectPathWalk" ignorado. Compilado anteriormente com êxito.
   5:4>Projeto de compilação pronto "C:\Projects\Irma Dulce\backend\src\IrmaDulce.Domain\IrmaDulce.Domain.csproj" (_GenerateRestoreProjectPathWalk destino(s)).
   3:2>Tarefa em execução pronta "MSBuild".
       A tarefa "MSBuild" foi ignorada devido a condição falsa; ( '$(RestoreUseSkipNonexistentTargets)' != 'true' ) foi avaliado como ( 'true' != 'true' ).
       Tarefa "RemoveDuplicates"
       Tarefa em execução pronta "RemoveDuplicates".
   3:2>Destino de compilação pronto"_GenerateRestoreProjectPathWalk" no projeto "IrmaDulce.Application.csproj".
   3:2>Projeto de compilação pronto "C:\Projects\Irma Dulce\backend\src\IrmaDulce.Application\IrmaDulce.Application.csproj" (_GenerateRestoreProjectPathWalk destino(s)).
   4:2>O projeto "C:\Projects\Irma Dulce\backend\src\IrmaDulce.API\IrmaDulce.API.csproj" (4:2) está compilando "C:\Projects\Irma Dulce\backend\src\IrmaDulce.Application\IrmaDulce.Application.csproj" (3:3) no nó 4 (_GenerateRestoreProjectPathWalk destino(s)).
   3:3>Destino "_GenerateRestoreProjectPathWalk" ignorado. Compilado anteriormente com êxito.
   3:3>Projeto de compilação pronto "C:\Projects\Irma Dulce\backend\src\IrmaDulce.Application\IrmaDulce.Application.csproj" (_GenerateRestoreProjectPathWalk destino(s)).
   2:2>O projeto "C:\Projects\Irma Dulce\backend\src\IrmaDulce.Infrastructure\IrmaDulce.Infrastructure.csproj" (2:2) está compilando "C:\Projects\Irma Dulce\backend\src\IrmaDulce.Application\IrmaDulce.Application.csproj" (3:4) no nó 4 (_GenerateRestoreProjectPathWalk destino(s)).
   3:4>Destino "_GenerateRestoreProjectPathWalk" ignorado. Compilado anteriormente com êxito.
   3:4>Projeto de compilação pronto "C:\Projects\Irma Dulce\backend\src\IrmaDulce.Application\IrmaDulce.Application.csproj" (_GenerateRestoreProjectPathWalk destino(s)).
   2:2>Tarefa em execução pronta "MSBuild".
       A tarefa "MSBuild" foi ignorada devido a condição falsa; ( '$(RestoreUseSkipNonexistentTargets)' != 'true' ) foi avaliado como ( 'true' != 'true' ).
       Tarefa "RemoveDuplicates"
       Tarefa em execução pronta "RemoveDuplicates".
   2:2>Destino de compilação pronto"_GenerateRestoreProjectPathWalk" no projeto "IrmaDulce.Infrastructure.csproj".
   2:2>Projeto de compilação pronto "C:\Projects\Irma Dulce\backend\src\IrmaDulce.Infrastructure\IrmaDulce.Infrastructure.csproj" (_GenerateRestoreProjectPathWalk destino(s)).
   4:2>O projeto "C:\Projects\Irma Dulce\backend\src\IrmaDulce.API\IrmaDulce.API.csproj" (4:2) está compilando "C:\Projects\Irma Dulce\backend\src\IrmaDulce.Infrastructure\IrmaDulce.Infrastructure.csproj" (2:3) no nó 3 (_GenerateRestoreProjectPathWalk destino(s)).
   2:3>Destino "_GenerateRestoreProjectPathWalk" ignorado. Compilado anteriormente com êxito.
   2:3>Projeto de compilação pronto "C:\Projects\Irma Dulce\backend\src\IrmaDulce.Infrastructure\IrmaDulce.Infrastructure.csproj" (_GenerateRestoreProjectPathWalk destino(s)).
   4:2>Tarefa em execução pronta "MSBuild".
       A tarefa "MSBuild" foi ignorada devido a condição falsa; ( '$(RestoreUseSkipNonexistentTargets)' != 'true' ) foi avaliado como ( 'true' != 'true' ).
       Tarefa "RemoveDuplicates"
       Tarefa em execução pronta "RemoveDuplicates".
   4:2>Destino de compilação pronto"_GenerateRestoreProjectPathWalk" no projeto "IrmaDulce.API.csproj".
   4:2>Projeto de compilação pronto "C:\Projects\Irma Dulce\backend\src\IrmaDulce.API\IrmaDulce.API.csproj" (_GenerateRestoreProjectPathWalk destino(s)).
     1>Tarefa em execução pronta "MSBuild".
       A tarefa "MSBuild" foi ignorada devido a condição falsa; ( '$(RestoreUseSkipNonexistentTargets)' != 'true' ) foi avaliado como ( 'true' != 'true' ).
       Tarefa "RemoveDuplicates"
       Tarefa em execução pronta "RemoveDuplicates".
       Tarefa "MSBuild"
         Propriedades globais:
           ExcludeRestorePackageImports=true
           _RestoreSolutionFileUsed=true
           SolutionDir=C:\Projects\Irma Dulce\backend\
           SolutionName=IrmaDulce
           SolutionFileName=IrmaDulce.sln
           SolutionPath=C:\Projects\Irma Dulce\backend\IrmaDulce.sln
           SolutionExt=.sln
         Propriedades adicionais do projeto "C:\Projects\Irma Dulce\backend\src\IrmaDulce.Domain\IrmaDulce.Domain.csproj":
           Configuration=Debug
           Platform=AnyCPU
         Propriedades adicionais do projeto "C:\Projects\Irma Dulce\backend\src\IrmaDulce.Application\IrmaDulce.Application.csproj":
           Configuration=Debug
           Platform=AnyCPU
         Propriedades adicionais do projeto "C:\Projects\Irma Dulce\backend\src\IrmaDulce.Infrastructure\IrmaDulce.Infrastructure.csproj":
           Configuration=Debug
           Platform=AnyCPU
         Propriedades adicionais do projeto "C:\Projects\Irma Dulce\backend\src\IrmaDulce.API\IrmaDulce.API.csproj":
           Configuration=Debug
           Platform=AnyCPU
     1>O projeto "C:\Projects\Irma Dulce\backend\IrmaDulce.sln" (1) está compilando "C:\Projects\Irma Dulce\backend\src\IrmaDulce.Domain\IrmaDulce.Domain.csproj" (5:5) no nó 1 (_IsProjectRestoreSupported destino(s)).
   5:5>Destino "_IsProjectRestoreSupported" ignorado. Compilado anteriormente com êxito.
   5:5>Projeto de compilação pronto "C:\Projects\Irma Dulce\backend\src\IrmaDulce.Domain\IrmaDulce.Domain.csproj" (_IsProjectRestoreSupported destino(s)).
     1>O projeto "C:\Projects\Irma Dulce\backend\IrmaDulce.sln" (1) está compilando "C:\Projects\Irma Dulce\backend\src\IrmaDulce.Application\IrmaDulce.Application.csproj" (3:5) no nó 1 (_IsProjectRestoreSupported destino(s)).
   3:5>Destino "_IsProjectRestoreSupported" ignorado. Compilado anteriormente com êxito.
   3:5>Projeto de compilação pronto "C:\Projects\Irma Dulce\backend\src\IrmaDulce.Application\IrmaDulce.Application.csproj" (_IsProjectRestoreSupported destino(s)).
     1>O projeto "C:\Projects\Irma Dulce\backend\IrmaDulce.sln" (1) está compilando "C:\Projects\Irma Dulce\backend\src\IrmaDulce.Infrastructure\IrmaDulce.Infrastructure.csproj" (2:4) no nó 1 (_IsProjectRestoreSupported destino(s)).
   2:4>Destino "_IsProjectRestoreSupported" ignorado. Compilado anteriormente com êxito.
   2:4>Projeto de compilação pronto "C:\Projects\Irma Dulce\backend\src\IrmaDulce.Infrastructure\IrmaDulce.Infrastructure.csproj" (_IsProjectRestoreSupported destino(s)).
     1>O projeto "C:\Projects\Irma Dulce\backend\IrmaDulce.sln" (1) está compilando "C:\Projects\Irma Dulce\backend\src\IrmaDulce.API\IrmaDulce.API.csproj" (4:3) no nó 1 (_IsProjectRestoreSupported destino(s)).
   4:3>Destino "_IsProjectRestoreSupported" ignorado. Compilado anteriormente com êxito.
   4:3>Projeto de compilação pronto "C:\Projects\Irma Dulce\backend\src\IrmaDulce.API\IrmaDulce.API.csproj" (_IsProjectRestoreSupported destino(s)).
     1>Tarefa em execução pronta "MSBuild".
       A tarefa "MSBuild" foi ignorada devido a condição falsa; ( '$(RestoreUseSkipNonexistentTargets)' != 'true' ) foi avaliado como ( 'true' != 'true' ).
     1>Destino de compilação pronto"_GetAllRestoreProjectPathItems" no projeto "IrmaDulce.sln".
     1>Destino "_GenerateRestoreGraph" no arquivo "C:\Program Files\dotnet\sdk\8.0.415\NuGet.targets" do projeto "C:\Projects\Irma Dulce\backend\IrmaDulce.sln" (o destino "Restore" depende dele):
       Tarefa "Message"
         Generating dg file
       Tarefa em execução pronta "Message".
       Tarefa "Message"
         C:\Projects\Irma Dulce\backend\src\IrmaDulce.Domain\IrmaDulce.Domain.csproj
       Tarefa em execução pronta "Message".
       Tarefa "Message"
         C:\Projects\Irma Dulce\backend\src\IrmaDulce.Application\IrmaDulce.Application.csproj
       Tarefa em execução pronta "Message".
       Tarefa "Message"
         C:\Projects\Irma Dulce\backend\src\IrmaDulce.Infrastructure\IrmaDulce.Infrastructure.csproj
       Tarefa em execução pronta "Message".
       Tarefa "Message"
         C:\Projects\Irma Dulce\backend\src\IrmaDulce.API\IrmaDulce.API.csproj
       Tarefa em execução pronta "Message".
       Tarefa "MSBuild"
         Propriedades globais:
           ExcludeRestorePackageImports=true
           _RestoreSolutionFileUsed=true
           SolutionDir=C:\Projects\Irma Dulce\backend\
           SolutionName=IrmaDulce
           SolutionFileName=IrmaDulce.sln
           SolutionPath=C:\Projects\Irma Dulce\backend\IrmaDulce.sln
           SolutionExt=.sln
         Propriedades adicionais do projeto "C:\Projects\Irma Dulce\backend\src\IrmaDulce.Domain\IrmaDulce.Domain.csproj":
           Configuration=Debug
           Platform=AnyCPU
         Propriedades adicionais do projeto "C:\Projects\Irma Dulce\backend\src\IrmaDulce.Application\IrmaDulce.Application.csproj":
           Configuration=Debug
           Platform=AnyCPU
         Propriedades adicionais do projeto "C:\Projects\Irma Dulce\backend\src\IrmaDulce.Infrastructure\IrmaDulce.Infrastructure.csproj":
           Configuration=Debug
           Platform=AnyCPU
         Propriedades adicionais do projeto "C:\Projects\Irma Dulce\backend\src\IrmaDulce.API\IrmaDulce.API.csproj":
           Configuration=Debug
           Platform=AnyCPU
     1>O projeto "C:\Projects\Irma Dulce\backend\IrmaDulce.sln" (1) está compilando "C:\Projects\Irma Dulce\backend\src\IrmaDulce.Domain\IrmaDulce.Domain.csproj" (5:6) no nó 1 (_GenerateRestoreGraphProjectEntry destino(s)).
   5:6>Destino "_GetProjectJsonPath" no arquivo "C:\Program Files\dotnet\sdk\8.0.415\NuGet.targets" do projeto "C:\Projects\Irma Dulce\backend\src\IrmaDulce.Domain\IrmaDulce.Domain.csproj" (o destino "_GetRestoreProjectStyle" depende dele):
   5:6>A tarefa "GetRestoreProjectJsonPathTask" foi ignorada devido a condição falsa; ( '$(RestoreProjectStyle)' == 'ProjectJson' OR '$(RestoreProjectStyle)' == '' ) foi avaliado como ( 'PackageReference' == 'ProjectJson' OR 'PackageReference' == '' ).
   5:6>Destino de compilação pronto"_GetProjectJsonPath" no projeto "IrmaDulce.Domain.csproj".
       Destino "_CheckForUnsupportedTargetPlatformIdentifier" ignorado devido à condição falsa; ('$(TargetPlatformIdentifier)' != '' and '$(TargetFrameworkIdentifier)' == '.NETCoreApp' and $([MSBuild]::VersionGreaterThanOrEquals($(TargetFrameworkVersion), 5.0)) And ('$(DesignTimeBuild)' != 'true' Or '@(MissingWorkloadPack)' == '')) foi avaliado como ('' != '' and '.NETCoreApp' == '.NETCoreApp' and True And ('' != 'true' Or '' == '')).
       Destino "_CheckForMissingWorkload" ignorado devido à condição falsa; ('@(MissingWorkloadPack)' != '' And '$(DesignTimeBuild)' != 'true') foi avaliado como ('' != '' And '' != 'true').
   5:6>Destino "_CheckForUnsupportedNETCoreVersion" no arquivo "C:\Program Files\dotnet\sdk\8.0.415\Sdks\Microsoft.NET.Sdk\targets\Microsoft.NET.TargetFrameworkInference.targets" do projeto "C:\Projects\Irma Dulce\backend\src\IrmaDulce.Domain\IrmaDulce.Domain.csproj" (o destino "CollectPackageReferences" depende dele):
       A tarefa "NETSdkError" foi ignorada devido a condição falsa; ('$(_TargetFrameworkVersionWithoutV)' > '$(NETCoreAppMaximumVersion)' and '$(DisplayVSMessage)' != 'true') foi avaliado como ('8.0' > '8.0' and '' != 'true').
       A tarefa "NETSdkError" foi ignorada devido a condição falsa; ('$(DisplayVSMessage)' == 'true') foi avaliado como ('' == 'true').
   5:6>Destino de compilação pronto"_CheckForUnsupportedNETCoreVersion" no projeto "IrmaDulce.Domain.csproj".
     1>O projeto "C:\Projects\Irma Dulce\backend\IrmaDulce.sln" (1) está compilando "C:\Projects\Irma Dulce\backend\src\IrmaDulce.Infrastructure\IrmaDulce.Infrastructure.csproj" (2:5) no nó 3 (_GenerateRestoreGraphProjectEntry destino(s)).
   2:5>Destino "_GetProjectJsonPath" no arquivo "C:\Program Files\dotnet\sdk\8.0.415\NuGet.targets" do projeto "C:\Projects\Irma Dulce\backend\src\IrmaDulce.Infrastructure\IrmaDulce.Infrastructure.csproj" (o destino "_GetRestoreProjectStyle" depende dele):
   2:5>A tarefa "GetRestoreProjectJsonPathTask" foi ignorada devido a condição falsa; ( '$(RestoreProjectStyle)' == 'ProjectJson' OR '$(RestoreProjectStyle)' == '' ) foi avaliado como ( 'PackageReference' == 'ProjectJson' OR 'PackageReference' == '' ).
   2:5>Destino de compilação pronto"_GetProjectJsonPath" no projeto "IrmaDulce.Infrastructure.csproj".
       Destino "_CheckForUnsupportedTargetPlatformIdentifier" ignorado devido à condição falsa; ('$(TargetPlatformIdentifier)' != '' and '$(TargetFrameworkIdentifier)' == '.NETCoreApp' and $([MSBuild]::VersionGreaterThanOrEquals($(TargetFrameworkVersion), 5.0)) And ('$(DesignTimeBuild)' != 'true' Or '@(MissingWorkloadPack)' == '')) foi avaliado como ('' != '' and '.NETCoreApp' == '.NETCoreApp' and True And ('' != 'true' Or '' == '')).
   5:6>Destino "_CheckForEolTargetFrameworks" ignorado devido à condição falsa; ('@(_EolNetCoreTargetFrameworkVersions->AnyHaveMetadataValue('Identity', '$(_TargetFrameworkVersionWithoutV)'))' and '$(TargetFrameworkIdentifier)' == '.NETCoreApp' and '$(CheckEolTargetFramework)' == 'true') foi avaliado como ('false' and '.NETCoreApp' == '.NETCoreApp' and '' == 'true').
       Destino "_CheckForEolWorkloads" ignorado devido à condição falsa; ('@(EolWorkload)' != '' and '$(CheckEolWorkloads)' == 'true') foi avaliado como ('' != '' and 'true' == 'true').
   5:6>Destino "_CheckForUnsupportedCppNETCoreVersion" no arquivo "C:\Program Files\dotnet\sdk\8.0.415\Sdks\Microsoft.NET.Sdk\targets\Microsoft.NET.TargetFrameworkInference.targets" do projeto "C:\Projects\Irma Dulce\backend\src\IrmaDulce.Domain\IrmaDulce.Domain.csproj" (o destino "CollectPackageReferences" depende dele):
       A tarefa "NETSdkError" foi ignorada devido a condição falsa; ('$(TargetFrameworkIdentifier)' == '.NETCoreApp' and '$(_TargetFrameworkVersionWithoutV)' < '3.1' and ('$(Language)' == 'C++' and '$(_EnablePackageReferencesInVCProjects)' != 'true')) foi avaliado como ('.NETCoreApp' == '.NETCoreApp' and '8.0' < '3.1' and ('C#' == 'C++' and '' != 'true')).
   5:6>Destino de compilação pronto"_CheckForUnsupportedCppNETCoreVersion" no projeto "IrmaDulce.Domain.csproj".
       Destino "_CheckForUnsupportedNETStandardVersion" ignorado devido à condição falsa; ('$(TargetFrameworkIdentifier)' == '.NETStandard' And '$(NETStandardMaximumVersion)' != '') foi avaliado como ('.NETCoreApp' == '.NETStandard' And '' != '').
       Destino "_CheckForUnsupportedTargetFrameworkAndFeatureCombination" ignorado devido à condição falsa; ('$(TargetFrameworkIdentifier)' == '.NETFramework') foi avaliado como ('.NETCoreApp' == '.NETFramework').
       Destino "ApplyImplicitVersions" ignorado devido à condição falsa; ('@(PackageReference)' != '') foi avaliado como ('' != '').
       Destino "IncludeTargetingPackReference" ignorado devido à condição falsa; ('$(TargetFrameworkMoniker)' != '' and '$(TargetFrameworkIdentifier)' == '.NETFramework' and '$(AutomaticallyUseReferenceAssemblyPackages)' == 'true') foi avaliado como ('.NETCoreApp,Version=v8.0' != '' and '.NETCoreApp' == '.NETFramework' and 'true' == 'true').
     1>O projeto "C:\Projects\Irma Dulce\backend\IrmaDulce.sln" (1) está compilando "C:\Projects\Irma Dulce\backend\src\IrmaDulce.API\IrmaDulce.API.csproj" (4:4) no nó 2 (_GenerateRestoreGraphProjectEntry destino(s)).
   4:4>Destino "_GetProjectJsonPath" no arquivo "C:\Program Files\dotnet\sdk\8.0.415\NuGet.targets" do projeto "C:\Projects\Irma Dulce\backend\src\IrmaDulce.API\IrmaDulce.API.csproj" (o destino "_GetRestoreProjectStyle" depende dele):
   4:4>A tarefa "GetRestoreProjectJsonPathTask" foi ignorada devido a condição falsa; ( '$(RestoreProjectStyle)' == 'ProjectJson' OR '$(RestoreProjectStyle)' == '' ) foi avaliado como ( 'PackageReference' == 'ProjectJson' OR 'PackageReference' == '' ).
     1>O projeto "C:\Projects\Irma Dulce\backend\IrmaDulce.sln" (1) está compilando "C:\Projects\Irma Dulce\backend\src\IrmaDulce.Application\IrmaDulce.Application.csproj" (3:6) no nó 4 (_GenerateRestoreGraphProjectEntry destino(s)).
   3:6>Destino "_GetProjectJsonPath" no arquivo "C:\Program Files\dotnet\sdk\8.0.415\NuGet.targets" do projeto "C:\Projects\Irma Dulce\backend\src\IrmaDulce.Application\IrmaDulce.Application.csproj" (o destino "_GetRestoreProjectStyle" depende dele):
   3:6>A tarefa "GetRestoreProjectJsonPathTask" foi ignorada devido a condição falsa; ( '$(RestoreProjectStyle)' == 'ProjectJson' OR '$(RestoreProjectStyle)' == '' ) foi avaliado como ( 'PackageReference' == 'ProjectJson' OR 'PackageReference' == '' ).
   2:5>Destino "_CheckForMissingWorkload" ignorado devido à condição falsa; ('@(MissingWorkloadPack)' != '' And '$(DesignTimeBuild)' != 'true') foi avaliado como ('' != '' And '' != 'true').
   3:6>Destino de compilação pronto"_GetProjectJsonPath" no projeto "IrmaDulce.Application.csproj".
   4:4>Destino de compilação pronto"_GetProjectJsonPath" no projeto "IrmaDulce.API.csproj".
   2:5>Destino "_CheckForUnsupportedNETCoreVersion" no arquivo "C:\Program Files\dotnet\sdk\8.0.415\Sdks\Microsoft.NET.Sdk\targets\Microsoft.NET.TargetFrameworkInference.targets" do projeto "C:\Projects\Irma Dulce\backend\src\IrmaDulce.Infrastructure\IrmaDulce.Infrastructure.csproj" (o destino "CollectPackageReferences" depende dele):
   2:5>A tarefa "NETSdkError" foi ignorada devido a condição falsa; ('$(_TargetFrameworkVersionWithoutV)' > '$(NETCoreAppMaximumVersion)' and '$(DisplayVSMessage)' != 'true') foi avaliado como ('8.0' > '8.0' and '' != 'true').
       A tarefa "NETSdkError" foi ignorada devido a condição falsa; ('$(DisplayVSMessage)' == 'true') foi avaliado como ('' == 'true').
   3:6>Destino "_CheckForUnsupportedTargetPlatformIdentifier" ignorado devido à condição falsa; ('$(TargetPlatformIdentifier)' != '' and '$(TargetFrameworkIdentifier)' == '.NETCoreApp' and $([MSBuild]::VersionGreaterThanOrEquals($(TargetFrameworkVersion), 5.0)) And ('$(DesignTimeBuild)' != 'true' Or '@(MissingWorkloadPack)' == '')) foi avaliado como ('' != '' and '.NETCoreApp' == '.NETCoreApp' and True And ('' != 'true' Or '' == '')).
   4:4>Destino "_CheckForUnsupportedTargetPlatformIdentifier" ignorado devido à condição falsa; ('$(TargetPlatformIdentifier)' != '' and '$(TargetFrameworkIdentifier)' == '.NETCoreApp' and $([MSBuild]::VersionGreaterThanOrEquals($(TargetFrameworkVersion), 5.0)) And ('$(DesignTimeBuild)' != 'true' Or '@(MissingWorkloadPack)' == '')) foi avaliado como ('' != '' and '.NETCoreApp' == '.NETCoreApp' and True And ('' != 'true' Or '' == '')).
   2:5>Destino de compilação pronto"_CheckForUnsupportedNETCoreVersion" no projeto "IrmaDulce.Infrastructure.csproj".
       Destino "_CheckForEolTargetFrameworks" ignorado devido à condição falsa; ('@(_EolNetCoreTargetFrameworkVersions->AnyHaveMetadataValue('Identity', '$(_TargetFrameworkVersionWithoutV)'))' and '$(TargetFrameworkIdentifier)' == '.NETCoreApp' and '$(CheckEolTargetFramework)' == 'true') foi avaliado como ('false' and '.NETCoreApp' == '.NETCoreApp' and '' == 'true').
   3:6>Destino "_CheckForMissingWorkload" ignorado devido à condição falsa; ('@(MissingWorkloadPack)' != '' And '$(DesignTimeBuild)' != 'true') foi avaliado como ('' != '' And '' != 'true').
   4:4>Destino "_CheckForMissingWorkload" ignorado devido à condição falsa; ('@(MissingWorkloadPack)' != '' And '$(DesignTimeBuild)' != 'true') foi avaliado como ('' != '' And '' != 'true').
   2:5>Destino "_CheckForEolWorkloads" ignorado devido à condição falsa; ('@(EolWorkload)' != '' and '$(CheckEolWorkloads)' == 'true') foi avaliado como ('' != '' and 'true' == 'true').
   2:5>Destino "_CheckForUnsupportedCppNETCoreVersion" no arquivo "C:\Program Files\dotnet\sdk\8.0.415\Sdks\Microsoft.NET.Sdk\targets\Microsoft.NET.TargetFrameworkInference.targets" do projeto "C:\Projects\Irma Dulce\backend\src\IrmaDulce.Infrastructure\IrmaDulce.Infrastructure.csproj" (o destino "CollectPackageReferences" depende dele):
       A tarefa "NETSdkError" foi ignorada devido a condição falsa; ('$(TargetFrameworkIdentifier)' == '.NETCoreApp' and '$(_TargetFrameworkVersionWithoutV)' < '3.1' and ('$(Language)' == 'C++' and '$(_EnablePackageReferencesInVCProjects)' != 'true')) foi avaliado como ('.NETCoreApp' == '.NETCoreApp' and '8.0' < '3.1' and ('C#' == 'C++' and '' != 'true')).
   3:6>Destino "_CheckForUnsupportedNETCoreVersion" no arquivo "C:\Program Files\dotnet\sdk\8.0.415\Sdks\Microsoft.NET.Sdk\targets\Microsoft.NET.TargetFrameworkInference.targets" do projeto "C:\Projects\Irma Dulce\backend\src\IrmaDulce.Application\IrmaDulce.Application.csproj" (o destino "CollectPackageReferences" depende dele):
   3:6>A tarefa "NETSdkError" foi ignorada devido a condição falsa; ('$(_TargetFrameworkVersionWithoutV)' > '$(NETCoreAppMaximumVersion)' and '$(DisplayVSMessage)' != 'true') foi avaliado como ('8.0' > '8.0' and '' != 'true').
   4:4>Destino "_CheckForUnsupportedNETCoreVersion" no arquivo "C:\Program Files\dotnet\sdk\8.0.415\Sdks\Microsoft.NET.Sdk\targets\Microsoft.NET.TargetFrameworkInference.targets" do projeto "C:\Projects\Irma Dulce\backend\src\IrmaDulce.API\IrmaDulce.API.csproj" (o destino "CollectPackageReferences" depende dele):
   4:4>A tarefa "NETSdkError" foi ignorada devido a condição falsa; ('$(_TargetFrameworkVersionWithoutV)' > '$(NETCoreAppMaximumVersion)' and '$(DisplayVSMessage)' != 'true') foi avaliado como ('8.0' > '8.0' and '' != 'true').
   3:6>_CheckForUnsupportedNETCoreVersion:
       A tarefa "NETSdkError" foi ignorada devido a condição falsa; ('$(DisplayVSMessage)' == 'true') foi avaliado como ('' == 'true').
   2:5>Destino de compilação pronto"_CheckForUnsupportedCppNETCoreVersion" no projeto "IrmaDulce.Infrastructure.csproj".
   4:4>_CheckForUnsupportedNETCoreVersion:
       A tarefa "NETSdkError" foi ignorada devido a condição falsa; ('$(DisplayVSMessage)' == 'true') foi avaliado como ('' == 'true').
   3:6>Destino de compilação pronto"_CheckForUnsupportedNETCoreVersion" no projeto "IrmaDulce.Application.csproj".
   2:5>Destino "_CheckForUnsupportedNETStandardVersion" ignorado devido à condição falsa; ('$(TargetFrameworkIdentifier)' == '.NETStandard' And '$(NETStandardMaximumVersion)' != '') foi avaliado como ('.NETCoreApp' == '.NETStandard' And '' != '').
   4:4>Destino de compilação pronto"_CheckForUnsupportedNETCoreVersion" no projeto "IrmaDulce.API.csproj".
   2:5>Destino "_CheckForUnsupportedTargetFrameworkAndFeatureCombination" ignorado devido à condição falsa; ('$(TargetFrameworkIdentifier)' == '.NETFramework') foi avaliado como ('.NETCoreApp' == '.NETFramework').
   3:6>Destino "_CheckForEolTargetFrameworks" ignorado devido à condição falsa; ('@(_EolNetCoreTargetFrameworkVersions->AnyHaveMetadataValue('Identity', '$(_TargetFrameworkVersionWithoutV)'))' and '$(TargetFrameworkIdentifier)' == '.NETCoreApp' and '$(CheckEolTargetFramework)' == 'true') foi avaliado como ('false' and '.NETCoreApp' == '.NETCoreApp' and '' == 'true').
   2:5>Destino "UpdateAspNetToFrameworkReference" no arquivo "C:\Program Files\dotnet\sdk\8.0.415\Sdks\Microsoft.NET.Sdk\targets\Microsoft.NET.Sdk.DefaultItems.Shared.targets" do projeto "C:\Projects\Irma Dulce\backend\src\IrmaDulce.Infrastructure\IrmaDulce.Infrastructure.csproj" (o destino "ApplyImplicitVersions" depende dele):
   2:5>Usando a tarefa "CheckIfPackageReferenceShouldBeFrameworkReference" do assembly "C:\Program Files\dotnet\sdk\8.0.415\Sdks\Microsoft.NET.Sdk\targets\..\tools\net8.0\Microsoft.NET.Build.Tasks.dll".
   4:4>Destino "_CheckForEolTargetFrameworks" ignorado devido à condição falsa; ('@(_EolNetCoreTargetFrameworkVersions->AnyHaveMetadataValue('Identity', '$(_TargetFrameworkVersionWithoutV)'))' and '$(TargetFrameworkIdentifier)' == '.NETCoreApp' and '$(CheckEolTargetFramework)' == 'true') foi avaliado como ('false' and '.NETCoreApp' == '.NETCoreApp' and 'true' == 'true').
   2:5>Tarefa "CheckIfPackageReferenceShouldBeFrameworkReference"
   4:4>Destino "_CheckForEolWorkloads" ignorado devido à condição falsa; ('@(EolWorkload)' != '' and '$(CheckEolWorkloads)' == 'true') foi avaliado como ('' != '' and 'true' == 'true').
   3:6>Destino "_CheckForEolWorkloads" ignorado devido à condição falsa; ('@(EolWorkload)' != '' and '$(CheckEolWorkloads)' == 'true') foi avaliado como ('' != '' and 'true' == 'true').
   2:5>Tarefa em execução pronta "CheckIfPackageReferenceShouldBeFrameworkReference".
   3:6>Destino "_CheckForUnsupportedCppNETCoreVersion" no arquivo "C:\Program Files\dotnet\sdk\8.0.415\Sdks\Microsoft.NET.Sdk\targets\Microsoft.NET.TargetFrameworkInference.targets" do projeto "C:\Projects\Irma Dulce\backend\src\IrmaDulce.Application\IrmaDulce.Application.csproj" (o destino "CollectPackageReferences" depende dele):
   3:6>A tarefa "NETSdkError" foi ignorada devido a condição falsa; ('$(TargetFrameworkIdentifier)' == '.NETCoreApp' and '$(_TargetFrameworkVersionWithoutV)' < '3.1' and ('$(Language)' == 'C++' and '$(_EnablePackageReferencesInVCProjects)' != 'true')) foi avaliado como ('.NETCoreApp' == '.NETCoreApp' and '8.0' < '3.1' and ('C#' == 'C++' and '' != 'true')).
   2:5>UpdateAspNetToFrameworkReference:
       A tarefa "NETSdkError" foi ignorada devido a condição falsa; ('$(_ShouldRemoveAspNetCoreAll)' == 'true') foi avaliado como ('False' == 'true').
   4:4>Destino "_CheckForUnsupportedCppNETCoreVersion" no arquivo "C:\Program Files\dotnet\sdk\8.0.415\Sdks\Microsoft.NET.Sdk\targets\Microsoft.NET.TargetFrameworkInference.targets" do projeto "C:\Projects\Irma Dulce\backend\src\IrmaDulce.API\IrmaDulce.API.csproj" (o destino "CollectPackageReferences" depende dele):
   4:4>A tarefa "NETSdkError" foi ignorada devido a condição falsa; ('$(TargetFrameworkIdentifier)' == '.NETCoreApp' and '$(_TargetFrameworkVersionWithoutV)' < '3.1' and ('$(Language)' == 'C++' and '$(_EnablePackageReferencesInVCProjects)' != 'true')) foi avaliado como ('.NETCoreApp' == '.NETCoreApp' and '8.0' < '3.1' and ('C#' == 'C++' and '' != 'true')).
   3:6>Destino de compilação pronto"_CheckForUnsupportedCppNETCoreVersion" no projeto "IrmaDulce.Application.csproj".
   4:4>Destino de compilação pronto"_CheckForUnsupportedCppNETCoreVersion" no projeto "IrmaDulce.API.csproj".
   2:5>Tarefa "CheckIfPackageReferenceShouldBeFrameworkReference"
       Tarefa em execução pronta "CheckIfPackageReferenceShouldBeFrameworkReference".
   4:4>Destino "_CheckForUnsupportedNETStandardVersion" ignorado devido à condição falsa; ('$(TargetFrameworkIdentifier)' == '.NETStandard' And '$(NETStandardMaximumVersion)' != '') foi avaliado como ('.NETCoreApp' == '.NETStandard' And '' != '').
   3:6>Destino "_CheckForUnsupportedNETStandardVersion" ignorado devido à condição falsa; ('$(TargetFrameworkIdentifier)' == '.NETStandard' And '$(NETStandardMaximumVersion)' != '') foi avaliado como ('.NETCoreApp' == '.NETStandard' And '' != '').
   2:5>UpdateAspNetToFrameworkReference:
       A tarefa "NETSdkWarning" foi ignorada devido a condição falsa; ('$(_ShouldRemoveAspNetCoreApp)' == 'true') foi avaliado como ('False' == 'true').
   3:6>Destino "_CheckForUnsupportedTargetFrameworkAndFeatureCombination" ignorado devido à condição falsa; ('$(TargetFrameworkIdentifier)' == '.NETFramework') foi avaliado como ('.NETCoreApp' == '.NETFramework').
   4:4>Destino "_CheckForUnsupportedTargetFrameworkAndFeatureCombination" ignorado devido à condição falsa; ('$(TargetFrameworkIdentifier)' == '.NETFramework') foi avaliado como ('.NETCoreApp' == '.NETFramework').
   2:5>Destino de compilação pronto"UpdateAspNetToFrameworkReference" no projeto "IrmaDulce.Infrastructure.csproj".
       Destino "IncludeTargetingPackReference" ignorado devido à condição falsa; ('$(TargetFrameworkMoniker)' != '' and '$(TargetFrameworkIdentifier)' == '.NETFramework' and '$(AutomaticallyUseReferenceAssemblyPackages)' == 'true') foi avaliado como ('.NETCoreApp,Version=v8.0' != '' and '.NETCoreApp' == '.NETFramework' and 'true' == 'true').
   4:4>Destino "UpdateAspNetToFrameworkReference" no arquivo "C:\Program Files\dotnet\sdk\8.0.415\Sdks\Microsoft.NET.Sdk\targets\Microsoft.NET.Sdk.DefaultItems.Shared.targets" do projeto "C:\Projects\Irma Dulce\backend\src\IrmaDulce.API\IrmaDulce.API.csproj" (o destino "ApplyImplicitVersions" depende dele):
   4:4>Usando a tarefa "CheckIfPackageReferenceShouldBeFrameworkReference" do assembly "C:\Program Files\dotnet\sdk\8.0.415\Sdks\Microsoft.NET.Sdk\targets\..\tools\net8.0\Microsoft.NET.Build.Tasks.dll".
   3:6>Destino "UpdateAspNetToFrameworkReference" no arquivo "C:\Program Files\dotnet\sdk\8.0.415\Sdks\Microsoft.NET.Sdk\targets\Microsoft.NET.Sdk.DefaultItems.Shared.targets" do projeto "C:\Projects\Irma Dulce\backend\src\IrmaDulce.Application\IrmaDulce.Application.csproj" (o destino "ApplyImplicitVersions" depende dele):
   3:6>Usando a tarefa "CheckIfPackageReferenceShouldBeFrameworkReference" do assembly "C:\Program Files\dotnet\sdk\8.0.415\Sdks\Microsoft.NET.Sdk\targets\..\tools\net8.0\Microsoft.NET.Build.Tasks.dll".
   4:4>Tarefa "CheckIfPackageReferenceShouldBeFrameworkReference"
   3:6>Tarefa "CheckIfPackageReferenceShouldBeFrameworkReference"
   2:5>Destino "CheckForImplicitPackageReferenceOverrides" no arquivo "C:\Program Files\dotnet\sdk\8.0.415\Sdks\Microsoft.NET.Sdk\targets\Microsoft.NET.Sdk.DefaultItems.Shared.targets" do projeto "C:\Projects\Irma Dulce\backend\src\IrmaDulce.Infrastructure\IrmaDulce.Infrastructure.csproj" (o destino "ApplyImplicitVersions" depende dele):
   2:5>Usando a tarefa "CheckForImplicitPackageReferenceOverrides" do assembly "C:\Program Files\dotnet\sdk\8.0.415\Sdks\Microsoft.NET.Sdk\targets\..\tools\net8.0\Microsoft.NET.Build.Tasks.dll".
   3:6>Tarefa em execução pronta "CheckIfPackageReferenceShouldBeFrameworkReference".
   4:4>Tarefa em execução pronta "CheckIfPackageReferenceShouldBeFrameworkReference".
   2:5>Tarefa "CheckForImplicitPackageReferenceOverrides"
   3:6>UpdateAspNetToFrameworkReference:
       A tarefa "NETSdkError" foi ignorada devido a condição falsa; ('$(_ShouldRemoveAspNetCoreAll)' == 'true') foi avaliado como ('False' == 'true').
   4:4>UpdateAspNetToFrameworkReference:
       A tarefa "NETSdkError" foi ignorada devido a condição falsa; ('$(_ShouldRemoveAspNetCoreAll)' == 'true') foi avaliado como ('False' == 'true').
   2:5>Tarefa em execução pronta "CheckForImplicitPackageReferenceOverrides".
   3:6>Tarefa "CheckIfPackageReferenceShouldBeFrameworkReference"
   4:4>Tarefa "CheckIfPackageReferenceShouldBeFrameworkReference"
   5:6>Destino "CheckForImplicitPackageReferenceOverrides" no arquivo "C:\Program Files\dotnet\sdk\8.0.415\Sdks\Microsoft.NET.Sdk\targets\Microsoft.NET.Sdk.DefaultItems.Shared.targets" do projeto "C:\Projects\Irma Dulce\backend\src\IrmaDulce.Domain\IrmaDulce.Domain.csproj" (o destino "CollectPackageReferences" depende dele):
   5:6>Usando a tarefa "CheckForImplicitPackageReferenceOverrides" do assembly "C:\Program Files\dotnet\sdk\8.0.415\Sdks\Microsoft.NET.Sdk\targets\..\tools\net8.0\Microsoft.NET.Build.Tasks.dll".
       Tarefa "CheckForImplicitPackageReferenceOverrides"
   4:4>Tarefa em execução pronta "CheckIfPackageReferenceShouldBeFrameworkReference".
   3:6>Tarefa em execução pronta "CheckIfPackageReferenceShouldBeFrameworkReference".
   2:5>Destino de compilação pronto"CheckForImplicitPackageReferenceOverrides" no projeto "IrmaDulce.Infrastructure.csproj".
   4:4>UpdateAspNetToFrameworkReference:
       A tarefa "NETSdkWarning" foi ignorada devido a condição falsa; ('$(_ShouldRemoveAspNetCoreApp)' == 'true') foi avaliado como ('False' == 'true').
   3:6>UpdateAspNetToFrameworkReference:
       A tarefa "NETSdkWarning" foi ignorada devido a condição falsa; ('$(_ShouldRemoveAspNetCoreApp)' == 'true') foi avaliado como ('False' == 'true').
   4:4>Destino de compilação pronto"UpdateAspNetToFrameworkReference" no projeto "IrmaDulce.API.csproj".
   3:6>Destino de compilação pronto"UpdateAspNetToFrameworkReference" no projeto "IrmaDulce.Application.csproj".
   2:5>Destino "ApplyImplicitVersions" no arquivo "C:\Program Files\dotnet\sdk\8.0.415\Sdks\Microsoft.NET.Sdk\targets\Microsoft.NET.Sdk.DefaultItems.Shared.targets" do projeto "C:\Projects\Irma Dulce\backend\src\IrmaDulce.Infrastructure\IrmaDulce.Infrastructure.csproj" (o destino "CollectPackageReferences" depende dele):
   2:5>Usando a tarefa "ApplyImplicitVersions" do assembly "C:\Program Files\dotnet\sdk\8.0.415\Sdks\Microsoft.NET.Sdk\targets\..\tools\net8.0\Microsoft.NET.Build.Tasks.dll".
   4:4>Destino "IncludeTargetingPackReference" ignorado devido à condição falsa; ('$(TargetFrameworkMoniker)' != '' and '$(TargetFrameworkIdentifier)' == '.NETFramework' and '$(AutomaticallyUseReferenceAssemblyPackages)' == 'true') foi avaliado como ('.NETCoreApp,Version=v8.0' != '' and '.NETCoreApp' == '.NETFramework' and 'true' == 'true').
   3:6>Destino "IncludeTargetingPackReference" ignorado devido à condição falsa; ('$(TargetFrameworkMoniker)' != '' and '$(TargetFrameworkIdentifier)' == '.NETFramework' and '$(AutomaticallyUseReferenceAssemblyPackages)' == 'true') foi avaliado como ('.NETCoreApp,Version=v8.0' != '' and '.NETCoreApp' == '.NETFramework' and 'true' == 'true').
   2:5>Tarefa "ApplyImplicitVersions"
       Tarefa em execução pronta "ApplyImplicitVersions".
   3:6>Destino "CheckForImplicitPackageReferenceOverrides" no arquivo "C:\Program Files\dotnet\sdk\8.0.415\Sdks\Microsoft.NET.Sdk\targets\Microsoft.NET.Sdk.DefaultItems.Shared.targets" do projeto "C:\Projects\Irma Dulce\backend\src\IrmaDulce.Application\IrmaDulce.Application.csproj" (o destino "ApplyImplicitVersions" depende dele):
   3:6>Usando a tarefa "CheckForImplicitPackageReferenceOverrides" do assembly "C:\Program Files\dotnet\sdk\8.0.415\Sdks\Microsoft.NET.Sdk\targets\..\tools\net8.0\Microsoft.NET.Build.Tasks.dll".
   4:4>Destino "CheckForImplicitPackageReferenceOverrides" no arquivo "C:\Program Files\dotnet\sdk\8.0.415\Sdks\Microsoft.NET.Sdk\targets\Microsoft.NET.Sdk.DefaultItems.Shared.targets" do projeto "C:\Projects\Irma Dulce\backend\src\IrmaDulce.API\IrmaDulce.API.csproj" (o destino "ApplyImplicitVersions" depende dele):
   4:4>Usando a tarefa "CheckForImplicitPackageReferenceOverrides" do assembly "C:\Program Files\dotnet\sdk\8.0.415\Sdks\Microsoft.NET.Sdk\targets\..\tools\net8.0\Microsoft.NET.Build.Tasks.dll".
   2:5>Destino de compilação pronto"ApplyImplicitVersions" no projeto "IrmaDulce.Infrastructure.csproj".
   3:6>Tarefa "CheckForImplicitPackageReferenceOverrides"
   4:4>Tarefa "CheckForImplicitPackageReferenceOverrides"
   5:6>Tarefa em execução pronta "CheckForImplicitPackageReferenceOverrides".
   5:6>Destino de compilação pronto"CheckForImplicitPackageReferenceOverrides" no projeto "IrmaDulce.Domain.csproj".
       Destino "AddWindowsSdkKnownFrameworkReferences" ignorado devido à condição falsa; ('$(TargetFrameworkIdentifier)' == '.NETCoreApp' And '$(TargetPlatformIdentifier)' == 'Windows') foi avaliado como ('.NETCoreApp' == '.NETCoreApp' And '' == 'Windows').
       Destino "_NormalizeTargetPlatformVersion" ignorado devido à condição falsa; ('$(TargetPlatformVersion)' != '' and '$(TargetFrameworkIdentifier)' == '.NETCoreApp' and $([MSBuild]::VersionGreaterThanOrEquals($(TargetFrameworkVersion), 5.0)) and ('$(Language)' != 'C++' or '$(_EnablePackageReferencesInVCProjects)' == 'true')) foi avaliado como ('' != '' and '.NETCoreApp' == '.NETCoreApp' and True and ('C#' != 'C++' or '' == 'true')).
   5:6>Destino "_CheckForLanguageAndFeatureCombinationSupport" no arquivo "C:\Program Files\dotnet\sdk\8.0.415\Sdks\Microsoft.NET.Sdk\targets\Microsoft.NET.RuntimeIdentifierInference.targets" do projeto "C:\Projects\Irma Dulce\backend\src\IrmaDulce.Domain\IrmaDulce.Domain.csproj" (o destino "ProcessFrameworkReferences" depende dele):
       A tarefa "NETSdkError" foi ignorada devido a condição falsa; (('$(Language)' == 'C++' and '$(_EnablePackageReferencesInVCProjects)' != 'true') and $(OutputType) != 'library' and '$(TargetFrameworkIdentifier)' == '.NETCoreApp') foi avaliado como (('C#' == 'C++' and '' != 'true') and Library != 'library' and '.NETCoreApp' == '.NETCoreApp').
       A tarefa "NETSdkError" foi ignorada devido a condição falsa; (('$(Language)' == 'C++' and '$(_EnablePackageReferencesInVCProjects)' != 'true') and $(EnableComHosting) == 'true') foi avaliado como (('C#' == 'C++' and '' != 'true') and  == 'true').
       A tarefa "NETSdkError" foi ignorada devido a condição falsa; (('$(Language)' == 'C++' and '$(_EnablePackageReferencesInVCProjects)' != 'true') and $(SelfContained) == 'true') foi avaliado como (('C#' == 'C++' and '' != 'true') and  == 'true').
   5:6>Destino de compilação pronto"_CheckForLanguageAndFeatureCombinationSupport" no projeto "IrmaDulce.Domain.csproj".
       Destino "ApplyImplicitVersions" ignorado devido à condição falsa; ('@(PackageReference)' != '') foi avaliado como ('' != '').
   2:5>Destino "CheckForImplicitPackageReferenceOverrides" ignorado. Compilado anteriormente com êxito.
       Destino "AddWindowsSdkKnownFrameworkReferences" ignorado devido à condição falsa; ('$(TargetFrameworkIdentifier)' == '.NETCoreApp' And '$(TargetPlatformIdentifier)' == 'Windows') foi avaliado como ('.NETCoreApp' == '.NETCoreApp' And '' == 'Windows').
   3:6>Tarefa em execução pronta "CheckForImplicitPackageReferenceOverrides".
   2:5>Destino "_NormalizeTargetPlatformVersion" ignorado devido à condição falsa; ('$(TargetPlatformVersion)' != '' and '$(TargetFrameworkIdentifier)' == '.NETCoreApp' and $([MSBuild]::VersionGreaterThanOrEquals($(TargetFrameworkVersion), 5.0)) and ('$(Language)' != 'C++' or '$(_EnablePackageReferencesInVCProjects)' == 'true')) foi avaliado como ('' != '' and '.NETCoreApp' == '.NETCoreApp' and True and ('C#' != 'C++' or '' == 'true')).
   2:5>Destino "_CheckForLanguageAndFeatureCombinationSupport" no arquivo "C:\Program Files\dotnet\sdk\8.0.415\Sdks\Microsoft.NET.Sdk\targets\Microsoft.NET.RuntimeIdentifierInference.targets" do projeto "C:\Projects\Irma Dulce\backend\src\IrmaDulce.Infrastructure\IrmaDulce.Infrastructure.csproj" (o destino "ProcessFrameworkReferences" depende dele):
       A tarefa "NETSdkError" foi ignorada devido a condição falsa; (('$(Language)' == 'C++' and '$(_EnablePackageReferencesInVCProjects)' != 'true') and $(OutputType) != 'library' and '$(TargetFrameworkIdentifier)' == '.NETCoreApp') foi avaliado como (('C#' == 'C++' and '' != 'true') and Library != 'library' and '.NETCoreApp' == '.NETCoreApp').
       A tarefa "NETSdkError" foi ignorada devido a condição falsa; (('$(Language)' == 'C++' and '$(_EnablePackageReferencesInVCProjects)' != 'true') and $(EnableComHosting) == 'true') foi avaliado como (('C#' == 'C++' and '' != 'true') and  == 'true').
       A tarefa "NETSdkError" foi ignorada devido a condição falsa; (('$(Language)' == 'C++' and '$(_EnablePackageReferencesInVCProjects)' != 'true') and $(SelfContained) == 'true') foi avaliado como (('C#' == 'C++' and '' != 'true') and  == 'true').
   2:5>Destino de compilação pronto"_CheckForLanguageAndFeatureCombinationSupport" no projeto "IrmaDulce.Infrastructure.csproj".
   2:5>Destino "_ComputeToolPackInputsToProcessFrameworkReferences" no arquivo "C:\Program Files\dotnet\sdk\8.0.415\Sdks\Microsoft.NET.Sdk\targets\Microsoft.NET.Publish.targets" do projeto "C:\Projects\Irma Dulce\backend\src\IrmaDulce.Infrastructure\IrmaDulce.Infrastructure.csproj" (o destino "ProcessFrameworkReferences" depende dele):
   2:5>Destino de compilação pronto"_ComputeToolPackInputsToProcessFrameworkReferences" no projeto "IrmaDulce.Infrastructure.csproj".
   2:5>Destino "ProcessFrameworkReferences" no arquivo "C:\Program Files\dotnet\sdk\8.0.415\Sdks\Microsoft.NET.Sdk\targets\Microsoft.NET.Sdk.FrameworkReferenceResolution.targets" do projeto "C:\Projects\Irma Dulce\backend\src\IrmaDulce.Infrastructure\IrmaDulce.Infrastructure.csproj" (o destino "CollectPackageReferences" depende dele):
       Usando a tarefa "CheckForDuplicateFrameworkReferences" do assembly "C:\Program Files\dotnet\sdk\8.0.415\Sdks\Microsoft.NET.Sdk\targets\..\tools\net8.0\Microsoft.NET.Build.Tasks.dll".
       Tarefa "CheckForDuplicateFrameworkReferences"
       Tarefa em execução pronta "CheckForDuplicateFrameworkReferences".
       Usando a tarefa "ProcessFrameworkReferences" do assembly "C:\Program Files\dotnet\sdk\8.0.415\Sdks\Microsoft.NET.Sdk\targets\..\tools\net8.0\Microsoft.NET.Build.Tasks.dll".
       Tarefa "ProcessFrameworkReferences"
       Tarefa em execução pronta "ProcessFrameworkReferences".
       Usando a tarefa "ResolveAppHosts" do assembly "C:\Program Files\dotnet\sdk\8.0.415\Sdks\Microsoft.NET.Sdk\targets\..\tools\net8.0\Microsoft.NET.Build.Tasks.dll".
       Tarefa "ResolveAppHosts"
       Tarefa em execução pronta "ResolveAppHosts".
   2:5>Destino de compilação pronto"ProcessFrameworkReferences" no projeto "IrmaDulce.Infrastructure.csproj".
       Destino "IncludeTargetingPackReference" ignorado devido à condição falsa; ('$(TargetFrameworkMoniker)' != '' and '$(TargetFrameworkIdentifier)' == '.NETFramework' and '$(AutomaticallyUseReferenceAssemblyPackages)' == 'true') foi avaliado como ('.NETCoreApp,Version=v8.0' != '' and '.NETCoreApp' == '.NETFramework' and 'true' == 'true').
   3:6>Destino de compilação pronto"CheckForImplicitPackageReferenceOverrides" no projeto "IrmaDulce.Application.csproj".
   4:4>Tarefa em execução pronta "CheckForImplicitPackageReferenceOverrides".
   2:5>Destino "_AddMicrosoftNetCompilerToolsetFrameworkPackage" no arquivo "C:\Program Files\dotnet\sdk\8.0.415\Sdks\Microsoft.NET.Sdk\targets\Microsoft.NET.Sdk.targets" do projeto "C:\Projects\Irma Dulce\backend\src\IrmaDulce.Infrastructure\IrmaDulce.Infrastructure.csproj" (o destino "CollectPackageReferences" depende dele):
   2:5>A tarefa "NETSdkWarning" foi ignorada devido a condição falsa; ('@(PackageReference->AnyHaveMetadataValue('Identity', 'Microsoft.Net.Compilers.Toolset.Framework'))' == 'true') foi avaliado como ('false' == 'true').
   2:5>Destino de compilação pronto"_AddMicrosoftNetCompilerToolsetFrameworkPackage" no projeto "IrmaDulce.Infrastructure.csproj".
   2:5>Destino "_CheckForObsoleteDotNetCliToolReferences" no arquivo "C:\Program Files\dotnet\sdk\8.0.415\Sdks\Microsoft.NET.Sdk\targets\Microsoft.NET.ObsoleteReferences.targets" do projeto "C:\Projects\Irma Dulce\backend\src\IrmaDulce.Infrastructure\IrmaDulce.Infrastructure.csproj" (o destino "CollectPackageReferences" depende dele):
       A tarefa "NETSdkWarning" foi ignorada devido a condição falsa; ( '%(_ReferenceToObsoleteDotNetCliTool.Identity)' != '' ) foi avaliado como ( '' != '' ).
   2:5>Destino de compilação pronto"_CheckForObsoleteDotNetCliToolReferences" no projeto "IrmaDulce.Infrastructure.csproj".
   2:5>Destino "CollectPackageReferences" no arquivo "C:\Program Files\dotnet\sdk\8.0.415\NuGet.targets" do projeto "C:\Projects\Irma Dulce\backend\src\IrmaDulce.Infrastructure\IrmaDulce.Infrastructure.csproj" (o destino "_GetRestoreProjectStyle" depende dele):
       Usando a tarefa "CheckForDuplicateNuGetItemsTask" do assembly "C:\Program Files\dotnet\sdk\8.0.415\NuGet.Build.Tasks.dll".
   4:4>Destino de compilação pronto"CheckForImplicitPackageReferenceOverrides" no projeto "IrmaDulce.API.csproj".
   2:5>Tarefa "CheckForDuplicateNuGetItemsTask"
       Tarefa em execução pronta "CheckForDuplicateNuGetItemsTask".
   3:6>Destino "ApplyImplicitVersions" no arquivo "C:\Program Files\dotnet\sdk\8.0.415\Sdks\Microsoft.NET.Sdk\targets\Microsoft.NET.Sdk.DefaultItems.Shared.targets" do projeto "C:\Projects\Irma Dulce\backend\src\IrmaDulce.Application\IrmaDulce.Application.csproj" (o destino "CollectPackageReferences" depende dele):
   3:6>Usando a tarefa "ApplyImplicitVersions" do assembly "C:\Program Files\dotnet\sdk\8.0.415\Sdks\Microsoft.NET.Sdk\targets\..\tools\net8.0\Microsoft.NET.Build.Tasks.dll".
   2:5>Destino de compilação pronto"CollectPackageReferences" no projeto "IrmaDulce.Infrastructure.csproj".
   3:6>Tarefa "ApplyImplicitVersions"
   4:4>Destino "ApplyImplicitVersions" no arquivo "C:\Program Files\dotnet\sdk\8.0.415\Sdks\Microsoft.NET.Sdk\targets\Microsoft.NET.Sdk.DefaultItems.Shared.targets" do projeto "C:\Projects\Irma Dulce\backend\src\IrmaDulce.API\IrmaDulce.API.csproj" (o destino "CollectPackageReferences" depende dele):
   4:4>Usando a tarefa "ApplyImplicitVersions" do assembly "C:\Program Files\dotnet\sdk\8.0.415\Sdks\Microsoft.NET.Sdk\targets\..\tools\net8.0\Microsoft.NET.Build.Tasks.dll".
   3:6>Tarefa em execução pronta "ApplyImplicitVersions".
   4:4>Tarefa "ApplyImplicitVersions"
   3:6>Destino de compilação pronto"ApplyImplicitVersions" no projeto "IrmaDulce.Application.csproj".
   4:4>Tarefa em execução pronta "ApplyImplicitVersions".
   3:6>Destino "CheckForImplicitPackageReferenceOverrides" ignorado. Compilado anteriormente com êxito.
   4:4>Destino de compilação pronto"ApplyImplicitVersions" no projeto "IrmaDulce.API.csproj".
   3:6>Destino "AddWindowsSdkKnownFrameworkReferences" ignorado devido à condição falsa; ('$(TargetFrameworkIdentifier)' == '.NETCoreApp' And '$(TargetPlatformIdentifier)' == 'Windows') foi avaliado como ('.NETCoreApp' == '.NETCoreApp' And '' == 'Windows').
   2:5>Destino "_GetRestoreProjectStyle" no arquivo "C:\Program Files\dotnet\sdk\8.0.415\NuGet.targets" do projeto "C:\Projects\Irma Dulce\backend\src\IrmaDulce.Infrastructure\IrmaDulce.Infrastructure.csproj" (o destino "_GenerateRestoreSpecs" depende dele):
   2:5>Usando a tarefa "GetRestoreProjectStyleTask" do assembly "C:\Program Files\dotnet\sdk\8.0.415\NuGet.Build.Tasks.dll".
   4:4>Destino "CheckForImplicitPackageReferenceOverrides" ignorado. Compilado anteriormente com êxito.
   3:6>Destino "_NormalizeTargetPlatformVersion" ignorado devido à condição falsa; ('$(TargetPlatformVersion)' != '' and '$(TargetFrameworkIdentifier)' == '.NETCoreApp' and $([MSBuild]::VersionGreaterThanOrEquals($(TargetFrameworkVersion), 5.0)) and ('$(Language)' != 'C++' or '$(_EnablePackageReferencesInVCProjects)' == 'true')) foi avaliado como ('' != '' and '.NETCoreApp' == '.NETCoreApp' and True and ('C#' != 'C++' or '' == 'true')).
   2:5>Tarefa "GetRestoreProjectStyleTask"
   4:4>Destino "AddWindowsSdkKnownFrameworkReferences" ignorado devido à condição falsa; ('$(TargetFrameworkIdentifier)' == '.NETCoreApp' And '$(TargetPlatformIdentifier)' == 'Windows') foi avaliado como ('.NETCoreApp' == '.NETCoreApp' And '' == 'Windows').
   2:5>Tarefa em execução pronta "GetRestoreProjectStyleTask".
   4:4>Destino "_NormalizeTargetPlatformVersion" ignorado devido à condição falsa; ('$(TargetPlatformVersion)' != '' and '$(TargetFrameworkIdentifier)' == '.NETCoreApp' and $([MSBuild]::VersionGreaterThanOrEquals($(TargetFrameworkVersion), 5.0)) and ('$(Language)' != 'C++' or '$(_EnablePackageReferencesInVCProjects)' == 'true')) foi avaliado como ('' != '' and '.NETCoreApp' == '.NETCoreApp' and True and ('C#' != 'C++' or '' == 'true')).
   2:5>Destino de compilação pronto"_GetRestoreProjectStyle" no projeto "IrmaDulce.Infrastructure.csproj".
   3:6>Destino "_CheckForLanguageAndFeatureCombinationSupport" no arquivo "C:\Program Files\dotnet\sdk\8.0.415\Sdks\Microsoft.NET.Sdk\targets\Microsoft.NET.RuntimeIdentifierInference.targets" do projeto "C:\Projects\Irma Dulce\backend\src\IrmaDulce.Application\IrmaDulce.Application.csproj" (o destino "ProcessFrameworkReferences" depende dele):
   3:6>A tarefa "NETSdkError" foi ignorada devido a condição falsa; (('$(Language)' == 'C++' and '$(_EnablePackageReferencesInVCProjects)' != 'true') and $(OutputType) != 'library' and '$(TargetFrameworkIdentifier)' == '.NETCoreApp') foi avaliado como (('C#' == 'C++' and '' != 'true') and Library != 'library' and '.NETCoreApp' == '.NETCoreApp').
   4:4>Destino "_CheckForLanguageAndFeatureCombinationSupport" no arquivo "C:\Program Files\dotnet\sdk\8.0.415\Sdks\Microsoft.NET.Sdk\targets\Microsoft.NET.RuntimeIdentifierInference.targets" do projeto "C:\Projects\Irma Dulce\backend\src\IrmaDulce.API\IrmaDulce.API.csproj" (o destino "ProcessFrameworkReferences" depende dele):
   4:4>A tarefa "NETSdkError" foi ignorada devido a condição falsa; (('$(Language)' == 'C++' and '$(_EnablePackageReferencesInVCProjects)' != 'true') and $(OutputType) != 'library' and '$(TargetFrameworkIdentifier)' == '.NETCoreApp') foi avaliado como (('C#' == 'C++' and '' != 'true') and Exe != 'library' and '.NETCoreApp' == '.NETCoreApp').
   3:6>_CheckForLanguageAndFeatureCombinationSupport:
       A tarefa "NETSdkError" foi ignorada devido a condição falsa; (('$(Language)' == 'C++' and '$(_EnablePackageReferencesInVCProjects)' != 'true') and $(EnableComHosting) == 'true') foi avaliado como (('C#' == 'C++' and '' != 'true') and  == 'true').
   2:5>Destino "_GenerateRestoreSpecs" no arquivo "C:\Program Files\dotnet\sdk\8.0.415\NuGet.targets" do projeto "C:\Projects\Irma Dulce\backend\src\IrmaDulce.Infrastructure\IrmaDulce.Infrastructure.csproj" (o destino "_GenerateRestoreGraphProjectEntry" depende dele):
   2:5>Usando a tarefa "Message" do assembly "Microsoft.Build.Tasks.Core, Version=15.1.0.0, Culture=neutral, PublicKeyToken=b03f5f7f11d50a3a".
   3:6>_CheckForLanguageAndFeatureCombinationSupport:
       A tarefa "NETSdkError" foi ignorada devido a condição falsa; (('$(Language)' == 'C++' and '$(_EnablePackageReferencesInVCProjects)' != 'true') and $(SelfContained) == 'true') foi avaliado como (('C#' == 'C++' and '' != 'true') and  == 'true').
   2:5>Tarefa "Message"
   4:4>_CheckForLanguageAndFeatureCombinationSupport:
       A tarefa "NETSdkError" foi ignorada devido a condição falsa; (('$(Language)' == 'C++' and '$(_EnablePackageReferencesInVCProjects)' != 'true') and $(EnableComHosting) == 'true') foi avaliado como (('C#' == 'C++' and '' != 'true') and  == 'true').
   5:6>Destino "_ComputeToolPackInputsToProcessFrameworkReferences" no arquivo "C:\Program Files\dotnet\sdk\8.0.415\Sdks\Microsoft.NET.Sdk\targets\Microsoft.NET.Publish.targets" do projeto "C:\Projects\Irma Dulce\backend\src\IrmaDulce.Domain\IrmaDulce.Domain.csproj" (o destino "ProcessFrameworkReferences" depende dele):
   5:6>Destino de compilação pronto"_ComputeToolPackInputsToProcessFrameworkReferences" no projeto "IrmaDulce.Domain.csproj".
   2:5>_GenerateRestoreSpecs:
         Restore entry point C:\Projects\Irma Dulce\backend\src\IrmaDulce.Infrastructure\IrmaDulce.Infrastructure.csproj
   3:6>Destino de compilação pronto"_CheckForLanguageAndFeatureCombinationSupport" no projeto "IrmaDulce.Application.csproj".
   2:5>Tarefa em execução pronta "Message".
   4:4>_CheckForLanguageAndFeatureCombinationSupport:
       A tarefa "NETSdkError" foi ignorada devido a condição falsa; (('$(Language)' == 'C++' and '$(_EnablePackageReferencesInVCProjects)' != 'true') and $(SelfContained) == 'true') foi avaliado como (('C#' == 'C++' and '' != 'true') and false == 'true').
   4:4>Destino de compilação pronto"_CheckForLanguageAndFeatureCombinationSupport" no projeto "IrmaDulce.API.csproj".
   2:5>Destino de compilação pronto"_GenerateRestoreSpecs" no projeto "IrmaDulce.Infrastructure.csproj".
   3:6>Destino "_ComputeToolPackInputsToProcessFrameworkReferences" no arquivo "C:\Program Files\dotnet\sdk\8.0.415\Sdks\Microsoft.NET.Sdk\targets\Microsoft.NET.Publish.targets" do projeto "C:\Projects\Irma Dulce\backend\src\IrmaDulce.Application\IrmaDulce.Application.csproj" (o destino "ProcessFrameworkReferences" depende dele):
   3:6>Destino de compilação pronto"_ComputeToolPackInputsToProcessFrameworkReferences" no projeto "IrmaDulce.Application.csproj".
   2:5>Destino "_GetRestoreSettingsOverrides" no arquivo "C:\Program Files\dotnet\sdk\8.0.415\NuGet.targets" do projeto "C:\Projects\Irma Dulce\backend\src\IrmaDulce.Infrastructure\IrmaDulce.Infrastructure.csproj" (o destino "_GetRestoreSettings" depende dele):
   2:5>A tarefa "MSBuild" foi ignorada devido a condição falsa; ( '$(RestorePackagesPath)' != '' ) foi avaliado como ( '' != '' ).
       A tarefa "MSBuild" foi ignorada devido a condição falsa; ( '$(RestoreRepositoryPathOverride)' != '' ) foi avaliado como ( '' != '' ).
   4:4>Destino "_ComputeToolPackInputsToProcessFrameworkReferences" no arquivo "C:\Program Files\dotnet\sdk\8.0.415\Sdks\Microsoft.NET.Sdk\targets\Microsoft.NET.Publish.targets" do projeto "C:\Projects\Irma Dulce\backend\src\IrmaDulce.API\IrmaDulce.API.csproj" (o destino "ProcessFrameworkReferences" depende dele):
   4:4>Destino de compilação pronto"_ComputeToolPackInputsToProcessFrameworkReferences" no projeto "IrmaDulce.API.csproj".
   5:6>Destino "ProcessFrameworkReferences" no arquivo "C:\Program Files\dotnet\sdk\8.0.415\Sdks\Microsoft.NET.Sdk\targets\Microsoft.NET.Sdk.FrameworkReferenceResolution.targets" do projeto "C:\Projects\Irma Dulce\backend\src\IrmaDulce.Domain\IrmaDulce.Domain.csproj" (o destino "CollectPackageReferences" depende dele):
   5:6>Usando a tarefa "CheckForDuplicateFrameworkReferences" do assembly "C:\Program Files\dotnet\sdk\8.0.415\Sdks\Microsoft.NET.Sdk\targets\..\tools\net8.0\Microsoft.NET.Build.Tasks.dll".
       Tarefa "CheckForDuplicateFrameworkReferences"
   2:5>_GetRestoreSettingsOverrides:
       A tarefa "MSBuild" foi ignorada devido a condição falsa; ( '$(RestoreSources)' != '' ) foi avaliado como ( '' != '' ).
   3:6>Destino "ProcessFrameworkReferences" no arquivo "C:\Program Files\dotnet\sdk\8.0.415\Sdks\Microsoft.NET.Sdk\targets\Microsoft.NET.Sdk.FrameworkReferenceResolution.targets" do projeto "C:\Projects\Irma Dulce\backend\src\IrmaDulce.Application\IrmaDulce.Application.csproj" (o destino "CollectPackageReferences" depende dele):
   3:6>Usando a tarefa "CheckForDuplicateFrameworkReferences" do assembly "C:\Program Files\dotnet\sdk\8.0.415\Sdks\Microsoft.NET.Sdk\targets\..\tools\net8.0\Microsoft.NET.Build.Tasks.dll".
   2:5>_GetRestoreSettingsOverrides:
       A tarefa "MSBuild" foi ignorada devido a condição falsa; ( '$(RestoreFallbackFolders)' != '' ) foi avaliado como ( '' != '' ).
   3:6>Tarefa "CheckForDuplicateFrameworkReferences"
   2:5>Destino de compilação pronto"_GetRestoreSettingsOverrides" no projeto "IrmaDulce.Infrastructure.csproj".
   4:4>Destino "ProcessFrameworkReferences" no arquivo "C:\Program Files\dotnet\sdk\8.0.415\Sdks\Microsoft.NET.Sdk\targets\Microsoft.NET.Sdk.FrameworkReferenceResolution.targets" do projeto "C:\Projects\Irma Dulce\backend\src\IrmaDulce.API\IrmaDulce.API.csproj" (o destino "CollectPackageReferences" depende dele):
   4:4>Usando a tarefa "CheckForDuplicateFrameworkReferences" do assembly "C:\Program Files\dotnet\sdk\8.0.415\Sdks\Microsoft.NET.Sdk\targets\..\tools\net8.0\Microsoft.NET.Build.Tasks.dll".
   3:6>Tarefa em execução pronta "CheckForDuplicateFrameworkReferences".
   4:4>Tarefa "CheckForDuplicateFrameworkReferences"
   3:6>ProcessFrameworkReferences:
       Usando a tarefa "ProcessFrameworkReferences" do assembly "C:\Program Files\dotnet\sdk\8.0.415\Sdks\Microsoft.NET.Sdk\targets\..\tools\net8.0\Microsoft.NET.Build.Tasks.dll".
   2:5>Destino "_GetRestoreSettingsPerFramework" no arquivo "C:\Program Files\dotnet\sdk\8.0.415\NuGet.targets" do projeto "C:\Projects\Irma Dulce\backend\src\IrmaDulce.Infrastructure\IrmaDulce.Infrastructure.csproj" (o destino "_GetRestoreSettingsCurrentProject" depende dele):
   2:5>Destino de compilação pronto"_GetRestoreSettingsPerFramework" no projeto "IrmaDulce.Infrastructure.csproj".
   4:4>Tarefa em execução pronta "CheckForDuplicateFrameworkReferences".
   3:6>Tarefa "ProcessFrameworkReferences"
   4:4>ProcessFrameworkReferences:
       Usando a tarefa "ProcessFrameworkReferences" do assembly "C:\Program Files\dotnet\sdk\8.0.415\Sdks\Microsoft.NET.Sdk\targets\..\tools\net8.0\Microsoft.NET.Build.Tasks.dll".
   3:6>Tarefa em execução pronta "ProcessFrameworkReferences".
   2:5>Destino "_GetRestoreSettingsCurrentProject" no arquivo "C:\Program Files\dotnet\sdk\8.0.415\NuGet.targets" do projeto "C:\Projects\Irma Dulce\backend\src\IrmaDulce.Infrastructure\IrmaDulce.Infrastructure.csproj" (o destino "_GetRestoreSettings" depende dele):
   2:5>Destino de compilação pronto"_GetRestoreSettingsCurrentProject" no projeto "IrmaDulce.Infrastructure.csproj".
   4:4>Tarefa "ProcessFrameworkReferences"
   3:6>ProcessFrameworkReferences:
       Usando a tarefa "ResolveAppHosts" do assembly "C:\Program Files\dotnet\sdk\8.0.415\Sdks\Microsoft.NET.Sdk\targets\..\tools\net8.0\Microsoft.NET.Build.Tasks.dll".
   5:6>Tarefa em execução pronta "CheckForDuplicateFrameworkReferences".
   2:5>Destino "_GetRestoreSettingsAllFrameworks" ignorado devido à condição falsa; ( '$(TargetFrameworks)' != '' AND '$(PackageReferenceCompatibleProjectStyle)' == 'true' ) foi avaliado como ( '' != '' AND 'True' == 'true' ).
   4:4>Tarefa em execução pronta "ProcessFrameworkReferences".
   3:6>Tarefa "ResolveAppHosts"
   2:5>Destino "_GetRestoreSettings" no arquivo "C:\Program Files\dotnet\sdk\8.0.415\NuGet.targets" do projeto "C:\Projects\Irma Dulce\backend\src\IrmaDulce.Infrastructure\IrmaDulce.Infrastructure.csproj" (o destino "_GenerateDotnetCliToolReferenceSpecs" depende dele):
   2:5>Usando a tarefa "GetRestoreSettingsTask" do assembly "C:\Program Files\dotnet\sdk\8.0.415\NuGet.Build.Tasks.dll".
       Tarefa "GetRestoreSettingsTask"
   4:4>ProcessFrameworkReferences:
       Usando a tarefa "ResolveAppHosts" do assembly "C:\Program Files\dotnet\sdk\8.0.415\Sdks\Microsoft.NET.Sdk\targets\..\tools\net8.0\Microsoft.NET.Build.Tasks.dll".
   3:6>Tarefa em execução pronta "ResolveAppHosts".
   4:4>Tarefa "ResolveAppHosts"
   3:6>Destino de compilação pronto"ProcessFrameworkReferences" no projeto "IrmaDulce.Application.csproj".
   4:4>Tarefa em execução pronta "ResolveAppHosts".
   3:6>Destino "IncludeTargetingPackReference" ignorado devido à condição falsa; ('$(TargetFrameworkMoniker)' != '' and '$(TargetFrameworkIdentifier)' == '.NETFramework' and '$(AutomaticallyUseReferenceAssemblyPackages)' == 'true') foi avaliado como ('.NETCoreApp,Version=v8.0' != '' and '.NETCoreApp' == '.NETFramework' and 'true' == 'true').
   4:4>Destino de compilação pronto"ProcessFrameworkReferences" no projeto "IrmaDulce.API.csproj".
       Destino "IncludeTargetingPackReference" ignorado devido à condição falsa; ('$(TargetFrameworkMoniker)' != '' and '$(TargetFrameworkIdentifier)' == '.NETFramework' and '$(AutomaticallyUseReferenceAssemblyPackages)' == 'true') foi avaliado como ('.NETCoreApp,Version=v8.0' != '' and '.NETCoreApp' == '.NETFramework' and 'true' == 'true').
   3:6>Destino "_AddMicrosoftNetCompilerToolsetFrameworkPackage" no arquivo "C:\Program Files\dotnet\sdk\8.0.415\Sdks\Microsoft.NET.Sdk\targets\Microsoft.NET.Sdk.targets" do projeto "C:\Projects\Irma Dulce\backend\src\IrmaDulce.Application\IrmaDulce.Application.csproj" (o destino "CollectPackageReferences" depende dele):
   3:6>A tarefa "NETSdkWarning" foi ignorada devido a condição falsa; ('@(PackageReference->AnyHaveMetadataValue('Identity', 'Microsoft.Net.Compilers.Toolset.Framework'))' == 'true') foi avaliado como ('false' == 'true').
   5:6>ProcessFrameworkReferences:
       Usando a tarefa "ProcessFrameworkReferences" do assembly "C:\Program Files\dotnet\sdk\8.0.415\Sdks\Microsoft.NET.Sdk\targets\..\tools\net8.0\Microsoft.NET.Build.Tasks.dll".
   4:4>Destino "_AddMicrosoftNetCompilerToolsetFrameworkPackage" no arquivo "C:\Program Files\dotnet\sdk\8.0.415\Sdks\Microsoft.NET.Sdk\targets\Microsoft.NET.Sdk.targets" do projeto "C:\Projects\Irma Dulce\backend\src\IrmaDulce.API\IrmaDulce.API.csproj" (o destino "CollectPackageReferences" depende dele):
   4:4>A tarefa "NETSdkWarning" foi ignorada devido a condição falsa; ('@(PackageReference->AnyHaveMetadataValue('Identity', 'Microsoft.Net.Compilers.Toolset.Framework'))' == 'true') foi avaliado como ('false' == 'true').
   3:6>Destino de compilação pronto"_AddMicrosoftNetCompilerToolsetFrameworkPackage" no projeto "IrmaDulce.Application.csproj".
   5:6>Tarefa "ProcessFrameworkReferences"
   4:4>Destino de compilação pronto"_AddMicrosoftNetCompilerToolsetFrameworkPackage" no projeto "IrmaDulce.API.csproj".
   3:6>Destino "_CheckForObsoleteDotNetCliToolReferences" no arquivo "C:\Program Files\dotnet\sdk\8.0.415\Sdks\Microsoft.NET.Sdk\targets\Microsoft.NET.ObsoleteReferences.targets" do projeto "C:\Projects\Irma Dulce\backend\src\IrmaDulce.Application\IrmaDulce.Application.csproj" (o destino "CollectPackageReferences" depende dele):
   3:6>A tarefa "NETSdkWarning" foi ignorada devido a condição falsa; ( '%(_ReferenceToObsoleteDotNetCliTool.Identity)' != '' ) foi avaliado como ( '' != '' ).
   3:6>Destino de compilação pronto"_CheckForObsoleteDotNetCliToolReferences" no projeto "IrmaDulce.Application.csproj".
   4:4>Destino "_CheckForObsoleteDotNetCliToolReferences" no arquivo "C:\Program Files\dotnet\sdk\8.0.415\Sdks\Microsoft.NET.Sdk\targets\Microsoft.NET.ObsoleteReferences.targets" do projeto "C:\Projects\Irma Dulce\backend\src\IrmaDulce.API\IrmaDulce.API.csproj" (o destino "CollectPackageReferences" depende dele):
   4:4>A tarefa "NETSdkWarning" foi ignorada devido a condição falsa; ( '%(_ReferenceToObsoleteDotNetCliTool.Identity)' != '' ) foi avaliado como ( '' != '' ).
   4:4>Destino de compilação pronto"_CheckForObsoleteDotNetCliToolReferences" no projeto "IrmaDulce.API.csproj".
   3:6>Destino "CollectPackageReferences" no arquivo "C:\Program Files\dotnet\sdk\8.0.415\NuGet.targets" do projeto "C:\Projects\Irma Dulce\backend\src\IrmaDulce.Application\IrmaDulce.Application.csproj" (o destino "_GetRestoreProjectStyle" depende dele):
   3:6>Usando a tarefa "CheckForDuplicateNuGetItemsTask" do assembly "C:\Program Files\dotnet\sdk\8.0.415\NuGet.Build.Tasks.dll".
       Tarefa "CheckForDuplicateNuGetItemsTask"
   4:4>Destino "CollectPackageReferences" no arquivo "C:\Program Files\dotnet\sdk\8.0.415\NuGet.targets" do projeto "C:\Projects\Irma Dulce\backend\src\IrmaDulce.API\IrmaDulce.API.csproj" (o destino "_GetRestoreProjectStyle" depende dele):
   4:4>Usando a tarefa "CheckForDuplicateNuGetItemsTask" do assembly "C:\Program Files\dotnet\sdk\8.0.415\NuGet.Build.Tasks.dll".
   3:6>Tarefa em execução pronta "CheckForDuplicateNuGetItemsTask".
   4:4>Tarefa "CheckForDuplicateNuGetItemsTask"
   3:6>Destino de compilação pronto"CollectPackageReferences" no projeto "IrmaDulce.Application.csproj".
   4:4>Tarefa em execução pronta "CheckForDuplicateNuGetItemsTask".
   3:6>Destino "_GetRestoreProjectStyle" no arquivo "C:\Program Files\dotnet\sdk\8.0.415\NuGet.targets" do projeto "C:\Projects\Irma Dulce\backend\src\IrmaDulce.Application\IrmaDulce.Application.csproj" (o destino "_GenerateRestoreSpecs" depende dele):
   3:6>Usando a tarefa "GetRestoreProjectStyleTask" do assembly "C:\Program Files\dotnet\sdk\8.0.415\NuGet.Build.Tasks.dll".
   4:4>Destino de compilação pronto"CollectPackageReferences" no projeto "IrmaDulce.API.csproj".
   3:6>Tarefa "GetRestoreProjectStyleTask"
   4:4>Destino "_GetRestoreProjectStyle" no arquivo "C:\Program Files\dotnet\sdk\8.0.415\NuGet.targets" do projeto "C:\Projects\Irma Dulce\backend\src\IrmaDulce.API\IrmaDulce.API.csproj" (o destino "_GenerateRestoreSpecs" depende dele):
   4:4>Usando a tarefa "GetRestoreProjectStyleTask" do assembly "C:\Program Files\dotnet\sdk\8.0.415\NuGet.Build.Tasks.dll".
   3:6>Tarefa em execução pronta "GetRestoreProjectStyleTask".
   4:4>Tarefa "GetRestoreProjectStyleTask"
   3:6>Destino de compilação pronto"_GetRestoreProjectStyle" no projeto "IrmaDulce.Application.csproj".
   4:4>Tarefa em execução pronta "GetRestoreProjectStyleTask".
   4:4>Destino de compilação pronto"_GetRestoreProjectStyle" no projeto "IrmaDulce.API.csproj".
   3:6>Destino "_GenerateRestoreSpecs" no arquivo "C:\Program Files\dotnet\sdk\8.0.415\NuGet.targets" do projeto "C:\Projects\Irma Dulce\backend\src\IrmaDulce.Application\IrmaDulce.Application.csproj" (o destino "_GenerateRestoreGraphProjectEntry" depende dele):
   3:6>Usando a tarefa "Message" do assembly "Microsoft.Build.Tasks.Core, Version=15.1.0.0, Culture=neutral, PublicKeyToken=b03f5f7f11d50a3a".
       Tarefa "Message"
   4:4>Destino "_GenerateRestoreSpecs" no arquivo "C:\Program Files\dotnet\sdk\8.0.415\NuGet.targets" do projeto "C:\Projects\Irma Dulce\backend\src\IrmaDulce.API\IrmaDulce.API.csproj" (o destino "_GenerateRestoreGraphProjectEntry" depende dele):
   4:4>Usando a tarefa "Message" do assembly "Microsoft.Build.Tasks.Core, Version=15.1.0.0, Culture=neutral, PublicKeyToken=b03f5f7f11d50a3a".
   3:6>_GenerateRestoreSpecs:
         Restore entry point C:\Projects\Irma Dulce\backend\src\IrmaDulce.Application\IrmaDulce.Application.csproj
   4:4>Tarefa "Message"
   3:6>Tarefa em execução pronta "Message".
   4:4>_GenerateRestoreSpecs:
         Restore entry point C:\Projects\Irma Dulce\backend\src\IrmaDulce.API\IrmaDulce.API.csproj
   3:6>Destino de compilação pronto"_GenerateRestoreSpecs" no projeto "IrmaDulce.Application.csproj".
   4:4>Tarefa em execução pronta "Message".
   4:4>Destino de compilação pronto"_GenerateRestoreSpecs" no projeto "IrmaDulce.API.csproj".
   3:6>Destino "_GetRestoreSettingsOverrides" no arquivo "C:\Program Files\dotnet\sdk\8.0.415\NuGet.targets" do projeto "C:\Projects\Irma Dulce\backend\src\IrmaDulce.Application\IrmaDulce.Application.csproj" (o destino "_GetRestoreSettings" depende dele):
   3:6>A tarefa "MSBuild" foi ignorada devido a condição falsa; ( '$(RestorePackagesPath)' != '' ) foi avaliado como ( '' != '' ).
       A tarefa "MSBuild" foi ignorada devido a condição falsa; ( '$(RestoreRepositoryPathOverride)' != '' ) foi avaliado como ( '' != '' ).
   4:4>Destino "_GetRestoreSettingsOverrides" no arquivo "C:\Program Files\dotnet\sdk\8.0.415\NuGet.targets" do projeto "C:\Projects\Irma Dulce\backend\src\IrmaDulce.API\IrmaDulce.API.csproj" (o destino "_GetRestoreSettings" depende dele):
   4:4>A tarefa "MSBuild" foi ignorada devido a condição falsa; ( '$(RestorePackagesPath)' != '' ) foi avaliado como ( '' != '' ).
   3:6>_GetRestoreSettingsOverrides:
       A tarefa "MSBuild" foi ignorada devido a condição falsa; ( '$(RestoreSources)' != '' ) foi avaliado como ( '' != '' ).
   4:4>_GetRestoreSettingsOverrides:
       A tarefa "MSBuild" foi ignorada devido a condição falsa; ( '$(RestoreRepositoryPathOverride)' != '' ) foi avaliado como ( '' != '' ).
   3:6>_GetRestoreSettingsOverrides:
       A tarefa "MSBuild" foi ignorada devido a condição falsa; ( '$(RestoreFallbackFolders)' != '' ) foi avaliado como ( '' != '' ).
   4:4>_GetRestoreSettingsOverrides:
       A tarefa "MSBuild" foi ignorada devido a condição falsa; ( '$(RestoreSources)' != '' ) foi avaliado como ( '' != '' ).
       A tarefa "MSBuild" foi ignorada devido a condição falsa; ( '$(RestoreFallbackFolders)' != '' ) foi avaliado como ( '' != '' ).
   3:6>Destino de compilação pronto"_GetRestoreSettingsOverrides" no projeto "IrmaDulce.Application.csproj".
   4:4>Destino de compilação pronto"_GetRestoreSettingsOverrides" no projeto "IrmaDulce.API.csproj".
   3:6>Destino "_GetRestoreSettingsPerFramework" no arquivo "C:\Program Files\dotnet\sdk\8.0.415\NuGet.targets" do projeto "C:\Projects\Irma Dulce\backend\src\IrmaDulce.Application\IrmaDulce.Application.csproj" (o destino "_GetRestoreSettingsCurrentProject" depende dele):
   3:6>Destino de compilação pronto"_GetRestoreSettingsPerFramework" no projeto "IrmaDulce.Application.csproj".
   4:4>Destino "_GetRestoreSettingsPerFramework" no arquivo "C:\Program Files\dotnet\sdk\8.0.415\NuGet.targets" do projeto "C:\Projects\Irma Dulce\backend\src\IrmaDulce.API\IrmaDulce.API.csproj" (o destino "_GetRestoreSettingsCurrentProject" depende dele):
   4:4>Destino de compilação pronto"_GetRestoreSettingsPerFramework" no projeto "IrmaDulce.API.csproj".
   3:6>Destino "_GetRestoreSettingsCurrentProject" no arquivo "C:\Program Files\dotnet\sdk\8.0.415\NuGet.targets" do projeto "C:\Projects\Irma Dulce\backend\src\IrmaDulce.Application\IrmaDulce.Application.csproj" (o destino "_GetRestoreSettings" depende dele):
   3:6>Destino de compilação pronto"_GetRestoreSettingsCurrentProject" no projeto "IrmaDulce.Application.csproj".
       Destino "_GetRestoreSettingsAllFrameworks" ignorado devido à condição falsa; ( '$(TargetFrameworks)' != '' AND '$(PackageReferenceCompatibleProjectStyle)' == 'true' ) foi avaliado como ( '' != '' AND 'True' == 'true' ).
   4:4>Destino "_GetRestoreSettingsCurrentProject" no arquivo "C:\Program Files\dotnet\sdk\8.0.415\NuGet.targets" do projeto "C:\Projects\Irma Dulce\backend\src\IrmaDulce.API\IrmaDulce.API.csproj" (o destino "_GetRestoreSettings" depende dele):
   4:4>Destino de compilação pronto"_GetRestoreSettingsCurrentProject" no projeto "IrmaDulce.API.csproj".
       Destino "_GetRestoreSettingsAllFrameworks" ignorado devido à condição falsa; ( '$(TargetFrameworks)' != '' AND '$(PackageReferenceCompatibleProjectStyle)' == 'true' ) foi avaliado como ( '' != '' AND 'True' == 'true' ).
   3:6>Destino "_GetRestoreSettings" no arquivo "C:\Program Files\dotnet\sdk\8.0.415\NuGet.targets" do projeto "C:\Projects\Irma Dulce\backend\src\IrmaDulce.Application\IrmaDulce.Application.csproj" (o destino "_GenerateDotnetCliToolReferenceSpecs" depende dele):
   3:6>Usando a tarefa "GetRestoreSettingsTask" do assembly "C:\Program Files\dotnet\sdk\8.0.415\NuGet.Build.Tasks.dll".
       Tarefa "GetRestoreSettingsTask"
   4:4>Destino "_GetRestoreSettings" no arquivo "C:\Program Files\dotnet\sdk\8.0.415\NuGet.targets" do projeto "C:\Projects\Irma Dulce\backend\src\IrmaDulce.API\IrmaDulce.API.csproj" (o destino "_GenerateDotnetCliToolReferenceSpecs" depende dele):
   4:4>Usando a tarefa "GetRestoreSettingsTask" do assembly "C:\Program Files\dotnet\sdk\8.0.415\NuGet.Build.Tasks.dll".
       Tarefa "GetRestoreSettingsTask"
       Tarefa em execução pronta "GetRestoreSettingsTask".
   4:4>Destino de compilação pronto"_GetRestoreSettings" no projeto "IrmaDulce.API.csproj".
   4:4>Destino "_GenerateDotnetCliToolReferenceSpecs" no arquivo "C:\Program Files\dotnet\sdk\8.0.415\NuGet.targets" do projeto "C:\Projects\Irma Dulce\backend\src\IrmaDulce.API\IrmaDulce.API.csproj" (o destino "_GenerateRestoreGraphProjectEntry" depende dele):
       Usando a tarefa "GetRestoreDotnetCliToolsTask" do assembly "C:\Program Files\dotnet\sdk\8.0.415\NuGet.Build.Tasks.dll".
       Tarefa "GetRestoreDotnetCliToolsTask"
       Tarefa em execução pronta "GetRestoreDotnetCliToolsTask".
   4:4>Destino de compilação pronto"_GenerateDotnetCliToolReferenceSpecs" no projeto "IrmaDulce.API.csproj".
   4:4>Destino "_GenerateRestoreGraphProjectEntry" no arquivo "C:\Program Files\dotnet\sdk\8.0.415\NuGet.targets" do projeto "C:\Projects\Irma Dulce\backend\src\IrmaDulce.API\IrmaDulce.API.csproj" (ponto de entrada):
   4:4>Destino de compilação pronto"_GenerateRestoreGraphProjectEntry" no projeto "IrmaDulce.API.csproj".
   4:4>Projeto de compilação pronto "C:\Projects\Irma Dulce\backend\src\IrmaDulce.API\IrmaDulce.API.csproj" (_GenerateRestoreGraphProjectEntry destino(s)).
   3:6>Tarefa em execução pronta "GetRestoreSettingsTask".
   3:6>Destino de compilação pronto"_GetRestoreSettings" no projeto "IrmaDulce.Application.csproj".
   3:6>Destino "_GenerateDotnetCliToolReferenceSpecs" no arquivo "C:\Program Files\dotnet\sdk\8.0.415\NuGet.targets" do projeto "C:\Projects\Irma Dulce\backend\src\IrmaDulce.Application\IrmaDulce.Application.csproj" (o destino "_GenerateRestoreGraphProjectEntry" depende dele):
       Usando a tarefa "GetRestoreDotnetCliToolsTask" do assembly "C:\Program Files\dotnet\sdk\8.0.415\NuGet.Build.Tasks.dll".
       Tarefa "GetRestoreDotnetCliToolsTask"
       Tarefa em execução pronta "GetRestoreDotnetCliToolsTask".
   3:6>Destino de compilação pronto"_GenerateDotnetCliToolReferenceSpecs" no projeto "IrmaDulce.Application.csproj".
   3:6>Destino "_GenerateRestoreGraphProjectEntry" no arquivo "C:\Program Files\dotnet\sdk\8.0.415\NuGet.targets" do projeto "C:\Projects\Irma Dulce\backend\src\IrmaDulce.Application\IrmaDulce.Application.csproj" (ponto de entrada):
   3:6>Destino de compilação pronto"_GenerateRestoreGraphProjectEntry" no projeto "IrmaDulce.Application.csproj".
   3:6>Projeto de compilação pronto "C:\Projects\Irma Dulce\backend\src\IrmaDulce.Application\IrmaDulce.Application.csproj" (_GenerateRestoreGraphProjectEntry destino(s)).
   2:5>Tarefa em execução pronta "GetRestoreSettingsTask".
   2:5>Destino de compilação pronto"_GetRestoreSettings" no projeto "IrmaDulce.Infrastructure.csproj".
   2:5>Destino "_GenerateDotnetCliToolReferenceSpecs" no arquivo "C:\Program Files\dotnet\sdk\8.0.415\NuGet.targets" do projeto "C:\Projects\Irma Dulce\backend\src\IrmaDulce.Infrastructure\IrmaDulce.Infrastructure.csproj" (o destino "_GenerateRestoreGraphProjectEntry" depende dele):
       Usando a tarefa "GetRestoreDotnetCliToolsTask" do assembly "C:\Program Files\dotnet\sdk\8.0.415\NuGet.Build.Tasks.dll".
       Tarefa "GetRestoreDotnetCliToolsTask"
       Tarefa em execução pronta "GetRestoreDotnetCliToolsTask".
   2:5>Destino de compilação pronto"_GenerateDotnetCliToolReferenceSpecs" no projeto "IrmaDulce.Infrastructure.csproj".
   2:5>Destino "_GenerateRestoreGraphProjectEntry" no arquivo "C:\Program Files\dotnet\sdk\8.0.415\NuGet.targets" do projeto "C:\Projects\Irma Dulce\backend\src\IrmaDulce.Infrastructure\IrmaDulce.Infrastructure.csproj" (ponto de entrada):
   2:5>Destino de compilação pronto"_GenerateRestoreGraphProjectEntry" no projeto "IrmaDulce.Infrastructure.csproj".
   2:5>Projeto de compilação pronto "C:\Projects\Irma Dulce\backend\src\IrmaDulce.Infrastructure\IrmaDulce.Infrastructure.csproj" (_GenerateRestoreGraphProjectEntry destino(s)).
   5:6>Tarefa em execução pronta "ProcessFrameworkReferences".
       Usando a tarefa "ResolveAppHosts" do assembly "C:\Program Files\dotnet\sdk\8.0.415\Sdks\Microsoft.NET.Sdk\targets\..\tools\net8.0\Microsoft.NET.Build.Tasks.dll".
       Tarefa "ResolveAppHosts"
       Tarefa em execução pronta "ResolveAppHosts".
   5:6>Destino de compilação pronto"ProcessFrameworkReferences" no projeto "IrmaDulce.Domain.csproj".
       Destino "IncludeTargetingPackReference" ignorado devido à condição falsa; ('$(TargetFrameworkMoniker)' != '' and '$(TargetFrameworkIdentifier)' == '.NETFramework' and '$(AutomaticallyUseReferenceAssemblyPackages)' == 'true') foi avaliado como ('.NETCoreApp,Version=v8.0' != '' and '.NETCoreApp' == '.NETFramework' and 'true' == 'true').
   5:6>Destino "_AddMicrosoftNetCompilerToolsetFrameworkPackage" no arquivo "C:\Program Files\dotnet\sdk\8.0.415\Sdks\Microsoft.NET.Sdk\targets\Microsoft.NET.Sdk.targets" do projeto "C:\Projects\Irma Dulce\backend\src\IrmaDulce.Domain\IrmaDulce.Domain.csproj" (o destino "CollectPackageReferences" depende dele):
       A tarefa "NETSdkWarning" foi ignorada devido a condição falsa; ('@(PackageReference->AnyHaveMetadataValue('Identity', 'Microsoft.Net.Compilers.Toolset.Framework'))' == 'true') foi avaliado como ('false' == 'true').
   5:6>Destino de compilação pronto"_AddMicrosoftNetCompilerToolsetFrameworkPackage" no projeto "IrmaDulce.Domain.csproj".
   5:6>Destino "_CheckForObsoleteDotNetCliToolReferences" no arquivo "C:\Program Files\dotnet\sdk\8.0.415\Sdks\Microsoft.NET.Sdk\targets\Microsoft.NET.ObsoleteReferences.targets" do projeto "C:\Projects\Irma Dulce\backend\src\IrmaDulce.Domain\IrmaDulce.Domain.csproj" (o destino "CollectPackageReferences" depende dele):
       A tarefa "NETSdkWarning" foi ignorada devido a condição falsa; ( '%(_ReferenceToObsoleteDotNetCliTool.Identity)' != '' ) foi avaliado como ( '' != '' ).
   5:6>Destino de compilação pronto"_CheckForObsoleteDotNetCliToolReferences" no projeto "IrmaDulce.Domain.csproj".
   5:6>Destino "CollectPackageReferences" no arquivo "C:\Program Files\dotnet\sdk\8.0.415\NuGet.targets" do projeto "C:\Projects\Irma Dulce\backend\src\IrmaDulce.Domain\IrmaDulce.Domain.csproj" (o destino "_GetRestoreProjectStyle" depende dele):
       Usando a tarefa "CheckForDuplicateNuGetItemsTask" do assembly "C:\Program Files\dotnet\sdk\8.0.415\NuGet.Build.Tasks.dll".
       Tarefa "CheckForDuplicateNuGetItemsTask"
       Tarefa em execução pronta "CheckForDuplicateNuGetItemsTask".
   5:6>Destino de compilação pronto"CollectPackageReferences" no projeto "IrmaDulce.Domain.csproj".
   5:6>Destino "_GetRestoreProjectStyle" no arquivo "C:\Program Files\dotnet\sdk\8.0.415\NuGet.targets" do projeto "C:\Projects\Irma Dulce\backend\src\IrmaDulce.Domain\IrmaDulce.Domain.csproj" (o destino "_GenerateRestoreSpecs" depende dele):
       Usando a tarefa "GetRestoreProjectStyleTask" do assembly "C:\Program Files\dotnet\sdk\8.0.415\NuGet.Build.Tasks.dll".
       Tarefa "GetRestoreProjectStyleTask"
       Tarefa em execução pronta "GetRestoreProjectStyleTask".
   5:6>Destino de compilação pronto"_GetRestoreProjectStyle" no projeto "IrmaDulce.Domain.csproj".
   5:6>Destino "_GenerateRestoreSpecs" no arquivo "C:\Program Files\dotnet\sdk\8.0.415\NuGet.targets" do projeto "C:\Projects\Irma Dulce\backend\src\IrmaDulce.Domain\IrmaDulce.Domain.csproj" (o destino "_GenerateRestoreGraphProjectEntry" depende dele):
       Usando a tarefa "Message" do assembly "Microsoft.Build.Tasks.Core, Version=15.1.0.0, Culture=neutral, PublicKeyToken=b03f5f7f11d50a3a".
       Tarefa "Message"
         Restore entry point C:\Projects\Irma Dulce\backend\src\IrmaDulce.Domain\IrmaDulce.Domain.csproj
       Tarefa em execução pronta "Message".
   5:6>Destino de compilação pronto"_GenerateRestoreSpecs" no projeto "IrmaDulce.Domain.csproj".
   5:6>Destino "_GetRestoreSettingsOverrides" no arquivo "C:\Program Files\dotnet\sdk\8.0.415\NuGet.targets" do projeto "C:\Projects\Irma Dulce\backend\src\IrmaDulce.Domain\IrmaDulce.Domain.csproj" (o destino "_GetRestoreSettings" depende dele):
       A tarefa "MSBuild" foi ignorada devido a condição falsa; ( '$(RestorePackagesPath)' != '' ) foi avaliado como ( '' != '' ).
       A tarefa "MSBuild" foi ignorada devido a condição falsa; ( '$(RestoreRepositoryPathOverride)' != '' ) foi avaliado como ( '' != '' ).
       A tarefa "MSBuild" foi ignorada devido a condição falsa; ( '$(RestoreSources)' != '' ) foi avaliado como ( '' != '' ).
       A tarefa "MSBuild" foi ignorada devido a condição falsa; ( '$(RestoreFallbackFolders)' != '' ) foi avaliado como ( '' != '' ).
   5:6>Destino de compilação pronto"_GetRestoreSettingsOverrides" no projeto "IrmaDulce.Domain.csproj".
   5:6>Destino "_GetRestoreSettingsPerFramework" no arquivo "C:\Program Files\dotnet\sdk\8.0.415\NuGet.targets" do projeto "C:\Projects\Irma Dulce\backend\src\IrmaDulce.Domain\IrmaDulce.Domain.csproj" (o destino "_GetRestoreSettingsCurrentProject" depende dele):
   5:6>Destino de compilação pronto"_GetRestoreSettingsPerFramework" no projeto "IrmaDulce.Domain.csproj".
   5:6>Destino "_GetRestoreSettingsCurrentProject" no arquivo "C:\Program Files\dotnet\sdk\8.0.415\NuGet.targets" do projeto "C:\Projects\Irma Dulce\backend\src\IrmaDulce.Domain\IrmaDulce.Domain.csproj" (o destino "_GetRestoreSettings" depende dele):
   5:6>Destino de compilação pronto"_GetRestoreSettingsCurrentProject" no projeto "IrmaDulce.Domain.csproj".
       Destino "_GetRestoreSettingsAllFrameworks" ignorado devido à condição falsa; ( '$(TargetFrameworks)' != '' AND '$(PackageReferenceCompatibleProjectStyle)' == 'true' ) foi avaliado como ( '' != '' AND 'True' == 'true' ).
   5:6>Destino "_GetRestoreSettings" no arquivo "C:\Program Files\dotnet\sdk\8.0.415\NuGet.targets" do projeto "C:\Projects\Irma Dulce\backend\src\IrmaDulce.Domain\IrmaDulce.Domain.csproj" (o destino "_GenerateDotnetCliToolReferenceSpecs" depende dele):
       Usando a tarefa "GetRestoreSettingsTask" do assembly "C:\Program Files\dotnet\sdk\8.0.415\NuGet.Build.Tasks.dll".
       Tarefa "GetRestoreSettingsTask"
         Assembly carregado durante TaskRun (NuGet.Build.Tasks.GetRestoreSettingsTask): NuGet.Configuration, Version=6.11.1.2, Culture=neutral, PublicKeyToken=31bf3856ad364e35 (local: C:\Program Files\dotnet\sdk\8.0.415\NuGet.Configuration.dll, MVID: be7e3e57-42a2-4a9c-87cf-47833efa7f94, AssemblyLoadContext: MSBuild plugin C:\Program Files\dotnet\sdk\8.0.415\NuGet.Build.Tasks.dll)
       Tarefa em execução pronta "GetRestoreSettingsTask".
   5:6>Destino de compilação pronto"_GetRestoreSettings" no projeto "IrmaDulce.Domain.csproj".
   5:6>Destino "_GenerateDotnetCliToolReferenceSpecs" no arquivo "C:\Program Files\dotnet\sdk\8.0.415\NuGet.targets" do projeto "C:\Projects\Irma Dulce\backend\src\IrmaDulce.Domain\IrmaDulce.Domain.csproj" (o destino "_GenerateRestoreGraphProjectEntry" depende dele):
       Usando a tarefa "GetRestoreDotnetCliToolsTask" do assembly "C:\Program Files\dotnet\sdk\8.0.415\NuGet.Build.Tasks.dll".
       Tarefa "GetRestoreDotnetCliToolsTask"
       Tarefa em execução pronta "GetRestoreDotnetCliToolsTask".
   5:6>Destino de compilação pronto"_GenerateDotnetCliToolReferenceSpecs" no projeto "IrmaDulce.Domain.csproj".
   5:6>Destino "_GenerateRestoreGraphProjectEntry" no arquivo "C:\Program Files\dotnet\sdk\8.0.415\NuGet.targets" do projeto "C:\Projects\Irma Dulce\backend\src\IrmaDulce.Domain\IrmaDulce.Domain.csproj" (ponto de entrada):
   5:6>Destino de compilação pronto"_GenerateRestoreGraphProjectEntry" no projeto "IrmaDulce.Domain.csproj".
   5:6>Projeto de compilação pronto "C:\Projects\Irma Dulce\backend\src\IrmaDulce.Domain\IrmaDulce.Domain.csproj" (_GenerateRestoreGraphProjectEntry destino(s)).
     1>Tarefa em execução pronta "MSBuild".
       Tarefa "MSBuild"
         Propriedades globais:
           ExcludeRestorePackageImports=true
           _RestoreSolutionFileUsed=true
           SolutionDir=C:\Projects\Irma Dulce\backend\
           SolutionName=IrmaDulce
           SolutionFileName=IrmaDulce.sln
           SolutionPath=C:\Projects\Irma Dulce\backend\IrmaDulce.sln
           SolutionExt=.sln
         Propriedades adicionais do projeto "C:\Projects\Irma Dulce\backend\src\IrmaDulce.Domain\IrmaDulce.Domain.csproj":
           Configuration=Debug
           Platform=AnyCPU
         Propriedades adicionais do projeto "C:\Projects\Irma Dulce\backend\src\IrmaDulce.Application\IrmaDulce.Application.csproj":
           Configuration=Debug
           Platform=AnyCPU
         Propriedades adicionais do projeto "C:\Projects\Irma Dulce\backend\src\IrmaDulce.Infrastructure\IrmaDulce.Infrastructure.csproj":
           Configuration=Debug
           Platform=AnyCPU
         Propriedades adicionais do projeto "C:\Projects\Irma Dulce\backend\src\IrmaDulce.API\IrmaDulce.API.csproj":
           Configuration=Debug
           Platform=AnyCPU
     1>O projeto "C:\Projects\Irma Dulce\backend\IrmaDulce.sln" (1) está compilando "C:\Projects\Irma Dulce\backend\src\IrmaDulce.Domain\IrmaDulce.Domain.csproj" (5:7) no nó 1 (_GenerateProjectRestoreGraph destino(s)).
   5:7>Destino "_GetRestoreProjectStyle" ignorado. Compilado anteriormente com êxito.
       Destino "_GetRestoreProjectStyle" ignorado. Compilado anteriormente com êxito.
       Destino "_GetRestoreProjectStyle" ignorado. Compilado anteriormente com êxito.
   5:7>Destino "_GetRestoreTargetFrameworkOverride" no arquivo "C:\Program Files\dotnet\sdk\8.0.415\NuGet.targets" do projeto "C:\Projects\Irma Dulce\backend\src\IrmaDulce.Domain\IrmaDulce.Domain.csproj" (o destino "_GetRestoreTargetFrameworksOutput" depende dele):
       A tarefa "GetGlobalPropertyValueTask" foi ignorada devido a condição falsa; ( '$(TargetFrameworks)' != '' ) foi avaliado como ( '' != '' ).
   5:7>Destino de compilação pronto"_GetRestoreTargetFrameworkOverride" no projeto "IrmaDulce.Domain.csproj".
     1>O projeto "C:\Projects\Irma Dulce\backend\IrmaDulce.sln" (1) está compilando "C:\Projects\Irma Dulce\backend\src\IrmaDulce.Application\IrmaDulce.Application.csproj" (3:7) no nó 4 (_GenerateProjectRestoreGraph destino(s)).
   3:7>Destino "_GetRestoreProjectStyle" ignorado. Compilado anteriormente com êxito.
   5:7>Destino "_GetRestoreTargetFrameworksOutput" no arquivo "C:\Program Files\dotnet\sdk\8.0.415\NuGet.targets" do projeto "C:\Projects\Irma Dulce\backend\src\IrmaDulce.Domain\IrmaDulce.Domain.csproj" (o destino "_GenerateRestoreProjectSpec" depende dele):
   5:7>Usando a tarefa "GetProjectTargetFrameworksTask" do assembly "C:\Program Files\dotnet\sdk\8.0.415\NuGet.Build.Tasks.dll".
       Tarefa "GetProjectTargetFrameworksTask"
     1>O projeto "C:\Projects\Irma Dulce\backend\IrmaDulce.sln" (1) está compilando "C:\Projects\Irma Dulce\backend\src\IrmaDulce.API\IrmaDulce.API.csproj" (4:5) no nó 2 (_GenerateProjectRestoreGraph destino(s)).
   4:5>Destino "_GetRestoreProjectStyle" ignorado. Compilado anteriormente com êxito.
   3:7>Destino "_GetRestoreProjectStyle" ignorado. Compilado anteriormente com êxito.
       Destino "_GetRestoreProjectStyle" ignorado. Compilado anteriormente com êxito.
   4:5>Destino "_GetRestoreProjectStyle" ignorado. Compilado anteriormente com êxito.
   5:7>Tarefa em execução pronta "GetProjectTargetFrameworksTask".
   5:7>Destino de compilação pronto"_GetRestoreTargetFrameworksOutput" no projeto "IrmaDulce.Domain.csproj".
       Destino "_GetRestoreSettings" ignorado. Compilado anteriormente com êxito.
     1>O projeto "C:\Projects\Irma Dulce\backend\IrmaDulce.sln" (1) está compilando "C:\Projects\Irma Dulce\backend\src\IrmaDulce.Infrastructure\IrmaDulce.Infrastructure.csproj" (2:6) no nó 3 (_GenerateProjectRestoreGraph destino(s)).
   2:6>Destino "_GetRestoreProjectStyle" ignorado. Compilado anteriormente com êxito.
   5:7>Destino "_GenerateRestoreProjectSpec" no arquivo "C:\Program Files\dotnet\sdk\8.0.415\NuGet.targets" do projeto "C:\Projects\Irma Dulce\backend\src\IrmaDulce.Domain\IrmaDulce.Domain.csproj" (o destino "_GenerateProjectRestoreGraph" depende dele):
   5:7>Tarefa "ConvertToAbsolutePath"
   2:6>Destino "_GetRestoreProjectStyle" ignorado. Compilado anteriormente com êxito.
   4:5>Destino "_GetRestoreProjectStyle" ignorado. Compilado anteriormente com êxito.
   2:6>Destino "_GetRestoreProjectStyle" ignorado. Compilado anteriormente com êxito.
   5:7>Tarefa em execução pronta "ConvertToAbsolutePath".
   3:7>Destino "_GetRestoreTargetFrameworkOverride" no arquivo "C:\Program Files\dotnet\sdk\8.0.415\NuGet.targets" do projeto "C:\Projects\Irma Dulce\backend\src\IrmaDulce.Application\IrmaDulce.Application.csproj" (o destino "_GetRestoreTargetFrameworksOutput" depende dele):
   3:7>A tarefa "GetGlobalPropertyValueTask" foi ignorada devido a condição falsa; ( '$(TargetFrameworks)' != '' ) foi avaliado como ( '' != '' ).
   2:6>Destino "_GetRestoreTargetFrameworkOverride" no arquivo "C:\Program Files\dotnet\sdk\8.0.415\NuGet.targets" do projeto "C:\Projects\Irma Dulce\backend\src\IrmaDulce.Infrastructure\IrmaDulce.Infrastructure.csproj" (o destino "_GetRestoreTargetFrameworksOutput" depende dele):
   2:6>A tarefa "GetGlobalPropertyValueTask" foi ignorada devido a condição falsa; ( '$(TargetFrameworks)' != '' ) foi avaliado como ( '' != '' ).
   2:6>Destino de compilação pronto"_GetRestoreTargetFrameworkOverride" no projeto "IrmaDulce.Infrastructure.csproj".
   5:7>Destino de compilação pronto"_GenerateRestoreProjectSpec" no projeto "IrmaDulce.Domain.csproj".
       Destino "_GenerateProjectRestoreGraphAllFrameworks" ignorado devido à condição falsa; ( '$(TargetFrameworks)' != '' ) foi avaliado como ( '' != '' ).
       Destino "_GetRestoreProjectStyle" ignorado. Compilado anteriormente com êxito.
       Destino "CollectPackageReferences" ignorado. Compilado anteriormente com êxito.
   3:7>Destino de compilação pronto"_GetRestoreTargetFrameworkOverride" no projeto "IrmaDulce.Application.csproj".
   4:5>Destino "_GetRestoreTargetFrameworkOverride" no arquivo "C:\Program Files\dotnet\sdk\8.0.415\NuGet.targets" do projeto "C:\Projects\Irma Dulce\backend\src\IrmaDulce.API\IrmaDulce.API.csproj" (o destino "_GetRestoreTargetFrameworksOutput" depende dele):
   4:5>A tarefa "GetGlobalPropertyValueTask" foi ignorada devido a condição falsa; ( '$(TargetFrameworks)' != '' ) foi avaliado como ( '' != '' ).
   5:7>Destino "CollectPackageDownloads" no arquivo "C:\Program Files\dotnet\sdk\8.0.415\NuGet.targets" do projeto "C:\Projects\Irma Dulce\backend\src\IrmaDulce.Domain\IrmaDulce.Domain.csproj" (o destino "_CollectRestoreInputs" depende dele):
   5:7>Tarefa "CheckForDuplicateNuGetItemsTask"
   2:6>Destino "_GetRestoreTargetFrameworksOutput" no arquivo "C:\Program Files\dotnet\sdk\8.0.415\NuGet.targets" do projeto "C:\Projects\Irma Dulce\backend\src\IrmaDulce.Infrastructure\IrmaDulce.Infrastructure.csproj" (o destino "_GenerateRestoreProjectSpec" depende dele):
   2:6>Usando a tarefa "GetProjectTargetFrameworksTask" do assembly "C:\Program Files\dotnet\sdk\8.0.415\NuGet.Build.Tasks.dll".
   4:5>Destino de compilação pronto"_GetRestoreTargetFrameworkOverride" no projeto "IrmaDulce.API.csproj".
   2:6>Tarefa "GetProjectTargetFrameworksTask"
       Tarefa em execução pronta "GetProjectTargetFrameworksTask".
   2:6>Destino de compilação pronto"_GetRestoreTargetFrameworksOutput" no projeto "IrmaDulce.Infrastructure.csproj".
   3:7>Destino "_GetRestoreTargetFrameworksOutput" no arquivo "C:\Program Files\dotnet\sdk\8.0.415\NuGet.targets" do projeto "C:\Projects\Irma Dulce\backend\src\IrmaDulce.Application\IrmaDulce.Application.csproj" (o destino "_GenerateRestoreProjectSpec" depende dele):
   3:7>Usando a tarefa "GetProjectTargetFrameworksTask" do assembly "C:\Program Files\dotnet\sdk\8.0.415\NuGet.Build.Tasks.dll".
   2:6>Destino "_GetRestoreSettings" ignorado. Compilado anteriormente com êxito.
   3:7>Tarefa "GetProjectTargetFrameworksTask"
   4:5>Destino "_GetRestoreTargetFrameworksOutput" no arquivo "C:\Program Files\dotnet\sdk\8.0.415\NuGet.targets" do projeto "C:\Projects\Irma Dulce\backend\src\IrmaDulce.API\IrmaDulce.API.csproj" (o destino "_GenerateRestoreProjectSpec" depende dele):
   4:5>Usando a tarefa "GetProjectTargetFrameworksTask" do assembly "C:\Program Files\dotnet\sdk\8.0.415\NuGet.Build.Tasks.dll".
   2:6>Destino "_GenerateRestoreProjectSpec" no arquivo "C:\Program Files\dotnet\sdk\8.0.415\NuGet.targets" do projeto "C:\Projects\Irma Dulce\backend\src\IrmaDulce.Infrastructure\IrmaDulce.Infrastructure.csproj" (o destino "_GenerateProjectRestoreGraph" depende dele):
   2:6>Tarefa "ConvertToAbsolutePath"
   3:7>Tarefa em execução pronta "GetProjectTargetFrameworksTask".
   2:6>Tarefa em execução pronta "ConvertToAbsolutePath".
   5:7>Tarefa em execução pronta "CheckForDuplicateNuGetItemsTask".
   5:7>Destino de compilação pronto"CollectPackageDownloads" no projeto "IrmaDulce.Domain.csproj".
   2:6>Destino de compilação pronto"_GenerateRestoreProjectSpec" no projeto "IrmaDulce.Infrastructure.csproj".
       Destino "_GenerateProjectRestoreGraphAllFrameworks" ignorado devido à condição falsa; ( '$(TargetFrameworks)' != '' ) foi avaliado como ( '' != '' ).
   4:5>Tarefa "GetProjectTargetFrameworksTask"
   3:7>Destino de compilação pronto"_GetRestoreTargetFrameworksOutput" no projeto "IrmaDulce.Application.csproj".
   2:6>Destino "_GetRestoreProjectStyle" ignorado. Compilado anteriormente com êxito.
   5:7>Destino "CollectFrameworkReferences" no arquivo "C:\Program Files\dotnet\sdk\8.0.415\NuGet.targets" do projeto "C:\Projects\Irma Dulce\backend\src\IrmaDulce.Domain\IrmaDulce.Domain.csproj" (o destino "_CollectRestoreInputs" depende dele):
   5:7>Destino de compilação pronto"CollectFrameworkReferences" no projeto "IrmaDulce.Domain.csproj".
   2:6>Destino "CollectPackageReferences" ignorado. Compilado anteriormente com êxito.
   5:7>Destino "CollectCentralPackageVersions" no arquivo "C:\Program Files\dotnet\sdk\8.0.415\NuGet.targets" do projeto "C:\Projects\Irma Dulce\backend\src\IrmaDulce.Domain\IrmaDulce.Domain.csproj" (o destino "_CollectRestoreInputs" depende dele):
   5:7>Tarefa "CheckForDuplicateNuGetItemsTask"
   2:6>Destino "CollectPackageDownloads" no arquivo "C:\Program Files\dotnet\sdk\8.0.415\NuGet.targets" do projeto "C:\Projects\Irma Dulce\backend\src\IrmaDulce.Infrastructure\IrmaDulce.Infrastructure.csproj" (o destino "_CollectRestoreInputs" depende dele):
   2:6>Tarefa "CheckForDuplicateNuGetItemsTask"
   4:5>Tarefa em execução pronta "GetProjectTargetFrameworksTask".
   2:6>Tarefa em execução pronta "CheckForDuplicateNuGetItemsTask".
   3:7>Destino "_GetRestoreSettings" ignorado. Compilado anteriormente com êxito.
   2:6>Destino de compilação pronto"CollectPackageDownloads" no projeto "IrmaDulce.Infrastructure.csproj".
   4:5>Destino de compilação pronto"_GetRestoreTargetFrameworksOutput" no projeto "IrmaDulce.API.csproj".
   2:6>Destino "CollectFrameworkReferences" no arquivo "C:\Program Files\dotnet\sdk\8.0.415\NuGet.targets" do projeto "C:\Projects\Irma Dulce\backend\src\IrmaDulce.Infrastructure\IrmaDulce.Infrastructure.csproj" (o destino "_CollectRestoreInputs" depende dele):
   2:6>Destino de compilação pronto"CollectFrameworkReferences" no projeto "IrmaDulce.Infrastructure.csproj".
   4:5>Destino "_GetRestoreSettings" ignorado. Compilado anteriormente com êxito.
   2:6>Destino "CollectCentralPackageVersions" no arquivo "C:\Program Files\dotnet\sdk\8.0.415\NuGet.targets" do projeto "C:\Projects\Irma Dulce\backend\src\IrmaDulce.Infrastructure\IrmaDulce.Infrastructure.csproj" (o destino "_CollectRestoreInputs" depende dele):
   2:6>Tarefa "CheckForDuplicateNuGetItemsTask"
   3:7>Destino "_GenerateRestoreProjectSpec" no arquivo "C:\Program Files\dotnet\sdk\8.0.415\NuGet.targets" do projeto "C:\Projects\Irma Dulce\backend\src\IrmaDulce.Application\IrmaDulce.Application.csproj" (o destino "_GenerateProjectRestoreGraph" depende dele):
   3:7>Tarefa "ConvertToAbsolutePath"
   2:6>Tarefa em execução pronta "CheckForDuplicateNuGetItemsTask".
   2:6>Destino de compilação pronto"CollectCentralPackageVersions" no projeto "IrmaDulce.Infrastructure.csproj".
   3:7>Tarefa em execução pronta "ConvertToAbsolutePath".
   4:5>Destino "_GenerateRestoreProjectSpec" no arquivo "C:\Program Files\dotnet\sdk\8.0.415\NuGet.targets" do projeto "C:\Projects\Irma Dulce\backend\src\IrmaDulce.API\IrmaDulce.API.csproj" (o destino "_GenerateProjectRestoreGraph" depende dele):
   4:5>Tarefa "ConvertToAbsolutePath"
   5:7>Tarefa em execução pronta "CheckForDuplicateNuGetItemsTask".
   3:7>Destino de compilação pronto"_GenerateRestoreProjectSpec" no projeto "IrmaDulce.Application.csproj".
   2:6>Destino "CollectNuGetAuditSuppressions" no arquivo "C:\Program Files\dotnet\sdk\8.0.415\NuGet.targets" do projeto "C:\Projects\Irma Dulce\backend\src\IrmaDulce.Infrastructure\IrmaDulce.Infrastructure.csproj" (o destino "_CollectRestoreInputs" depende dele):
   2:6>Tarefa "CheckForDuplicateNuGetItemsTask"
   5:7>Destino de compilação pronto"CollectCentralPackageVersions" no projeto "IrmaDulce.Domain.csproj".
   2:6>Tarefa em execução pronta "CheckForDuplicateNuGetItemsTask".
   4:5>Tarefa em execução pronta "ConvertToAbsolutePath".
   3:7>Destino "_GenerateProjectRestoreGraphAllFrameworks" ignorado devido à condição falsa; ( '$(TargetFrameworks)' != '' ) foi avaliado como ( '' != '' ).
   2:6>Destino de compilação pronto"CollectNuGetAuditSuppressions" no projeto "IrmaDulce.Infrastructure.csproj".
   5:7>Destino "CollectNuGetAuditSuppressions" no arquivo "C:\Program Files\dotnet\sdk\8.0.415\NuGet.targets" do projeto "C:\Projects\Irma Dulce\backend\src\IrmaDulce.Domain\IrmaDulce.Domain.csproj" (o destino "_CollectRestoreInputs" depende dele):
   5:7>Tarefa "CheckForDuplicateNuGetItemsTask"
   4:5>Destino de compilação pronto"_GenerateRestoreProjectSpec" no projeto "IrmaDulce.API.csproj".
   3:7>Destino "_GetRestoreProjectStyle" ignorado. Compilado anteriormente com êxito.
   2:6>Destino "_CollectRestoreInputs" no arquivo "C:\Program Files\dotnet\sdk\8.0.415\NuGet.targets" do projeto "C:\Projects\Irma Dulce\backend\src\IrmaDulce.Infrastructure\IrmaDulce.Infrastructure.csproj" (o destino "_GenerateProjectRestoreGraphPerFramework" depende dele):
   2:6>Destino de compilação pronto"_CollectRestoreInputs" no projeto "IrmaDulce.Infrastructure.csproj".
   4:5>Destino "_GenerateProjectRestoreGraphAllFrameworks" ignorado devido à condição falsa; ( '$(TargetFrameworks)' != '' ) foi avaliado como ( '' != '' ).
   5:7>Tarefa em execução pronta "CheckForDuplicateNuGetItemsTask".
   3:7>Destino "CollectPackageReferences" ignorado. Compilado anteriormente com êxito.
   2:6>Destino "PrepRestoreForStoreProjects" ignorado devido à condição falsa; ('$(StorePackageName)' != '') foi avaliado como ('' != '').
   5:7>Destino de compilação pronto"CollectNuGetAuditSuppressions" no projeto "IrmaDulce.Domain.csproj".
   5:7>Destino "_CollectRestoreInputs" no arquivo "C:\Program Files\dotnet\sdk\8.0.415\NuGet.targets" do projeto "C:\Projects\Irma Dulce\backend\src\IrmaDulce.Domain\IrmaDulce.Domain.csproj" (o destino "_GenerateProjectRestoreGraphPerFramework" depende dele):
   5:7>Destino de compilação pronto"_CollectRestoreInputs" no projeto "IrmaDulce.Domain.csproj".
       Destino "PrepRestoreForStoreProjects" ignorado devido à condição falsa; ('$(StorePackageName)' != '') foi avaliado como ('' != '').
   4:5>Destino "_GetRestoreProjectStyle" ignorado. Compilado anteriormente com êxito.
   2:6>Destino "_GenerateProjectRestoreGraphPerFramework" no arquivo "C:\Program Files\dotnet\sdk\8.0.415\NuGet.targets" do projeto "C:\Projects\Irma Dulce\backend\src\IrmaDulce.Infrastructure\IrmaDulce.Infrastructure.csproj" (o destino "_GenerateProjectRestoreGraphCurrentProject" depende dele):
   2:6>Usando a tarefa "GetRestoreProjectReferencesTask" do assembly "C:\Program Files\dotnet\sdk\8.0.415\NuGet.Build.Tasks.dll".
   4:5>Destino "CollectPackageReferences" ignorado. Compilado anteriormente com êxito.
   3:7>Destino "CollectPackageDownloads" no arquivo "C:\Program Files\dotnet\sdk\8.0.415\NuGet.targets" do projeto "C:\Projects\Irma Dulce\backend\src\IrmaDulce.Application\IrmaDulce.Application.csproj" (o destino "_CollectRestoreInputs" depende dele):
   3:7>Tarefa "CheckForDuplicateNuGetItemsTask"
   2:6>Tarefa "GetRestoreProjectReferencesTask"
       Tarefa em execução pronta "GetRestoreProjectReferencesTask".
   3:7>Tarefa em execução pronta "CheckForDuplicateNuGetItemsTask".
   2:6>_GenerateProjectRestoreGraphPerFramework:
       Usando a tarefa "GetRestorePackageReferencesTask" do assembly "C:\Program Files\dotnet\sdk\8.0.415\NuGet.Build.Tasks.dll".
   4:5>Destino "CollectPackageDownloads" no arquivo "C:\Program Files\dotnet\sdk\8.0.415\NuGet.targets" do projeto "C:\Projects\Irma Dulce\backend\src\IrmaDulce.API\IrmaDulce.API.csproj" (o destino "_CollectRestoreInputs" depende dele):
   4:5>Tarefa "CheckForDuplicateNuGetItemsTask"
   3:7>Destino de compilação pronto"CollectPackageDownloads" no projeto "IrmaDulce.Application.csproj".
   2:6>Tarefa "GetRestorePackageReferencesTask"
       Tarefa em execução pronta "GetRestorePackageReferencesTask".
   5:7>Destino "_GenerateProjectRestoreGraphPerFramework" no arquivo "C:\Program Files\dotnet\sdk\8.0.415\NuGet.targets" do projeto "C:\Projects\Irma Dulce\backend\src\IrmaDulce.Domain\IrmaDulce.Domain.csproj" (o destino "_GenerateProjectRestoreGraphCurrentProject" depende dele):
   5:7>Usando a tarefa "GetRestoreProjectReferencesTask" do assembly "C:\Program Files\dotnet\sdk\8.0.415\NuGet.Build.Tasks.dll".
       Tarefa "GetRestoreProjectReferencesTask"
   4:5>Tarefa em execução pronta "CheckForDuplicateNuGetItemsTask".
   2:6>_GenerateProjectRestoreGraphPerFramework:
       A tarefa "GetCentralPackageVersionsTask" foi ignorada devido a condição falsa; ( '$(PackageReferenceCompatibleProjectStyle)' == 'true' AND '$(_CentralPackageVersionsEnabled)' == 'true' ) foi avaliado como ( 'True' == 'true' AND '' == 'true' ).
       Usando a tarefa "GetRestorePackageDownloadsTask" do assembly "C:\Program Files\dotnet\sdk\8.0.415\NuGet.Build.Tasks.dll".
   4:5>Destino de compilação pronto"CollectPackageDownloads" no projeto "IrmaDulce.API.csproj".
   3:7>Destino "CollectFrameworkReferences" no arquivo "C:\Program Files\dotnet\sdk\8.0.415\NuGet.targets" do projeto "C:\Projects\Irma Dulce\backend\src\IrmaDulce.Application\IrmaDulce.Application.csproj" (o destino "_CollectRestoreInputs" depende dele):
   3:7>Destino de compilação pronto"CollectFrameworkReferences" no projeto "IrmaDulce.Application.csproj".
   2:6>Tarefa "GetRestorePackageDownloadsTask"
       Tarefa em execução pronta "GetRestorePackageDownloadsTask".
       Usando a tarefa "GetRestoreFrameworkReferencesTask" do assembly "C:\Program Files\dotnet\sdk\8.0.415\NuGet.Build.Tasks.dll".
   5:7>Tarefa em execução pronta "GetRestoreProjectReferencesTask".
   3:7>Destino "CollectCentralPackageVersions" no arquivo "C:\Program Files\dotnet\sdk\8.0.415\NuGet.targets" do projeto "C:\Projects\Irma Dulce\backend\src\IrmaDulce.Application\IrmaDulce.Application.csproj" (o destino "_CollectRestoreInputs" depende dele):
   3:7>Tarefa "CheckForDuplicateNuGetItemsTask"
   2:6>Tarefa "GetRestoreFrameworkReferencesTask"
   4:5>Destino "CollectFrameworkReferences" no arquivo "C:\Program Files\dotnet\sdk\8.0.415\NuGet.targets" do projeto "C:\Projects\Irma Dulce\backend\src\IrmaDulce.API\IrmaDulce.API.csproj" (o destino "_CollectRestoreInputs" depende dele):
   4:5>Destino de compilação pronto"CollectFrameworkReferences" no projeto "IrmaDulce.API.csproj".
   2:6>Tarefa em execução pronta "GetRestoreFrameworkReferencesTask".
   3:7>Tarefa em execução pronta "CheckForDuplicateNuGetItemsTask".
   2:6>_GenerateProjectRestoreGraphPerFramework:
       Usando a tarefa "GetRestoreNuGetAuditSuppressionsTask" do assembly "C:\Program Files\dotnet\sdk\8.0.415\NuGet.Build.Tasks.dll".
       Tarefa "GetRestoreNuGetAuditSuppressionsTask"
   3:7>Destino de compilação pronto"CollectCentralPackageVersions" no projeto "IrmaDulce.Application.csproj".
   4:5>Destino "CollectCentralPackageVersions" no arquivo "C:\Program Files\dotnet\sdk\8.0.415\NuGet.targets" do projeto "C:\Projects\Irma Dulce\backend\src\IrmaDulce.API\IrmaDulce.API.csproj" (o destino "_CollectRestoreInputs" depende dele):
   4:5>Tarefa "CheckForDuplicateNuGetItemsTask"
   2:6>Tarefa em execução pronta "GetRestoreNuGetAuditSuppressionsTask".
   5:7>_GenerateProjectRestoreGraphPerFramework:
       Usando a tarefa "GetRestorePackageReferencesTask" do assembly "C:\Program Files\dotnet\sdk\8.0.415\NuGet.Build.Tasks.dll".
       Tarefa "GetRestorePackageReferencesTask"
   2:6>Destino de compilação pronto"_GenerateProjectRestoreGraphPerFramework" no projeto "IrmaDulce.Infrastructure.csproj".
   3:7>Destino "CollectNuGetAuditSuppressions" no arquivo "C:\Program Files\dotnet\sdk\8.0.415\NuGet.targets" do projeto "C:\Projects\Irma Dulce\backend\src\IrmaDulce.Application\IrmaDulce.Application.csproj" (o destino "_CollectRestoreInputs" depende dele):
   3:7>Tarefa "CheckForDuplicateNuGetItemsTask"
   4:5>Tarefa em execução pronta "CheckForDuplicateNuGetItemsTask".
   2:6>Destino "_GenerateProjectRestoreGraphCurrentProject" no arquivo "C:\Program Files\dotnet\sdk\8.0.415\NuGet.targets" do projeto "C:\Projects\Irma Dulce\backend\src\IrmaDulce.Infrastructure\IrmaDulce.Infrastructure.csproj" (o destino "_GenerateRestoreDependencies" depende dele):
   2:6>Destino de compilação pronto"_GenerateProjectRestoreGraphCurrentProject" no projeto "IrmaDulce.Infrastructure.csproj".
   4:5>Destino de compilação pronto"CollectCentralPackageVersions" no projeto "IrmaDulce.API.csproj".
   5:7>Tarefa em execução pronta "GetRestorePackageReferencesTask".
   3:7>Tarefa em execução pronta "CheckForDuplicateNuGetItemsTask".
   5:7>_GenerateProjectRestoreGraphPerFramework:
       A tarefa "GetCentralPackageVersionsTask" foi ignorada devido a condição falsa; ( '$(PackageReferenceCompatibleProjectStyle)' == 'true' AND '$(_CentralPackageVersionsEnabled)' == 'true' ) foi avaliado como ( 'True' == 'true' AND '' == 'true' ).
   2:6>Destino "_GenerateRestoreDependencies" no arquivo "C:\Program Files\dotnet\sdk\8.0.415\NuGet.targets" do projeto "C:\Projects\Irma Dulce\backend\src\IrmaDulce.Infrastructure\IrmaDulce.Infrastructure.csproj" (o destino "_GenerateProjectRestoreGraph" depende dele):
   2:6>Destino de compilação pronto"_GenerateRestoreDependencies" no projeto "IrmaDulce.Infrastructure.csproj".
   3:7>Destino de compilação pronto"CollectNuGetAuditSuppressions" no projeto "IrmaDulce.Application.csproj".
   4:5>Destino "CollectNuGetAuditSuppressions" no arquivo "C:\Program Files\dotnet\sdk\8.0.415\NuGet.targets" do projeto "C:\Projects\Irma Dulce\backend\src\IrmaDulce.API\IrmaDulce.API.csproj" (o destino "_CollectRestoreInputs" depende dele):
   4:5>Tarefa "CheckForDuplicateNuGetItemsTask"
   2:6>Destino "_GenerateProjectRestoreGraph" no arquivo "C:\Program Files\dotnet\sdk\8.0.415\NuGet.targets" do projeto "C:\Projects\Irma Dulce\backend\src\IrmaDulce.Infrastructure\IrmaDulce.Infrastructure.csproj" (ponto de entrada):
   2:6>Destino de compilação pronto"_GenerateProjectRestoreGraph" no projeto "IrmaDulce.Infrastructure.csproj".
   4:5>Tarefa em execução pronta "CheckForDuplicateNuGetItemsTask".
   2:6>Projeto de compilação pronto "C:\Projects\Irma Dulce\backend\src\IrmaDulce.Infrastructure\IrmaDulce.Infrastructure.csproj" (_GenerateProjectRestoreGraph destino(s)).
   5:7>_GenerateProjectRestoreGraphPerFramework:
       Usando a tarefa "GetRestorePackageDownloadsTask" do assembly "C:\Program Files\dotnet\sdk\8.0.415\NuGet.Build.Tasks.dll".
       Tarefa "GetRestorePackageDownloadsTask"
   3:7>Destino "_CollectRestoreInputs" no arquivo "C:\Program Files\dotnet\sdk\8.0.415\NuGet.targets" do projeto "C:\Projects\Irma Dulce\backend\src\IrmaDulce.Application\IrmaDulce.Application.csproj" (o destino "_GenerateProjectRestoreGraphPerFramework" depende dele):
   3:7>Destino de compilação pronto"_CollectRestoreInputs" no projeto "IrmaDulce.Application.csproj".
   4:5>Destino de compilação pronto"CollectNuGetAuditSuppressions" no projeto "IrmaDulce.API.csproj".
   3:7>Destino "PrepRestoreForStoreProjects" ignorado devido à condição falsa; ('$(StorePackageName)' != '') foi avaliado como ('' != '').
   4:5>Destino "_CollectRestoreInputs" no arquivo "C:\Program Files\dotnet\sdk\8.0.415\NuGet.targets" do projeto "C:\Projects\Irma Dulce\backend\src\IrmaDulce.API\IrmaDulce.API.csproj" (o destino "_GenerateProjectRestoreGraphPerFramework" depende dele):
   4:5>Destino de compilação pronto"_CollectRestoreInputs" no projeto "IrmaDulce.API.csproj".
   5:7>Tarefa em execução pronta "GetRestorePackageDownloadsTask".
   4:5>Destino "PrepRestoreForStoreProjects" ignorado devido à condição falsa; ('$(StorePackageName)' != '') foi avaliado como ('' != '').
   3:7>Destino "_GenerateProjectRestoreGraphPerFramework" no arquivo "C:\Program Files\dotnet\sdk\8.0.415\NuGet.targets" do projeto "C:\Projects\Irma Dulce\backend\src\IrmaDulce.Application\IrmaDulce.Application.csproj" (o destino "_GenerateProjectRestoreGraphCurrentProject" depende dele):
   3:7>Usando a tarefa "GetRestoreProjectReferencesTask" do assembly "C:\Program Files\dotnet\sdk\8.0.415\NuGet.Build.Tasks.dll".
       Tarefa "GetRestoreProjectReferencesTask"
   4:5>Destino "_GenerateProjectRestoreGraphPerFramework" no arquivo "C:\Program Files\dotnet\sdk\8.0.415\NuGet.targets" do projeto "C:\Projects\Irma Dulce\backend\src\IrmaDulce.API\IrmaDulce.API.csproj" (o destino "_GenerateProjectRestoreGraphCurrentProject" depende dele):
   4:5>Usando a tarefa "GetRestoreProjectReferencesTask" do assembly "C:\Program Files\dotnet\sdk\8.0.415\NuGet.Build.Tasks.dll".
   5:7>_GenerateProjectRestoreGraphPerFramework:
       Usando a tarefa "GetRestoreFrameworkReferencesTask" do assembly "C:\Program Files\dotnet\sdk\8.0.415\NuGet.Build.Tasks.dll".
       Tarefa "GetRestoreFrameworkReferencesTask"
   3:7>Tarefa em execução pronta "GetRestoreProjectReferencesTask".
   4:5>Tarefa "GetRestoreProjectReferencesTask"
   3:7>_GenerateProjectRestoreGraphPerFramework:
       Usando a tarefa "GetRestorePackageReferencesTask" do assembly "C:\Program Files\dotnet\sdk\8.0.415\NuGet.Build.Tasks.dll".
   4:5>Tarefa em execução pronta "GetRestoreProjectReferencesTask".
   3:7>Tarefa "GetRestorePackageReferencesTask"
   5:7>Tarefa em execução pronta "GetRestoreFrameworkReferencesTask".
   4:5>_GenerateProjectRestoreGraphPerFramework:
       Usando a tarefa "GetRestorePackageReferencesTask" do assembly "C:\Program Files\dotnet\sdk\8.0.415\NuGet.Build.Tasks.dll".
   3:7>Tarefa em execução pronta "GetRestorePackageReferencesTask".
   4:5>Tarefa "GetRestorePackageReferencesTask"
   3:7>_GenerateProjectRestoreGraphPerFramework:
       A tarefa "GetCentralPackageVersionsTask" foi ignorada devido a condição falsa; ( '$(PackageReferenceCompatibleProjectStyle)' == 'true' AND '$(_CentralPackageVersionsEnabled)' == 'true' ) foi avaliado como ( 'True' == 'true' AND '' == 'true' ).
   5:7>_GenerateProjectRestoreGraphPerFramework:
       Usando a tarefa "GetRestoreNuGetAuditSuppressionsTask" do assembly "C:\Program Files\dotnet\sdk\8.0.415\NuGet.Build.Tasks.dll".
       Tarefa "GetRestoreNuGetAuditSuppressionsTask"
   4:5>Tarefa em execução pronta "GetRestorePackageReferencesTask".
   3:7>_GenerateProjectRestoreGraphPerFramework:
       Usando a tarefa "GetRestorePackageDownloadsTask" do assembly "C:\Program Files\dotnet\sdk\8.0.415\NuGet.Build.Tasks.dll".
   4:5>_GenerateProjectRestoreGraphPerFramework:
       A tarefa "GetCentralPackageVersionsTask" foi ignorada devido a condição falsa; ( '$(PackageReferenceCompatibleProjectStyle)' == 'true' AND '$(_CentralPackageVersionsEnabled)' == 'true' ) foi avaliado como ( 'True' == 'true' AND '' == 'true' ).
   3:7>Tarefa "GetRestorePackageDownloadsTask"
   5:7>Tarefa em execução pronta "GetRestoreNuGetAuditSuppressionsTask".
   4:5>_GenerateProjectRestoreGraphPerFramework:
       Usando a tarefa "GetRestorePackageDownloadsTask" do assembly "C:\Program Files\dotnet\sdk\8.0.415\NuGet.Build.Tasks.dll".
   3:7>Tarefa em execução pronta "GetRestorePackageDownloadsTask".
   4:5>Tarefa "GetRestorePackageDownloadsTask"
   3:7>_GenerateProjectRestoreGraphPerFramework:
       Usando a tarefa "GetRestoreFrameworkReferencesTask" do assembly "C:\Program Files\dotnet\sdk\8.0.415\NuGet.Build.Tasks.dll".
   5:7>Destino de compilação pronto"_GenerateProjectRestoreGraphPerFramework" no projeto "IrmaDulce.Domain.csproj".
   5:7>Destino "_GenerateProjectRestoreGraphCurrentProject" no arquivo "C:\Program Files\dotnet\sdk\8.0.415\NuGet.targets" do projeto "C:\Projects\Irma Dulce\backend\src\IrmaDulce.Domain\IrmaDulce.Domain.csproj" (o destino "_GenerateRestoreDependencies" depende dele):
   5:7>Destino de compilação pronto"_GenerateProjectRestoreGraphCurrentProject" no projeto "IrmaDulce.Domain.csproj".
   4:5>Tarefa em execução pronta "GetRestorePackageDownloadsTask".
   3:7>Tarefa "GetRestoreFrameworkReferencesTask"
   5:7>Destino "_GenerateRestoreDependencies" no arquivo "C:\Program Files\dotnet\sdk\8.0.415\NuGet.targets" do projeto "C:\Projects\Irma Dulce\backend\src\IrmaDulce.Domain\IrmaDulce.Domain.csproj" (o destino "_GenerateProjectRestoreGraph" depende dele):
   5:7>Destino de compilação pronto"_GenerateRestoreDependencies" no projeto "IrmaDulce.Domain.csproj".
   5:7>Destino "_GenerateProjectRestoreGraph" no arquivo "C:\Program Files\dotnet\sdk\8.0.415\NuGet.targets" do projeto "C:\Projects\Irma Dulce\backend\src\IrmaDulce.Domain\IrmaDulce.Domain.csproj" (ponto de entrada):
   5:7>Destino de compilação pronto"_GenerateProjectRestoreGraph" no projeto "IrmaDulce.Domain.csproj".
   3:7>Tarefa em execução pronta "GetRestoreFrameworkReferencesTask".
   4:5>_GenerateProjectRestoreGraphPerFramework:
       Usando a tarefa "GetRestoreFrameworkReferencesTask" do assembly "C:\Program Files\dotnet\sdk\8.0.415\NuGet.Build.Tasks.dll".
   5:7>Projeto de compilação pronto "C:\Projects\Irma Dulce\backend\src\IrmaDulce.Domain\IrmaDulce.Domain.csproj" (_GenerateProjectRestoreGraph destino(s)).
   4:5>Tarefa "GetRestoreFrameworkReferencesTask"
   3:7>_GenerateProjectRestoreGraphPerFramework:
       Usando a tarefa "GetRestoreNuGetAuditSuppressionsTask" do assembly "C:\Program Files\dotnet\sdk\8.0.415\NuGet.Build.Tasks.dll".
   4:5>Tarefa em execução pronta "GetRestoreFrameworkReferencesTask".
   3:7>Tarefa "GetRestoreNuGetAuditSuppressionsTask"
   4:5>_GenerateProjectRestoreGraphPerFramework:
       Usando a tarefa "GetRestoreNuGetAuditSuppressionsTask" do assembly "C:\Program Files\dotnet\sdk\8.0.415\NuGet.Build.Tasks.dll".
   3:7>Tarefa em execução pronta "GetRestoreNuGetAuditSuppressionsTask".
   4:5>Tarefa "GetRestoreNuGetAuditSuppressionsTask"
   3:7>Destino de compilação pronto"_GenerateProjectRestoreGraphPerFramework" no projeto "IrmaDulce.Application.csproj".
   4:5>Tarefa em execução pronta "GetRestoreNuGetAuditSuppressionsTask".
   3:7>Destino "_GenerateProjectRestoreGraphCurrentProject" no arquivo "C:\Program Files\dotnet\sdk\8.0.415\NuGet.targets" do projeto "C:\Projects\Irma Dulce\backend\src\IrmaDulce.Application\IrmaDulce.Application.csproj" (o destino "_GenerateRestoreDependencies" depende dele):
   3:7>Destino de compilação pronto"_GenerateProjectRestoreGraphCurrentProject" no projeto "IrmaDulce.Application.csproj".
   4:5>Destino de compilação pronto"_GenerateProjectRestoreGraphPerFramework" no projeto "IrmaDulce.API.csproj".
   4:5>Destino "_GenerateProjectRestoreGraphCurrentProject" no arquivo "C:\Program Files\dotnet\sdk\8.0.415\NuGet.targets" do projeto "C:\Projects\Irma Dulce\backend\src\IrmaDulce.API\IrmaDulce.API.csproj" (o destino "_GenerateRestoreDependencies" depende dele):
   4:5>Destino de compilação pronto"_GenerateProjectRestoreGraphCurrentProject" no projeto "IrmaDulce.API.csproj".
   3:7>Destino "_GenerateRestoreDependencies" no arquivo "C:\Program Files\dotnet\sdk\8.0.415\NuGet.targets" do projeto "C:\Projects\Irma Dulce\backend\src\IrmaDulce.Application\IrmaDulce.Application.csproj" (o destino "_GenerateProjectRestoreGraph" depende dele):
   3:7>Destino de compilação pronto"_GenerateRestoreDependencies" no projeto "IrmaDulce.Application.csproj".
   4:5>Destino "_GenerateRestoreDependencies" no arquivo "C:\Program Files\dotnet\sdk\8.0.415\NuGet.targets" do projeto "C:\Projects\Irma Dulce\backend\src\IrmaDulce.API\IrmaDulce.API.csproj" (o destino "_GenerateProjectRestoreGraph" depende dele):
   4:5>Destino de compilação pronto"_GenerateRestoreDependencies" no projeto "IrmaDulce.API.csproj".
   3:7>Destino "_GenerateProjectRestoreGraph" no arquivo "C:\Program Files\dotnet\sdk\8.0.415\NuGet.targets" do projeto "C:\Projects\Irma Dulce\backend\src\IrmaDulce.Application\IrmaDulce.Application.csproj" (ponto de entrada):
   3:7>Destino de compilação pronto"_GenerateProjectRestoreGraph" no projeto "IrmaDulce.Application.csproj".
   3:7>Projeto de compilação pronto "C:\Projects\Irma Dulce\backend\src\IrmaDulce.Application\IrmaDulce.Application.csproj" (_GenerateProjectRestoreGraph destino(s)).
   4:5>Destino "_GenerateProjectRestoreGraph" no arquivo "C:\Program Files\dotnet\sdk\8.0.415\NuGet.targets" do projeto "C:\Projects\Irma Dulce\backend\src\IrmaDulce.API\IrmaDulce.API.csproj" (ponto de entrada):
   4:5>Destino de compilação pronto"_GenerateProjectRestoreGraph" no projeto "IrmaDulce.API.csproj".
   4:5>Projeto de compilação pronto "C:\Projects\Irma Dulce\backend\src\IrmaDulce.API\IrmaDulce.API.csproj" (_GenerateProjectRestoreGraph destino(s)).
     1>Tarefa em execução pronta "MSBuild".
     1>Destino de compilação pronto"_GenerateRestoreGraph" no projeto "IrmaDulce.sln".
     1>Destino "Restore" no arquivo "C:\Program Files\dotnet\sdk\8.0.415\NuGet.targets" do projeto "C:\Projects\Irma Dulce\backend\IrmaDulce.sln" (ponto de entrada):
       Tarefa "RemoveDuplicates"
       Tarefa em execução pronta "RemoveDuplicates".
       Usando a tarefa "RestoreTask" do assembly "C:\Program Files\dotnet\sdk\8.0.415\NuGet.Build.Tasks.dll".
       Tarefa "RestoreTask"
         Assembly carregado durante TaskRun (NuGet.Build.Tasks.RestoreTask): NuGet.Packaging, Version=6.11.1.2, Culture=neutral, PublicKeyToken=31bf3856ad364e35 (local: C:\Program Files\dotnet\sdk\8.0.415\NuGet.Packaging.dll, MVID: c3569465-2284-4cdc-80fa-53f23ad5a901, AssemblyLoadContext: MSBuild plugin C:\Program Files\dotnet\sdk\8.0.415\NuGet.Build.Tasks.dll)
         Assembly carregado durante TaskRun (NuGet.Build.Tasks.RestoreTask): NuGet.LibraryModel, Version=6.11.1.2, Culture=neutral, PublicKeyToken=31bf3856ad364e35 (local: C:\Program Files\dotnet\sdk\8.0.415\NuGet.LibraryModel.dll, MVID: 9c74e240-a36b-4261-ae2d-466984d97095, AssemblyLoadContext: MSBuild plugin C:\Program Files\dotnet\sdk\8.0.415\NuGet.Build.Tasks.dll)
         Assembly carregado durante TaskRun (NuGet.Build.Tasks.RestoreTask): NuGet.Versioning, Version=6.11.1.2, Culture=neutral, PublicKeyToken=31bf3856ad364e35 (local: C:\Program Files\dotnet\sdk\8.0.415\NuGet.Versioning.dll, MVID: 0ff30a8a-7983-4ede-bc2f-f9d2f526b309, AssemblyLoadContext: MSBuild plugin C:\Program Files\dotnet\sdk\8.0.415\NuGet.Build.Tasks.dll)
         Assembly carregado durante TaskRun (NuGet.Build.Tasks.RestoreTask): System.ObjectModel, Version=8.0.0.0, Culture=neutral, PublicKeyToken=b03f5f7f11d50a3a (local: C:\Program Files\dotnet\shared\Microsoft.NETCore.App\8.0.21\System.ObjectModel.dll, MVID: b8ee191f-f11b-496e-8524-b3143a325f50, AssemblyLoadContext: Default)
         Assembly carregado durante TaskRun (NuGet.Build.Tasks.RestoreTask): NuGet.Frameworks, Version=6.11.1.2, Culture=neutral, PublicKeyToken=31bf3856ad364e35 (local: C:\Program Files\dotnet\sdk\8.0.415\NuGet.Frameworks.dll, MVID: 36fa17a1-abb6-4cce-b85c-dd32a6dcc45f, AssemblyLoadContext: MSBuild plugin C:\Program Files\dotnet\sdk\8.0.415\NuGet.Build.Tasks.dll)
         Assembly carregado durante TaskRun (NuGet.Build.Tasks.RestoreTask): NuGet.Protocol, Version=6.11.1.2, Culture=neutral, PublicKeyToken=31bf3856ad364e35 (local: C:\Program Files\dotnet\sdk\8.0.415\NuGet.Protocol.dll, MVID: 65288774-e726-408e-8bb6-d22100f75eed, AssemblyLoadContext: MSBuild plugin C:\Program Files\dotnet\sdk\8.0.415\NuGet.Build.Tasks.dll)
         Assembly carregado durante TaskRun (NuGet.Build.Tasks.RestoreTask): NuGet.Credentials, Version=6.11.1.2, Culture=neutral, PublicKeyToken=31bf3856ad364e35 (local: C:\Program Files\dotnet\sdk\8.0.415\NuGet.Credentials.dll, MVID: 07a91a3f-265a-4226-985e-876d1036d338, AssemblyLoadContext: MSBuild plugin C:\Program Files\dotnet\sdk\8.0.415\NuGet.Build.Tasks.dll)
         Assembly carregado durante TaskRun (NuGet.Build.Tasks.RestoreTask): System.Security.Cryptography.X509Certificates, Version=8.0.0.0, Culture=neutral, PublicKeyToken=b03f5f7f11d50a3a (local: C:\Program Files\dotnet\shared\Microsoft.NETCore.App\8.0.21\System.Security.Cryptography.X509Certificates.dll, MVID: f4d561e3-b396-455c-b0c5-5c1aba1aaf57, AssemblyLoadContext: Default)
         Assembly carregado durante TaskRun (NuGet.Build.Tasks.RestoreTask): NuGet.Packaging.resources, Version=6.11.1.2, Culture=pt-BR, PublicKeyToken=31bf3856ad364e35, processorArchitecture=MSIL (local: C:\Program Files\dotnet\sdk\8.0.415\pt-BR\NuGet.Packaging.resources.dll, MVID: 1ea33a35-78dd-4c67-97af-fa65548086f0, AssemblyLoadContext: MSBuild plugin C:\Program Files\dotnet\sdk\8.0.415\NuGet.Build.Tasks.dll)
         A validação da cadeia de certificados X.509 usará o repositório de confiança padrão selecionado pelo .NET.
         A validação da cadeia de certificados X.509 usará o repositório de confiança padrão selecionado pelo .NET.
         Assembly carregado durante TaskRun (NuGet.Build.Tasks.RestoreTask): NuGet.DependencyResolver.Core, Version=6.11.1.2, Culture=neutral, PublicKeyToken=31bf3856ad364e35 (local: C:\Program Files\dotnet\sdk\8.0.415\NuGet.DependencyResolver.Core.dll, MVID: 70f2641a-4895-4758-a37b-70be48187b22, AssemblyLoadContext: MSBuild plugin C:\Program Files\dotnet\sdk\8.0.415\NuGet.Build.Tasks.dll)
         Assembly carregado durante TaskRun (NuGet.Build.Tasks.RestoreTask): NuGet.Commands.resources, Version=6.11.1.2, Culture=pt-BR, PublicKeyToken=31bf3856ad364e35, processorArchitecture=MSIL (local: C:\Program Files\dotnet\sdk\8.0.415\pt-BR\NuGet.Commands.resources.dll, MVID: 4d7012f7-d752-4328-a931-3cf43051951d, AssemblyLoadContext: MSBuild plugin C:\Program Files\dotnet\sdk\8.0.415\NuGet.Build.Tasks.dll)
         Executando a restauração com 8 trabalhos simultâneos.
         Lendo o arquivo de projeto C:\Projects\Irma Dulce\backend\src\IrmaDulce.Application\IrmaDulce.Application.csproj.
         Lendo o arquivo de projeto C:\Projects\Irma Dulce\backend\src\IrmaDulce.Infrastructure\IrmaDulce.Infrastructure.csproj.
         Lendo o arquivo de projeto C:\Projects\Irma Dulce\backend\src\IrmaDulce.Domain\IrmaDulce.Domain.csproj.
         Lendo o arquivo de projeto C:\Projects\Irma Dulce\backend\src\IrmaDulce.API\IrmaDulce.API.csproj.
         Assembly carregado durante TaskRun (NuGet.Build.Tasks.RestoreTask): System.IO.FileSystem, Version=8.0.0.0, Culture=neutral, PublicKeyToken=b03f5f7f11d50a3a (local: C:\Program Files\dotnet\shared\Microsoft.NETCore.App\8.0.21\System.IO.FileSystem.dll, MVID: fe735070-012d-42d7-a644-97b9437dfdfc, AssemblyLoadContext: Default)
         Assembly carregado durante TaskRun (NuGet.Build.Tasks.RestoreTask): Newtonsoft.Json, Version=13.0.0.0, Culture=neutral, PublicKeyToken=30ad4fe6b2a6aeed (local: C:\Program Files\dotnet\sdk\8.0.415\Newtonsoft.Json.dll, MVID: 7e62198b-eab2-4380-bbac-29171862d1d8, AssemblyLoadContext: MSBuild plugin C:\Program Files\dotnet\sdk\8.0.415\NuGet.Build.Tasks.dll)
         Assembly carregado durante TaskRun (NuGet.Build.Tasks.RestoreTask): System.Runtime.Serialization.Primitives, Version=8.0.0.0, Culture=neutral, PublicKeyToken=b03f5f7f11d50a3a (local: C:\Program Files\dotnet\shared\Microsoft.NETCore.App\8.0.21\System.Runtime.Serialization.Primitives.dll, MVID: d3cbae46-2c5e-4d70-b305-99431afe82f6, AssemblyLoadContext: Default)
         Assembly carregado durante TaskRun (NuGet.Build.Tasks.RestoreTask): System.Runtime.Numerics, Version=8.0.0.0, Culture=neutral, PublicKeyToken=b03f5f7f11d50a3a (local: C:\Program Files\dotnet\shared\Microsoft.NETCore.App\8.0.21\System.Runtime.Numerics.dll, MVID: 9756e28e-f699-426d-b41f-eab0076a68b2, AssemblyLoadContext: Default)
         Assembly carregado durante TaskRun (NuGet.Build.Tasks.RestoreTask): System.Linq.Expressions, Version=8.0.0.0, Culture=neutral, PublicKeyToken=b03f5f7f11d50a3a (local: C:\Program Files\dotnet\shared\Microsoft.NETCore.App\8.0.21\System.Linq.Expressions.dll, MVID: 506617b8-b2d6-439e-8375-a7f4d37d77b4, AssemblyLoadContext: Default)
         Assembly carregado durante TaskRun (NuGet.Build.Tasks.RestoreTask): System.ComponentModel.TypeConverter, Version=8.0.0.0, Culture=neutral, PublicKeyToken=b03f5f7f11d50a3a (local: C:\Program Files\dotnet\shared\Microsoft.NETCore.App\8.0.21\System.ComponentModel.TypeConverter.dll, MVID: 914be760-5cec-47fe-b989-ee963cfe4814, AssemblyLoadContext: Default)
         As entradas de restauração de 'IrmaDulce.API' não foram alteradas. Nenhuma ação é necessária para concluir a restauração.
         As entradas de restauração de 'IrmaDulce.Application' não foram alteradas. Nenhuma ação é necessária para concluir a restauração.
         As entradas de restauração de 'IrmaDulce.Infrastructure' não foram alteradas. Nenhuma ação é necessária para concluir a restauração.
         As entradas de restauração de 'IrmaDulce.Domain' não foram alteradas. Nenhuma ação é necessária para concluir a restauração.
         Confirmando restauração...
         O arquivo de ativos não foi alterado. Ignorando gravação de arquivo de ativos. Caminho: C:\Projects\Irma Dulce\backend\src\IrmaDulce.Domain\obj\project.assets.json
         Confirmando restauração...
         Restauração No-Op. O cache não será atualizado. Caminho: C:\Projects\Irma Dulce\backend\src\IrmaDulce.Domain\obj\project.nuget.cache
         O arquivo de ativos não foi alterado. Ignorando gravação de arquivo de ativos. Caminho: C:\Projects\Irma Dulce\backend\src\IrmaDulce.Application\obj\project.assets.json
         Restauração No-Op. O cache não será atualizado. Caminho: C:\Projects\Irma Dulce\backend\src\IrmaDulce.Application\obj\project.nuget.cache
         Assembly carregado durante TaskRun (NuGet.Build.Tasks.RestoreTask): NuGet.Common.resources, Version=6.11.1.2, Culture=pt-BR, PublicKeyToken=31bf3856ad364e35, processorArchitecture=MSIL (local: C:\Program Files\dotnet\sdk\8.0.415\pt-BR\NuGet.Common.resources.dll, MVID: e42abbe5-d1ee-4af0-aacd-7127eafb7a56, AssemblyLoadContext: MSBuild plugin C:\Program Files\dotnet\sdk\8.0.415\NuGet.Build.Tasks.dll)
         Confirmando restauração...
         Confirmando restauração...
         O arquivo de ativos não foi alterado. Ignorando gravação de arquivo de ativos. Caminho: C:\Projects\Irma Dulce\backend\src\IrmaDulce.Infrastructure\obj\project.assets.json
         Restauração No-Op. O cache não será atualizado. Caminho: C:\Projects\Irma Dulce\backend\src\IrmaDulce.Infrastructure\obj\project.nuget.cache
         O arquivo de ativos não foi alterado. Ignorando gravação de arquivo de ativos. Caminho: C:\Projects\Irma Dulce\backend\src\IrmaDulce.API\obj\project.assets.json
         Restauração No-Op. O cache não será atualizado. Caminho: C:\Projects\Irma Dulce\backend\src\IrmaDulce.API\obj\project.nuget.cache
         C:\Projects\Irma Dulce\backend\src\IrmaDulce.API\IrmaDulce.API.csproj restaurado (em 30 ms).
         C:\Projects\Irma Dulce\backend\src\IrmaDulce.Application\IrmaDulce.Application.csproj restaurado (em 28 ms).
         C:\Projects\Irma Dulce\backend\src\IrmaDulce.Domain\IrmaDulce.Domain.csproj restaurado (em 27 ms).
         C:\Projects\Irma Dulce\backend\src\IrmaDulce.Infrastructure\IrmaDulce.Infrastructure.csproj restaurado (em 30 ms).
         
         Arquivos de configuração NuGet usados:
             C:\Users\lucas.bertin\AppData\Roaming\NuGet\NuGet.Config
         
         Feeds usados:
             https://api.nuget.org/v3/index.json
         Todos os projetos estão atualizados para restauração.
       Tarefa em execução pronta "RestoreTask".
     1>Destino de compilação pronto"Restore" no projeto "IrmaDulce.sln".
     1>Projeto de compilação pronto "C:\Projects\Irma Dulce\backend\IrmaDulce.sln" (Restore destino(s)).
     0>Imóvel 'MSBuildExtensionsPath' com valor 'C:\Program Files\dotnet\sdk\8.0.415\' expandido do ambiente.
       Reatribuição de propriedade: $(_GenerateRestoreGraphProjectEntryInputProperties)="
             ExcludeRestorePackageImports=true;
             _RestoreSolutionFileUsed=true;
             SolutionDir=C:\Projects\Irma Dulce\backend\;
             SolutionName=IrmaDulce;
             SolutionFileName=IrmaDulce.sln;
             SolutionPath=C:\Projects\Irma Dulce\backend\IrmaDulce.sln;
             SolutionExt=.sln;
           " (valor anterior: "ExcludeRestorePackageImports=true") em C:\Program Files\dotnet\sdk\8.0.415\NuGet.targets (101,5)
       O destino "Store" listado em um atributo BeforeTargets em "C:\Program Files\dotnet\sdk\8.0.415\Current\SolutionFile\ImportAfter\Microsoft.NET.Sdk.Solution.targets (33,11)" não existe no projeto e será ignorado.
       O destino "VSTest" listado em um atributo BeforeTargets em "C:\Program Files\dotnet\sdk\8.0.415\Current\SolutionFile\ImportAfter\Microsoft.NET.Sdk.Solution.targets (33,11)" não existe no projeto e será ignorado.
       O destino "_CheckForInvalidConfigurationAndPlatform" listado em um atributo BeforeTargets em "C:\Program Files\dotnet\sdk\8.0.415\NuGet.targets (667,11)" não existe no projeto e será ignorado.
   1:2>Projeto "C:\Projects\Irma Dulce\backend\IrmaDulce.sln" no nó 1 (destinos padrão).
   1:2>Destino "ValidateSolutionConfiguration" no arquivo "C:\Projects\Irma Dulce\backend\IrmaDulce.sln.metaproj" do projeto "C:\Projects\Irma Dulce\backend\IrmaDulce.sln" (ponto de entrada):
   1:2>A tarefa "Error" foi ignorada devido a condição falsa; (('$(CurrentSolutionConfigurationContents)' == '') and ('$(SkipInvalidConfigurations)' != 'true')) foi avaliado como (('<SolutionConfiguration>
  <ProjectConfiguration Project="{25D5DE7D-883B-4CB3-A1E0-6724DD7910B5}" AbsolutePath="C:\Projects\Irma Dulce\backend\src\IrmaDulce.Domain\IrmaDulce.Domain.csproj" BuildProjectInSolution="True">Debug|AnyCPU</ProjectConfiguration>
  <ProjectConfiguration Project="{FB86B88B-FE19-47AB-AA9F-8FAA075C260A}" AbsolutePath="C:\Projects\Irma Dulce\backend\src\IrmaDulce.Application\IrmaDulce.Application.csproj" BuildProjectInSolution="True">Debug|AnyCPU</ProjectConfiguration>
  <ProjectConfiguration Project="{9F89B962-37E1-47BA-B692-DDF7335F4476}" AbsolutePath="C:\Projects\Irma Dulce\backend\src\IrmaDulce.Infrastructure\IrmaDulce.Infrastructure.csproj" BuildProjectInSolution="True">Debug|AnyCPU</ProjectConfiguration>
  <ProjectConfiguration Project="{338FD4F5-91BD-477A-995E-7295405BD406}" AbsolutePath="C:\Projects\Irma Dulce\backend\src\IrmaDulce.API\IrmaDulce.API.csproj" BuildProjectInSolution="True">Debug|AnyCPU</ProjectConfiguration>
</SolutionConfiguration>' == '') and ('' != 'true')).
       A tarefa "Warning" foi ignorada devido a condição falsa; (('$(CurrentSolutionConfigurationContents)' == '') and ('$(SkipInvalidConfigurations)' == 'true')) foi avaliado como (('<SolutionConfiguration>
         <ProjectConfiguration Project="{25D5DE7D-883B-4CB3-A1E0-6724DD7910B5}" AbsolutePath="C:\Projects\Irma Dulce\backend\src\IrmaDulce.Domain\IrmaDulce.Domain.csproj" BuildProjectInSolution="True">Debug|AnyCPU</ProjectConfiguration>
         <ProjectConfiguration Project="{FB86B88B-FE19-47AB-AA9F-8FAA075C260A}" AbsolutePath="C:\Projects\Irma Dulce\backend\src\IrmaDulce.Application\IrmaDulce.Application.csproj" BuildProjectInSolution="True">Debug|AnyCPU</ProjectConfiguration>
         <ProjectConfiguration Project="{9F89B962-37E1-47BA-B692-DDF7335F4476}" AbsolutePath="C:\Projects\Irma Dulce\backend\src\IrmaDulce.Infrastructure\IrmaDulce.Infrastructure.csproj" BuildProjectInSolution="True">Debug|AnyCPU</ProjectConfiguration>
         <ProjectConfiguration Project="{338FD4F5-91BD-477A-995E-7295405BD406}" AbsolutePath="C:\Projects\Irma Dulce\backend\src\IrmaDulce.API\IrmaDulce.API.csproj" BuildProjectInSolution="True">Debug|AnyCPU</ProjectConfiguration>
       </SolutionConfiguration>' == '') and ('' == 'true')).
       Usando a tarefa "Message" do assembly "Microsoft.Build.Tasks.Core, Version=15.1.0.0, Culture=neutral, PublicKeyToken=b03f5f7f11d50a3a".
       Tarefa "Message"
         Compilando a configuração de solução "Debug|Any CPU".
       Tarefa em execução pronta "Message".
   1:2>Destino de compilação pronto"ValidateSolutionConfiguration" no projeto "IrmaDulce.sln".
   1:2>Destino "ValidateToolsVersions" no arquivo "C:\Projects\Irma Dulce\backend\IrmaDulce.sln.metaproj" do projeto "C:\Projects\Irma Dulce\backend\IrmaDulce.sln" (ponto de entrada):
       A tarefa "Error" foi ignorada devido a condição falsa; ('$(MSBuildToolsVersion)' == '2.0' and ('$(ProjectToolsVersion)' != '2.0' and '$(ProjectToolsVersion)' != '')) foi avaliado como ('Current' == '2.0' and ('' != '2.0' and '' != '')).
   1:2>Destino de compilação pronto"ValidateToolsVersions" no projeto "IrmaDulce.sln".
   1:2>Destino "ValidateProjects" no arquivo "C:\Projects\Irma Dulce\backend\IrmaDulce.sln.metaproj" do projeto "C:\Projects\Irma Dulce\backend\IrmaDulce.sln" (ponto de entrada):
   1:2>Destino de compilação pronto"ValidateProjects" no projeto "IrmaDulce.sln".
       Destino "_CheckForSolutionLevelRuntimeIdentifier" ignorado devido à condição falsa; ('$(RuntimeIdentifier)' != '') foi avaliado como ('' != '').
       Destino "_CheckForSolutionLevelOutputPath" ignorado devido à condição falsa; ('$(_CommandLineDefinedOutputPath)' == 'true') foi avaliado como ('' == 'true').
   1:2>Destino "Build" no arquivo "C:\Projects\Irma Dulce\backend\IrmaDulce.sln.metaproj" do projeto "C:\Projects\Irma Dulce\backend\IrmaDulce.sln" (ponto de entrada):
       Usando a tarefa "MSBuild" do assembly "Microsoft.Build.Tasks.Core, Version=15.1.0.0, Culture=neutral, PublicKeyToken=b03f5f7f11d50a3a".
       Tarefa "MSBuild"
         Propriedades globais:
           BuildingSolutionFile=true
           CurrentSolutionConfigurationContents=<SolutionConfiguration>
           <ProjectConfiguration Project="{25D5DE7D-883B-4CB3-A1E0-6724DD7910B5}" AbsolutePath="C:\Projects\Irma Dulce\backend\src\IrmaDulce.Domain\IrmaDulce.Domain.csproj" BuildProjectInSolution="True">Debug|AnyCPU</ProjectConfiguration>
           <ProjectConfiguration Project="{FB86B88B-FE19-47AB-AA9F-8FAA075C260A}" AbsolutePath="C:\Projects\Irma Dulce\backend\src\IrmaDulce.Application\IrmaDulce.Application.csproj" BuildProjectInSolution="True">Debug|AnyCPU</ProjectConfiguration>
           <ProjectConfiguration Project="{9F89B962-37E1-47BA-B692-DDF7335F4476}" AbsolutePath="C:\Projects\Irma Dulce\backend\src\IrmaDulce.Infrastructure\IrmaDulce.Infrastructure.csproj" BuildProjectInSolution="True">Debug|AnyCPU</ProjectConfiguration>
           <ProjectConfiguration Project="{338FD4F5-91BD-477A-995E-7295405BD406}" AbsolutePath="C:\Projects\Irma Dulce\backend\src\IrmaDulce.API\IrmaDulce.API.csproj" BuildProjectInSolution="True">Debug|AnyCPU</ProjectConfiguration>
         </SolutionConfiguration>
           SolutionDir=C:\Projects\Irma Dulce\backend\
           SolutionExt=.sln
           SolutionFileName=IrmaDulce.sln
           SolutionName=IrmaDulce
           SolutionPath=C:\Projects\Irma Dulce\backend\IrmaDulce.sln
         Propriedades adicionais do projeto "C:\Projects\Irma Dulce\backend\src\IrmaDulce.Domain\IrmaDulce.Domain.csproj":
           Configuration=Debug
           Platform=AnyCPU
         Propriedades adicionais do projeto "C:\Projects\Irma Dulce\backend\src\IrmaDulce.Application\IrmaDulce.Application.csproj":
           Configuration=Debug
           Platform=AnyCPU
         Propriedades adicionais do projeto "C:\Projects\Irma Dulce\backend\src\IrmaDulce.Infrastructure\IrmaDulce.Infrastructure.csproj":
           Configuration=Debug
           Platform=AnyCPU
         Propriedades adicionais do projeto "C:\Projects\Irma Dulce\backend\src\IrmaDulce.API\IrmaDulce.API.csproj":
           Configuration=Debug
           Platform=AnyCPU
     0>O SDK "Microsoft.NET.Sdk" foi resolvido com êxito pelo resolvedor "DefaultSdkResolver" para o local "C:\Program Files\dotnet\sdk\8.0.415\Sdks\Microsoft.NET.Sdk\Sdk" e a versão "".
       Imóvel 'MSBuildExtensionsPath' com valor 'C:\Program Files\dotnet\sdk\8.0.415\' expandido do ambiente.
       Reatribuição de propriedade: $(MSBuildProjectExtensionsPath)="C:\Projects\Irma Dulce\backend\src\IrmaDulce.Domain\obj\" (valor anterior: "obj\") em C:\Program Files\dotnet\sdk\8.0.415\Current\Microsoft.Common.props (60,5)
       Imóvel 'USERPROFILE' com valor 'C:\Users\lucas.bertin' expandido do ambiente.
       Imóvel 'MSBuildUserExtensionsPath' com valor 'C:\Users\lucas.bertin\AppData\Local\Microsoft\MSBuild' expandido do ambiente.
       A propriedade "Configuration" é global e não pode ser modificada.
       A propriedade "Platform" é global e não pode ser modificada.
       A propriedade "Configuration" é global e não pode ser modificada.
       A propriedade "Platform" é global e não pode ser modificada.
       Reatribuição de propriedade: $(AssemblySearchPaths)="{CandidateAssemblyFiles};{HintPathFromItem}" (valor anterior: "{CandidateAssemblyFiles}") em C:\Program Files\dotnet\sdk\8.0.415\Sdks\Microsoft.NET.Sdk\targets\Microsoft.NET.Sdk.props (91,5)
       Reatribuição de propriedade: $(AssemblySearchPaths)="{CandidateAssemblyFiles};{HintPathFromItem};{TargetFrameworkDirectory}" (valor anterior: "{CandidateAssemblyFiles};{HintPathFromItem}") em C:\Program Files\dotnet\sdk\8.0.415\Sdks\Microsoft.NET.Sdk\targets\Microsoft.NET.Sdk.props (92,5)
       Reatribuição de propriedade: $(AssemblySearchPaths)="{CandidateAssemblyFiles};{HintPathFromItem};{TargetFrameworkDirectory};{RawFileName}" (valor anterior: "{CandidateAssemblyFiles};{HintPathFromItem};{TargetFrameworkDirectory}") em C:\Program Files\dotnet\sdk\8.0.415\Sdks\Microsoft.NET.Sdk\targets\Microsoft.NET.Sdk.props (93,5)
       O resolvedor "DefaultSdkResolver" tentou resolver o SDK "Microsoft.NET.SDK.WorkloadAutoImportPropsLocator".
       Avisos: null
       Erros: MSB4276: O resolvedor SDK padrão falhou ao resolver SDK "Microsoft.NET.SDK.WorkloadAutoImportPropsLocator" porque o diretório "C:\Program Files\dotnet\sdk\8.0.415\Sdks\Microsoft.NET.SDK.WorkloadAutoImportPropsLocator\Sdk" não existia.
       Assembly carregado durante Evaluation: System.Diagnostics.StackTrace, Version=8.0.0.0, Culture=neutral, PublicKeyToken=b03f5f7f11d50a3a (local: C:\Program Files\dotnet\shared\Microsoft.NETCore.App\8.0.21\System.Diagnostics.StackTrace.dll, MVID: 46bddf6f-b022-4e9c-9f80-97cf93f49593, AssemblyLoadContext: Default)
       O SDK "Microsoft.NET.SDK.WorkloadAutoImportPropsLocator" foi resolvido com êxito pelo resolvedor "Microsoft.DotNet.MSBuildWorkloadSdkResolver" para o local "null" e a versão "null".
       Reatribuição de propriedade: $(TargetsForTfmSpecificContentInPackage)=";PackTool;_PackProjectToolValidation" (valor anterior: ";PackTool") em C:\Program Files\dotnet\sdk\8.0.415\Sdks\Microsoft.NET.Sdk\targets\Microsoft.NET.PackProjectTool.props (15,5)
       A propriedade "Configuration" é global e não pode ser modificada.
       A propriedade "Platform" é global e não pode ser modificada.
       Reatribuição de propriedade: $(PublishProfileImported)="false" (valor anterior: "true") em C:\Program Files\dotnet\sdk\8.0.415\Sdks\Microsoft.NET.Sdk\targets\Microsoft.NET.Sdk.ImportPublishProfile.targets (28,5)
       Reatribuição de propriedade: $(TargetPlatformVersion)="" (valor anterior: "0.0") em C:\Program Files\dotnet\sdk\8.0.415\Sdks\Microsoft.NET.Sdk\targets\Microsoft.NET.TargetFrameworkInference.targets (69,5)
       Reatribuição de propriedade: $(DefaultItemExcludes)=";bin\Debug\/**;obj\Debug\/**" (valor anterior: ";bin\Debug\/**") em C:\Program Files\dotnet\sdk\8.0.415\Sdks\Microsoft.NET.Sdk\targets\Microsoft.NET.DefaultOutputPaths.targets (122,5)
       Reatribuição de propriedade: $(OutputPath)="bin\Debug\net8.0\" (valor anterior: "bin\Debug\") em C:\Program Files\dotnet\sdk\8.0.415\Sdks\Microsoft.NET.Sdk\targets\Microsoft.NET.DefaultOutputPaths.targets (137,5)
       Reatribuição de propriedade: $(IntermediateOutputPath)="obj\Debug\net8.0\" (valor anterior: "obj\Debug\") em C:\Program Files\dotnet\sdk\8.0.415\Sdks\Microsoft.NET.Sdk\targets\Microsoft.NET.DefaultOutputPaths.targets (142,5)
       O resolvedor "DefaultSdkResolver" tentou resolver o SDK "Microsoft.NET.SDK.WorkloadManifestTargetsLocator".
       Avisos: null
       Erros: MSB4276: O resolvedor SDK padrão falhou ao resolver SDK "Microsoft.NET.SDK.WorkloadManifestTargetsLocator" porque o diretório "C:\Program Files\dotnet\sdk\8.0.415\Sdks\Microsoft.NET.SDK.WorkloadManifestTargetsLocator\Sdk" não existia.
       Imóvel 'MSBuildExtensionsPath' com valor 'C:\Program Files\dotnet\sdk\8.0.415\' expandido do ambiente.
       Reatribuição de propriedade: $(MSBuildProjectExtensionsPath)="C:\Projects\Irma Dulce\backend\src\IrmaDulce.Infrastructure\obj\" (valor anterior: "obj\") em C:\Program Files\dotnet\sdk\8.0.415\Current\Microsoft.Common.props (60,5)
       Imóvel 'USERPROFILE' com valor 'C:\Users\lucas.bertin' expandido do ambiente.
       Imóvel 'MSBuildUserExtensionsPath' com valor 'C:\Users\lucas.bertin\AppData\Local\Microsoft\MSBuild' expandido do ambiente.
       A propriedade "Configuration" é global e não pode ser modificada.
       O SDK "Microsoft.NET.SDK.WorkloadManifestTargetsLocator" foi resolvido com êxito pelo resolvedor "Microsoft.DotNet.MSBuildWorkloadSdkResolver" para o local "C:\Program Files\dotnet\sdk-manifests\8.0.100\microsoft.net.sdk.android\34.0.43" e a versão "null".
       A propriedade "Platform" é global e não pode ser modificada.
       A propriedade "Configuration" é global e não pode ser modificada.
       A propriedade "Platform" é global e não pode ser modificada.
       Reatribuição de propriedade: $(AssemblySearchPaths)="{CandidateAssemblyFiles};{HintPathFromItem}" (valor anterior: "{CandidateAssemblyFiles}") em C:\Program Files\dotnet\sdk\8.0.415\Sdks\Microsoft.NET.Sdk\targets\Microsoft.NET.Sdk.props (91,5)
       Reatribuição de propriedade: $(AssemblySearchPaths)="{CandidateAssemblyFiles};{HintPathFromItem};{TargetFrameworkDirectory}" (valor anterior: "{CandidateAssemblyFiles};{HintPathFromItem}") em C:\Program Files\dotnet\sdk\8.0.415\Sdks\Microsoft.NET.Sdk\targets\Microsoft.NET.Sdk.props (92,5)
       Reatribuição de propriedade: $(AssemblySearchPaths)="{CandidateAssemblyFiles};{HintPathFromItem};{TargetFrameworkDirectory};{RawFileName}" (valor anterior: "{CandidateAssemblyFiles};{HintPathFromItem};{TargetFrameworkDirectory}") em C:\Program Files\dotnet\sdk\8.0.415\Sdks\Microsoft.NET.Sdk\targets\Microsoft.NET.Sdk.props (93,5)
       Reatribuição de propriedade: $(TargetsForTfmSpecificContentInPackage)=";PackTool;_PackProjectToolValidation" (valor anterior: ";PackTool") em C:\Program Files\dotnet\sdk\8.0.415\Sdks\Microsoft.NET.Sdk\targets\Microsoft.NET.PackProjectTool.props (15,5)
       A propriedade "Configuration" é global e não pode ser modificada.
       A propriedade "Platform" é global e não pode ser modificada.
       Reatribuição de propriedade: $(PublishProfileImported)="false" (valor anterior: "true") em C:\Program Files\dotnet\sdk\8.0.415\Sdks\Microsoft.NET.Sdk\targets\Microsoft.NET.Sdk.ImportPublishProfile.targets (28,5)
       Reatribuição de propriedade: $(TargetPlatformVersion)="" (valor anterior: "0.0") em C:\Program Files\dotnet\sdk\8.0.415\Sdks\Microsoft.NET.Sdk\targets\Microsoft.NET.TargetFrameworkInference.targets (69,5)
       Reatribuição de propriedade: $(DefaultItemExcludes)=";bin\Debug\/**;obj\Debug\/**" (valor anterior: ";bin\Debug\/**") em C:\Program Files\dotnet\sdk\8.0.415\Sdks\Microsoft.NET.Sdk\targets\Microsoft.NET.DefaultOutputPaths.targets (122,5)
       Reatribuição de propriedade: $(OutputPath)="bin\Debug\net8.0\" (valor anterior: "bin\Debug\") em C:\Program Files\dotnet\sdk\8.0.415\Sdks\Microsoft.NET.Sdk\targets\Microsoft.NET.DefaultOutputPaths.targets (137,5)
       Reatribuição de propriedade: $(IntermediateOutputPath)="obj\Debug\net8.0\" (valor anterior: "obj\Debug\") em C:\Program Files\dotnet\sdk\8.0.415\Sdks\Microsoft.NET.Sdk\targets\Microsoft.NET.DefaultOutputPaths.targets (142,5)
       Reatribuição de propriedade: $(_FrameworkIdentifierForImplicitDefine)="NET" (valor anterior: "NETCOREAPP") em C:\Program Files\dotnet\sdk\8.0.415\Sdks\Microsoft.NET.Sdk\targets\Microsoft.NET.Sdk.BeforeCommon.targets (187,5)
       Reatribuição de propriedade: $(_FrameworkVersionForImplicitDefine)="8_0" (valor anterior: "8.0") em C:\Program Files\dotnet\sdk\8.0.415\Sdks\Microsoft.NET.Sdk\targets\Microsoft.NET.Sdk.BeforeCommon.targets (192,5)
       Reatribuição de propriedade: $(CommandLineArgsForDesignTimeEvaluation)="-langversion:12.0 -define:TRACE" (valor anterior: "-langversion:12.0") em C:\Program Files\dotnet\sdk\8.0.415\Roslyn\Microsoft.CSharp.Core.targets (200,5)
       A propriedade "Platform" é global e não pode ser modificada.
       Reatribuição de propriedade: $(_FrameworkIdentifierForImplicitDefine)="NET" (valor anterior: "NETCOREAPP") em C:\Program Files\dotnet\sdk\8.0.415\Sdks\Microsoft.NET.Sdk\targets\Microsoft.NET.Sdk.BeforeCommon.targets (187,5)
       Reatribuição de propriedade: $(_FrameworkVersionForImplicitDefine)="8_0" (valor anterior: "8.0") em C:\Program Files\dotnet\sdk\8.0.415\Sdks\Microsoft.NET.Sdk\targets\Microsoft.NET.Sdk.BeforeCommon.targets (192,5)
       Reatribuição de propriedade: $(CommandLineArgsForDesignTimeEvaluation)="-langversion:12.0 -define:TRACE" (valor anterior: "-langversion:12.0") em C:\Program Files\dotnet\sdk\8.0.415\Roslyn\Microsoft.CSharp.Core.targets (200,5)
       A propriedade "Platform" é global e não pode ser modificada.
       A propriedade "Configuration" é global e não pode ser modificada.
       Reatribuição de propriedade: $(_DebugSymbolsProduced)="true" (valor anterior: "false") em C:\Program Files\dotnet\sdk\8.0.415\Microsoft.Common.CurrentVersion.targets (175,5)
       Reatribuição de propriedade: $(_DocumentationFileProduced)="false" (valor anterior: "true") em C:\Program Files\dotnet\sdk\8.0.415\Microsoft.Common.CurrentVersion.targets (185,5)
       A propriedade "SolutionName" é global e não pode ser modificada.
       A propriedade "SolutionFileName" é global e não pode ser modificada.
       A propriedade "SolutionPath" é global e não pode ser modificada.
       A propriedade "SolutionDir" é global e não pode ser modificada.
       A propriedade "SolutionExt" é global e não pode ser modificada.
       A propriedade "Configuration" é global e não pode ser modificada.
       Reatribuição de propriedade: $(_DebugSymbolsProduced)="true" (valor anterior: "false") em C:\Program Files\dotnet\sdk\8.0.415\Microsoft.Common.CurrentVersion.targets (175,5)
       Reatribuição de propriedade: $(_DocumentationFileProduced)="false" (valor anterior: "true") em C:\Program Files\dotnet\sdk\8.0.415\Microsoft.Common.CurrentVersion.targets (185,5)
       Reatribuição de propriedade: $(MSBuildCopyMarkerName)="IrmaDulc.A5821517" (valor anterior: "IrmaDulce.Domain.csproj") em C:\Program Files\dotnet\sdk\8.0.415\Microsoft.Common.CurrentVersion.targets (392,5)
       A propriedade "SolutionName" é global e não pode ser modificada.
       Reatribuição de propriedade: $(MSBuildCopyMarkerName)="IrmaDulc.A5821517.Up2Date" (valor anterior: "IrmaDulc.A5821517") em C:\Program Files\dotnet\sdk\8.0.415\Microsoft.Common.CurrentVersion.targets (393,5)
       Reatribuição de propriedade: $(ProcessorArchitecture)="msil" (valor anterior: "") em C:\Program Files\dotnet\sdk\8.0.415\Microsoft.Common.CurrentVersion.targets (541,5)
       Reatribuição de propriedade: $(DelaySign)="" (valor anterior: "false") em C:\Program Files\dotnet\sdk\8.0.415\Microsoft.Common.CurrentVersion.targets (580,5)
       A propriedade "SolutionFileName" é global e não pode ser modificada.
       Imóvel 'LOCALAPPDATA' com valor 'C:\Users\lucas.bertin\AppData\Local' expandido do ambiente.
       A propriedade "SolutionPath" é global e não pode ser modificada.
       A propriedade "SolutionDir" é global e não pode ser modificada.
       Reatribuição de propriedade: $(_SGenGenerateSerializationAssembliesConfig)="Auto" (valor anterior: "") em C:\Program Files\dotnet\sdk\8.0.415\Microsoft.Common.CurrentVersion.targets (3896,5)
       Reatribuição de propriedade: $(_SGenGenerateSerializationAssembliesConfig)="Off" (valor anterior: "Auto") em C:\Program Files\dotnet\sdk\8.0.415\Microsoft.Common.CurrentVersion.targets (3897,5)
       A propriedade "SolutionExt" é global e não pode ser modificada.
       Reatribuição de propriedade: $(MSBuildCopyMarkerName)="IrmaDulc.2067EFE4" (valor anterior: "IrmaDulce.Infrastructure.csproj") em C:\Program Files\dotnet\sdk\8.0.415\Microsoft.Common.CurrentVersion.targets (392,5)
       Reatribuição de propriedade: $(_TargetsThatPrepareProjectReferences)="
             AssignProjectConfiguration;
             _SplitProjectReferencesByFileExistence
           " (valor anterior: "_SplitProjectReferencesByFileExistence") em C:\Program Files\dotnet\sdk\8.0.415\Microsoft.Common.CurrentVersion.targets (5099,5)
       Reatribuição de propriedade: $(MSBuildCopyMarkerName)="IrmaDulc.2067EFE4.Up2Date" (valor anterior: "IrmaDulc.2067EFE4") em C:\Program Files\dotnet\sdk\8.0.415\Microsoft.Common.CurrentVersion.targets (393,5)
       Reatribuição de propriedade: $(ProcessorArchitecture)="msil" (valor anterior: "") em C:\Program Files\dotnet\sdk\8.0.415\Microsoft.Common.CurrentVersion.targets (541,5)
       Imóvel 'MSBuildExtensionsPath32' com valor 'C:\Program Files\dotnet\sdk\8.0.415' expandido do ambiente.
       Reatribuição de propriedade: $(DelaySign)="" (valor anterior: "false") em C:\Program Files\dotnet\sdk\8.0.415\Microsoft.Common.CurrentVersion.targets (580,5)
       Imóvel 'LOCALAPPDATA' com valor 'C:\Users\lucas.bertin\AppData\Local' expandido do ambiente.
       Reatribuição de propriedade: $(_SGenGenerateSerializationAssembliesConfig)="Auto" (valor anterior: "") em C:\Program Files\dotnet\sdk\8.0.415\Microsoft.Common.CurrentVersion.targets (3896,5)
       Reatribuição de propriedade: $(_SGenGenerateSerializationAssembliesConfig)="Off" (valor anterior: "Auto") em C:\Program Files\dotnet\sdk\8.0.415\Microsoft.Common.CurrentVersion.targets (3897,5)
       Reatribuição de propriedade: $(_TargetsThatPrepareProjectReferences)="
             AssignProjectConfiguration;
             _SplitProjectReferencesByFileExistence
           " (valor anterior: "_SplitProjectReferencesByFileExistence") em C:\Program Files\dotnet\sdk\8.0.415\Microsoft.Common.CurrentVersion.targets (5099,5)
       Imóvel 'MSBuildExtensionsPath32' com valor 'C:\Program Files\dotnet\sdk\8.0.415' expandido do ambiente.
       Reatribuição de propriedade: $(ProjectAssetsCacheFile)="C:\Projects\Irma Dulce\backend\src\IrmaDulce.Infrastructure\obj\Debug\net8.0\IrmaDulce.Infrastructure.assets.cache" (valor anterior: "obj\Debug\net8.0\IrmaDulce.Infrastructure.assets.cache") em C:\Program Files\dotnet\sdk\8.0.415\Sdks\Microsoft.NET.Sdk\targets\Microsoft.PackageDependencyResolution.targets (29,5)
       Reatribuição de propriedade: $(ResolveAssemblyReferencesDependsOn)="
             
             ResolveProjectReferences;
             FindInvalidProjectReferences;
             GetFrameworkPaths;
             GetReferenceAssemblyPaths;
             PrepareForBuild;
             ResolveSDKReferences;
             ExpandSDKReferences;
           ;
             ResolvePackageDependenciesForBuild;
             _HandlePackageFileConflicts;
           " (valor anterior: "
             ResolveProjectReferences;
             FindInvalidProjectReferences;
             GetFrameworkPaths;
             GetReferenceAssemblyPaths;
             PrepareForBuild;
             ResolveSDKReferences;
             ExpandSDKReferences;
           ") em C:\Program Files\dotnet\sdk\8.0.415\Sdks\Microsoft.NET.Sdk\targets\Microsoft.PackageDependencyResolution.targets (80,5)
       Reatribuição de propriedade: $(PrepareResourcesDependsOn)="
             ResolvePackageDependenciesForBuild;
             _HandlePackageFileConflicts;
             
             ;
             PrepareResourceNames;
             ResGen;
             CompileLicxFiles
           
           " (valor anterior: "
             ;
             PrepareResourceNames;
             ResGen;
             CompileLicxFiles
           ") em C:\Program Files\dotnet\sdk\8.0.415\Sdks\Microsoft.NET.Sdk\targets\Microsoft.PackageDependencyResolution.targets (86,5)
       Reatribuição de propriedade: $(DefaultItemExcludes)=";bin\Debug\/**;obj\Debug\/**;bin\/**" (valor anterior: ";bin\Debug\/**;obj\Debug\/**") em C:\Program Files\dotnet\sdk\8.0.415\Sdks\Microsoft.NET.Sdk\targets\Microsoft.NET.Sdk.DefaultItems.targets (27,5)
       Reatribuição de propriedade: $(DefaultItemExcludes)=";bin\Debug\/**;obj\Debug\/**;bin\/**;obj\/**" (valor anterior: ";bin\Debug\/**;obj\Debug\/**;bin\/**") em C:\Program Files\dotnet\sdk\8.0.415\Sdks\Microsoft.NET.Sdk\targets\Microsoft.NET.Sdk.DefaultItems.targets (29,5)
       Reatribuição de propriedade: $(DefaultItemExcludes)=";bin\Debug\/**;obj\Debug\/**;bin\/**;obj\/**;**/*.user" (valor anterior: ";bin\Debug\/**;obj\Debug\/**;bin\/**;obj\/**") em C:\Program Files\dotnet\sdk\8.0.415\Sdks\Microsoft.NET.Sdk\targets\Microsoft.NET.Sdk.DefaultItems.targets (32,5)
       Reatribuição de propriedade: $(DefaultItemExcludes)=";bin\Debug\/**;obj\Debug\/**;bin\/**;obj\/**;**/*.user;**/*.*proj" (valor anterior: ";bin\Debug\/**;obj\Debug\/**;bin\/**;obj\/**;**/*.user") em C:\Program Files\dotnet\sdk\8.0.415\Sdks\Microsoft.NET.Sdk\targets\Microsoft.NET.Sdk.DefaultItems.targets (33,5)
       Reatribuição de propriedade: $(DefaultItemExcludes)=";bin\Debug\/**;obj\Debug\/**;bin\/**;obj\/**;**/*.user;**/*.*proj;**/*.sln" (valor anterior: ";bin\Debug\/**;obj\Debug\/**;bin\/**;obj\/**;**/*.user;**/*.*proj") em C:\Program Files\dotnet\sdk\8.0.415\Sdks\Microsoft.NET.Sdk\targets\Microsoft.NET.Sdk.DefaultItems.targets (34,5)
       Reatribuição de propriedade: $(DefaultItemExcludes)=";bin\Debug\/**;obj\Debug\/**;bin\/**;obj\/**;**/*.user;**/*.*proj;**/*.sln;**/*.vssscc" (valor anterior: ";bin\Debug\/**;obj\Debug\/**;bin\/**;obj\/**;**/*.user;**/*.*proj;**/*.sln") em C:\Program Files\dotnet\sdk\8.0.415\Sdks\Microsoft.NET.Sdk\targets\Microsoft.NET.Sdk.DefaultItems.targets (35,5)
       Reatribuição de propriedade: $(DefaultItemExcludes)=";bin\Debug\/**;obj\Debug\/**;bin\/**;obj\/**;**/*.user;**/*.*proj;**/*.sln;**/*.vssscc;**/.DS_Store" (valor anterior: ";bin\Debug\/**;obj\Debug\/**;bin\/**;obj\/**;**/*.user;**/*.*proj;**/*.sln;**/*.vssscc") em C:\Program Files\dotnet\sdk\8.0.415\Sdks\Microsoft.NET.Sdk\targets\Microsoft.NET.Sdk.DefaultItems.targets (36,5)
       Reatribuição de propriedade: $(ResolveAssemblyReferencesDependsOn)="
             
             
             ResolveProjectReferences;
             FindInvalidProjectReferences;
             GetFrameworkPaths;
             GetReferenceAssemblyPaths;
             PrepareForBuild;
             ResolveSDKReferences;
             ExpandSDKReferences;
           ;
             ResolvePackageDependenciesForBuild;
             _HandlePackageFileConflicts;
           ;
             ResolveTargetingPackAssets;
           " (valor anterior: "
             
             ResolveProjectReferences;
             FindInvalidProjectReferences;
             GetFrameworkPaths;
             GetReferenceAssemblyPaths;
             PrepareForBuild;
             ResolveSDKReferences;
             ExpandSDKReferences;
           ;
             ResolvePackageDependenciesForBuild;
             _HandlePackageFileConflicts;
           ") em C:\Program Files\dotnet\sdk\8.0.415\Sdks\Microsoft.NET.Sdk\targets\Microsoft.NET.Sdk.FrameworkReferenceResolution.targets (14,5)
       Reatribuição de propriedade: $(_GenerateRuntimeConfigurationPropertyInputsCache)="C:\Projects\Irma Dulce\backend\src\IrmaDulce.Infrastructure\obj\Debug\net8.0\IrmaDulce.Infrastructure.genruntimeconfig.cache" (valor anterior: "obj\Debug\net8.0\IrmaDulce.Infrastructure.genruntimeconfig.cache") em C:\Program Files\dotnet\sdk\8.0.415\Sdks\Microsoft.NET.Sdk\targets\Microsoft.NET.Sdk.targets (44,5)
       Reatribuição de propriedade: $(_GeneratePublishDependencyFilePropertyInputsCache)="C:\Projects\Irma Dulce\backend\src\IrmaDulce.Infrastructure\obj\Debug\net8.0\IrmaDulce.Infrastructure.genpublishdeps.cache" (valor anterior: "obj\Debug\net8.0\IrmaDulce.Infrastructure.genpublishdeps.cache") em C:\Program Files\dotnet\sdk\8.0.415\Sdks\Microsoft.NET.Sdk\targets\Microsoft.NET.Sdk.targets (46,5)
       Reatribuição de propriedade: $(_GenerateSingleFileBundlePropertyInputsCache)="C:\Projects\Irma Dulce\backend\src\IrmaDulce.Infrastructure\obj\Debug\net8.0\IrmaDulce.Infrastructure.genbundle.cache" (valor anterior: "obj\Debug\net8.0\IrmaDulce.Infrastructure.genbundle.cache") em C:\Program Files\dotnet\sdk\8.0.415\Sdks\Microsoft.NET.Sdk\targets\Microsoft.NET.Sdk.targets (48,5)
       Reatribuição de propriedade: $(GenerateRuntimeConfigDevFile)="false" (valor anterior: "true") em C:\Program Files\dotnet\sdk\8.0.415\Sdks\Microsoft.NET.Sdk\targets\Microsoft.NET.Sdk.targets (81,5)
       Reatribuição de propriedade: $(_DefaultUserProfileRuntimeStorePath)="C:\Users\lucas.bertin" (valor anterior: "") em C:\Program Files\dotnet\sdk\8.0.415\Sdks\Microsoft.NET.Sdk\targets\Microsoft.NET.Sdk.targets (97,5)
       Reatribuição de propriedade: $(_DefaultUserProfileRuntimeStorePath)="C:\Users\lucas.bertin\.dotnet\store" (valor anterior: "C:\Users\lucas.bertin") em C:\Program Files\dotnet\sdk\8.0.415\Sdks\Microsoft.NET.Sdk\targets\Microsoft.NET.Sdk.targets (98,5)
       Reatribuição de propriedade: $(AvailablePlatforms)="Any CPU,x86,x64,ARM32" (valor anterior: "Any CPU,x86,x64") em C:\Program Files\dotnet\sdk\8.0.415\Sdks\Microsoft.NET.Sdk\targets\Microsoft.NET.Sdk.targets (136,5)
       Reatribuição de propriedade: $(AvailablePlatforms)="Any CPU,x86,x64,ARM32,ARM64" (valor anterior: "Any CPU,x86,x64,ARM32") em C:\Program Files\dotnet\sdk\8.0.415\Sdks\Microsoft.NET.Sdk\targets\Microsoft.NET.Sdk.targets (140,5)
       Reatribuição de propriedade: $(CoreBuildDependsOn)="
             _CheckForBuildWithNoBuild;
             
             BuildOnlySettings;
             PrepareForBuild;
             PreBuildEvent;
             ResolveReferences;
             PrepareResources;
             ResolveKeySource;
             Compile;
             ExportWindowsMDFile;
             UnmanagedUnregistration;
             GenerateSerializationAssemblies;
             CreateSatelliteAssemblies;
             GenerateManifests;
             GetTargetPath;
             PrepareForRun;
             UnmanagedRegistration;
             IncrementalClean;
             PostBuildEvent
           ;
             GenerateBuildDependencyFile;
             GenerateBuildRuntimeConfigurationFiles
           " (valor anterior: "
             BuildOnlySettings;
             PrepareForBuild;
             PreBuildEvent;
             ResolveReferences;
             PrepareResources;
             ResolveKeySource;
             Compile;
             ExportWindowsMDFile;
             UnmanagedUnregistration;
             GenerateSerializationAssemblies;
             CreateSatelliteAssemblies;
             GenerateManifests;
             GetTargetPath;
             PrepareForRun;
             UnmanagedRegistration;
             IncrementalClean;
             PostBuildEvent
           ") em C:\Program Files\dotnet\sdk\8.0.415\Sdks\Microsoft.NET.Sdk\targets\Microsoft.NET.Sdk.targets (197,5)
       Reatribuição de propriedade: $(CoreCleanDependsOn)="
             _SdkBeforeClean;
             
           " (valor anterior: "") em C:\Program Files\dotnet\sdk\8.0.415\Sdks\Microsoft.NET.Sdk\targets\Microsoft.NET.Sdk.targets (206,5)
       Reatribuição de propriedade: $(RebuildDependsOn)="
             _SdkBeforeRebuild;
             
             BeforeRebuild;
             Clean;
             Build;
             AfterRebuild;
           
           " (valor anterior: "
             BeforeRebuild;
             Clean;
             Build;
             AfterRebuild;
           ") em C:\Program Files\dotnet\sdk\8.0.415\Sdks\Microsoft.NET.Sdk\targets\Microsoft.NET.Sdk.targets (213,5)
       Reatribuição de propriedade: $(CompileDependsOn)="
             
             ResolveReferences;
             ResolveKeySource;
             SetWin32ManifestProperties;
             _SetPreferNativeArm64Win32ManifestProperties;
             FindReferenceAssembliesForReferences;
             _GenerateCompileInputs;
             BeforeCompile;
             _TimeStampBeforeCompile;
             _GenerateCompileDependencyCache;
             CoreCompile;
             _TimeStampAfterCompile;
             AfterCompile;
           ;
             _CreateAppHost;
             _CreateComHost;
             _GetIjwHostPaths;
           " (valor anterior: "
             ResolveReferences;
             ResolveKeySource;
             SetWin32ManifestProperties;
             _SetPreferNativeArm64Win32ManifestProperties;
             FindReferenceAssembliesForReferences;
             _GenerateCompileInputs;
             BeforeCompile;
             _TimeStampBeforeCompile;
             _GenerateCompileDependencyCache;
             CoreCompile;
             _TimeStampAfterCompile;
             AfterCompile;
           ") em C:\Program Files\dotnet\sdk\8.0.415\Sdks\Microsoft.NET.Sdk\targets\Microsoft.NET.Sdk.targets (679,5)
       Reatribuição de propriedade: $(CreateSatelliteAssembliesDependsOn)="
             
             ;
             _GenerateSatelliteAssemblyInputs;
             ComputeIntermediateSatelliteAssemblies;
             GenerateSatelliteAssemblies
           ;
             CoreGenerateSatelliteAssemblies
           " (valor anterior: "
             ;
             _GenerateSatelliteAssemblyInputs;
             ComputeIntermediateSatelliteAssemblies;
             GenerateSatelliteAssemblies
           ") em C:\Program Files\dotnet\sdk\8.0.415\Sdks\Microsoft.NET.Sdk\targets\Microsoft.NET.Sdk.targets (1065,5)
       Reatribuição de propriedade: $(SourceLinkUrlInitializerTargets)=";_InitializeGitHubSourceLinkUrl;_InitializeGitLabSourceLinkUrl" (valor anterior: ";_InitializeGitHubSourceLinkUrl") em C:\Program Files\dotnet\sdk\8.0.415\Sdks\Microsoft.SourceLink.GitLab\build\Microsoft.SourceLink.GitLab.targets (12,5)
       Reatribuição de propriedade: $(SourceControlManagerUrlTranslationTargets)=";TranslateGitHubUrlsInSourceControlInformation;TranslateGitLabUrlsInSourceControlInformation" (valor anterior: ";TranslateGitHubUrlsInSourceControlInformation") em C:\Program Files\dotnet\sdk\8.0.415\Sdks\Microsoft.SourceLink.GitLab\build\Microsoft.SourceLink.GitLab.targets (13,5)
       Reatribuição de propriedade: $(SourceLinkUrlInitializerTargets)=";_InitializeGitHubSourceLinkUrl;_InitializeGitLabSourceLinkUrl;_InitializeAzureReposGitSourceLinkUrl" (valor anterior: ";_InitializeGitHubSourceLinkUrl;_InitializeGitLabSourceLinkUrl") em C:\Program Files\dotnet\sdk\8.0.415\Sdks\Microsoft.SourceLink.AzureRepos.Git\build\Microsoft.SourceLink.AzureRepos.Git.targets (12,5)
       Reatribuição de propriedade: $(SourceControlManagerUrlTranslationTargets)=";TranslateGitHubUrlsInSourceControlInformation;TranslateGitLabUrlsInSourceControlInformation;TranslateAzureReposGitUrlsInSourceControlInformation" (valor anterior: ";TranslateGitHubUrlsInSourceControlInformation;TranslateGitLabUrlsInSourceControlInformation") em C:\Program Files\dotnet\sdk\8.0.415\Sdks\Microsoft.SourceLink.AzureRepos.Git\build\Microsoft.SourceLink.AzureRepos.Git.targets (13,5)
       Reatribuição de propriedade: $(SourceLinkUrlInitializerTargets)=";_InitializeGitHubSourceLinkUrl;_InitializeGitLabSourceLinkUrl;_InitializeAzureReposGitSourceLinkUrl;_InitializeBitbucketGitSourceLinkUrl" (valor anterior: ";_InitializeGitHubSourceLinkUrl;_InitializeGitLabSourceLinkUrl;_InitializeAzureReposGitSourceLinkUrl") em C:\Program Files\dotnet\sdk\8.0.415\Sdks\Microsoft.SourceLink.Bitbucket.Git\build\Microsoft.SourceLink.Bitbucket.Git.targets (12,5)
       Reatribuição de propriedade: $(SourceControlManagerUrlTranslationTargets)=";TranslateGitHubUrlsInSourceControlInformation;TranslateGitLabUrlsInSourceControlInformation;TranslateAzureReposGitUrlsInSourceControlInformation;TranslateBitbucketGitUrlsInSourceControlInformation" (valor anterior: ";TranslateGitHubUrlsInSourceControlInformation;TranslateGitLabUrlsInSourceControlInformation;TranslateAzureReposGitUrlsInSourceControlInformation") em C:\Program Files\dotnet\sdk\8.0.415\Sdks\Microsoft.SourceLink.Bitbucket.Git\build\Microsoft.SourceLink.Bitbucket.Git.targets (13,5)
       Reatribuição de propriedade: $(DesignerRuntimeImplementationProjectOutputGroupDependsOn)="
             
             ;
             
             ;
             BuildOnlySettings;
             PrepareForBuild;
             AssignTargetPaths;
             ResolveReferences
           
           ;
             _GenerateDesignerDepsFile;
             _GenerateDesignerRuntimeConfigFile;
             GetCopyToOutputDirectoryItems;
             _GatherDesignerShadowCopyFiles;
           " (valor anterior: "
             ;
             
             ;
             BuildOnlySettings;
             PrepareForBuild;
             AssignTargetPaths;
             ResolveReferences
           
           ") em C:\Program Files\dotnet\sdk\8.0.415\Sdks\Microsoft.NET.Sdk\targets\Microsoft.NET.DesignerSupport.targets (21,5)
       Reatribuição de propriedade: $(_GenerateToolsSettingsFileCacheFile)="C:\Projects\Irma Dulce\backend\src\IrmaDulce.Infrastructure\obj\Debug\net8.0\IrmaDulce.Infrastructure.toolssettingsinput.cache" (valor anterior: "obj\Debug\net8.0\IrmaDulce.Infrastructure.toolssettingsinput.cache") em C:\Program Files\dotnet\sdk\8.0.415\Sdks\Microsoft.NET.Sdk\targets\Microsoft.NET.PackTool.targets (68,5)
       Reatribuição de propriedade: $(_ShimInputCacheFile)="C:\Projects\Irma Dulce\backend\src\IrmaDulce.Infrastructure\obj\Debug\net8.0\IrmaDulce.Infrastructure.shiminput.cache" (valor anterior: "obj\Debug\net8.0\IrmaDulce.Infrastructure.shiminput.cache") em C:\Program Files\dotnet\sdk\8.0.415\Sdks\Microsoft.NET.Sdk\targets\Microsoft.NET.PackTool.targets (137,5)
       Reatribuição de propriedade: $(_ShimCreatedSentinelFile)="C:\Projects\Irma Dulce\backend\src\IrmaDulce.Infrastructure\obj\Debug\net8.0\IrmaDulce.Infrastructure.shimcreated.sentinel" (valor anterior: "obj\Debug\net8.0\IrmaDulce.Infrastructure.shimcreated.sentinel") em C:\Program Files\dotnet\sdk\8.0.415\Sdks\Microsoft.NET.Sdk\targets\Microsoft.NET.PackTool.targets (139,5)
       Reatribuição de propriedade: $(DefineConstants)="TRACE;DEBUG" (valor anterior: "TRACE") em C:\Program Files\dotnet\sdk\8.0.415\Sdks\Microsoft.NET.Sdk\targets\Microsoft.NET.Sdk.CSharp.targets (31,5)
       Reatribuição de propriedade: $(DefineConstants)="TRACE;DEBUG;NET;NET8_0;NETCOREAPP" (valor anterior: "TRACE;DEBUG") em C:\Program Files\dotnet\sdk\8.0.415\Sdks\Microsoft.NET.Sdk\targets\Microsoft.NET.Sdk.CSharp.targets (34,5)
       Imóvel 'MSBuildExtensionsPath' com valor 'C:\Program Files\dotnet\sdk\8.0.415\' expandido do ambiente.
       Imóvel 'MSBuildExtensionsPath' com valor 'C:\Program Files\dotnet\sdk\8.0.415\' expandido do ambiente.
       Reatribuição de propriedade: $(ProjectAssetsCacheFile)="C:\Projects\Irma Dulce\backend\src\IrmaDulce.Domain\obj\Debug\net8.0\IrmaDulce.Domain.assets.cache" (valor anterior: "obj\Debug\net8.0\IrmaDulce.Domain.assets.cache") em C:\Program Files\dotnet\sdk\8.0.415\Sdks\Microsoft.NET.Sdk\targets\Microsoft.PackageDependencyResolution.targets (29,5)
       Reatribuição de propriedade: $(ResolveAssemblyReferencesDependsOn)="
             
             ResolveProjectReferences;
             FindInvalidProjectReferences;
             GetFrameworkPaths;
             GetReferenceAssemblyPaths;
             PrepareForBuild;
             ResolveSDKReferences;
             ExpandSDKReferences;
           ;
             ResolvePackageDependenciesForBuild;
             _HandlePackageFileConflicts;
           " (valor anterior: "
             ResolveProjectReferences;
             FindInvalidProjectReferences;
             GetFrameworkPaths;
             GetReferenceAssemblyPaths;
             PrepareForBuild;
             ResolveSDKReferences;
             ExpandSDKReferences;
           ") em C:\Program Files\dotnet\sdk\8.0.415\Sdks\Microsoft.NET.Sdk\targets\Microsoft.PackageDependencyResolution.targets (80,5)
       Reatribuição de propriedade: $(PrepareResourcesDependsOn)="
             ResolvePackageDependenciesForBuild;
             _HandlePackageFileConflicts;
             
             ;
             PrepareResourceNames;
             ResGen;
             CompileLicxFiles
           
           " (valor anterior: "
             ;
             PrepareResourceNames;
             ResGen;
             CompileLicxFiles
           ") em C:\Program Files\dotnet\sdk\8.0.415\Sdks\Microsoft.NET.Sdk\targets\Microsoft.PackageDependencyResolution.targets (86,5)
       Reatribuição de propriedade: $(DefaultItemExcludes)=";bin\Debug\/**;obj\Debug\/**;bin\/**" (valor anterior: ";bin\Debug\/**;obj\Debug\/**") em C:\Program Files\dotnet\sdk\8.0.415\Sdks\Microsoft.NET.Sdk\targets\Microsoft.NET.Sdk.DefaultItems.targets (27,5)
       Reatribuição de propriedade: $(DefaultItemExcludes)=";bin\Debug\/**;obj\Debug\/**;bin\/**;obj\/**" (valor anterior: ";bin\Debug\/**;obj\Debug\/**;bin\/**") em C:\Program Files\dotnet\sdk\8.0.415\Sdks\Microsoft.NET.Sdk\targets\Microsoft.NET.Sdk.DefaultItems.targets (29,5)
       Reatribuição de propriedade: $(DefaultItemExcludes)=";bin\Debug\/**;obj\Debug\/**;bin\/**;obj\/**;**/*.user" (valor anterior: ";bin\Debug\/**;obj\Debug\/**;bin\/**;obj\/**") em C:\Program Files\dotnet\sdk\8.0.415\Sdks\Microsoft.NET.Sdk\targets\Microsoft.NET.Sdk.DefaultItems.targets (32,5)
       Reatribuição de propriedade: $(DefaultItemExcludes)=";bin\Debug\/**;obj\Debug\/**;bin\/**;obj\/**;**/*.user;**/*.*proj" (valor anterior: ";bin\Debug\/**;obj\Debug\/**;bin\/**;obj\/**;**/*.user") em C:\Program Files\dotnet\sdk\8.0.415\Sdks\Microsoft.NET.Sdk\targets\Microsoft.NET.Sdk.DefaultItems.targets (33,5)
       Reatribuição de propriedade: $(DefaultItemExcludes)=";bin\Debug\/**;obj\Debug\/**;bin\/**;obj\/**;**/*.user;**/*.*proj;**/*.sln" (valor anterior: ";bin\Debug\/**;obj\Debug\/**;bin\/**;obj\/**;**/*.user;**/*.*proj") em C:\Program Files\dotnet\sdk\8.0.415\Sdks\Microsoft.NET.Sdk\targets\Microsoft.NET.Sdk.DefaultItems.targets (34,5)
       Reatribuição de propriedade: $(DefaultItemExcludes)=";bin\Debug\/**;obj\Debug\/**;bin\/**;obj\/**;**/*.user;**/*.*proj;**/*.sln;**/*.vssscc" (valor anterior: ";bin\Debug\/**;obj\Debug\/**;bin\/**;obj\/**;**/*.user;**/*.*proj;**/*.sln") em C:\Program Files\dotnet\sdk\8.0.415\Sdks\Microsoft.NET.Sdk\targets\Microsoft.NET.Sdk.DefaultItems.targets (35,5)
       Reatribuição de propriedade: $(DefaultItemExcludes)=";bin\Debug\/**;obj\Debug\/**;bin\/**;obj\/**;**/*.user;**/*.*proj;**/*.sln;**/*.vssscc;**/.DS_Store" (valor anterior: ";bin\Debug\/**;obj\Debug\/**;bin\/**;obj\/**;**/*.user;**/*.*proj;**/*.sln;**/*.vssscc") em C:\Program Files\dotnet\sdk\8.0.415\Sdks\Microsoft.NET.Sdk\targets\Microsoft.NET.Sdk.DefaultItems.targets (36,5)
       Reatribuição de propriedade: $(ResolveAssemblyReferencesDependsOn)="
             
             
             ResolveProjectReferences;
             FindInvalidProjectReferences;
             GetFrameworkPaths;
             GetReferenceAssemblyPaths;
             PrepareForBuild;
             ResolveSDKReferences;
             ExpandSDKReferences;
           ;
             ResolvePackageDependenciesForBuild;
             _HandlePackageFileConflicts;
           ;
             ResolveTargetingPackAssets;
           " (valor anterior: "
             
             ResolveProjectReferences;
             FindInvalidProjectReferences;
             GetFrameworkPaths;
             GetReferenceAssemblyPaths;
             PrepareForBuild;
             ResolveSDKReferences;
             ExpandSDKReferences;
           ;
             ResolvePackageDependenciesForBuild;
             _HandlePackageFileConflicts;
           ") em C:\Program Files\dotnet\sdk\8.0.415\Sdks\Microsoft.NET.Sdk\targets\Microsoft.NET.Sdk.FrameworkReferenceResolution.targets (14,5)
       Reatribuição de propriedade: $(MSBuildProjectExtensionsPath)="C:\Projects\Irma Dulce\backend\src\IrmaDulce.Application\obj\" (valor anterior: "obj\") em C:\Program Files\dotnet\sdk\8.0.415\Current\Microsoft.Common.props (60,5)
       Reatribuição de propriedade: $(_GenerateRuntimeConfigurationPropertyInputsCache)="C:\Projects\Irma Dulce\backend\src\IrmaDulce.Domain\obj\Debug\net8.0\IrmaDulce.Domain.genruntimeconfig.cache" (valor anterior: "obj\Debug\net8.0\IrmaDulce.Domain.genruntimeconfig.cache") em C:\Program Files\dotnet\sdk\8.0.415\Sdks\Microsoft.NET.Sdk\targets\Microsoft.NET.Sdk.targets (44,5)
       Reatribuição de propriedade: $(MSBuildProjectExtensionsPath)="C:\Projects\Irma Dulce\backend\src\IrmaDulce.API\obj\" (valor anterior: "obj\") em C:\Program Files\dotnet\sdk\8.0.415\Current\Microsoft.Common.props (60,5)
       Reatribuição de propriedade: $(_GeneratePublishDependencyFilePropertyInputsCache)="C:\Projects\Irma Dulce\backend\src\IrmaDulce.Domain\obj\Debug\net8.0\IrmaDulce.Domain.genpublishdeps.cache" (valor anterior: "obj\Debug\net8.0\IrmaDulce.Domain.genpublishdeps.cache") em C:\Program Files\dotnet\sdk\8.0.415\Sdks\Microsoft.NET.Sdk\targets\Microsoft.NET.Sdk.targets (46,5)
       Reatribuição de propriedade: $(WarningsAsErrors)=";NU1605;SYSLIB0011" (valor anterior: ";NU1605") em C:\Program Files\dotnet\sdk\8.0.415\Sdks\Microsoft.NET.Sdk\targets\Microsoft.NET.Sdk.CSharp.targets (48,5)
       Reatribuição de propriedade: $(_GenerateSingleFileBundlePropertyInputsCache)="C:\Projects\Irma Dulce\backend\src\IrmaDulce.Domain\obj\Debug\net8.0\IrmaDulce.Domain.genbundle.cache" (valor anterior: "obj\Debug\net8.0\IrmaDulce.Domain.genbundle.cache") em C:\Program Files\dotnet\sdk\8.0.415\Sdks\Microsoft.NET.Sdk\targets\Microsoft.NET.Sdk.targets (48,5)
       Reatribuição de propriedade: $(GenerateRuntimeConfigDevFile)="false" (valor anterior: "true") em C:\Program Files\dotnet\sdk\8.0.415\Sdks\Microsoft.NET.Sdk\targets\Microsoft.NET.Sdk.targets (81,5)
       Reatribuição de propriedade: $(_DefaultUserProfileRuntimeStorePath)="C:\Users\lucas.bertin" (valor anterior: "") em C:\Program Files\dotnet\sdk\8.0.415\Sdks\Microsoft.NET.Sdk\targets\Microsoft.NET.Sdk.targets (97,5)
       Reatribuição de propriedade: $(_DefaultUserProfileRuntimeStorePath)="C:\Users\lucas.bertin\.dotnet\store" (valor anterior: "C:\Users\lucas.bertin") em C:\Program Files\dotnet\sdk\8.0.415\Sdks\Microsoft.NET.Sdk\targets\Microsoft.NET.Sdk.targets (98,5)
       Reatribuição de propriedade: $(AvailablePlatforms)="Any CPU,x86,x64,ARM32" (valor anterior: "Any CPU,x86,x64") em C:\Program Files\dotnet\sdk\8.0.415\Sdks\Microsoft.NET.Sdk\targets\Microsoft.NET.Sdk.targets (136,5)
       Reatribuição de propriedade: $(AvailablePlatforms)="Any CPU,x86,x64,ARM32,ARM64" (valor anterior: "Any CPU,x86,x64,ARM32") em C:\Program Files\dotnet\sdk\8.0.415\Sdks\Microsoft.NET.Sdk\targets\Microsoft.NET.Sdk.targets (140,5)
       Reatribuição de propriedade: $(CoreBuildDependsOn)="
             _CheckForBuildWithNoBuild;
             
             BuildOnlySettings;
             PrepareForBuild;
             PreBuildEvent;
             ResolveReferences;
             PrepareResources;
             ResolveKeySource;
             Compile;
             ExportWindowsMDFile;
             UnmanagedUnregistration;
             GenerateSerializationAssemblies;
             CreateSatelliteAssemblies;
             GenerateManifests;
             GetTargetPath;
             PrepareForRun;
             UnmanagedRegistration;
             IncrementalClean;
             PostBuildEvent
           ;
             GenerateBuildDependencyFile;
             GenerateBuildRuntimeConfigurationFiles
           " (valor anterior: "
             BuildOnlySettings;
             PrepareForBuild;
             PreBuildEvent;
             ResolveReferences;
             PrepareResources;
             ResolveKeySource;
             Compile;
             ExportWindowsMDFile;
             UnmanagedUnregistration;
             GenerateSerializationAssemblies;
             CreateSatelliteAssemblies;
             GenerateManifests;
             GetTargetPath;
             PrepareForRun;
             UnmanagedRegistration;
             IncrementalClean;
             PostBuildEvent
           ") em C:\Program Files\dotnet\sdk\8.0.415\Sdks\Microsoft.NET.Sdk\targets\Microsoft.NET.Sdk.targets (197,5)
       Reatribuição de propriedade: $(CoreCleanDependsOn)="
             _SdkBeforeClean;
             
           " (valor anterior: "") em C:\Program Files\dotnet\sdk\8.0.415\Sdks\Microsoft.NET.Sdk\targets\Microsoft.NET.Sdk.targets (206,5)
       Reatribuição de propriedade: $(RebuildDependsOn)="
             _SdkBeforeRebuild;
             
             BeforeRebuild;
             Clean;
             Build;
             AfterRebuild;
           
           " (valor anterior: "
             BeforeRebuild;
             Clean;
             Build;
             AfterRebuild;
           ") em C:\Program Files\dotnet\sdk\8.0.415\Sdks\Microsoft.NET.Sdk\targets\Microsoft.NET.Sdk.targets (213,5)
       Reatribuição de propriedade: $(CompileDependsOn)="
             
             ResolveReferences;
             ResolveKeySource;
             SetWin32ManifestProperties;
             _SetPreferNativeArm64Win32ManifestProperties;
             FindReferenceAssembliesForReferences;
             _GenerateCompileInputs;
             BeforeCompile;
             _TimeStampBeforeCompile;
             _GenerateCompileDependencyCache;
             CoreCompile;
             _TimeStampAfterCompile;
             AfterCompile;
           ;
             _CreateAppHost;
             _CreateComHost;
             _GetIjwHostPaths;
           " (valor anterior: "
             ResolveReferences;
             ResolveKeySource;
             SetWin32ManifestProperties;
             _SetPreferNativeArm64Win32ManifestProperties;
             FindReferenceAssembliesForReferences;
             _GenerateCompileInputs;
             BeforeCompile;
             _TimeStampBeforeCompile;
             _GenerateCompileDependencyCache;
             CoreCompile;
             _TimeStampAfterCompile;
             AfterCompile;
           ") em C:\Program Files\dotnet\sdk\8.0.415\Sdks\Microsoft.NET.Sdk\targets\Microsoft.NET.Sdk.targets (679,5)
       Reatribuição de propriedade: $(CreateSatelliteAssembliesDependsOn)="
             
             ;
             _GenerateSatelliteAssemblyInputs;
             ComputeIntermediateSatelliteAssemblies;
             GenerateSatelliteAssemblies
           ;
             CoreGenerateSatelliteAssemblies
           " (valor anterior: "
             ;
             _GenerateSatelliteAssemblyInputs;
             ComputeIntermediateSatelliteAssemblies;
             GenerateSatelliteAssemblies
           ") em C:\Program Files\dotnet\sdk\8.0.415\Sdks\Microsoft.NET.Sdk\targets\Microsoft.NET.Sdk.targets (1065,5)
       Reatribuição de propriedade: $(PackageDescription)="Package Description" (valor anterior: "") em C:\Program Files\dotnet\sdk\8.0.415\Sdks\NuGet.Build.Tasks.Pack\build\NuGet.Build.Tasks.Pack.targets (34,5)
       Reatribuição de propriedade: $(GenerateNuspecDependsOn)="Build;_LoadPackInputItems; _GetTargetFrameworksOutput; _WalkEachTargetPerFramework; _GetPackageFiles; " (valor anterior: "_LoadPackInputItems; _GetTargetFrameworksOutput; _WalkEachTargetPerFramework; _GetPackageFiles; ") em C:\Program Files\dotnet\sdk\8.0.415\Sdks\NuGet.Build.Tasks.Pack\build\NuGet.Build.Tasks.Pack.targets (59,5)
       Reatribuição de propriedade: $(_IsNotSetContainersTargetsDir)="true" (valor anterior: "false") em C:\Program Files\dotnet\sdk\8.0.415\Sdks\Microsoft.NET.Sdk\Sdk\Sdk.targets (59,5)
       Reatribuição de propriedade: $(SourceLinkUrlInitializerTargets)=";_InitializeGitHubSourceLinkUrl;_InitializeGitLabSourceLinkUrl" (valor anterior: ";_InitializeGitHubSourceLinkUrl") em C:\Program Files\dotnet\sdk\8.0.415\Sdks\Microsoft.SourceLink.GitLab\build\Microsoft.SourceLink.GitLab.targets (12,5)
       Reatribuição de propriedade: $(SourceControlManagerUrlTranslationTargets)=";TranslateGitHubUrlsInSourceControlInformation;TranslateGitLabUrlsInSourceControlInformation" (valor anterior: ";TranslateGitHubUrlsInSourceControlInformation") em C:\Program Files\dotnet\sdk\8.0.415\Sdks\Microsoft.SourceLink.GitLab\build\Microsoft.SourceLink.GitLab.targets (13,5)
       Reatribuição de propriedade: $(_IsSDKContainerAllowedVersion)="true" (valor anterior: "false") em C:\Program Files\dotnet\sdk\8.0.415\Containers\build\Microsoft.NET.Build.Containers.targets (5,5)
       Reatribuição de propriedade: $(SourceLinkUrlInitializerTargets)=";_InitializeGitHubSourceLinkUrl;_InitializeGitLabSourceLinkUrl;_InitializeAzureReposGitSourceLinkUrl" (valor anterior: ";_InitializeGitHubSourceLinkUrl;_InitializeGitLabSourceLinkUrl") em C:\Program Files\dotnet\sdk\8.0.415\Sdks\Microsoft.SourceLink.AzureRepos.Git\build\Microsoft.SourceLink.AzureRepos.Git.targets (12,5)
       Reatribuição de propriedade: $(SourceControlManagerUrlTranslationTargets)=";TranslateGitHubUrlsInSourceControlInformation;TranslateGitLabUrlsInSourceControlInformation;TranslateAzureReposGitUrlsInSourceControlInformation" (valor anterior: ";TranslateGitHubUrlsInSourceControlInformation;TranslateGitLabUrlsInSourceControlInformation") em C:\Program Files\dotnet\sdk\8.0.415\Sdks\Microsoft.SourceLink.AzureRepos.Git\build\Microsoft.SourceLink.AzureRepos.Git.targets (13,5)
       Reatribuição de propriedade: $(_ContainerIsTargetingNet8TFM)="true" (valor anterior: "false") em C:\Program Files\dotnet\sdk\8.0.415\Containers\build\Microsoft.NET.Build.Containers.targets (15,5)
       Reatribuição de propriedade: $(SourceLinkUrlInitializerTargets)=";_InitializeGitHubSourceLinkUrl;_InitializeGitLabSourceLinkUrl;_InitializeAzureReposGitSourceLinkUrl;_InitializeBitbucketGitSourceLinkUrl" (valor anterior: ";_InitializeGitHubSourceLinkUrl;_InitializeGitLabSourceLinkUrl;_InitializeAzureReposGitSourceLinkUrl") em C:\Program Files\dotnet\sdk\8.0.415\Sdks\Microsoft.SourceLink.Bitbucket.Git\build\Microsoft.SourceLink.Bitbucket.Git.targets (12,5)
       Reatribuição de propriedade: $(SourceControlManagerUrlTranslationTargets)=";TranslateGitHubUrlsInSourceControlInformation;TranslateGitLabUrlsInSourceControlInformation;TranslateAzureReposGitUrlsInSourceControlInformation;TranslateBitbucketGitUrlsInSourceControlInformation" (valor anterior: ";TranslateGitHubUrlsInSourceControlInformation;TranslateGitLabUrlsInSourceControlInformation;TranslateAzureReposGitUrlsInSourceControlInformation") em C:\Program Files\dotnet\sdk\8.0.415\Sdks\Microsoft.SourceLink.Bitbucket.Git\build\Microsoft.SourceLink.Bitbucket.Git.targets (13,5)
       Substituindo o destino "ResolveFrameworkReferences" no projeto "C:\Program Files\dotnet\sdk\8.0.415\Microsoft.Common.CurrentVersion.targets" pelo destino "ResolveFrameworkReferences" do projeto "C:\Program Files\dotnet\sdk\8.0.415\Sdks\Microsoft.NET.Sdk\targets\Microsoft.NET.Sdk.FrameworkReferenceResolution.targets".
       Substituindo o destino "Run" no projeto "C:\Program Files\dotnet\sdk\8.0.415\Microsoft.Common.CurrentVersion.targets" pelo destino "Run" do projeto "C:\Program Files\dotnet\sdk\8.0.415\Sdks\Microsoft.NET.Sdk\targets\Microsoft.NET.Sdk.targets".
       Substituindo o destino "GenerateSupportedTargetFrameworkAlias" no projeto "C:\Program Files\dotnet\sdk\8.0.415\Microsoft.Common.CurrentVersion.targets" pelo destino "GenerateSupportedTargetFrameworkAlias" do projeto "C:\Program Files\dotnet\sdk\8.0.415\Sdks\Microsoft.NET.Sdk\targets\Microsoft.NET.Sdk.targets".
       Substituindo o destino "GetReferenceAssemblyPaths" no projeto "C:\Program Files\dotnet\sdk\8.0.415\Microsoft.Common.CurrentVersion.targets" pelo destino "GetReferenceAssemblyPaths" do projeto "C:\Program Files\dotnet\sdk\8.0.415\Sdks\Microsoft.NET.Sdk\targets\Microsoft.NET.DisableStandardFrameworkResolution.targets".
       Reatribuição de propriedade: $(DesignerRuntimeImplementationProjectOutputGroupDependsOn)="
             
             ;
             
             ;
             BuildOnlySettings;
             PrepareForBuild;
             AssignTargetPaths;
             ResolveReferences
           
           ;
             _GenerateDesignerDepsFile;
             _GenerateDesignerRuntimeConfigFile;
             GetCopyToOutputDirectoryItems;
             _GatherDesignerShadowCopyFiles;
           " (valor anterior: "
             ;
             
             ;
             BuildOnlySettings;
             PrepareForBuild;
             AssignTargetPaths;
             ResolveReferences
           
           ") em C:\Program Files\dotnet\sdk\8.0.415\Sdks\Microsoft.NET.Sdk\targets\Microsoft.NET.DesignerSupport.targets (21,5)
       Substituindo o destino "GetFrameworkPaths" no projeto "C:\Program Files\dotnet\sdk\8.0.415\Microsoft.Common.CurrentVersion.targets" pelo destino "GetFrameworkPaths" do projeto "C:\Program Files\dotnet\sdk\8.0.415\Sdks\Microsoft.NET.Sdk\targets\Microsoft.NET.DisableStandardFrameworkResolution.targets".
       Substituindo o destino "DesignerRuntimeImplementationProjectOutputGroup" no projeto "C:\Program Files\dotnet\sdk\8.0.415\Microsoft.Common.CurrentVersion.targets" pelo destino "DesignerRuntimeImplementationProjectOutputGroup" do projeto "C:\Program Files\dotnet\sdk\8.0.415\Sdks\Microsoft.NET.Sdk\targets\Microsoft.NET.DesignerSupport.targets".
       Substituindo o destino "Publish" no projeto "C:\Program Files\dotnet\sdk\8.0.415\Microsoft.Common.CurrentVersion.targets" pelo destino "Publish" do projeto "C:\Program Files\dotnet\sdk\8.0.415\Sdks\Microsoft.NET.Sdk\targets\Microsoft.NET.Publish.targets".
       Imóvel 'USERPROFILE' com valor 'C:\Users\lucas.bertin' expandido do ambiente.
       Imóvel 'USERPROFILE' com valor 'C:\Users\lucas.bertin' expandido do ambiente.
       Reatribuição de propriedade: $(_GenerateToolsSettingsFileCacheFile)="C:\Projects\Irma Dulce\backend\src\IrmaDulce.Domain\obj\Debug\net8.0\IrmaDulce.Domain.toolssettingsinput.cache" (valor anterior: "obj\Debug\net8.0\IrmaDulce.Domain.toolssettingsinput.cache") em C:\Program Files\dotnet\sdk\8.0.415\Sdks\Microsoft.NET.Sdk\targets\Microsoft.NET.PackTool.targets (68,5)
       Reatribuição de propriedade: $(_ShimInputCacheFile)="C:\Projects\Irma Dulce\backend\src\IrmaDulce.Domain\obj\Debug\net8.0\IrmaDulce.Domain.shiminput.cache" (valor anterior: "obj\Debug\net8.0\IrmaDulce.Domain.shiminput.cache") em C:\Program Files\dotnet\sdk\8.0.415\Sdks\Microsoft.NET.Sdk\targets\Microsoft.NET.PackTool.targets (137,5)
       Reatribuição de propriedade: $(_ShimCreatedSentinelFile)="C:\Projects\Irma Dulce\backend\src\IrmaDulce.Domain\obj\Debug\net8.0\IrmaDulce.Domain.shimcreated.sentinel" (valor anterior: "obj\Debug\net8.0\IrmaDulce.Domain.shimcreated.sentinel") em C:\Program Files\dotnet\sdk\8.0.415\Sdks\Microsoft.NET.Sdk\targets\Microsoft.NET.PackTool.targets (139,5)
       Reatribuição de propriedade: $(DefineConstants)="TRACE;DEBUG" (valor anterior: "TRACE") em C:\Program Files\dotnet\sdk\8.0.415\Sdks\Microsoft.NET.Sdk\targets\Microsoft.NET.Sdk.CSharp.targets (31,5)
       Reatribuição de propriedade: $(DefineConstants)="TRACE;DEBUG;NET;NET8_0;NETCOREAPP" (valor anterior: "TRACE;DEBUG") em C:\Program Files\dotnet\sdk\8.0.415\Sdks\Microsoft.NET.Sdk\targets\Microsoft.NET.Sdk.CSharp.targets (34,5)
       Reatribuição de propriedade: $(WarningsAsErrors)=";NU1605;SYSLIB0011" (valor anterior: ";NU1605") em C:\Program Files\dotnet\sdk\8.0.415\Sdks\Microsoft.NET.Sdk\targets\Microsoft.NET.Sdk.CSharp.targets (48,5)
       Substituindo o destino "ResolveReadyToRunCompilers" no projeto "C:\Program Files\dotnet\sdk\8.0.415\Sdks\Microsoft.NET.Sdk\targets\Microsoft.NET.CrossGen.targets" pelo destino "ResolveReadyToRunCompilers" do projeto "C:\Program Files\dotnet\sdk\8.0.415\Sdks\Microsoft.NET.Sdk\targets\Microsoft.NET.Publish.targets".
       Imóvel 'MSBuildUserExtensionsPath' com valor 'C:\Users\lucas.bertin\AppData\Local\Microsoft\MSBuild' expandido do ambiente.
       Reatribuição de propriedade: $(OpenApiGenerateDocumentsOnBuild)="false" (valor anterior: "") em C:\Users\lucas.bertin\.nuget\packages\swashbuckle.aspnetcore\6.6.2\build\Swashbuckle.AspNetCore.props (3,5)
       Substituindo o destino "GetCopyToPublishDirectoryItems" no projeto "C:\Program Files\dotnet\sdk\8.0.415\Microsoft.Common.CurrentVersion.targets" pelo destino "GetCopyToPublishDirectoryItems" do projeto "C:\Program Files\dotnet\sdk\8.0.415\Sdks\Microsoft.NET.Sdk\targets\Microsoft.NET.Publish.targets".
       Reatribuição de propriedade: $(PackageDescription)="Package Description" (valor anterior: "") em C:\Program Files\dotnet\sdk\8.0.415\Sdks\NuGet.Build.Tasks.Pack\build\NuGet.Build.Tasks.Pack.targets (34,5)
       Reatribuição de propriedade: $(GenerateNuspecDependsOn)="Build;_LoadPackInputItems; _GetTargetFrameworksOutput; _WalkEachTargetPerFramework; _GetPackageFiles; " (valor anterior: "_LoadPackInputItems; _GetTargetFrameworksOutput; _WalkEachTargetPerFramework; _GetPackageFiles; ") em C:\Program Files\dotnet\sdk\8.0.415\Sdks\NuGet.Build.Tasks.Pack\build\NuGet.Build.Tasks.Pack.targets (59,5)
       Reatribuição de propriedade: $(_IsNotSetContainersTargetsDir)="true" (valor anterior: "false") em C:\Program Files\dotnet\sdk\8.0.415\Sdks\Microsoft.NET.Sdk\Sdk\Sdk.targets (59,5)
       A propriedade "Configuration" é global e não pode ser modificada.
       Imóvel 'MSBuildUserExtensionsPath' com valor 'C:\Users\lucas.bertin\AppData\Local\Microsoft\MSBuild' expandido do ambiente.
       Reatribuição de propriedade: $(_IsSDKContainerAllowedVersion)="true" (valor anterior: "false") em C:\Program Files\dotnet\sdk\8.0.415\Containers\build\Microsoft.NET.Build.Containers.targets (5,5)
       Reatribuição de propriedade: $(_ContainerIsTargetingNet8TFM)="true" (valor anterior: "false") em C:\Program Files\dotnet\sdk\8.0.415\Containers\build\Microsoft.NET.Build.Containers.targets (15,5)
       O destino "ResolveNuGetPackageAssets" listado em um atributo AfterTargets em "C:\Users\lucas.bertin\.nuget\packages\microsoft.extensions.options\8.0.2\buildTransitive\net6.0\Microsoft.Extensions.Options.targets (11,11)" não existe no projeto e será ignorado.
       O destino "ResolveNuGetPackageAssets" listado em um atributo AfterTargets em "C:\Users\lucas.bertin\.nuget\packages\microsoft.extensions.options\8.0.2\buildTransitive\net6.0\Microsoft.Extensions.Options.targets (23,11)" não existe no projeto e será ignorado.
       O destino "ResolveNuGetPackageAssets" listado em um atributo AfterTargets em "C:\Users\lucas.bertin\.nuget\packages\microsoft.extensions.logging.abstractions\8.0.2\buildTransitive\net6.0\Microsoft.Extensions.Logging.Abstractions.targets (11,11)" não existe no projeto e será ignorado.
       O destino "ResolveNuGetPackageAssets" listado em um atributo AfterTargets em "C:\Users\lucas.bertin\.nuget\packages\microsoft.extensions.logging.abstractions\8.0.2\buildTransitive\net6.0\Microsoft.Extensions.Logging.Abstractions.targets (23,11)" não existe no projeto e será ignorado.
       A propriedade "Platform" é global e não pode ser modificada.
       A propriedade "Configuration" é global e não pode ser modificada.
       A propriedade "Configuration" é global e não pode ser modificada.
       A propriedade "Platform" é global e não pode ser modificada.
       A propriedade "Platform" é global e não pode ser modificada.
       A propriedade "Configuration" é global e não pode ser modificada.
       Reatribuição de propriedade: $(AssemblySearchPaths)="{CandidateAssemblyFiles};{HintPathFromItem}" (valor anterior: "{CandidateAssemblyFiles}") em C:\Program Files\dotnet\sdk\8.0.415\Sdks\Microsoft.NET.Sdk\targets\Microsoft.NET.Sdk.props (91,5)
       A propriedade "Platform" é global e não pode ser modificada.
       Reatribuição de propriedade: $(AssemblySearchPaths)="{CandidateAssemblyFiles};{HintPathFromItem};{TargetFrameworkDirectory}" (valor anterior: "{CandidateAssemblyFiles};{HintPathFromItem}") em C:\Program Files\dotnet\sdk\8.0.415\Sdks\Microsoft.NET.Sdk\targets\Microsoft.NET.Sdk.props (92,5)
       Reatribuição de propriedade: $(AssemblySearchPaths)="{CandidateAssemblyFiles};{HintPathFromItem}" (valor anterior: "{CandidateAssemblyFiles}") em C:\Program Files\dotnet\sdk\8.0.415\Sdks\Microsoft.NET.Sdk\targets\Microsoft.NET.Sdk.props (91,5)
       Reatribuição de propriedade: $(AssemblySearchPaths)="{CandidateAssemblyFiles};{HintPathFromItem};{TargetFrameworkDirectory}" (valor anterior: "{CandidateAssemblyFiles};{HintPathFromItem}") em C:\Program Files\dotnet\sdk\8.0.415\Sdks\Microsoft.NET.Sdk\targets\Microsoft.NET.Sdk.props (92,5)
       Reatribuição de propriedade: $(AssemblySearchPaths)="{CandidateAssemblyFiles};{HintPathFromItem};{TargetFrameworkDirectory};{RawFileName}" (valor anterior: "{CandidateAssemblyFiles};{HintPathFromItem};{TargetFrameworkDirectory}") em C:\Program Files\dotnet\sdk\8.0.415\Sdks\Microsoft.NET.Sdk\targets\Microsoft.NET.Sdk.props (93,5)
       Reatribuição de propriedade: $(TargetsForTfmSpecificContentInPackage)=";PackTool;_PackProjectToolValidation" (valor anterior: ";PackTool") em C:\Program Files\dotnet\sdk\8.0.415\Sdks\Microsoft.NET.Sdk\targets\Microsoft.NET.PackProjectTool.props (15,5)
       Reatribuição de propriedade: $(AssemblySearchPaths)="{CandidateAssemblyFiles};{HintPathFromItem};{TargetFrameworkDirectory};{RawFileName}" (valor anterior: "{CandidateAssemblyFiles};{HintPathFromItem};{TargetFrameworkDirectory}") em C:\Program Files\dotnet\sdk\8.0.415\Sdks\Microsoft.NET.Sdk\targets\Microsoft.NET.Sdk.props (93,5)
       A propriedade "Configuration" é global e não pode ser modificada.
       Reatribuição de propriedade: $(TargetsForTfmSpecificContentInPackage)=";PackTool;_PackProjectToolValidation" (valor anterior: ";PackTool") em C:\Program Files\dotnet\sdk\8.0.415\Sdks\Microsoft.NET.Sdk\targets\Microsoft.NET.PackProjectTool.props (15,5)
       A propriedade "Platform" é global e não pode ser modificada.
       Reatribuição de propriedade: $(DefaultItemExcludes)=";**\node_modules\**;node_modules\**;**\jspm_packages\**;jspm_packages\**" (valor anterior: ";**\node_modules\**;node_modules\**") em C:\Program Files\dotnet\sdk\8.0.415\Sdks\Microsoft.NET.Sdk.StaticWebAssets\Sdk\Sdk.StaticWebAssets.StaticAssets.ProjectSystem.props (23,5)
       Reatribuição de propriedade: $(DefaultItemExcludes)=";**\node_modules\**;node_modules\**;**\jspm_packages\**;jspm_packages\**;**\bower_components\**;bower_components\**" (valor anterior: ";**\node_modules\**;node_modules\**;**\jspm_packages\**;jspm_packages\**") em C:\Program Files\dotnet\sdk\8.0.415\Sdks\Microsoft.NET.Sdk.StaticWebAssets\Sdk\Sdk.StaticWebAssets.StaticAssets.ProjectSystem.props (24,5)
       Reatribuição de propriedade: $(PublishProfileImported)="false" (valor anterior: "true") em C:\Program Files\dotnet\sdk\8.0.415\Sdks\Microsoft.NET.Sdk\targets\Microsoft.NET.Sdk.ImportPublishProfile.targets (28,5)
       Reatribuição de propriedade: $(OutputType)="Exe" (valor anterior: "Library") em C:\Program Files\dotnet\sdk\8.0.415\Sdks\Microsoft.NET.Sdk.Web.ProjectSystem\targets\Microsoft.NET.Sdk.Web.ProjectSystem.props (16,5)
       Reatribuição de propriedade: $(TargetPlatformVersion)="" (valor anterior: "0.0") em C:\Program Files\dotnet\sdk\8.0.415\Sdks\Microsoft.NET.Sdk\targets\Microsoft.NET.TargetFrameworkInference.targets (69,5)
       A propriedade "Configuration" é global e não pode ser modificada.
       Reatribuição de propriedade: $(DefaultItemExcludes)=";bin\Debug\/**;obj\Debug\/**" (valor anterior: ";bin\Debug\/**") em C:\Program Files\dotnet\sdk\8.0.415\Sdks\Microsoft.NET.Sdk\targets\Microsoft.NET.DefaultOutputPaths.targets (122,5)
       Substituindo o destino "ResolveFrameworkReferences" no projeto "C:\Program Files\dotnet\sdk\8.0.415\Microsoft.Common.CurrentVersion.targets" pelo destino "ResolveFrameworkReferences" do projeto "C:\Program Files\dotnet\sdk\8.0.415\Sdks\Microsoft.NET.Sdk\targets\Microsoft.NET.Sdk.FrameworkReferenceResolution.targets".
       Substituindo o destino "Run" no projeto "C:\Program Files\dotnet\sdk\8.0.415\Microsoft.Common.CurrentVersion.targets" pelo destino "Run" do projeto "C:\Program Files\dotnet\sdk\8.0.415\Sdks\Microsoft.NET.Sdk\targets\Microsoft.NET.Sdk.targets".
       Substituindo o destino "GenerateSupportedTargetFrameworkAlias" no projeto "C:\Program Files\dotnet\sdk\8.0.415\Microsoft.Common.CurrentVersion.targets" pelo destino "GenerateSupportedTargetFrameworkAlias" do projeto "C:\Program Files\dotnet\sdk\8.0.415\Sdks\Microsoft.NET.Sdk\targets\Microsoft.NET.Sdk.targets".
       Substituindo o destino "GetReferenceAssemblyPaths" no projeto "C:\Program Files\dotnet\sdk\8.0.415\Microsoft.Common.CurrentVersion.targets" pelo destino "GetReferenceAssemblyPaths" do projeto "C:\Program Files\dotnet\sdk\8.0.415\Sdks\Microsoft.NET.Sdk\targets\Microsoft.NET.DisableStandardFrameworkResolution.targets".
       Substituindo o destino "GetFrameworkPaths" no projeto "C:\Program Files\dotnet\sdk\8.0.415\Microsoft.Common.CurrentVersion.targets" pelo destino "GetFrameworkPaths" do projeto "C:\Program Files\dotnet\sdk\8.0.415\Sdks\Microsoft.NET.Sdk\targets\Microsoft.NET.DisableStandardFrameworkResolution.targets".
       Substituindo o destino "DesignerRuntimeImplementationProjectOutputGroup" no projeto "C:\Program Files\dotnet\sdk\8.0.415\Microsoft.Common.CurrentVersion.targets" pelo destino "DesignerRuntimeImplementationProjectOutputGroup" do projeto "C:\Program Files\dotnet\sdk\8.0.415\Sdks\Microsoft.NET.Sdk\targets\Microsoft.NET.DesignerSupport.targets".
       Substituindo o destino "Publish" no projeto "C:\Program Files\dotnet\sdk\8.0.415\Microsoft.Common.CurrentVersion.targets" pelo destino "Publish" do projeto "C:\Program Files\dotnet\sdk\8.0.415\Sdks\Microsoft.NET.Sdk\targets\Microsoft.NET.Publish.targets".
       Substituindo o destino "ResolveReadyToRunCompilers" no projeto "C:\Program Files\dotnet\sdk\8.0.415\Sdks\Microsoft.NET.Sdk\targets\Microsoft.NET.CrossGen.targets" pelo destino "ResolveReadyToRunCompilers" do projeto "C:\Program Files\dotnet\sdk\8.0.415\Sdks\Microsoft.NET.Sdk\targets\Microsoft.NET.Publish.targets".
       Substituindo o destino "GetCopyToPublishDirectoryItems" no projeto "C:\Program Files\dotnet\sdk\8.0.415\Microsoft.Common.CurrentVersion.targets" pelo destino "GetCopyToPublishDirectoryItems" do projeto "C:\Program Files\dotnet\sdk\8.0.415\Sdks\Microsoft.NET.Sdk\targets\Microsoft.NET.Publish.targets".
       A propriedade "Platform" é global e não pode ser modificada.
       Reatribuição de propriedade: $(OutputPath)="bin\Debug\net8.0\" (valor anterior: "bin\Debug\") em C:\Program Files\dotnet\sdk\8.0.415\Sdks\Microsoft.NET.Sdk\targets\Microsoft.NET.DefaultOutputPaths.targets (137,5)
       Reatribuição de propriedade: $(PublishProfileImported)="false" (valor anterior: "true") em C:\Program Files\dotnet\sdk\8.0.415\Sdks\Microsoft.NET.Sdk\targets\Microsoft.NET.Sdk.ImportPublishProfile.targets (28,5)
       Reatribuição de propriedade: $(IntermediateOutputPath)="obj\Debug\net8.0\" (valor anterior: "obj\Debug\") em C:\Program Files\dotnet\sdk\8.0.415\Sdks\Microsoft.NET.Sdk\targets\Microsoft.NET.DefaultOutputPaths.targets (142,5)
       Reatribuição de propriedade: $(TargetPlatformVersion)="" (valor anterior: "0.0") em C:\Program Files\dotnet\sdk\8.0.415\Sdks\Microsoft.NET.Sdk\targets\Microsoft.NET.TargetFrameworkInference.targets (69,5)
       Reatribuição de propriedade: $(_FrameworkIdentifierForImplicitDefine)="NET" (valor anterior: "NETCOREAPP") em C:\Program Files\dotnet\sdk\8.0.415\Sdks\Microsoft.NET.Sdk\targets\Microsoft.NET.Sdk.BeforeCommon.targets (187,5)
   1:2>O projeto "C:\Projects\Irma Dulce\backend\IrmaDulce.sln" (1:2) está compilando "C:\Projects\Irma Dulce\backend\src\IrmaDulce.Domain\IrmaDulce.Domain.csproj" (5:8) no nó 1 (destinos padrão).
   5:8>Destino "_CheckForUnsupportedTargetFramework" ignorado devido à condição falsa; ('$(_UnsupportedTargetFrameworkError)' == 'true') foi avaliado como ('' == 'true').
     0>Reatribuição de propriedade: $(DefaultItemExcludes)=";**\node_modules\**;node_modules\**;**\jspm_packages\**;jspm_packages\**;**\bower_components\**;bower_components\**;bin\Debug\/**" (valor anterior: ";**\node_modules\**;node_modules\**;**\jspm_packages\**;jspm_packages\**;**\bower_components\**;bower_components\**") em C:\Program Files\dotnet\sdk\8.0.415\Sdks\Microsoft.NET.Sdk\targets\Microsoft.NET.DefaultOutputPaths.targets (121,5)
       Reatribuição de propriedade: $(_FrameworkVersionForImplicitDefine)="8_0" (valor anterior: "8.0") em C:\Program Files\dotnet\sdk\8.0.415\Sdks\Microsoft.NET.Sdk\targets\Microsoft.NET.Sdk.BeforeCommon.targets (192,5)
       Reatribuição de propriedade: $(DefaultItemExcludes)=";**\node_modules\**;node_modules\**;**\jspm_packages\**;jspm_packages\**;**\bower_components\**;bower_components\**;bin\Debug\/**;obj\Debug\/**" (valor anterior: ";**\node_modules\**;node_modules\**;**\jspm_packages\**;jspm_packages\**;**\bower_components\**;bower_components\**;bin\Debug\/**") em C:\Program Files\dotnet\sdk\8.0.415\Sdks\Microsoft.NET.Sdk\targets\Microsoft.NET.DefaultOutputPaths.targets (122,5)
       Reatribuição de propriedade: $(CommandLineArgsForDesignTimeEvaluation)="-langversion:12.0 -define:TRACE" (valor anterior: "-langversion:12.0") em C:\Program Files\dotnet\sdk\8.0.415\Roslyn\Microsoft.CSharp.Core.targets (200,5)
   5:8>Destino "_CollectTargetFrameworkForTelemetry" no arquivo "C:\Program Files\dotnet\sdk\8.0.415\Sdks\Microsoft.NET.Sdk\targets\Microsoft.NET.TargetFrameworkInference.targets" do projeto "C:\Projects\Irma Dulce\backend\src\IrmaDulce.Domain\IrmaDulce.Domain.csproj" (o destino "_CheckForInvalidConfigurationAndPlatform" depende dele):
   5:8>Usando a tarefa "AllowEmptyTelemetry" do assembly "C:\Program Files\dotnet\sdk\8.0.415\Sdks\Microsoft.NET.Sdk\targets\..\tools\net8.0\Microsoft.NET.Build.Tasks.dll".
       Tarefa "AllowEmptyTelemetry"
       Tarefa em execução pronta "AllowEmptyTelemetry".
   5:8>Destino de compilação pronto"_CollectTargetFrameworkForTelemetry" no projeto "IrmaDulce.Domain.csproj".
       Destino "_CheckForUnsupportedTargetPlatformIdentifier" ignorado devido à condição falsa; ('$(TargetPlatformIdentifier)' != '' and '$(TargetFrameworkIdentifier)' == '.NETCoreApp' and $([MSBuild]::VersionGreaterThanOrEquals($(TargetFrameworkVersion), 5.0)) And ('$(DesignTimeBuild)' != 'true' Or '@(MissingWorkloadPack)' == '')) foi avaliado como ('' != '' and '.NETCoreApp' == '.NETCoreApp' and True And ('' != 'true' Or '' == '')).
       Destino "_CheckForMissingWorkload" ignorado devido à condição falsa; ('@(MissingWorkloadPack)' != '' And '$(DesignTimeBuild)' != 'true') foi avaliado como ('' != '' And '' != 'true').
     0>Reatribuição de propriedade: $(OutputPath)="bin\Debug\net8.0\" (valor anterior: "bin\Debug\") em C:\Program Files\dotnet\sdk\8.0.415\Sdks\Microsoft.NET.Sdk\targets\Microsoft.NET.DefaultOutputPaths.targets (137,5)
       A propriedade "Platform" é global e não pode ser modificada.
   5:8>Destino "_CheckForUnsupportedNETCoreVersion" no arquivo "C:\Program Files\dotnet\sdk\8.0.415\Sdks\Microsoft.NET.Sdk\targets\Microsoft.NET.TargetFrameworkInference.targets" do projeto "C:\Projects\Irma Dulce\backend\src\IrmaDulce.Domain\IrmaDulce.Domain.csproj" (o destino "_CheckForInvalidConfigurationAndPlatform" depende dele):
   5:8>A tarefa "NETSdkError" foi ignorada devido a condição falsa; ('$(_TargetFrameworkVersionWithoutV)' > '$(NETCoreAppMaximumVersion)' and '$(DisplayVSMessage)' != 'true') foi avaliado como ('8.0' > '8.0' and '' != 'true').
       A tarefa "NETSdkError" foi ignorada devido a condição falsa; ('$(DisplayVSMessage)' == 'true') foi avaliado como ('' == 'true').
   5:8>Destino de compilação pronto"_CheckForUnsupportedNETCoreVersion" no projeto "IrmaDulce.Domain.csproj".
       Destino "_CheckForEolTargetFrameworks" ignorado devido à condição falsa; ('@(_EolNetCoreTargetFrameworkVersions->AnyHaveMetadataValue('Identity', '$(_TargetFrameworkVersionWithoutV)'))' and '$(TargetFrameworkIdentifier)' == '.NETCoreApp' and '$(CheckEolTargetFramework)' == 'true') foi avaliado como ('false' and '.NETCoreApp' == '.NETCoreApp' and '' == 'true').
     0>Reatribuição de propriedade: $(IntermediateOutputPath)="obj\Debug\net8.0\" (valor anterior: "obj\Debug\") em C:\Program Files\dotnet\sdk\8.0.415\Sdks\Microsoft.NET.Sdk\targets\Microsoft.NET.DefaultOutputPaths.targets (142,5)
   5:8>Destino "_CheckForEolWorkloads" ignorado devido à condição falsa; ('@(EolWorkload)' != '' and '$(CheckEolWorkloads)' == 'true') foi avaliado como ('' != '' and 'true' == 'true').
     0>A propriedade "Configuration" é global e não pode ser modificada.
       Reatribuição de propriedade: $(_FrameworkIdentifierForImplicitDefine)="NET" (valor anterior: "NETCOREAPP") em C:\Program Files\dotnet\sdk\8.0.415\Sdks\Microsoft.NET.Sdk\targets\Microsoft.NET.Sdk.BeforeCommon.targets (187,5)
   5:8>Destino "_CheckForUnsupportedCppNETCoreVersion" no arquivo "C:\Program Files\dotnet\sdk\8.0.415\Sdks\Microsoft.NET.Sdk\targets\Microsoft.NET.TargetFrameworkInference.targets" do projeto "C:\Projects\Irma Dulce\backend\src\IrmaDulce.Domain\IrmaDulce.Domain.csproj" (o destino "_CheckForInvalidConfigurationAndPlatform" depende dele):
   5:8>A tarefa "NETSdkError" foi ignorada devido a condição falsa; ('$(TargetFrameworkIdentifier)' == '.NETCoreApp' and '$(_TargetFrameworkVersionWithoutV)' < '3.1' and ('$(Language)' == 'C++' and '$(_EnablePackageReferencesInVCProjects)' != 'true')) foi avaliado como ('.NETCoreApp' == '.NETCoreApp' and '8.0' < '3.1' and ('C#' == 'C++' and '' != 'true')).
     0>Reatribuição de propriedade: $(_DebugSymbolsProduced)="true" (valor anterior: "false") em C:\Program Files\dotnet\sdk\8.0.415\Microsoft.Common.CurrentVersion.targets (175,5)
   5:8>Destino de compilação pronto"_CheckForUnsupportedCppNETCoreVersion" no projeto "IrmaDulce.Domain.csproj".
     0>Reatribuição de propriedade: $(_FrameworkVersionForImplicitDefine)="8_0" (valor anterior: "8.0") em C:\Program Files\dotnet\sdk\8.0.415\Sdks\Microsoft.NET.Sdk\targets\Microsoft.NET.Sdk.BeforeCommon.targets (192,5)
   5:8>Destino "_CheckForUnsupportedNETStandardVersion" ignorado devido à condição falsa; ('$(TargetFrameworkIdentifier)' == '.NETStandard' And '$(NETStandardMaximumVersion)' != '') foi avaliado como ('.NETCoreApp' == '.NETStandard' And '' != '').
       Destino "_CheckForUnsupportedTargetFrameworkAndFeatureCombination" ignorado devido à condição falsa; ('$(TargetFrameworkIdentifier)' == '.NETFramework') foi avaliado como ('.NETCoreApp' == '.NETFramework').
     0>Reatribuição de propriedade: $(_DocumentationFileProduced)="false" (valor anterior: "true") em C:\Program Files\dotnet\sdk\8.0.415\Microsoft.Common.CurrentVersion.targets (185,5)
       Reatribuição de propriedade: $(CommandLineArgsForDesignTimeEvaluation)="-langversion:12.0 -define:TRACE" (valor anterior: "-langversion:12.0") em C:\Program Files\dotnet\sdk\8.0.415\Roslyn\Microsoft.CSharp.Core.targets (200,5)
   5:8>Destino "_CheckForSupportedOSPlatformVersionHigherThanTargetPlatformVersion" ignorado devido à condição falsa; ('$(TargetPlatformVersion)' != '' and '$(TargetFrameworkIdentifier)' == '.NETCoreApp' and $([MSBuild]::VersionGreaterThanOrEquals($(TargetFrameworkVersion), 5.0))) foi avaliado como ('' != '' and '.NETCoreApp' == '.NETCoreApp' and True).
     0>A propriedade "SolutionName" é global e não pode ser modificada.
   5:8>Destino "_CheckForInvalidTargetPlatformVersion" ignorado devido à condição falsa; ('$(TargetPlatformVersion)' != '' and '$(TargetFrameworkIdentifier)' == '.NETCoreApp' and $([MSBuild]::VersionGreaterThanOrEquals($(TargetFrameworkVersion), 5.0)) and ('$(Language)' != 'C++' or '$(_EnablePackageReferencesInVCProjects)' == 'true')) foi avaliado como ('' != '' and '.NETCoreApp' == '.NETCoreApp' and True and ('C#' != 'C++' or '' == 'true')).
     0>A propriedade "Platform" é global e não pode ser modificada.
   5:8>Destino "_CheckForUnsupportedArtifactsPath" no arquivo "C:\Program Files\dotnet\sdk\8.0.415\Sdks\Microsoft.NET.Sdk\targets\Microsoft.NET.DefaultOutputPaths.targets" do projeto "C:\Projects\Irma Dulce\backend\src\IrmaDulce.Domain\IrmaDulce.Domain.csproj" (o destino "_CheckForInvalidConfigurationAndPlatform" depende dele):
   5:8>A tarefa "NetSdkError" foi ignorada devido a condição falsa; ('$(UseArtifactsOutput)' == 'true' and '$(_ArtifactsPathSetEarly)' != 'true') foi avaliado como ('' == 'true' and '' != 'true').
     0>A propriedade "SolutionFileName" é global e não pode ser modificada.
   5:8>_CheckForUnsupportedArtifactsPath:
       A tarefa "NetSdkError" foi ignorada devido a condição falsa; ('$(_ArtifactsPathLocationType)' == 'ProjectFolder') foi avaliado como ('' == 'ProjectFolder').
   5:8>Destino de compilação pronto"_CheckForUnsupportedArtifactsPath" no projeto "IrmaDulce.Domain.csproj".
     0>A propriedade "Configuration" é global e não pode ser modificada.
   5:8>Destino "_CheckForMissingWorkload" ignorado devido à condição falsa; ('@(MissingWorkloadPack)' != '' And '$(DesignTimeBuild)' != 'true') foi avaliado como ('' != '' And '' != 'true').
       Destino "_CheckForUnsupportedAppHostUsage" ignorado devido à condição falsa; ('$(TargetFrameworkIdentifier)' == '.NETCoreApp' and '$(HasRuntimeOutput)' == 'true') foi avaliado como ('.NETCoreApp' == '.NETCoreApp' and '' == 'true').
     0>A propriedade "SolutionPath" é global e não pode ser modificada.
       Reatribuição de propriedade: $(_DebugSymbolsProduced)="true" (valor anterior: "false") em C:\Program Files\dotnet\sdk\8.0.415\Microsoft.Common.CurrentVersion.targets (175,5)
   5:8>Destino "_CheckForUnsupportedHostingUsage" no arquivo "C:\Program Files\dotnet\sdk\8.0.415\Sdks\Microsoft.NET.Sdk\targets\Microsoft.NET.RuntimeIdentifierInference.targets" do projeto "C:\Projects\Irma Dulce\backend\src\IrmaDulce.Domain\IrmaDulce.Domain.csproj" (o destino "_CheckForInvalidConfigurationAndPlatform" depende dele):
   5:8>A tarefa "NETSdkWarning" foi ignorada devido a condição falsa; ('$(SelfContained)' == 'true' and '$(EnableComHosting)' == 'true') foi avaliado como ('' == 'true' and '' == 'true').
   5:8>Destino de compilação pronto"_CheckForUnsupportedHostingUsage" no projeto "IrmaDulce.Domain.csproj".
     0>A propriedade "SolutionDir" é global e não pode ser modificada.
       Reatribuição de propriedade: $(_DocumentationFileProduced)="false" (valor anterior: "true") em C:\Program Files\dotnet\sdk\8.0.415\Microsoft.Common.CurrentVersion.targets (185,5)
   5:8>Destino "_CheckAndUnsetUnsupportedPrefer32Bit" no arquivo "C:\Program Files\dotnet\sdk\8.0.415\Sdks\Microsoft.NET.Sdk\targets\Microsoft.NET.RuntimeIdentifierInference.targets" do projeto "C:\Projects\Irma Dulce\backend\src\IrmaDulce.Domain\IrmaDulce.Domain.csproj" (o destino "_CheckForInvalidConfigurationAndPlatform" depende dele):
   5:8>A tarefa "NETSdkWarning" foi ignorada devido a condição falsa; ('$(Prefer32Bit)' == 'true') foi avaliado como ('false' == 'true').
   5:8>Destino de compilação pronto"_CheckAndUnsetUnsupportedPrefer32Bit" no projeto "IrmaDulce.Domain.csproj".
     0>A propriedade "SolutionExt" é global e não pode ser modificada.
       A propriedade "SolutionName" é global e não pode ser modificada.
   5:8>Destino "_CheckForMismatchingPlatform" ignorado devido à condição falsa; ('$(RuntimeIdentifier)' != '' and '$(PlatformTarget)' != '') foi avaliado como ('' != '' and '' != '').
   5:8>Destino "_CheckForLanguageAndFeatureCombinationSupport" no arquivo "C:\Program Files\dotnet\sdk\8.0.415\Sdks\Microsoft.NET.Sdk\targets\Microsoft.NET.RuntimeIdentifierInference.targets" do projeto "C:\Projects\Irma Dulce\backend\src\IrmaDulce.Domain\IrmaDulce.Domain.csproj" (o destino "_CheckForInvalidConfigurationAndPlatform" depende dele):
       A tarefa "NETSdkError" foi ignorada devido a condição falsa; (('$(Language)' == 'C++' and '$(_EnablePackageReferencesInVCProjects)' != 'true') and $(OutputType) != 'library' and '$(TargetFrameworkIdentifier)' == '.NETCoreApp') foi avaliado como (('C#' == 'C++' and '' != 'true') and Library != 'library' and '.NETCoreApp' == '.NETCoreApp').
     0>Reatribuição de propriedade: $(MSBuildCopyMarkerName)="IrmaDulc.72F7B47A" (valor anterior: "IrmaDulce.Application.csproj") em C:\Program Files\dotnet\sdk\8.0.415\Microsoft.Common.CurrentVersion.targets (392,5)
   5:8>_CheckForLanguageAndFeatureCombinationSupport:
       A tarefa "NETSdkError" foi ignorada devido a condição falsa; (('$(Language)' == 'C++' and '$(_EnablePackageReferencesInVCProjects)' != 'true') and $(EnableComHosting) == 'true') foi avaliado como (('C#' == 'C++' and '' != 'true') and  == 'true').
     0>A propriedade "SolutionFileName" é global e não pode ser modificada.
   5:8>_CheckForLanguageAndFeatureCombinationSupport:
       A tarefa "NETSdkError" foi ignorada devido a condição falsa; (('$(Language)' == 'C++' and '$(_EnablePackageReferencesInVCProjects)' != 'true') and $(SelfContained) == 'true') foi avaliado como (('C#' == 'C++' and '' != 'true') and  == 'true').
   5:8>Destino de compilação pronto"_CheckForLanguageAndFeatureCombinationSupport" no projeto "IrmaDulce.Domain.csproj".
       Destino "_CheckForNETCoreSdkIsPreview" ignorado devido à condição falsa; ( '$(_NETCoreSdkIsPreview)' == 'true' AND '$(SuppressNETCoreSdkPreviewMessage)' != 'true' ) foi avaliado como ( 'false' == 'true' AND '' != 'true' ).
     0>Reatribuição de propriedade: $(MSBuildCopyMarkerName)="IrmaDulc.72F7B47A.Up2Date" (valor anterior: "IrmaDulc.72F7B47A") em C:\Program Files\dotnet\sdk\8.0.415\Microsoft.Common.CurrentVersion.targets (393,5)
       A propriedade "SolutionPath" é global e não pode ser modificada.
       Reatribuição de propriedade: $(ProcessorArchitecture)="msil" (valor anterior: "") em C:\Program Files\dotnet\sdk\8.0.415\Microsoft.Common.CurrentVersion.targets (541,5)
   5:8>Destino "_GetProjectJsonPath" no arquivo "C:\Program Files\dotnet\sdk\8.0.415\NuGet.targets" do projeto "C:\Projects\Irma Dulce\backend\src\IrmaDulce.Domain\IrmaDulce.Domain.csproj" (o destino "_GetRestoreProjectStyle" depende dele):
   5:8>A tarefa "GetRestoreProjectJsonPathTask" foi ignorada devido a condição falsa; ( '$(RestoreProjectStyle)' == 'ProjectJson' OR '$(RestoreProjectStyle)' == '' ) foi avaliado como ( 'PackageReference' == 'ProjectJson' OR 'PackageReference' == '' ).
   5:8>Destino de compilação pronto"_GetProjectJsonPath" no projeto "IrmaDulce.Domain.csproj".
     0>A propriedade "SolutionDir" é global e não pode ser modificada.
       Reatribuição de propriedade: $(DelaySign)="" (valor anterior: "false") em C:\Program Files\dotnet\sdk\8.0.415\Microsoft.Common.CurrentVersion.targets (580,5)
   5:8>Destino "_CheckForUnsupportedTargetPlatformIdentifier" ignorado devido à condição falsa; ('$(TargetPlatformIdentifier)' != '' and '$(TargetFrameworkIdentifier)' == '.NETCoreApp' and $([MSBuild]::VersionGreaterThanOrEquals($(TargetFrameworkVersion), 5.0)) And ('$(DesignTimeBuild)' != 'true' Or '@(MissingWorkloadPack)' == '')) foi avaliado como ('' != '' and '.NETCoreApp' == '.NETCoreApp' and True And ('' != 'true' Or '' == '')).
       Destino "_CheckForMissingWorkload" ignorado devido à condição falsa; ('@(MissingWorkloadPack)' != '' And '$(DesignTimeBuild)' != 'true') foi avaliado como ('' != '' And '' != 'true').
     0>A propriedade "SolutionExt" é global e não pode ser modificada.
   5:8>Destino "_CheckForUnsupportedNETStandardVersion" ignorado devido à condição falsa; ('$(TargetFrameworkIdentifier)' == '.NETStandard' And '$(NETStandardMaximumVersion)' != '') foi avaliado como ('.NETCoreApp' == '.NETStandard' And '' != '').
       Destino "_CheckForUnsupportedTargetFrameworkAndFeatureCombination" ignorado devido à condição falsa; ('$(TargetFrameworkIdentifier)' == '.NETFramework') foi avaliado como ('.NETCoreApp' == '.NETFramework').
       Destino "ApplyImplicitVersions" ignorado devido à condição falsa; ('@(PackageReference)' != '') foi avaliado como ('' != '').
       Destino "IncludeTargetingPackReference" ignorado devido à condição falsa; ('$(TargetFrameworkMoniker)' != '' and '$(TargetFrameworkIdentifier)' == '.NETFramework' and '$(AutomaticallyUseReferenceAssemblyPackages)' == 'true') foi avaliado como ('.NETCoreApp,Version=v8.0' != '' and '.NETCoreApp' == '.NETFramework' and 'true' == 'true').
     0>Imóvel 'LOCALAPPDATA' com valor 'C:\Users\lucas.bertin\AppData\Local' expandido do ambiente.
       Reatribuição de propriedade: $(MSBuildCopyMarkerName)="IrmaDulc.3EAD2F83" (valor anterior: "IrmaDulce.API.csproj") em C:\Program Files\dotnet\sdk\8.0.415\Microsoft.Common.CurrentVersion.targets (392,5)
       Reatribuição de propriedade: $(_SGenGenerateSerializationAssembliesConfig)="Auto" (valor anterior: "") em C:\Program Files\dotnet\sdk\8.0.415\Microsoft.Common.CurrentVersion.targets (3896,5)
       Reatribuição de propriedade: $(MSBuildCopyMarkerName)="IrmaDulc.3EAD2F83.Up2Date" (valor anterior: "IrmaDulc.3EAD2F83") em C:\Program Files\dotnet\sdk\8.0.415\Microsoft.Common.CurrentVersion.targets (393,5)
       Reatribuição de propriedade: $(_SGenGenerateSerializationAssembliesConfig)="Off" (valor anterior: "Auto") em C:\Program Files\dotnet\sdk\8.0.415\Microsoft.Common.CurrentVersion.targets (3897,5)
       Reatribuição de propriedade: $(ProcessorArchitecture)="msil" (valor anterior: "") em C:\Program Files\dotnet\sdk\8.0.415\Microsoft.Common.CurrentVersion.targets (541,5)
       Reatribuição de propriedade: $(_TargetsThatPrepareProjectReferences)="
             AssignProjectConfiguration;
             _SplitProjectReferencesByFileExistence
           " (valor anterior: "_SplitProjectReferencesByFileExistence") em C:\Program Files\dotnet\sdk\8.0.415\Microsoft.Common.CurrentVersion.targets (5099,5)
       Reatribuição de propriedade: $(DelaySign)="" (valor anterior: "false") em C:\Program Files\dotnet\sdk\8.0.415\Microsoft.Common.CurrentVersion.targets (580,5)
       Imóvel 'MSBuildExtensionsPath32' com valor 'C:\Program Files\dotnet\sdk\8.0.415' expandido do ambiente.
       Imóvel 'LOCALAPPDATA' com valor 'C:\Users\lucas.bertin\AppData\Local' expandido do ambiente.
       Reatribuição de propriedade: $(ProjectAssetsCacheFile)="C:\Projects\Irma Dulce\backend\src\IrmaDulce.Application\obj\Debug\net8.0\IrmaDulce.Application.assets.cache" (valor anterior: "obj\Debug\net8.0\IrmaDulce.Application.assets.cache") em C:\Program Files\dotnet\sdk\8.0.415\Sdks\Microsoft.NET.Sdk\targets\Microsoft.PackageDependencyResolution.targets (29,5)
       Reatribuição de propriedade: $(ResolveAssemblyReferencesDependsOn)="
             
             ResolveProjectReferences;
             FindInvalidProjectReferences;
             GetFrameworkPaths;
             GetReferenceAssemblyPaths;
             PrepareForBuild;
             ResolveSDKReferences;
             ExpandSDKReferences;
           ;
             ResolvePackageDependenciesForBuild;
             _HandlePackageFileConflicts;
           " (valor anterior: "
             ResolveProjectReferences;
             FindInvalidProjectReferences;
             GetFrameworkPaths;
             GetReferenceAssemblyPaths;
             PrepareForBuild;
             ResolveSDKReferences;
             ExpandSDKReferences;
           ") em C:\Program Files\dotnet\sdk\8.0.415\Sdks\Microsoft.NET.Sdk\targets\Microsoft.PackageDependencyResolution.targets (80,5)
   5:8>Destino "CheckForImplicitPackageReferenceOverrides" no arquivo "C:\Program Files\dotnet\sdk\8.0.415\Sdks\Microsoft.NET.Sdk\targets\Microsoft.NET.Sdk.DefaultItems.Shared.targets" do projeto "C:\Projects\Irma Dulce\backend\src\IrmaDulce.Domain\IrmaDulce.Domain.csproj" (o destino "CollectPackageReferences" depende dele):
   5:8>Usando a tarefa "CheckForImplicitPackageReferenceOverrides" do assembly "C:\Program Files\dotnet\sdk\8.0.415\Sdks\Microsoft.NET.Sdk\targets\..\tools\net8.0\Microsoft.NET.Build.Tasks.dll".
       Tarefa "CheckForImplicitPackageReferenceOverrides"
     0>Reatribuição de propriedade: $(PrepareResourcesDependsOn)="
      ResolvePackageDependenciesForBuild;
      _HandlePackageFileConflicts;
      
      ;
      PrepareResourceNames;
      ResGen;
      CompileLicxFiles
    
    " (valor anterior: "
      ;
      PrepareResourceNames;
      ResGen;
      CompileLicxFiles
    ") em C:\Program Files\dotnet\sdk\8.0.415\Sdks\Microsoft.NET.Sdk\targets\Microsoft.PackageDependencyResolution.targets (86,5)
       Reatribuição de propriedade: $(DefaultItemExcludes)=";bin\Debug\/**;obj\Debug\/**;bin\/**" (valor anterior: ";bin\Debug\/**;obj\Debug\/**") em C:\Program Files\dotnet\sdk\8.0.415\Sdks\Microsoft.NET.Sdk\targets\Microsoft.NET.Sdk.DefaultItems.targets (27,5)
   1:2>O projeto "C:\Projects\Irma Dulce\backend\IrmaDulce.sln" (1:2) está compilando "C:\Projects\Irma Dulce\backend\src\IrmaDulce.Infrastructure\IrmaDulce.Infrastructure.csproj" (2:7) no nó 3 (destinos padrão).
   2:7>Destino "_CheckForUnsupportedTargetFramework" ignorado devido à condição falsa; ('$(_UnsupportedTargetFrameworkError)' == 'true') foi avaliado como ('' == 'true').
     0>Reatribuição de propriedade: $(DefaultItemExcludes)=";bin\Debug\/**;obj\Debug\/**;bin\/**;obj\/**" (valor anterior: ";bin\Debug\/**;obj\Debug\/**;bin\/**") em C:\Program Files\dotnet\sdk\8.0.415\Sdks\Microsoft.NET.Sdk\targets\Microsoft.NET.Sdk.DefaultItems.targets (29,5)
       Reatribuição de propriedade: $(DefaultItemExcludes)=";bin\Debug\/**;obj\Debug\/**;bin\/**;obj\/**;**/*.user" (valor anterior: ";bin\Debug\/**;obj\Debug\/**;bin\/**;obj\/**") em C:\Program Files\dotnet\sdk\8.0.415\Sdks\Microsoft.NET.Sdk\targets\Microsoft.NET.Sdk.DefaultItems.targets (32,5)
   2:7>Destino "_CollectTargetFrameworkForTelemetry" no arquivo "C:\Program Files\dotnet\sdk\8.0.415\Sdks\Microsoft.NET.Sdk\targets\Microsoft.NET.TargetFrameworkInference.targets" do projeto "C:\Projects\Irma Dulce\backend\src\IrmaDulce.Infrastructure\IrmaDulce.Infrastructure.csproj" (o destino "_CheckForInvalidConfigurationAndPlatform" depende dele):
   2:7>Usando a tarefa "AllowEmptyTelemetry" do assembly "C:\Program Files\dotnet\sdk\8.0.415\Sdks\Microsoft.NET.Sdk\targets\..\tools\net8.0\Microsoft.NET.Build.Tasks.dll".
     0>Reatribuição de propriedade: $(DefaultItemExcludes)=";bin\Debug\/**;obj\Debug\/**;bin\/**;obj\/**;**/*.user;**/*.*proj" (valor anterior: ";bin\Debug\/**;obj\Debug\/**;bin\/**;obj\/**;**/*.user") em C:\Program Files\dotnet\sdk\8.0.415\Sdks\Microsoft.NET.Sdk\targets\Microsoft.NET.Sdk.DefaultItems.targets (33,5)
   5:8>Tarefa em execução pronta "CheckForImplicitPackageReferenceOverrides".
   5:8>Destino de compilação pronto"CheckForImplicitPackageReferenceOverrides" no projeto "IrmaDulce.Domain.csproj".
       Destino "AddWindowsSdkKnownFrameworkReferences" ignorado devido à condição falsa; ('$(TargetFrameworkIdentifier)' == '.NETCoreApp' And '$(TargetPlatformIdentifier)' == 'Windows') foi avaliado como ('.NETCoreApp' == '.NETCoreApp' And '' == 'Windows').
       Destino "_NormalizeTargetPlatformVersion" ignorado devido à condição falsa; ('$(TargetPlatformVersion)' != '' and '$(TargetFrameworkIdentifier)' == '.NETCoreApp' and $([MSBuild]::VersionGreaterThanOrEquals($(TargetFrameworkVersion), 5.0)) and ('$(Language)' != 'C++' or '$(_EnablePackageReferencesInVCProjects)' == 'true')) foi avaliado como ('' != '' and '.NETCoreApp' == '.NETCoreApp' and True and ('C#' != 'C++' or '' == 'true')).
       Destino "ApplyImplicitVersions" ignorado devido à condição falsa; ('@(PackageReference)' != '') foi avaliado como ('' != '').
   2:7>Tarefa "AllowEmptyTelemetry"
     0>Reatribuição de propriedade: $(DefaultItemExcludes)=";bin\Debug\/**;obj\Debug\/**;bin\/**;obj\/**;**/*.user;**/*.*proj;**/*.sln" (valor anterior: ";bin\Debug\/**;obj\Debug\/**;bin\/**;obj\/**;**/*.user;**/*.*proj") em C:\Program Files\dotnet\sdk\8.0.415\Sdks\Microsoft.NET.Sdk\targets\Microsoft.NET.Sdk.DefaultItems.targets (34,5)
       Reatribuição de propriedade: $(_SGenGenerateSerializationAssembliesConfig)="Auto" (valor anterior: "") em C:\Program Files\dotnet\sdk\8.0.415\Microsoft.Common.CurrentVersion.targets (3896,5)
   5:8>Destino "_ComputeToolPackInputsToProcessFrameworkReferences" no arquivo "C:\Program Files\dotnet\sdk\8.0.415\Sdks\Microsoft.NET.Sdk\targets\Microsoft.NET.Publish.targets" do projeto "C:\Projects\Irma Dulce\backend\src\IrmaDulce.Domain\IrmaDulce.Domain.csproj" (o destino "ProcessFrameworkReferences" depende dele):
   5:8>Destino de compilação pronto"_ComputeToolPackInputsToProcessFrameworkReferences" no projeto "IrmaDulce.Domain.csproj".
     0>Reatribuição de propriedade: $(DefaultItemExcludes)=";bin\Debug\/**;obj\Debug\/**;bin\/**;obj\/**;**/*.user;**/*.*proj;**/*.sln;**/*.vssscc" (valor anterior: ";bin\Debug\/**;obj\Debug\/**;bin\/**;obj\/**;**/*.user;**/*.*proj;**/*.sln") em C:\Program Files\dotnet\sdk\8.0.415\Sdks\Microsoft.NET.Sdk\targets\Microsoft.NET.Sdk.DefaultItems.targets (35,5)
   2:7>Tarefa em execução pronta "AllowEmptyTelemetry".
     0>Reatribuição de propriedade: $(DefaultItemExcludes)=";bin\Debug\/**;obj\Debug\/**;bin\/**;obj\/**;**/*.user;**/*.*proj;**/*.sln;**/*.vssscc;**/.DS_Store" (valor anterior: ";bin\Debug\/**;obj\Debug\/**;bin\/**;obj\/**;**/*.user;**/*.*proj;**/*.sln;**/*.vssscc") em C:\Program Files\dotnet\sdk\8.0.415\Sdks\Microsoft.NET.Sdk\targets\Microsoft.NET.Sdk.DefaultItems.targets (36,5)
   2:7>Destino de compilação pronto"_CollectTargetFrameworkForTelemetry" no projeto "IrmaDulce.Infrastructure.csproj".
     0>Reatribuição de propriedade: $(ResolveAssemblyReferencesDependsOn)="
      
      
      ResolveProjectReferences;
      FindInvalidProjectReferences;
      GetFrameworkPaths;
      GetReferenceAssemblyPaths;
      PrepareForBuild;
      ResolveSDKReferences;
      ExpandSDKReferences;
    ;
      ResolvePackageDependenciesForBuild;
      _HandlePackageFileConflicts;
    ;
      ResolveTargetingPackAssets;
    " (valor anterior: "
      
      ResolveProjectReferences;
      FindInvalidProjectReferences;
      GetFrameworkPaths;
      GetReferenceAssemblyPaths;
      PrepareForBuild;
      ResolveSDKReferences;
      ExpandSDKReferences;
    ;
      ResolvePackageDependenciesForBuild;
      _HandlePackageFileConflicts;
    ") em C:\Program Files\dotnet\sdk\8.0.415\Sdks\Microsoft.NET.Sdk\targets\Microsoft.NET.Sdk.FrameworkReferenceResolution.targets (14,5)
   5:8>Destino "ProcessFrameworkReferences" no arquivo "C:\Program Files\dotnet\sdk\8.0.415\Sdks\Microsoft.NET.Sdk\targets\Microsoft.NET.Sdk.FrameworkReferenceResolution.targets" do projeto "C:\Projects\Irma Dulce\backend\src\IrmaDulce.Domain\IrmaDulce.Domain.csproj" (o destino "CollectPackageReferences" depende dele):
   5:8>Usando a tarefa "CheckForDuplicateFrameworkReferences" do assembly "C:\Program Files\dotnet\sdk\8.0.415\Sdks\Microsoft.NET.Sdk\targets\..\tools\net8.0\Microsoft.NET.Build.Tasks.dll".
       Tarefa "CheckForDuplicateFrameworkReferences"
   2:7>Destino "_CheckForUnsupportedTargetPlatformIdentifier" ignorado devido à condição falsa; ('$(TargetPlatformIdentifier)' != '' and '$(TargetFrameworkIdentifier)' == '.NETCoreApp' and $([MSBuild]::VersionGreaterThanOrEquals($(TargetFrameworkVersion), 5.0)) And ('$(DesignTimeBuild)' != 'true' Or '@(MissingWorkloadPack)' == '')) foi avaliado como ('' != '' and '.NETCoreApp' == '.NETCoreApp' and True And ('' != 'true' Or '' == '')).
     0>Reatribuição de propriedade: $(_GenerateRuntimeConfigurationPropertyInputsCache)="C:\Projects\Irma Dulce\backend\src\IrmaDulce.Application\obj\Debug\net8.0\IrmaDulce.Application.genruntimeconfig.cache" (valor anterior: "obj\Debug\net8.0\IrmaDulce.Application.genruntimeconfig.cache") em C:\Program Files\dotnet\sdk\8.0.415\Sdks\Microsoft.NET.Sdk\targets\Microsoft.NET.Sdk.targets (44,5)
   2:7>Destino "_CheckForMissingWorkload" ignorado devido à condição falsa; ('@(MissingWorkloadPack)' != '' And '$(DesignTimeBuild)' != 'true') foi avaliado como ('' != '' And '' != 'true').
     0>Reatribuição de propriedade: $(_GeneratePublishDependencyFilePropertyInputsCache)="C:\Projects\Irma Dulce\backend\src\IrmaDulce.Application\obj\Debug\net8.0\IrmaDulce.Application.genpublishdeps.cache" (valor anterior: "obj\Debug\net8.0\IrmaDulce.Application.genpublishdeps.cache") em C:\Program Files\dotnet\sdk\8.0.415\Sdks\Microsoft.NET.Sdk\targets\Microsoft.NET.Sdk.targets (46,5)
       Reatribuição de propriedade: $(_GenerateSingleFileBundlePropertyInputsCache)="C:\Projects\Irma Dulce\backend\src\IrmaDulce.Application\obj\Debug\net8.0\IrmaDulce.Application.genbundle.cache" (valor anterior: "obj\Debug\net8.0\IrmaDulce.Application.genbundle.cache") em C:\Program Files\dotnet\sdk\8.0.415\Sdks\Microsoft.NET.Sdk\targets\Microsoft.NET.Sdk.targets (48,5)
   2:7>Destino "_CheckForUnsupportedNETCoreVersion" no arquivo "C:\Program Files\dotnet\sdk\8.0.415\Sdks\Microsoft.NET.Sdk\targets\Microsoft.NET.TargetFrameworkInference.targets" do projeto "C:\Projects\Irma Dulce\backend\src\IrmaDulce.Infrastructure\IrmaDulce.Infrastructure.csproj" (o destino "_CheckForInvalidConfigurationAndPlatform" depende dele):
   2:7>A tarefa "NETSdkError" foi ignorada devido a condição falsa; ('$(_TargetFrameworkVersionWithoutV)' > '$(NETCoreAppMaximumVersion)' and '$(DisplayVSMessage)' != 'true') foi avaliado como ('8.0' > '8.0' and '' != 'true').
     0>Reatribuição de propriedade: $(GenerateRuntimeConfigDevFile)="false" (valor anterior: "true") em C:\Program Files\dotnet\sdk\8.0.415\Sdks\Microsoft.NET.Sdk\targets\Microsoft.NET.Sdk.targets (81,5)
   2:7>_CheckForUnsupportedNETCoreVersion:
       A tarefa "NETSdkError" foi ignorada devido a condição falsa; ('$(DisplayVSMessage)' == 'true') foi avaliado como ('' == 'true').
     0>Reatribuição de propriedade: $(_DefaultUserProfileRuntimeStorePath)="C:\Users\lucas.bertin" (valor anterior: "") em C:\Program Files\dotnet\sdk\8.0.415\Sdks\Microsoft.NET.Sdk\targets\Microsoft.NET.Sdk.targets (97,5)
   2:7>Destino de compilação pronto"_CheckForUnsupportedNETCoreVersion" no projeto "IrmaDulce.Infrastructure.csproj".
     0>Reatribuição de propriedade: $(_DefaultUserProfileRuntimeStorePath)="C:\Users\lucas.bertin\.dotnet\store" (valor anterior: "C:\Users\lucas.bertin") em C:\Program Files\dotnet\sdk\8.0.415\Sdks\Microsoft.NET.Sdk\targets\Microsoft.NET.Sdk.targets (98,5)
   2:7>Destino "_CheckForEolTargetFrameworks" ignorado devido à condição falsa; ('@(_EolNetCoreTargetFrameworkVersions->AnyHaveMetadataValue('Identity', '$(_TargetFrameworkVersionWithoutV)'))' and '$(TargetFrameworkIdentifier)' == '.NETCoreApp' and '$(CheckEolTargetFramework)' == 'true') foi avaliado como ('false' and '.NETCoreApp' == '.NETCoreApp' and '' == 'true').
     0>Reatribuição de propriedade: $(AvailablePlatforms)="Any CPU,x86,x64,ARM32" (valor anterior: "Any CPU,x86,x64") em C:\Program Files\dotnet\sdk\8.0.415\Sdks\Microsoft.NET.Sdk\targets\Microsoft.NET.Sdk.targets (136,5)
   5:8>Tarefa em execução pronta "CheckForDuplicateFrameworkReferences".
   2:7>Destino "_CheckForEolWorkloads" ignorado devido à condição falsa; ('@(EolWorkload)' != '' and '$(CheckEolWorkloads)' == 'true') foi avaliado como ('' != '' and 'true' == 'true').
     0>Reatribuição de propriedade: $(AvailablePlatforms)="Any CPU,x86,x64,ARM32,ARM64" (valor anterior: "Any CPU,x86,x64,ARM32") em C:\Program Files\dotnet\sdk\8.0.415\Sdks\Microsoft.NET.Sdk\targets\Microsoft.NET.Sdk.targets (140,5)
       Reatribuição de propriedade: $(CoreBuildDependsOn)="
             _CheckForBuildWithNoBuild;
             
             BuildOnlySettings;
             PrepareForBuild;
             PreBuildEvent;
             ResolveReferences;
             PrepareResources;
             ResolveKeySource;
             Compile;
             ExportWindowsMDFile;
             UnmanagedUnregistration;
             GenerateSerializationAssemblies;
             CreateSatelliteAssemblies;
             GenerateManifests;
             GetTargetPath;
             PrepareForRun;
             UnmanagedRegistration;
             IncrementalClean;
             PostBuildEvent
           ;
             GenerateBuildDependencyFile;
             GenerateBuildRuntimeConfigurationFiles
           " (valor anterior: "
             BuildOnlySettings;
             PrepareForBuild;
             PreBuildEvent;
             ResolveReferences;
             PrepareResources;
             ResolveKeySource;
             Compile;
             ExportWindowsMDFile;
             UnmanagedUnregistration;
             GenerateSerializationAssemblies;
             CreateSatelliteAssemblies;
             GenerateManifests;
             GetTargetPath;
             PrepareForRun;
             UnmanagedRegistration;
             IncrementalClean;
             PostBuildEvent
           ") em C:\Program Files\dotnet\sdk\8.0.415\Sdks\Microsoft.NET.Sdk\targets\Microsoft.NET.Sdk.targets (197,5)
   2:7>Destino "_CheckForUnsupportedCppNETCoreVersion" no arquivo "C:\Program Files\dotnet\sdk\8.0.415\Sdks\Microsoft.NET.Sdk\targets\Microsoft.NET.TargetFrameworkInference.targets" do projeto "C:\Projects\Irma Dulce\backend\src\IrmaDulce.Infrastructure\IrmaDulce.Infrastructure.csproj" (o destino "_CheckForInvalidConfigurationAndPlatform" depende dele):
   2:7>A tarefa "NETSdkError" foi ignorada devido a condição falsa; ('$(TargetFrameworkIdentifier)' == '.NETCoreApp' and '$(_TargetFrameworkVersionWithoutV)' < '3.1' and ('$(Language)' == 'C++' and '$(_EnablePackageReferencesInVCProjects)' != 'true')) foi avaliado como ('.NETCoreApp' == '.NETCoreApp' and '8.0' < '3.1' and ('C#' == 'C++' and '' != 'true')).
     0>Reatribuição de propriedade: $(CoreCleanDependsOn)="
      _SdkBeforeClean;
      
    " (valor anterior: "") em C:\Program Files\dotnet\sdk\8.0.415\Sdks\Microsoft.NET.Sdk\targets\Microsoft.NET.Sdk.targets (206,5)
   2:7>Destino de compilação pronto"_CheckForUnsupportedCppNETCoreVersion" no projeto "IrmaDulce.Infrastructure.csproj".
     0>Reatribuição de propriedade: $(RebuildDependsOn)="
      _SdkBeforeRebuild;
      
      BeforeRebuild;
      Clean;
      Build;
      AfterRebuild;
    
    " (valor anterior: "
      BeforeRebuild;
      Clean;
      Build;
      AfterRebuild;
    ") em C:\Program Files\dotnet\sdk\8.0.415\Sdks\Microsoft.NET.Sdk\targets\Microsoft.NET.Sdk.targets (213,5)
       Reatribuição de propriedade: $(CompileDependsOn)="
             
             ResolveReferences;
             ResolveKeySource;
             SetWin32ManifestProperties;
             _SetPreferNativeArm64Win32ManifestProperties;
             FindReferenceAssembliesForReferences;
             _GenerateCompileInputs;
             BeforeCompile;
             _TimeStampBeforeCompile;
             _GenerateCompileDependencyCache;
             CoreCompile;
             _TimeStampAfterCompile;
             AfterCompile;
           ;
             _CreateAppHost;
             _CreateComHost;
             _GetIjwHostPaths;
           " (valor anterior: "
             ResolveReferences;
             ResolveKeySource;
             SetWin32ManifestProperties;
             _SetPreferNativeArm64Win32ManifestProperties;
             FindReferenceAssembliesForReferences;
             _GenerateCompileInputs;
             BeforeCompile;
             _TimeStampBeforeCompile;
             _GenerateCompileDependencyCache;
             CoreCompile;
             _TimeStampAfterCompile;
             AfterCompile;
           ") em C:\Program Files\dotnet\sdk\8.0.415\Sdks\Microsoft.NET.Sdk\targets\Microsoft.NET.Sdk.targets (679,5)
   2:7>Destino "_CheckForUnsupportedNETStandardVersion" ignorado devido à condição falsa; ('$(TargetFrameworkIdentifier)' == '.NETStandard' And '$(NETStandardMaximumVersion)' != '') foi avaliado como ('.NETCoreApp' == '.NETStandard' And '' != '').
     0>Reatribuição de propriedade: $(CreateSatelliteAssembliesDependsOn)="
      
      ;
      _GenerateSatelliteAssemblyInputs;
      ComputeIntermediateSatelliteAssemblies;
      GenerateSatelliteAssemblies
    ;
      CoreGenerateSatelliteAssemblies
    " (valor anterior: "
      ;
      _GenerateSatelliteAssemblyInputs;
      ComputeIntermediateSatelliteAssemblies;
      GenerateSatelliteAssemblies
    ") em C:\Program Files\dotnet\sdk\8.0.415\Sdks\Microsoft.NET.Sdk\targets\Microsoft.NET.Sdk.targets (1065,5)
   5:8>ProcessFrameworkReferences:
       Usando a tarefa "ProcessFrameworkReferences" do assembly "C:\Program Files\dotnet\sdk\8.0.415\Sdks\Microsoft.NET.Sdk\targets\..\tools\net8.0\Microsoft.NET.Build.Tasks.dll".
       Tarefa "ProcessFrameworkReferences"
   2:7>Destino "_CheckForUnsupportedTargetFrameworkAndFeatureCombination" ignorado devido à condição falsa; ('$(TargetFrameworkIdentifier)' == '.NETFramework') foi avaliado como ('.NETCoreApp' == '.NETFramework').
     0>Reatribuição de propriedade: $(SourceLinkUrlInitializerTargets)=";_InitializeGitHubSourceLinkUrl;_InitializeGitLabSourceLinkUrl" (valor anterior: ";_InitializeGitHubSourceLinkUrl") em C:\Program Files\dotnet\sdk\8.0.415\Sdks\Microsoft.SourceLink.GitLab\build\Microsoft.SourceLink.GitLab.targets (12,5)
   2:7>Destino "_CheckForSupportedOSPlatformVersionHigherThanTargetPlatformVersion" ignorado devido à condição falsa; ('$(TargetPlatformVersion)' != '' and '$(TargetFrameworkIdentifier)' == '.NETCoreApp' and $([MSBuild]::VersionGreaterThanOrEquals($(TargetFrameworkVersion), 5.0))) foi avaliado como ('' != '' and '.NETCoreApp' == '.NETCoreApp' and True).
     0>Reatribuição de propriedade: $(SourceControlManagerUrlTranslationTargets)=";TranslateGitHubUrlsInSourceControlInformation;TranslateGitLabUrlsInSourceControlInformation" (valor anterior: ";TranslateGitHubUrlsInSourceControlInformation") em C:\Program Files\dotnet\sdk\8.0.415\Sdks\Microsoft.SourceLink.GitLab\build\Microsoft.SourceLink.GitLab.targets (13,5)
   2:7>Destino "_CheckForInvalidTargetPlatformVersion" ignorado devido à condição falsa; ('$(TargetPlatformVersion)' != '' and '$(TargetFrameworkIdentifier)' == '.NETCoreApp' and $([MSBuild]::VersionGreaterThanOrEquals($(TargetFrameworkVersion), 5.0)) and ('$(Language)' != 'C++' or '$(_EnablePackageReferencesInVCProjects)' == 'true')) foi avaliado como ('' != '' and '.NETCoreApp' == '.NETCoreApp' and True and ('C#' != 'C++' or '' == 'true')).
     0>Reatribuição de propriedade: $(SourceLinkUrlInitializerTargets)=";_InitializeGitHubSourceLinkUrl;_InitializeGitLabSourceLinkUrl;_InitializeAzureReposGitSourceLinkUrl" (valor anterior: ";_InitializeGitHubSourceLinkUrl;_InitializeGitLabSourceLinkUrl") em C:\Program Files\dotnet\sdk\8.0.415\Sdks\Microsoft.SourceLink.AzureRepos.Git\build\Microsoft.SourceLink.AzureRepos.Git.targets (12,5)
       Reatribuição de propriedade: $(SourceControlManagerUrlTranslationTargets)=";TranslateGitHubUrlsInSourceControlInformation;TranslateGitLabUrlsInSourceControlInformation;TranslateAzureReposGitUrlsInSourceControlInformation" (valor anterior: ";TranslateGitHubUrlsInSourceControlInformation;TranslateGitLabUrlsInSourceControlInformation") em C:\Program Files\dotnet\sdk\8.0.415\Sdks\Microsoft.SourceLink.AzureRepos.Git\build\Microsoft.SourceLink.AzureRepos.Git.targets (13,5)
       Reatribuição de propriedade: $(SourceLinkUrlInitializerTargets)=";_InitializeGitHubSourceLinkUrl;_InitializeGitLabSourceLinkUrl;_InitializeAzureReposGitSourceLinkUrl;_InitializeBitbucketGitSourceLinkUrl" (valor anterior: ";_InitializeGitHubSourceLinkUrl;_InitializeGitLabSourceLinkUrl;_InitializeAzureReposGitSourceLinkUrl") em C:\Program Files\dotnet\sdk\8.0.415\Sdks\Microsoft.SourceLink.Bitbucket.Git\build\Microsoft.SourceLink.Bitbucket.Git.targets (12,5)
   2:7>Destino "_CheckForUnsupportedArtifactsPath" no arquivo "C:\Program Files\dotnet\sdk\8.0.415\Sdks\Microsoft.NET.Sdk\targets\Microsoft.NET.DefaultOutputPaths.targets" do projeto "C:\Projects\Irma Dulce\backend\src\IrmaDulce.Infrastructure\IrmaDulce.Infrastructure.csproj" (o destino "_CheckForInvalidConfigurationAndPlatform" depende dele):
   2:7>A tarefa "NetSdkError" foi ignorada devido a condição falsa; ('$(UseArtifactsOutput)' == 'true' and '$(_ArtifactsPathSetEarly)' != 'true') foi avaliado como ('' == 'true' and '' != 'true').
     0>Reatribuição de propriedade: $(SourceControlManagerUrlTranslationTargets)=";TranslateGitHubUrlsInSourceControlInformation;TranslateGitLabUrlsInSourceControlInformation;TranslateAzureReposGitUrlsInSourceControlInformation;TranslateBitbucketGitUrlsInSourceControlInformation" (valor anterior: ";TranslateGitHubUrlsInSourceControlInformation;TranslateGitLabUrlsInSourceControlInformation;TranslateAzureReposGitUrlsInSourceControlInformation") em C:\Program Files\dotnet\sdk\8.0.415\Sdks\Microsoft.SourceLink.Bitbucket.Git\build\Microsoft.SourceLink.Bitbucket.Git.targets (13,5)
   2:7>_CheckForUnsupportedArtifactsPath:
       A tarefa "NetSdkError" foi ignorada devido a condição falsa; ('$(_ArtifactsPathLocationType)' == 'ProjectFolder') foi avaliado como ('' == 'ProjectFolder').
     0>Reatribuição de propriedade: $(DesignerRuntimeImplementationProjectOutputGroupDependsOn)="
      
      ;
      
      ;
      BuildOnlySettings;
      PrepareForBuild;
      AssignTargetPaths;
      ResolveReferences
    
    ;
      _GenerateDesignerDepsFile;
      _GenerateDesignerRuntimeConfigFile;
      GetCopyToOutputDirectoryItems;
      _GatherDesignerShadowCopyFiles;
    " (valor anterior: "
      ;
      
      ;
      BuildOnlySettings;
      PrepareForBuild;
      AssignTargetPaths;
      ResolveReferences
    
    ") em C:\Program Files\dotnet\sdk\8.0.415\Sdks\Microsoft.NET.Sdk\targets\Microsoft.NET.DesignerSupport.targets (21,5)
   2:7>Destino de compilação pronto"_CheckForUnsupportedArtifactsPath" no projeto "IrmaDulce.Infrastructure.csproj".
     0>Reatribuição de propriedade: $(_GenerateToolsSettingsFileCacheFile)="C:\Projects\Irma Dulce\backend\src\IrmaDulce.Application\obj\Debug\net8.0\IrmaDulce.Application.toolssettingsinput.cache" (valor anterior: "obj\Debug\net8.0\IrmaDulce.Application.toolssettingsinput.cache") em C:\Program Files\dotnet\sdk\8.0.415\Sdks\Microsoft.NET.Sdk\targets\Microsoft.NET.PackTool.targets (68,5)
       Reatribuição de propriedade: $(_SGenGenerateSerializationAssembliesConfig)="Off" (valor anterior: "Auto") em C:\Program Files\dotnet\sdk\8.0.415\Microsoft.Common.CurrentVersion.targets (3897,5)
       Reatribuição de propriedade: $(_ShimInputCacheFile)="C:\Projects\Irma Dulce\backend\src\IrmaDulce.Application\obj\Debug\net8.0\IrmaDulce.Application.shiminput.cache" (valor anterior: "obj\Debug\net8.0\IrmaDulce.Application.shiminput.cache") em C:\Program Files\dotnet\sdk\8.0.415\Sdks\Microsoft.NET.Sdk\targets\Microsoft.NET.PackTool.targets (137,5)
       Reatribuição de propriedade: $(_ShimCreatedSentinelFile)="C:\Projects\Irma Dulce\backend\src\IrmaDulce.Application\obj\Debug\net8.0\IrmaDulce.Application.shimcreated.sentinel" (valor anterior: "obj\Debug\net8.0\IrmaDulce.Application.shimcreated.sentinel") em C:\Program Files\dotnet\sdk\8.0.415\Sdks\Microsoft.NET.Sdk\targets\Microsoft.NET.PackTool.targets (139,5)
       Reatribuição de propriedade: $(_TargetsThatPrepareProjectReferences)="
             AssignProjectConfiguration;
             _SplitProjectReferencesByFileExistence
           " (valor anterior: "_SplitProjectReferencesByFileExistence") em C:\Program Files\dotnet\sdk\8.0.415\Microsoft.Common.CurrentVersion.targets (5099,5)
       Reatribuição de propriedade: $(DefineConstants)="TRACE;DEBUG" (valor anterior: "TRACE") em C:\Program Files\dotnet\sdk\8.0.415\Sdks\Microsoft.NET.Sdk\targets\Microsoft.NET.Sdk.CSharp.targets (31,5)
   2:7>Destino "_CheckForMissingWorkload" ignorado devido à condição falsa; ('@(MissingWorkloadPack)' != '' And '$(DesignTimeBuild)' != 'true') foi avaliado como ('' != '' And '' != 'true').
     0>Reatribuição de propriedade: $(DefineConstants)="TRACE;DEBUG;NET;NET8_0;NETCOREAPP" (valor anterior: "TRACE;DEBUG") em C:\Program Files\dotnet\sdk\8.0.415\Sdks\Microsoft.NET.Sdk\targets\Microsoft.NET.Sdk.CSharp.targets (34,5)
       Imóvel 'MSBuildExtensionsPath32' com valor 'C:\Program Files\dotnet\sdk\8.0.415' expandido do ambiente.
       Reatribuição de propriedade: $(WarningsAsErrors)=";NU1605;SYSLIB0011" (valor anterior: ";NU1605") em C:\Program Files\dotnet\sdk\8.0.415\Sdks\Microsoft.NET.Sdk\targets\Microsoft.NET.Sdk.CSharp.targets (48,5)
       Reatribuição de propriedade: $(PackageDescription)="Package Description" (valor anterior: "") em C:\Program Files\dotnet\sdk\8.0.415\Sdks\NuGet.Build.Tasks.Pack\build\NuGet.Build.Tasks.Pack.targets (34,5)
       Reatribuição de propriedade: $(OpenApiGenerateDocuments)="true" (valor anterior: "") em C:\Users\lucas.bertin\.nuget\packages\microsoft.extensions.apidescription.server\6.0.5\build\Microsoft.Extensions.ApiDescription.Server.targets (9,5)
       Reatribuição de propriedade: $(GenerateNuspecDependsOn)="Build;_LoadPackInputItems; _GetTargetFrameworksOutput; _WalkEachTargetPerFramework; _GetPackageFiles; " (valor anterior: "_LoadPackInputItems; _GetTargetFrameworksOutput; _WalkEachTargetPerFramework; _GetPackageFiles; ") em C:\Program Files\dotnet\sdk\8.0.415\Sdks\NuGet.Build.Tasks.Pack\build\NuGet.Build.Tasks.Pack.targets (59,5)
       Reatribuição de propriedade: $(_IsNotSetContainersTargetsDir)="true" (valor anterior: "false") em C:\Program Files\dotnet\sdk\8.0.415\Sdks\Microsoft.NET.Sdk\Sdk\Sdk.targets (59,5)
       Reatribuição de propriedade: $(ProjectAssetsCacheFile)="C:\Projects\Irma Dulce\backend\src\IrmaDulce.API\obj\Debug\net8.0\IrmaDulce.API.assets.cache" (valor anterior: "obj\Debug\net8.0\IrmaDulce.API.assets.cache") em C:\Program Files\dotnet\sdk\8.0.415\Sdks\Microsoft.NET.Sdk\targets\Microsoft.PackageDependencyResolution.targets (29,5)
       Reatribuição de propriedade: $(_IsSDKContainerAllowedVersion)="true" (valor anterior: "false") em C:\Program Files\dotnet\sdk\8.0.415\Containers\build\Microsoft.NET.Build.Containers.targets (5,5)
       Reatribuição de propriedade: $(_ContainerIsTargetingNet8TFM)="true" (valor anterior: "false") em C:\Program Files\dotnet\sdk\8.0.415\Containers\build\Microsoft.NET.Build.Containers.targets (15,5)
       Reatribuição de propriedade: $(ResolveAssemblyReferencesDependsOn)="
             
             ResolveProjectReferences;
             FindInvalidProjectReferences;
             GetFrameworkPaths;
             GetReferenceAssemblyPaths;
             PrepareForBuild;
             ResolveSDKReferences;
             ExpandSDKReferences;
           ;
             ResolvePackageDependenciesForBuild;
             _HandlePackageFileConflicts;
           " (valor anterior: "
             ResolveProjectReferences;
             FindInvalidProjectReferences;
             GetFrameworkPaths;
             GetReferenceAssemblyPaths;
             PrepareForBuild;
             ResolveSDKReferences;
             ExpandSDKReferences;
           ") em C:\Program Files\dotnet\sdk\8.0.415\Sdks\Microsoft.NET.Sdk\targets\Microsoft.PackageDependencyResolution.targets (80,5)
       Substituindo o destino "ResolveFrameworkReferences" no projeto "C:\Program Files\dotnet\sdk\8.0.415\Microsoft.Common.CurrentVersion.targets" pelo destino "ResolveFrameworkReferences" do projeto "C:\Program Files\dotnet\sdk\8.0.415\Sdks\Microsoft.NET.Sdk\targets\Microsoft.NET.Sdk.FrameworkReferenceResolution.targets".
       Substituindo o destino "Run" no projeto "C:\Program Files\dotnet\sdk\8.0.415\Microsoft.Common.CurrentVersion.targets" pelo destino "Run" do projeto "C:\Program Files\dotnet\sdk\8.0.415\Sdks\Microsoft.NET.Sdk\targets\Microsoft.NET.Sdk.targets".
       Reatribuição de propriedade: $(PrepareResourcesDependsOn)="
             ResolvePackageDependenciesForBuild;
             _HandlePackageFileConflicts;
             
             ;
             PrepareResourceNames;
             ResGen;
             CompileLicxFiles
           
           " (valor anterior: "
             ;
             PrepareResourceNames;
             ResGen;
             CompileLicxFiles
           ") em C:\Program Files\dotnet\sdk\8.0.415\Sdks\Microsoft.NET.Sdk\targets\Microsoft.PackageDependencyResolution.targets (86,5)
       Substituindo o destino "GenerateSupportedTargetFrameworkAlias" no projeto "C:\Program Files\dotnet\sdk\8.0.415\Microsoft.Common.CurrentVersion.targets" pelo destino "GenerateSupportedTargetFrameworkAlias" do projeto "C:\Program Files\dotnet\sdk\8.0.415\Sdks\Microsoft.NET.Sdk\targets\Microsoft.NET.Sdk.targets".
       Reatribuição de propriedade: $(DefaultItemExcludes)=";**\node_modules\**;node_modules\**;**\jspm_packages\**;jspm_packages\**;**\bower_components\**;bower_components\**;bin\Debug\/**;obj\Debug\/**;bin\/**" (valor anterior: ";**\node_modules\**;node_modules\**;**\jspm_packages\**;jspm_packages\**;**\bower_components\**;bower_components\**;bin\Debug\/**;obj\Debug\/**") em C:\Program Files\dotnet\sdk\8.0.415\Sdks\Microsoft.NET.Sdk\targets\Microsoft.NET.Sdk.DefaultItems.targets (27,5)
       Substituindo o destino "GetReferenceAssemblyPaths" no projeto "C:\Program Files\dotnet\sdk\8.0.415\Microsoft.Common.CurrentVersion.targets" pelo destino "GetReferenceAssemblyPaths" do projeto "C:\Program Files\dotnet\sdk\8.0.415\Sdks\Microsoft.NET.Sdk\targets\Microsoft.NET.DisableStandardFrameworkResolution.targets".
       Substituindo o destino "GetFrameworkPaths" no projeto "C:\Program Files\dotnet\sdk\8.0.415\Microsoft.Common.CurrentVersion.targets" pelo destino "GetFrameworkPaths" do projeto "C:\Program Files\dotnet\sdk\8.0.415\Sdks\Microsoft.NET.Sdk\targets\Microsoft.NET.DisableStandardFrameworkResolution.targets".
       Reatribuição de propriedade: $(DefaultItemExcludes)=";**\node_modules\**;node_modules\**;**\jspm_packages\**;jspm_packages\**;**\bower_components\**;bower_components\**;bin\Debug\/**;obj\Debug\/**;bin\/**;obj\/**" (valor anterior: ";**\node_modules\**;node_modules\**;**\jspm_packages\**;jspm_packages\**;**\bower_components\**;bower_components\**;bin\Debug\/**;obj\Debug\/**;bin\/**") em C:\Program Files\dotnet\sdk\8.0.415\Sdks\Microsoft.NET.Sdk\targets\Microsoft.NET.Sdk.DefaultItems.targets (29,5)
       Substituindo o destino "DesignerRuntimeImplementationProjectOutputGroup" no projeto "C:\Program Files\dotnet\sdk\8.0.415\Microsoft.Common.CurrentVersion.targets" pelo destino "DesignerRuntimeImplementationProjectOutputGroup" do projeto "C:\Program Files\dotnet\sdk\8.0.415\Sdks\Microsoft.NET.Sdk\targets\Microsoft.NET.DesignerSupport.targets".
       Substituindo o destino "Publish" no projeto "C:\Program Files\dotnet\sdk\8.0.415\Microsoft.Common.CurrentVersion.targets" pelo destino "Publish" do projeto "C:\Program Files\dotnet\sdk\8.0.415\Sdks\Microsoft.NET.Sdk\targets\Microsoft.NET.Publish.targets".
       Reatribuição de propriedade: $(DefaultItemExcludes)=";**\node_modules\**;node_modules\**;**\jspm_packages\**;jspm_packages\**;**\bower_components\**;bower_components\**;bin\Debug\/**;obj\Debug\/**;bin\/**;obj\/**;**/*.user" (valor anterior: ";**\node_modules\**;node_modules\**;**\jspm_packages\**;jspm_packages\**;**\bower_components\**;bower_components\**;bin\Debug\/**;obj\Debug\/**;bin\/**;obj\/**") em C:\Program Files\dotnet\sdk\8.0.415\Sdks\Microsoft.NET.Sdk\targets\Microsoft.NET.Sdk.DefaultItems.targets (32,5)
       Substituindo o destino "ResolveReadyToRunCompilers" no projeto "C:\Program Files\dotnet\sdk\8.0.415\Sdks\Microsoft.NET.Sdk\targets\Microsoft.NET.CrossGen.targets" pelo destino "ResolveReadyToRunCompilers" do projeto "C:\Program Files\dotnet\sdk\8.0.415\Sdks\Microsoft.NET.Sdk\targets\Microsoft.NET.Publish.targets".
       Substituindo o destino "GetCopyToPublishDirectoryItems" no projeto "C:\Program Files\dotnet\sdk\8.0.415\Microsoft.Common.CurrentVersion.targets" pelo destino "GetCopyToPublishDirectoryItems" do projeto "C:\Program Files\dotnet\sdk\8.0.415\Sdks\Microsoft.NET.Sdk\targets\Microsoft.NET.Publish.targets".
   2:7>Destino "_CheckForUnsupportedAppHostUsage" ignorado devido à condição falsa; ('$(TargetFrameworkIdentifier)' == '.NETCoreApp' and '$(HasRuntimeOutput)' == 'true') foi avaliado como ('.NETCoreApp' == '.NETCoreApp' and '' == 'true').
     0>Reatribuição de propriedade: $(DefaultItemExcludes)=";**\node_modules\**;node_modules\**;**\jspm_packages\**;jspm_packages\**;**\bower_components\**;bower_components\**;bin\Debug\/**;obj\Debug\/**;bin\/**;obj\/**;**/*.user;**/*.*proj" (valor anterior: ";**\node_modules\**;node_modules\**;**\jspm_packages\**;jspm_packages\**;**\bower_components\**;bower_components\**;bin\Debug\/**;obj\Debug\/**;bin\/**;obj\/**;**/*.user") em C:\Program Files\dotnet\sdk\8.0.415\Sdks\Microsoft.NET.Sdk\targets\Microsoft.NET.Sdk.DefaultItems.targets (33,5)
       Reatribuição de propriedade: $(DefaultItemExcludes)=";**\node_modules\**;node_modules\**;**\jspm_packages\**;jspm_packages\**;**\bower_components\**;bower_components\**;bin\Debug\/**;obj\Debug\/**;bin\/**;obj\/**;**/*.user;**/*.*proj;**/*.sln" (valor anterior: ";**\node_modules\**;node_modules\**;**\jspm_packages\**;jspm_packages\**;**\bower_components\**;bower_components\**;bin\Debug\/**;obj\Debug\/**;bin\/**;obj\/**;**/*.user;**/*.*proj") em C:\Program Files\dotnet\sdk\8.0.415\Sdks\Microsoft.NET.Sdk\targets\Microsoft.NET.Sdk.DefaultItems.targets (34,5)
   2:7>Destino "_CheckForUnsupportedHostingUsage" no arquivo "C:\Program Files\dotnet\sdk\8.0.415\Sdks\Microsoft.NET.Sdk\targets\Microsoft.NET.RuntimeIdentifierInference.targets" do projeto "C:\Projects\Irma Dulce\backend\src\IrmaDulce.Infrastructure\IrmaDulce.Infrastructure.csproj" (o destino "_CheckForInvalidConfigurationAndPlatform" depende dele):
   2:7>A tarefa "NETSdkWarning" foi ignorada devido a condição falsa; ('$(SelfContained)' == 'true' and '$(EnableComHosting)' == 'true') foi avaliado como ('' == 'true' and '' == 'true').
   2:7>Destino de compilação pronto"_CheckForUnsupportedHostingUsage" no projeto "IrmaDulce.Infrastructure.csproj".
   2:7>Destino "_CheckAndUnsetUnsupportedPrefer32Bit" no arquivo "C:\Program Files\dotnet\sdk\8.0.415\Sdks\Microsoft.NET.Sdk\targets\Microsoft.NET.RuntimeIdentifierInference.targets" do projeto "C:\Projects\Irma Dulce\backend\src\IrmaDulce.Infrastructure\IrmaDulce.Infrastructure.csproj" (o destino "_CheckForInvalidConfigurationAndPlatform" depende dele):
       A tarefa "NETSdkWarning" foi ignorada devido a condição falsa; ('$(Prefer32Bit)' == 'true') foi avaliado como ('false' == 'true').
   2:7>Destino de compilação pronto"_CheckAndUnsetUnsupportedPrefer32Bit" no projeto "IrmaDulce.Infrastructure.csproj".
       Destino "_CheckForMismatchingPlatform" ignorado devido à condição falsa; ('$(RuntimeIdentifier)' != '' and '$(PlatformTarget)' != '') foi avaliado como ('' != '' and '' != '').
   5:8>Tarefa em execução pronta "ProcessFrameworkReferences".
   2:7>Destino "_CheckForLanguageAndFeatureCombinationSupport" no arquivo "C:\Program Files\dotnet\sdk\8.0.415\Sdks\Microsoft.NET.Sdk\targets\Microsoft.NET.RuntimeIdentifierInference.targets" do projeto "C:\Projects\Irma Dulce\backend\src\IrmaDulce.Infrastructure\IrmaDulce.Infrastructure.csproj" (o destino "_CheckForInvalidConfigurationAndPlatform" depende dele):
   2:7>A tarefa "NETSdkError" foi ignorada devido a condição falsa; (('$(Language)' == 'C++' and '$(_EnablePackageReferencesInVCProjects)' != 'true') and $(OutputType) != 'library' and '$(TargetFrameworkIdentifier)' == '.NETCoreApp') foi avaliado como (('C#' == 'C++' and '' != 'true') and Library != 'library' and '.NETCoreApp' == '.NETCoreApp').
       A tarefa "NETSdkError" foi ignorada devido a condição falsa; (('$(Language)' == 'C++' and '$(_EnablePackageReferencesInVCProjects)' != 'true') and $(EnableComHosting) == 'true') foi avaliado como (('C#' == 'C++' and '' != 'true') and  == 'true').
       A tarefa "NETSdkError" foi ignorada devido a condição falsa; (('$(Language)' == 'C++' and '$(_EnablePackageReferencesInVCProjects)' != 'true') and $(SelfContained) == 'true') foi avaliado como (('C#' == 'C++' and '' != 'true') and  == 'true').
   2:7>Destino de compilação pronto"_CheckForLanguageAndFeatureCombinationSupport" no projeto "IrmaDulce.Infrastructure.csproj".
       Destino "_CheckForNETCoreSdkIsPreview" ignorado devido à condição falsa; ( '$(_NETCoreSdkIsPreview)' == 'true' AND '$(SuppressNETCoreSdkPreviewMessage)' != 'true' ) foi avaliado como ( 'false' == 'true' AND '' != 'true' ).
   2:7>Destino "_GetProjectJsonPath" no arquivo "C:\Program Files\dotnet\sdk\8.0.415\NuGet.targets" do projeto "C:\Projects\Irma Dulce\backend\src\IrmaDulce.Infrastructure\IrmaDulce.Infrastructure.csproj" (o destino "_GetRestoreProjectStyle" depende dele):
       A tarefa "GetRestoreProjectJsonPathTask" foi ignorada devido a condição falsa; ( '$(RestoreProjectStyle)' == 'ProjectJson' OR '$(RestoreProjectStyle)' == '' ) foi avaliado como ( 'PackageReference' == 'ProjectJson' OR 'PackageReference' == '' ).
   2:7>Destino de compilação pronto"_GetProjectJsonPath" no projeto "IrmaDulce.Infrastructure.csproj".
       Destino "_CheckForUnsupportedTargetPlatformIdentifier" ignorado devido à condição falsa; ('$(TargetPlatformIdentifier)' != '' and '$(TargetFrameworkIdentifier)' == '.NETCoreApp' and $([MSBuild]::VersionGreaterThanOrEquals($(TargetFrameworkVersion), 5.0)) And ('$(DesignTimeBuild)' != 'true' Or '@(MissingWorkloadPack)' == '')) foi avaliado como ('' != '' and '.NETCoreApp' == '.NETCoreApp' and True And ('' != 'true' Or '' == '')).
   5:8>ProcessFrameworkReferences:
       Usando a tarefa "ResolveAppHosts" do assembly "C:\Program Files\dotnet\sdk\8.0.415\Sdks\Microsoft.NET.Sdk\targets\..\tools\net8.0\Microsoft.NET.Build.Tasks.dll".
   2:7>Destino "_CheckForMissingWorkload" ignorado devido à condição falsa; ('@(MissingWorkloadPack)' != '' And '$(DesignTimeBuild)' != 'true') foi avaliado como ('' != '' And '' != 'true').
   5:8>Tarefa "ResolveAppHosts"
   2:7>Destino "_CheckForUnsupportedNETStandardVersion" ignorado devido à condição falsa; ('$(TargetFrameworkIdentifier)' == '.NETStandard' And '$(NETStandardMaximumVersion)' != '') foi avaliado como ('.NETCoreApp' == '.NETStandard' And '' != '').
       Destino "_CheckForUnsupportedTargetFrameworkAndFeatureCombination" ignorado devido à condição falsa; ('$(TargetFrameworkIdentifier)' == '.NETFramework') foi avaliado como ('.NETCoreApp' == '.NETFramework').
   2:7>Destino "UpdateAspNetToFrameworkReference" no arquivo "C:\Program Files\dotnet\sdk\8.0.415\Sdks\Microsoft.NET.Sdk\targets\Microsoft.NET.Sdk.DefaultItems.Shared.targets" do projeto "C:\Projects\Irma Dulce\backend\src\IrmaDulce.Infrastructure\IrmaDulce.Infrastructure.csproj" (o destino "ApplyImplicitVersions" depende dele):
       Usando a tarefa "CheckIfPackageReferenceShouldBeFrameworkReference" do assembly "C:\Program Files\dotnet\sdk\8.0.415\Sdks\Microsoft.NET.Sdk\targets\..\tools\net8.0\Microsoft.NET.Build.Tasks.dll".
       Tarefa "CheckIfPackageReferenceShouldBeFrameworkReference"
       Tarefa em execução pronta "CheckIfPackageReferenceShouldBeFrameworkReference".
       A tarefa "NETSdkError" foi ignorada devido a condição falsa; ('$(_ShouldRemoveAspNetCoreAll)' == 'true') foi avaliado como ('False' == 'true').
       Tarefa "CheckIfPackageReferenceShouldBeFrameworkReference"
       Tarefa em execução pronta "CheckIfPackageReferenceShouldBeFrameworkReference".
       A tarefa "NETSdkWarning" foi ignorada devido a condição falsa; ('$(_ShouldRemoveAspNetCoreApp)' == 'true') foi avaliado como ('False' == 'true').
   2:7>Destino de compilação pronto"UpdateAspNetToFrameworkReference" no projeto "IrmaDulce.Infrastructure.csproj".
       Destino "IncludeTargetingPackReference" ignorado devido à condição falsa; ('$(TargetFrameworkMoniker)' != '' and '$(TargetFrameworkIdentifier)' == '.NETFramework' and '$(AutomaticallyUseReferenceAssemblyPackages)' == 'true') foi avaliado como ('.NETCoreApp,Version=v8.0' != '' and '.NETCoreApp' == '.NETFramework' and 'true' == 'true').
   2:7>Destino "CheckForImplicitPackageReferenceOverrides" no arquivo "C:\Program Files\dotnet\sdk\8.0.415\Sdks\Microsoft.NET.Sdk\targets\Microsoft.NET.Sdk.DefaultItems.Shared.targets" do projeto "C:\Projects\Irma Dulce\backend\src\IrmaDulce.Infrastructure\IrmaDulce.Infrastructure.csproj" (o destino "ApplyImplicitVersions" depende dele):
       Usando a tarefa "CheckForImplicitPackageReferenceOverrides" do assembly "C:\Program Files\dotnet\sdk\8.0.415\Sdks\Microsoft.NET.Sdk\targets\..\tools\net8.0\Microsoft.NET.Build.Tasks.dll".
       Tarefa "CheckForImplicitPackageReferenceOverrides"
       Tarefa em execução pronta "CheckForImplicitPackageReferenceOverrides".
   2:7>Destino de compilação pronto"CheckForImplicitPackageReferenceOverrides" no projeto "IrmaDulce.Infrastructure.csproj".
   2:7>Destino "ApplyImplicitVersions" no arquivo "C:\Program Files\dotnet\sdk\8.0.415\Sdks\Microsoft.NET.Sdk\targets\Microsoft.NET.Sdk.DefaultItems.Shared.targets" do projeto "C:\Projects\Irma Dulce\backend\src\IrmaDulce.Infrastructure\IrmaDulce.Infrastructure.csproj" (o destino "CollectPackageReferences" depende dele):
       Usando a tarefa "ApplyImplicitVersions" do assembly "C:\Program Files\dotnet\sdk\8.0.415\Sdks\Microsoft.NET.Sdk\targets\..\tools\net8.0\Microsoft.NET.Build.Tasks.dll".
       Tarefa "ApplyImplicitVersions"
       Tarefa em execução pronta "ApplyImplicitVersions".
   2:7>Destino de compilação pronto"ApplyImplicitVersions" no projeto "IrmaDulce.Infrastructure.csproj".
       Destino "CheckForImplicitPackageReferenceOverrides" ignorado. Compilado anteriormente com êxito.
       Destino "AddWindowsSdkKnownFrameworkReferences" ignorado devido à condição falsa; ('$(TargetFrameworkIdentifier)' == '.NETCoreApp' And '$(TargetPlatformIdentifier)' == 'Windows') foi avaliado como ('.NETCoreApp' == '.NETCoreApp' And '' == 'Windows').
       Destino "_NormalizeTargetPlatformVersion" ignorado devido à condição falsa; ('$(TargetPlatformVersion)' != '' and '$(TargetFrameworkIdentifier)' == '.NETCoreApp' and $([MSBuild]::VersionGreaterThanOrEquals($(TargetFrameworkVersion), 5.0)) and ('$(Language)' != 'C++' or '$(_EnablePackageReferencesInVCProjects)' == 'true')) foi avaliado como ('' != '' and '.NETCoreApp' == '.NETCoreApp' and True and ('C#' != 'C++' or '' == 'true')).
   2:7>Destino "_ComputeToolPackInputsToProcessFrameworkReferences" no arquivo "C:\Program Files\dotnet\sdk\8.0.415\Sdks\Microsoft.NET.Sdk\targets\Microsoft.NET.Publish.targets" do projeto "C:\Projects\Irma Dulce\backend\src\IrmaDulce.Infrastructure\IrmaDulce.Infrastructure.csproj" (o destino "ProcessFrameworkReferences" depende dele):
   2:7>Destino de compilação pronto"_ComputeToolPackInputsToProcessFrameworkReferences" no projeto "IrmaDulce.Infrastructure.csproj".
   2:7>Destino "ProcessFrameworkReferences" no arquivo "C:\Program Files\dotnet\sdk\8.0.415\Sdks\Microsoft.NET.Sdk\targets\Microsoft.NET.Sdk.FrameworkReferenceResolution.targets" do projeto "C:\Projects\Irma Dulce\backend\src\IrmaDulce.Infrastructure\IrmaDulce.Infrastructure.csproj" (o destino "CollectPackageReferences" depende dele):
       Usando a tarefa "CheckForDuplicateFrameworkReferences" do assembly "C:\Program Files\dotnet\sdk\8.0.415\Sdks\Microsoft.NET.Sdk\targets\..\tools\net8.0\Microsoft.NET.Build.Tasks.dll".
       Tarefa "CheckForDuplicateFrameworkReferences"
       Tarefa em execução pronta "CheckForDuplicateFrameworkReferences".
       Usando a tarefa "ProcessFrameworkReferences" do assembly "C:\Program Files\dotnet\sdk\8.0.415\Sdks\Microsoft.NET.Sdk\targets\..\tools\net8.0\Microsoft.NET.Build.Tasks.dll".
       Tarefa "ProcessFrameworkReferences"
       Tarefa em execução pronta "ProcessFrameworkReferences".
       Usando a tarefa "ResolveAppHosts" do assembly "C:\Program Files\dotnet\sdk\8.0.415\Sdks\Microsoft.NET.Sdk\targets\..\tools\net8.0\Microsoft.NET.Build.Tasks.dll".
       Tarefa "ResolveAppHosts"
       Tarefa em execução pronta "ResolveAppHosts".
   2:7>Destino de compilação pronto"ProcessFrameworkReferences" no projeto "IrmaDulce.Infrastructure.csproj".
       Destino "IncludeTargetingPackReference" ignorado devido à condição falsa; ('$(TargetFrameworkMoniker)' != '' and '$(TargetFrameworkIdentifier)' == '.NETFramework' and '$(AutomaticallyUseReferenceAssemblyPackages)' == 'true') foi avaliado como ('.NETCoreApp,Version=v8.0' != '' and '.NETCoreApp' == '.NETFramework' and 'true' == 'true').
   2:7>Destino "_AddMicrosoftNetCompilerToolsetFrameworkPackage" no arquivo "C:\Program Files\dotnet\sdk\8.0.415\Sdks\Microsoft.NET.Sdk\targets\Microsoft.NET.Sdk.targets" do projeto "C:\Projects\Irma Dulce\backend\src\IrmaDulce.Infrastructure\IrmaDulce.Infrastructure.csproj" (o destino "CollectPackageReferences" depende dele):
       A tarefa "NETSdkWarning" foi ignorada devido a condição falsa; ('@(PackageReference->AnyHaveMetadataValue('Identity', 'Microsoft.Net.Compilers.Toolset.Framework'))' == 'true') foi avaliado como ('false' == 'true').
   2:7>Destino de compilação pronto"_AddMicrosoftNetCompilerToolsetFrameworkPackage" no projeto "IrmaDulce.Infrastructure.csproj".
   2:7>Destino "_CheckForObsoleteDotNetCliToolReferences" no arquivo "C:\Program Files\dotnet\sdk\8.0.415\Sdks\Microsoft.NET.Sdk\targets\Microsoft.NET.ObsoleteReferences.targets" do projeto "C:\Projects\Irma Dulce\backend\src\IrmaDulce.Infrastructure\IrmaDulce.Infrastructure.csproj" (o destino "CollectPackageReferences" depende dele):
       A tarefa "NETSdkWarning" foi ignorada devido a condição falsa; ( '%(_ReferenceToObsoleteDotNetCliTool.Identity)' != '' ) foi avaliado como ( '' != '' ).
   2:7>Destino de compilação pronto"_CheckForObsoleteDotNetCliToolReferences" no projeto "IrmaDulce.Infrastructure.csproj".
   2:7>Destino "CollectPackageReferences" no arquivo "C:\Program Files\dotnet\sdk\8.0.415\NuGet.targets" do projeto "C:\Projects\Irma Dulce\backend\src\IrmaDulce.Infrastructure\IrmaDulce.Infrastructure.csproj" (o destino "_GetRestoreProjectStyle" depende dele):
       Usando a tarefa "CheckForDuplicateNuGetItemsTask" do assembly "C:\Program Files\dotnet\sdk\8.0.415\NuGet.Build.Tasks.dll".
       Tarefa "CheckForDuplicateNuGetItemsTask"
   5:8>Tarefa em execução pronta "ResolveAppHosts".
   2:7>Tarefa em execução pronta "CheckForDuplicateNuGetItemsTask".
   2:7>Destino de compilação pronto"CollectPackageReferences" no projeto "IrmaDulce.Infrastructure.csproj".
   2:7>Destino "_GetRestoreProjectStyle" no arquivo "C:\Program Files\dotnet\sdk\8.0.415\NuGet.targets" do projeto "C:\Projects\Irma Dulce\backend\src\IrmaDulce.Infrastructure\IrmaDulce.Infrastructure.csproj" (o destino "EnableIntermediateOutputPathMismatchWarning" depende dele):
       Usando a tarefa "GetRestoreProjectStyleTask" do assembly "C:\Program Files\dotnet\sdk\8.0.415\NuGet.Build.Tasks.dll".
       Tarefa "GetRestoreProjectStyleTask"
       Tarefa em execução pronta "GetRestoreProjectStyleTask".
   5:8>Destino de compilação pronto"ProcessFrameworkReferences" no projeto "IrmaDulce.Domain.csproj".
       Destino "IncludeTargetingPackReference" ignorado devido à condição falsa; ('$(TargetFrameworkMoniker)' != '' and '$(TargetFrameworkIdentifier)' == '.NETFramework' and '$(AutomaticallyUseReferenceAssemblyPackages)' == 'true') foi avaliado como ('.NETCoreApp,Version=v8.0' != '' and '.NETCoreApp' == '.NETFramework' and 'true' == 'true').
   5:8>Destino "_AddMicrosoftNetCompilerToolsetFrameworkPackage" no arquivo "C:\Program Files\dotnet\sdk\8.0.415\Sdks\Microsoft.NET.Sdk\targets\Microsoft.NET.Sdk.targets" do projeto "C:\Projects\Irma Dulce\backend\src\IrmaDulce.Domain\IrmaDulce.Domain.csproj" (o destino "CollectPackageReferences" depende dele):
       A tarefa "NETSdkWarning" foi ignorada devido a condição falsa; ('@(PackageReference->AnyHaveMetadataValue('Identity', 'Microsoft.Net.Compilers.Toolset.Framework'))' == 'true') foi avaliado como ('false' == 'true').
   5:8>Destino de compilação pronto"_AddMicrosoftNetCompilerToolsetFrameworkPackage" no projeto "IrmaDulce.Domain.csproj".
   2:7>Destino de compilação pronto"_GetRestoreProjectStyle" no projeto "IrmaDulce.Infrastructure.csproj".
   5:8>Destino "_CheckForObsoleteDotNetCliToolReferences" no arquivo "C:\Program Files\dotnet\sdk\8.0.415\Sdks\Microsoft.NET.Sdk\targets\Microsoft.NET.ObsoleteReferences.targets" do projeto "C:\Projects\Irma Dulce\backend\src\IrmaDulce.Domain\IrmaDulce.Domain.csproj" (o destino "CollectPackageReferences" depende dele):
   5:8>A tarefa "NETSdkWarning" foi ignorada devido a condição falsa; ( '%(_ReferenceToObsoleteDotNetCliTool.Identity)' != '' ) foi avaliado como ( '' != '' ).
   2:7>Destino "EnableIntermediateOutputPathMismatchWarning" no arquivo "C:\Program Files\dotnet\sdk\8.0.415\NuGet.targets" do projeto "C:\Projects\Irma Dulce\backend\src\IrmaDulce.Infrastructure\IrmaDulce.Infrastructure.csproj" (o destino "_CheckForInvalidConfigurationAndPlatform" depende dele):
   2:7>Destino de compilação pronto"EnableIntermediateOutputPathMismatchWarning" no projeto "IrmaDulce.Infrastructure.csproj".
   5:8>Destino de compilação pronto"_CheckForObsoleteDotNetCliToolReferences" no projeto "IrmaDulce.Domain.csproj".
   2:7>Destino "ApplyImplicitVersions" ignorado. Compilado anteriormente com êxito.
       Destino "CheckForImplicitPackageReferenceOverrides" ignorado. Compilado anteriormente com êxito.
   5:8>Destino "CollectPackageReferences" no arquivo "C:\Program Files\dotnet\sdk\8.0.415\NuGet.targets" do projeto "C:\Projects\Irma Dulce\backend\src\IrmaDulce.Domain\IrmaDulce.Domain.csproj" (o destino "_GetRestoreProjectStyle" depende dele):
   5:8>Usando a tarefa "CheckForDuplicateNuGetItemsTask" do assembly "C:\Program Files\dotnet\sdk\8.0.415\NuGet.Build.Tasks.dll".
       Tarefa "CheckForDuplicateNuGetItemsTask"
       Tarefa em execução pronta "CheckForDuplicateNuGetItemsTask".
   5:8>Destino de compilação pronto"CollectPackageReferences" no projeto "IrmaDulce.Domain.csproj".
   5:8>Destino "_GetRestoreProjectStyle" no arquivo "C:\Program Files\dotnet\sdk\8.0.415\NuGet.targets" do projeto "C:\Projects\Irma Dulce\backend\src\IrmaDulce.Domain\IrmaDulce.Domain.csproj" (o destino "EnableIntermediateOutputPathMismatchWarning" depende dele):
       Usando a tarefa "GetRestoreProjectStyleTask" do assembly "C:\Program Files\dotnet\sdk\8.0.415\NuGet.Build.Tasks.dll".
       Tarefa "GetRestoreProjectStyleTask"
       Tarefa em execução pronta "GetRestoreProjectStyleTask".
   5:8>Destino de compilação pronto"_GetRestoreProjectStyle" no projeto "IrmaDulce.Domain.csproj".
   5:8>Destino "EnableIntermediateOutputPathMismatchWarning" no arquivo "C:\Program Files\dotnet\sdk\8.0.415\NuGet.targets" do projeto "C:\Projects\Irma Dulce\backend\src\IrmaDulce.Domain\IrmaDulce.Domain.csproj" (o destino "_CheckForInvalidConfigurationAndPlatform" depende dele):
   5:8>Destino de compilação pronto"EnableIntermediateOutputPathMismatchWarning" no projeto "IrmaDulce.Domain.csproj".
       Destino "ApplyImplicitVersions" ignorado devido à condição falsa; ('@(PackageReference)' != '') foi avaliado como ('' != '').
       Destino "CheckForImplicitPackageReferenceOverrides" ignorado. Compilado anteriormente com êxito.
   2:7>Destino "CheckForDuplicateItems" no arquivo "C:\Program Files\dotnet\sdk\8.0.415\Sdks\Microsoft.NET.Sdk\targets\Microsoft.NET.Sdk.DefaultItems.Shared.targets" do projeto "C:\Projects\Irma Dulce\backend\src\IrmaDulce.Infrastructure\IrmaDulce.Infrastructure.csproj" (o destino "_CheckForInvalidConfigurationAndPlatform" depende dele):
   2:7>Usando a tarefa "CheckForDuplicateItems" do assembly "C:\Program Files\dotnet\sdk\8.0.415\Sdks\Microsoft.NET.Sdk\targets\..\tools\net8.0\Microsoft.NET.Build.Tasks.dll".
       Tarefa "CheckForDuplicateItems"
       Tarefa em execução pronta "CheckForDuplicateItems".
       Tarefa "CheckForDuplicateItems"
   5:8>Destino "CheckForDuplicateItems" no arquivo "C:\Program Files\dotnet\sdk\8.0.415\Sdks\Microsoft.NET.Sdk\targets\Microsoft.NET.Sdk.DefaultItems.Shared.targets" do projeto "C:\Projects\Irma Dulce\backend\src\IrmaDulce.Domain\IrmaDulce.Domain.csproj" (o destino "_CheckForInvalidConfigurationAndPlatform" depende dele):
   5:8>Usando a tarefa "CheckForDuplicateItems" do assembly "C:\Program Files\dotnet\sdk\8.0.415\Sdks\Microsoft.NET.Sdk\targets\..\tools\net8.0\Microsoft.NET.Build.Tasks.dll".
       Tarefa "CheckForDuplicateItems"
   2:7>Tarefa em execução pronta "CheckForDuplicateItems".
       Tarefa "CheckForDuplicateItems"
       Tarefa em execução pronta "CheckForDuplicateItems".
   2:7>Destino de compilação pronto"CheckForDuplicateItems" no projeto "IrmaDulce.Infrastructure.csproj".
   5:8>Tarefa em execução pronta "CheckForDuplicateItems".
   2:7>Destino "WarnForExplicitVersions" ignorado devido à condição falsa; ('@(SdkBuildWarning)' != '') foi avaliado como ('' != '').
   5:8>Tarefa "CheckForDuplicateItems"
   2:7>Destino "_CheckForFailedSDKResolution" ignorado devido à condição falsa; ('$(SdkResolverHonoredGlobalJson)' == 'false') foi avaliado como ('' == 'false').
       Destino "_WarnWhenUsingNET8AndVSPriorTo178" ignorado devido à condição falsa; ($([MSBuild]::VersionLessThan($(MSBuildVersion), '17.8.0')) and '$(TargetFrameworkIdentifier)' == '.NETCoreApp' and $([MSBuild]::VersionGreaterThanOrEquals($(_TargetFrameworkVersionWithoutV), '8.0'))) foi avaliado como (False and '.NETCoreApp' == '.NETCoreApp' and True).
       Destino "_CheckForInvalidWindowsDesktopTargetingConfiguration" ignorado devido à condição falsa; ('$(TargetFrameworkIdentifier)' == '.NETCoreApp' and $([MSBuild]::VersionGreaterThanOrEquals($(_TargetFrameworkVersionWithoutV), '5.0')) and ('$(UseWindowsForms)' == 'true' or '$(UseWPF)' == 'true')) foi avaliado como ('.NETCoreApp' == '.NETCoreApp' and True and ('' == 'true' or '' == 'true')).
       Destino "_CheckForUnnecessaryWindowsDesktopSDK" ignorado devido à condição falsa; ('$(TargetFrameworkIdentifier)' == '.NETCoreApp' and $([MSBuild]::VersionGreaterThanOrEquals($(_TargetFrameworkVersionWithoutV), '5.0')) and '$(_MicrosoftWindowsDesktopSdkImported)' == 'true' and '$(TargetFrameworks)' == '') foi avaliado como ('.NETCoreApp' == '.NETCoreApp' and True and '' == 'true' and '' == '').
       Destino "ProcessFrameworkReferences" ignorado. Compilado anteriormente com êxito.
       Destino "IncludeTargetingPackReference" ignorado devido à condição falsa; ('$(TargetFrameworkMoniker)' != '' and '$(TargetFrameworkIdentifier)' == '.NETFramework' and '$(AutomaticallyUseReferenceAssemblyPackages)' == 'true') foi avaliado como ('.NETCoreApp,Version=v8.0' != '' and '.NETCoreApp' == '.NETFramework' and 'true' == 'true').
   2:7>Destino "_CheckForInvalidConfigurationAndPlatform" no arquivo "C:\Program Files\dotnet\sdk\8.0.415\Microsoft.Common.CurrentVersion.targets" do projeto "C:\Projects\Irma Dulce\backend\src\IrmaDulce.Infrastructure\IrmaDulce.Infrastructure.csproj" (o destino "BeforeBuild" depende dele):
       A tarefa "Error" foi ignorada devido a condição falsa; ( '$(_InvalidConfigurationError)' == 'true' ) foi avaliado como ( '' == 'true' ).
       A tarefa "Warning" foi ignorada devido a condição falsa; ( '$(_InvalidConfigurationWarning)' == 'true' ) foi avaliado como ( '' == 'true' ).
       Tarefa "Message"
   5:8>Tarefa em execução pronta "CheckForDuplicateItems".
   2:7>_CheckForInvalidConfigurationAndPlatform:
         Configuration=Debug
   5:8>Tarefa "CheckForDuplicateItems"
   2:7>Tarefa em execução pronta "Message".
       Tarefa "Message"
         Platform=AnyCPU
       Tarefa em execução pronta "Message".
       A tarefa "Error" foi ignorada devido a condição falsa; ('$(OutDir)' != '' and !HasTrailingSlash('$(OutDir)')) foi avaliado como ('bin\Debug\net8.0\' != '' and !HasTrailingSlash('bin\Debug\net8.0\')).
       A tarefa "Error" foi ignorada devido a condição falsa; ('$(IntermediateOutputPath)' != '' and !HasTrailingSlash('$(IntermediateOutputPath)')) foi avaliado como ('obj\Debug\net8.0\' != '' and !HasTrailingSlash('obj\Debug\net8.0\')).
       A tarefa "Error" foi ignorada devido a condição falsa; ('$(BaseIntermediateOutputPath)' != '' and !HasTrailingSlash('$(BaseIntermediateOutputPath)')) foi avaliado como ('obj\' != '' and !HasTrailingSlash('obj\')).
   5:8>Tarefa em execução pronta "CheckForDuplicateItems".
   2:7>_CheckForInvalidConfigurationAndPlatform:
       A tarefa "MSBuildInternalMessage" foi ignorada devido a condição falsa; ( '$(Prefer32Bit)' == 'true' and '$(PreferNativeArm64)' == 'true' ) foi avaliado como ( 'false' == 'true' and '' == 'true' ).
   5:8>Destino de compilação pronto"CheckForDuplicateItems" no projeto "IrmaDulce.Domain.csproj".
   2:7>_CheckForInvalidConfigurationAndPlatform:
       A tarefa "MSBuildInternalMessage" foi ignorada devido a condição falsa; ( '$(NoWin32Manifest)' == 'true' and '$(PreferNativeArm64)' == 'true' ) foi avaliado como ( '' == 'true' and '' == 'true' ).
   5:8>Destino "WarnForExplicitVersions" ignorado devido à condição falsa; ('@(SdkBuildWarning)' != '') foi avaliado como ('' != '').
       Destino "_CheckForFailedSDKResolution" ignorado devido à condição falsa; ('$(SdkResolverHonoredGlobalJson)' == 'false') foi avaliado como ('' == 'false').
   2:7>_CheckForInvalidConfigurationAndPlatform:
       A tarefa "MSBuildInternalMessage" foi ignorada devido a condição falsa; ( '$(PreferNativeArm64)' == 'true' and '$(Platform)' != 'AnyCPU' ) foi avaliado como ( '' == 'true' and 'AnyCPU' != 'AnyCPU' ).
   5:8>Destino "_WarnWhenUsingNET8AndVSPriorTo178" ignorado devido à condição falsa; ($([MSBuild]::VersionLessThan($(MSBuildVersion), '17.8.0')) and '$(TargetFrameworkIdentifier)' == '.NETCoreApp' and $([MSBuild]::VersionGreaterThanOrEquals($(_TargetFrameworkVersionWithoutV), '8.0'))) foi avaliado como (False and '.NETCoreApp' == '.NETCoreApp' and True).
   2:7>_CheckForInvalidConfigurationAndPlatform:
       A tarefa "Error" foi ignorada devido a condição falsa; ( '$(_InitialMSBuildProjectExtensionsPath)' != '' And '$(MSBuildProjectExtensionsPath)' != '$(_InitialMSBuildProjectExtensionsPath)' ) foi avaliado como ( 'C:\Projects\Irma Dulce\backend\src\IrmaDulce.Infrastructure\obj\' != '' And 'C:\Projects\Irma Dulce\backend\src\IrmaDulce.Infrastructure\obj\' != 'C:\Projects\Irma Dulce\backend\src\IrmaDulce.Infrastructure\obj\' ).
   5:8>Destino "_CheckForInvalidWindowsDesktopTargetingConfiguration" ignorado devido à condição falsa; ('$(TargetFrameworkIdentifier)' == '.NETCoreApp' and $([MSBuild]::VersionGreaterThanOrEquals($(_TargetFrameworkVersionWithoutV), '5.0')) and ('$(UseWindowsForms)' == 'true' or '$(UseWPF)' == 'true')) foi avaliado como ('.NETCoreApp' == '.NETCoreApp' and True and ('' == 'true' or '' == 'true')).
       Destino "_CheckForUnnecessaryWindowsDesktopSDK" ignorado devido à condição falsa; ('$(TargetFrameworkIdentifier)' == '.NETCoreApp' and $([MSBuild]::VersionGreaterThanOrEquals($(_TargetFrameworkVersionWithoutV), '5.0')) and '$(_MicrosoftWindowsDesktopSdkImported)' == 'true' and '$(TargetFrameworks)' == '') foi avaliado como ('.NETCoreApp' == '.NETCoreApp' and True and '' == 'true' and '' == '').
       Destino "ProcessFrameworkReferences" ignorado. Compilado anteriormente com êxito.
       Destino "IncludeTargetingPackReference" ignorado devido à condição falsa; ('$(TargetFrameworkMoniker)' != '' and '$(TargetFrameworkIdentifier)' == '.NETFramework' and '$(AutomaticallyUseReferenceAssemblyPackages)' == 'true') foi avaliado como ('.NETCoreApp,Version=v8.0' != '' and '.NETCoreApp' == '.NETFramework' and 'true' == 'true').
   2:7>_CheckForInvalidConfigurationAndPlatform:
       A tarefa "Warning" foi ignorada devido a condição falsa; ( '$(EnableBaseIntermediateOutputPathMismatchWarning)' == 'true' And '$(_InitialBaseIntermediateOutputPath)' != '$(BaseIntermediateOutputPath)' And '$(BaseIntermediateOutputPath)' != '$(MSBuildProjectExtensionsPath)' ) foi avaliado como ( 'true' == 'true' And 'obj\' != 'obj\' And 'obj\' != 'C:\Projects\Irma Dulce\backend\src\IrmaDulce.Infrastructure\obj\' ).
   2:7>Destino de compilação pronto"_CheckForInvalidConfigurationAndPlatform" no projeto "IrmaDulce.Infrastructure.csproj".
   5:8>Destino "_CheckForInvalidConfigurationAndPlatform" no arquivo "C:\Program Files\dotnet\sdk\8.0.415\Microsoft.Common.CurrentVersion.targets" do projeto "C:\Projects\Irma Dulce\backend\src\IrmaDulce.Domain\IrmaDulce.Domain.csproj" (o destino "BeforeBuild" depende dele):
   5:8>A tarefa "Error" foi ignorada devido a condição falsa; ( '$(_InvalidConfigurationError)' == 'true' ) foi avaliado como ( '' == 'true' ).
       A tarefa "Warning" foi ignorada devido a condição falsa; ( '$(_InvalidConfigurationWarning)' == 'true' ) foi avaliado como ( '' == 'true' ).
       Tarefa "Message"
   2:7>Destino "ValidateCommandLineProperties" no arquivo "C:\Program Files\dotnet\sdk\8.0.415\Sdks\Microsoft.NET.Sdk\targets\Microsoft.NET.Sdk.targets" do projeto "C:\Projects\Irma Dulce\backend\src\IrmaDulce.Infrastructure\IrmaDulce.Infrastructure.csproj" (o destino "BeforeBuild" depende dele):
   2:7>Destino de compilação pronto"ValidateCommandLineProperties" no projeto "IrmaDulce.Infrastructure.csproj".
   5:8>_CheckForInvalidConfigurationAndPlatform:
         Configuration=Debug
       Tarefa em execução pronta "Message".
   2:7>Destino "BeforeBuild" no arquivo "C:\Program Files\dotnet\sdk\8.0.415\Microsoft.Common.CurrentVersion.targets" do projeto "C:\Projects\Irma Dulce\backend\src\IrmaDulce.Infrastructure\IrmaDulce.Infrastructure.csproj" (o destino "Build" depende dele):
   2:7>Destino de compilação pronto"BeforeBuild" no projeto "IrmaDulce.Infrastructure.csproj".
   5:8>Tarefa "Message"
         Platform=AnyCPU
       Tarefa em execução pronta "Message".
       A tarefa "Error" foi ignorada devido a condição falsa; ('$(OutDir)' != '' and !HasTrailingSlash('$(OutDir)')) foi avaliado como ('bin\Debug\net8.0\' != '' and !HasTrailingSlash('bin\Debug\net8.0\')).
   2:7>Destino "_CheckForBuildWithNoBuild" ignorado devido à condição falsa; ('$(NoBuild)' == 'true' and '$(GeneratePackageOnBuild)' != 'true') foi avaliado como ('' == 'true' and 'false' != 'true').
   5:8>_CheckForInvalidConfigurationAndPlatform:
       A tarefa "Error" foi ignorada devido a condição falsa; ('$(IntermediateOutputPath)' != '' and !HasTrailingSlash('$(IntermediateOutputPath)')) foi avaliado como ('obj\Debug\net8.0\' != '' and !HasTrailingSlash('obj\Debug\net8.0\')).
       A tarefa "Error" foi ignorada devido a condição falsa; ('$(BaseIntermediateOutputPath)' != '' and !HasTrailingSlash('$(BaseIntermediateOutputPath)')) foi avaliado como ('obj\' != '' and !HasTrailingSlash('obj\')).
       A tarefa "MSBuildInternalMessage" foi ignorada devido a condição falsa; ( '$(Prefer32Bit)' == 'true' and '$(PreferNativeArm64)' == 'true' ) foi avaliado como ( 'false' == 'true' and '' == 'true' ).
       A tarefa "MSBuildInternalMessage" foi ignorada devido a condição falsa; ( '$(NoWin32Manifest)' == 'true' and '$(PreferNativeArm64)' == 'true' ) foi avaliado como ( '' == 'true' and '' == 'true' ).
       A tarefa "MSBuildInternalMessage" foi ignorada devido a condição falsa; ( '$(PreferNativeArm64)' == 'true' and '$(Platform)' != 'AnyCPU' ) foi avaliado como ( '' == 'true' and 'AnyCPU' != 'AnyCPU' ).
       A tarefa "Error" foi ignorada devido a condição falsa; ( '$(_InitialMSBuildProjectExtensionsPath)' != '' And '$(MSBuildProjectExtensionsPath)' != '$(_InitialMSBuildProjectExtensionsPath)' ) foi avaliado como ( 'C:\Projects\Irma Dulce\backend\src\IrmaDulce.Domain\obj\' != '' And 'C:\Projects\Irma Dulce\backend\src\IrmaDulce.Domain\obj\' != 'C:\Projects\Irma Dulce\backend\src\IrmaDulce.Domain\obj\' ).
       A tarefa "Warning" foi ignorada devido a condição falsa; ( '$(EnableBaseIntermediateOutputPathMismatchWarning)' == 'true' And '$(_InitialBaseIntermediateOutputPath)' != '$(BaseIntermediateOutputPath)' And '$(BaseIntermediateOutputPath)' != '$(MSBuildProjectExtensionsPath)' ) foi avaliado como ( 'true' == 'true' And 'obj\' != 'obj\' And 'obj\' != 'C:\Projects\Irma Dulce\backend\src\IrmaDulce.Domain\obj\' ).
   5:8>Destino de compilação pronto"_CheckForInvalidConfigurationAndPlatform" no projeto "IrmaDulce.Domain.csproj".
   5:8>Destino "ValidateCommandLineProperties" no arquivo "C:\Program Files\dotnet\sdk\8.0.415\Sdks\Microsoft.NET.Sdk\targets\Microsoft.NET.Sdk.targets" do projeto "C:\Projects\Irma Dulce\backend\src\IrmaDulce.Domain\IrmaDulce.Domain.csproj" (o destino "BeforeBuild" depende dele):
   5:8>Destino de compilação pronto"ValidateCommandLineProperties" no projeto "IrmaDulce.Domain.csproj".
   5:8>Destino "BeforeBuild" no arquivo "C:\Program Files\dotnet\sdk\8.0.415\Microsoft.Common.CurrentVersion.targets" do projeto "C:\Projects\Irma Dulce\backend\src\IrmaDulce.Domain\IrmaDulce.Domain.csproj" (o destino "Build" depende dele):
   5:8>Destino de compilação pronto"BeforeBuild" no projeto "IrmaDulce.Domain.csproj".
       Destino "_CheckForBuildWithNoBuild" ignorado devido à condição falsa; ('$(NoBuild)' == 'true' and '$(GeneratePackageOnBuild)' != 'true') foi avaliado como ('' == 'true' and 'false' != 'true').
   2:7>Destino "BuildOnlySettings" no arquivo "C:\Program Files\dotnet\sdk\8.0.415\Microsoft.Common.CurrentVersion.targets" do projeto "C:\Projects\Irma Dulce\backend\src\IrmaDulce.Infrastructure\IrmaDulce.Infrastructure.csproj" (o destino "CoreBuild" depende dele):
   2:7>Destino de compilação pronto"BuildOnlySettings" no projeto "IrmaDulce.Infrastructure.csproj".
   5:8>Destino "BuildOnlySettings" no arquivo "C:\Program Files\dotnet\sdk\8.0.415\Microsoft.Common.CurrentVersion.targets" do projeto "C:\Projects\Irma Dulce\backend\src\IrmaDulce.Domain\IrmaDulce.Domain.csproj" (o destino "CoreBuild" depende dele):
   5:8>Destino de compilação pronto"BuildOnlySettings" no projeto "IrmaDulce.Domain.csproj".
       Destino "_CheckForUnsupportedTargetFramework" ignorado devido à condição falsa; ('$(_UnsupportedTargetFrameworkError)' == 'true') foi avaliado como ('' == 'true').
       Destino "_CheckForUnsupportedTargetPlatformIdentifier" ignorado devido à condição falsa; ('$(TargetPlatformIdentifier)' != '' and '$(TargetFrameworkIdentifier)' == '.NETCoreApp' and $([MSBuild]::VersionGreaterThanOrEquals($(TargetFrameworkVersion), 5.0)) And ('$(DesignTimeBuild)' != 'true' Or '@(MissingWorkloadPack)' == '')) foi avaliado como ('' != '' and '.NETCoreApp' == '.NETCoreApp' and True And ('' != 'true' Or '' == '')).
       Destino "_CheckForMissingWorkload" ignorado devido à condição falsa; ('@(MissingWorkloadPack)' != '' And '$(DesignTimeBuild)' != 'true') foi avaliado como ('' != '' And '' != 'true').
   2:7>Destino "_CheckForUnsupportedTargetFramework" ignorado devido à condição falsa; ('$(_UnsupportedTargetFrameworkError)' == 'true') foi avaliado como ('' == 'true').
   5:8>Destino "GetFrameworkPaths" no arquivo "C:\Program Files\dotnet\sdk\8.0.415\Sdks\Microsoft.NET.Sdk\targets\Microsoft.NET.DisableStandardFrameworkResolution.targets" do projeto "C:\Projects\Irma Dulce\backend\src\IrmaDulce.Domain\IrmaDulce.Domain.csproj" (o destino "PrepareForBuild" depende dele):
   5:8>Destino de compilação pronto"GetFrameworkPaths" no projeto "IrmaDulce.Domain.csproj".
       Destino "_CheckForUnsupportedTargetFramework" ignorado devido à condição falsa; ('$(_UnsupportedTargetFrameworkError)' == 'true') foi avaliado como ('' == 'true').
       Destino "_CheckForUnsupportedTargetPlatformIdentifier" ignorado devido à condição falsa; ('$(TargetPlatformIdentifier)' != '' and '$(TargetFrameworkIdentifier)' == '.NETCoreApp' and $([MSBuild]::VersionGreaterThanOrEquals($(TargetFrameworkVersion), 5.0)) And ('$(DesignTimeBuild)' != 'true' Or '@(MissingWorkloadPack)' == '')) foi avaliado como ('' != '' and '.NETCoreApp' == '.NETCoreApp' and True And ('' != 'true' Or '' == '')).
       Destino "_CheckForMissingWorkload" ignorado devido à condição falsa; ('@(MissingWorkloadPack)' != '' And '$(DesignTimeBuild)' != 'true') foi avaliado como ('' != '' And '' != 'true').
   5:8>Destino "GetReferenceAssemblyPaths" no arquivo "C:\Program Files\dotnet\sdk\8.0.415\Sdks\Microsoft.NET.Sdk\targets\Microsoft.NET.DisableStandardFrameworkResolution.targets" do projeto "C:\Projects\Irma Dulce\backend\src\IrmaDulce.Domain\IrmaDulce.Domain.csproj" (o destino "PrepareForBuild" depende dele):
   5:8>Destino de compilação pronto"GetReferenceAssemblyPaths" no projeto "IrmaDulce.Domain.csproj".
       Destino "AssignLinkMetadata" ignorado devido à condição falsa; ( '$(SynthesizeLinkMetadata)' == 'true' ) foi avaliado como ( '' == 'true' ).
       Destino "_VerifyPackReleaseConfigurations" ignorado devido à condição falsa; ('$(_IsPacking)' == 'true' and '$(DOTNET_CLI_DISABLE_PUBLISH_AND_PACK_RELEASE)' != 'true' and '$(DOTNET_CLI_LAZY_PUBLISH_AND_PACK_RELEASE_FOR_SOLUTIONS)' == 'true') foi avaliado como ('' == 'true' and '' != 'true' and '' == 'true').
   2:7>Destino "_CheckForUnsupportedTargetPlatformIdentifier" ignorado devido à condição falsa; ('$(TargetPlatformIdentifier)' != '' and '$(TargetFrameworkIdentifier)' == '.NETCoreApp' and $([MSBuild]::VersionGreaterThanOrEquals($(TargetFrameworkVersion), 5.0)) And ('$(DesignTimeBuild)' != 'true' Or '@(MissingWorkloadPack)' == '')) foi avaliado como ('' != '' and '.NETCoreApp' == '.NETCoreApp' and True And ('' != 'true' Or '' == '')).
       Destino "_CheckForMissingWorkload" ignorado devido à condição falsa; ('@(MissingWorkloadPack)' != '' And '$(DesignTimeBuild)' != 'true') foi avaliado como ('' != '' And '' != 'true').
   2:7>Destino "GetFrameworkPaths" no arquivo "C:\Program Files\dotnet\sdk\8.0.415\Sdks\Microsoft.NET.Sdk\targets\Microsoft.NET.DisableStandardFrameworkResolution.targets" do projeto "C:\Projects\Irma Dulce\backend\src\IrmaDulce.Infrastructure\IrmaDulce.Infrastructure.csproj" (o destino "PrepareForBuild" depende dele):
   2:7>Destino de compilação pronto"GetFrameworkPaths" no projeto "IrmaDulce.Infrastructure.csproj".
     0>Reatribuição de propriedade: $(DefaultItemExcludes)=";**\node_modules\**;node_modules\**;**\jspm_packages\**;jspm_packages\**;**\bower_components\**;bower_components\**;bin\Debug\/**;obj\Debug\/**;bin\/**;obj\/**;**/*.user;**/*.*proj;**/*.sln;**/*.vssscc" (valor anterior: ";**\node_modules\**;node_modules\**;**\jspm_packages\**;jspm_packages\**;**\bower_components\**;bower_components\**;bin\Debug\/**;obj\Debug\/**;bin\/**;obj\/**;**/*.user;**/*.*proj;**/*.sln") em C:\Program Files\dotnet\sdk\8.0.415\Sdks\Microsoft.NET.Sdk\targets\Microsoft.NET.Sdk.DefaultItems.targets (35,5)
   2:7>Destino "_CheckForUnsupportedTargetFramework" ignorado devido à condição falsa; ('$(_UnsupportedTargetFrameworkError)' == 'true') foi avaliado como ('' == 'true').
       Destino "_CheckForUnsupportedTargetPlatformIdentifier" ignorado devido à condição falsa; ('$(TargetPlatformIdentifier)' != '' and '$(TargetFrameworkIdentifier)' == '.NETCoreApp' and $([MSBuild]::VersionGreaterThanOrEquals($(TargetFrameworkVersion), 5.0)) And ('$(DesignTimeBuild)' != 'true' Or '@(MissingWorkloadPack)' == '')) foi avaliado como ('' != '' and '.NETCoreApp' == '.NETCoreApp' and True And ('' != 'true' Or '' == '')).
   5:8>Destino "PrepareForBuild" no arquivo "C:\Program Files\dotnet\sdk\8.0.415\Microsoft.Common.CurrentVersion.targets" do projeto "C:\Projects\Irma Dulce\backend\src\IrmaDulce.Domain\IrmaDulce.Domain.csproj" (o destino "CoreBuild" depende dele):
   5:8>Usando a tarefa "FindAppConfigFile" do assembly "Microsoft.Build.Tasks.Core, Version=15.1.0.0, Culture=neutral, PublicKeyToken=b03f5f7f11d50a3a".
       Tarefa "FindAppConfigFile"
   2:7>Destino "_CheckForMissingWorkload" ignorado devido à condição falsa; ('@(MissingWorkloadPack)' != '' And '$(DesignTimeBuild)' != 'true') foi avaliado como ('' != '' And '' != 'true').
   2:7>Destino "GetReferenceAssemblyPaths" no arquivo "C:\Program Files\dotnet\sdk\8.0.415\Sdks\Microsoft.NET.Sdk\targets\Microsoft.NET.DisableStandardFrameworkResolution.targets" do projeto "C:\Projects\Irma Dulce\backend\src\IrmaDulce.Infrastructure\IrmaDulce.Infrastructure.csproj" (o destino "PrepareForBuild" depende dele):
   2:7>Destino de compilação pronto"GetReferenceAssemblyPaths" no projeto "IrmaDulce.Infrastructure.csproj".
       Destino "AssignLinkMetadata" ignorado devido à condição falsa; ( '$(SynthesizeLinkMetadata)' == 'true' ) foi avaliado como ( '' == 'true' ).
       Destino "_VerifyPackReleaseConfigurations" ignorado devido à condição falsa; ('$(_IsPacking)' == 'true' and '$(DOTNET_CLI_DISABLE_PUBLISH_AND_PACK_RELEASE)' != 'true' and '$(DOTNET_CLI_LAZY_PUBLISH_AND_PACK_RELEASE_FOR_SOLUTIONS)' == 'true') foi avaliado como ('' == 'true' and '' != 'true' and '' == 'true').
   5:8>Tarefa em execução pronta "FindAppConfigFile".
   2:7>Destino "PrepareForBuild" no arquivo "C:\Program Files\dotnet\sdk\8.0.415\Microsoft.Common.CurrentVersion.targets" do projeto "C:\Projects\Irma Dulce\backend\src\IrmaDulce.Infrastructure\IrmaDulce.Infrastructure.csproj" (o destino "CoreBuild" depende dele):
   2:7>Usando a tarefa "FindAppConfigFile" do assembly "Microsoft.Build.Tasks.Core, Version=15.1.0.0, Culture=neutral, PublicKeyToken=b03f5f7f11d50a3a".
       Tarefa "FindAppConfigFile"
   5:8>PrepareForBuild:
       Usando a tarefa "MakeDir" do assembly "Microsoft.Build.Tasks.Core, Version=15.1.0.0, Culture=neutral, PublicKeyToken=b03f5f7f11d50a3a".
       Tarefa "MakeDir"
   2:7>Tarefa em execução pronta "FindAppConfigFile".
       Usando a tarefa "MakeDir" do assembly "Microsoft.Build.Tasks.Core, Version=15.1.0.0, Culture=neutral, PublicKeyToken=b03f5f7f11d50a3a".
       Tarefa "MakeDir"
       Tarefa em execução pronta "MakeDir".
   2:7>Destino de compilação pronto"PrepareForBuild" no projeto "IrmaDulce.Infrastructure.csproj".
     0>Reatribuição de propriedade: $(DefaultItemExcludes)=";**\node_modules\**;node_modules\**;**\jspm_packages\**;jspm_packages\**;**\bower_components\**;bower_components\**;bin\Debug\/**;obj\Debug\/**;bin\/**;obj\/**;**/*.user;**/*.*proj;**/*.sln;**/*.vssscc;**/.DS_Store" (valor anterior: ";**\node_modules\**;node_modules\**;**\jspm_packages\**;jspm_packages\**;**\bower_components\**;bower_components\**;bin\Debug\/**;obj\Debug\/**;bin\/**;obj\/**;**/*.user;**/*.*proj;**/*.sln;**/*.vssscc") em C:\Program Files\dotnet\sdk\8.0.415\Sdks\Microsoft.NET.Sdk\targets\Microsoft.NET.Sdk.DefaultItems.targets (36,5)
       Reatribuição de propriedade: $(ResolveAssemblyReferencesDependsOn)="
             
             
             ResolveProjectReferences;
             FindInvalidProjectReferences;
             GetFrameworkPaths;
             GetReferenceAssemblyPaths;
             PrepareForBuild;
             ResolveSDKReferences;
             ExpandSDKReferences;
           ;
             ResolvePackageDependenciesForBuild;
             _HandlePackageFileConflicts;
           ;
             ResolveTargetingPackAssets;
           " (valor anterior: "
             
             ResolveProjectReferences;
             FindInvalidProjectReferences;
             GetFrameworkPaths;
             GetReferenceAssemblyPaths;
             PrepareForBuild;
             ResolveSDKReferences;
             ExpandSDKReferences;
           ;
             ResolvePackageDependenciesForBuild;
             _HandlePackageFileConflicts;
           ") em C:\Program Files\dotnet\sdk\8.0.415\Sdks\Microsoft.NET.Sdk\targets\Microsoft.NET.Sdk.FrameworkReferenceResolution.targets (14,5)
       Reatribuição de propriedade: $(_GenerateRuntimeConfigurationPropertyInputsCache)="C:\Projects\Irma Dulce\backend\src\IrmaDulce.API\obj\Debug\net8.0\IrmaDulce.API.genruntimeconfig.cache" (valor anterior: "obj\Debug\net8.0\IrmaDulce.API.genruntimeconfig.cache") em C:\Program Files\dotnet\sdk\8.0.415\Sdks\Microsoft.NET.Sdk\targets\Microsoft.NET.Sdk.targets (44,5)
       Reatribuição de propriedade: $(_GeneratePublishDependencyFilePropertyInputsCache)="C:\Projects\Irma Dulce\backend\src\IrmaDulce.API\obj\Debug\net8.0\IrmaDulce.API.genpublishdeps.cache" (valor anterior: "obj\Debug\net8.0\IrmaDulce.API.genpublishdeps.cache") em C:\Program Files\dotnet\sdk\8.0.415\Sdks\Microsoft.NET.Sdk\targets\Microsoft.NET.Sdk.targets (46,5)
       Reatribuição de propriedade: $(_GenerateSingleFileBundlePropertyInputsCache)="C:\Projects\Irma Dulce\backend\src\IrmaDulce.API\obj\Debug\net8.0\IrmaDulce.API.genbundle.cache" (valor anterior: "obj\Debug\net8.0\IrmaDulce.API.genbundle.cache") em C:\Program Files\dotnet\sdk\8.0.415\Sdks\Microsoft.NET.Sdk\targets\Microsoft.NET.Sdk.targets (48,5)
       Reatribuição de propriedade: $(GenerateRuntimeConfigDevFile)="false" (valor anterior: "true") em C:\Program Files\dotnet\sdk\8.0.415\Sdks\Microsoft.NET.Sdk\targets\Microsoft.NET.Sdk.targets (81,5)
       Reatribuição de propriedade: $(_DefaultUserProfileRuntimeStorePath)="C:\Users\lucas.bertin" (valor anterior: "") em C:\Program Files\dotnet\sdk\8.0.415\Sdks\Microsoft.NET.Sdk\targets\Microsoft.NET.Sdk.targets (97,5)
       Reatribuição de propriedade: $(_DefaultUserProfileRuntimeStorePath)="C:\Users\lucas.bertin\.dotnet\store" (valor anterior: "C:\Users\lucas.bertin") em C:\Program Files\dotnet\sdk\8.0.415\Sdks\Microsoft.NET.Sdk\targets\Microsoft.NET.Sdk.targets (98,5)
       Reatribuição de propriedade: $(AvailablePlatforms)="Any CPU,x86,x64,ARM32" (valor anterior: "Any CPU,x86,x64") em C:\Program Files\dotnet\sdk\8.0.415\Sdks\Microsoft.NET.Sdk\targets\Microsoft.NET.Sdk.targets (136,5)
       Reatribuição de propriedade: $(AvailablePlatforms)="Any CPU,x86,x64,ARM32,ARM64" (valor anterior: "Any CPU,x86,x64,ARM32") em C:\Program Files\dotnet\sdk\8.0.415\Sdks\Microsoft.NET.Sdk\targets\Microsoft.NET.Sdk.targets (140,5)
       Reatribuição de propriedade: $(CoreBuildDependsOn)="
             _CheckForBuildWithNoBuild;
             
             BuildOnlySettings;
             PrepareForBuild;
             PreBuildEvent;
             ResolveReferences;
             PrepareResources;
             ResolveKeySource;
             Compile;
             ExportWindowsMDFile;
             UnmanagedUnregistration;
             GenerateSerializationAssemblies;
             CreateSatelliteAssemblies;
             GenerateManifests;
             GetTargetPath;
             PrepareForRun;
             UnmanagedRegistration;
             IncrementalClean;
             PostBuildEvent
           ;
             GenerateBuildDependencyFile;
             GenerateBuildRuntimeConfigurationFiles
           " (valor anterior: "
             BuildOnlySettings;
             PrepareForBuild;
             PreBuildEvent;
             ResolveReferences;
             PrepareResources;
             ResolveKeySource;
             Compile;
             ExportWindowsMDFile;
             UnmanagedUnregistration;
             GenerateSerializationAssemblies;
             CreateSatelliteAssemblies;
             GenerateManifests;
             GetTargetPath;
             PrepareForRun;
             UnmanagedRegistration;
             IncrementalClean;
             PostBuildEvent
           ") em C:\Program Files\dotnet\sdk\8.0.415\Sdks\Microsoft.NET.Sdk\targets\Microsoft.NET.Sdk.targets (197,5)
       Reatribuição de propriedade: $(CoreCleanDependsOn)="
             _SdkBeforeClean;
             
           " (valor anterior: "") em C:\Program Files\dotnet\sdk\8.0.415\Sdks\Microsoft.NET.Sdk\targets\Microsoft.NET.Sdk.targets (206,5)
       Reatribuição de propriedade: $(RebuildDependsOn)="
             _SdkBeforeRebuild;
             
             BeforeRebuild;
             Clean;
             Build;
             AfterRebuild;
           
           " (valor anterior: "
             BeforeRebuild;
             Clean;
             Build;
             AfterRebuild;
           ") em C:\Program Files\dotnet\sdk\8.0.415\Sdks\Microsoft.NET.Sdk\targets\Microsoft.NET.Sdk.targets (213,5)
       Reatribuição de propriedade: $(CompileDependsOn)="
             
             ResolveReferences;
             ResolveKeySource;
             SetWin32ManifestProperties;
             _SetPreferNativeArm64Win32ManifestProperties;
             FindReferenceAssembliesForReferences;
             _GenerateCompileInputs;
             BeforeCompile;
             _TimeStampBeforeCompile;
             _GenerateCompileDependencyCache;
             CoreCompile;
             _TimeStampAfterCompile;
             AfterCompile;
           ;
             _CreateAppHost;
             _CreateComHost;
             _GetIjwHostPaths;
           " (valor anterior: "
             ResolveReferences;
             ResolveKeySource;
             SetWin32ManifestProperties;
             _SetPreferNativeArm64Win32ManifestProperties;
             FindReferenceAssembliesForReferences;
             _GenerateCompileInputs;
             BeforeCompile;
             _TimeStampBeforeCompile;
             _GenerateCompileDependencyCache;
             CoreCompile;
             _TimeStampAfterCompile;
             AfterCompile;
           ") em C:\Program Files\dotnet\sdk\8.0.415\Sdks\Microsoft.NET.Sdk\targets\Microsoft.NET.Sdk.targets (679,5)
       Reatribuição de propriedade: $(CreateSatelliteAssembliesDependsOn)="
             
             ;
             _GenerateSatelliteAssemblyInputs;
             ComputeIntermediateSatelliteAssemblies;
             GenerateSatelliteAssemblies
           ;
             CoreGenerateSatelliteAssemblies
           " (valor anterior: "
             ;
             _GenerateSatelliteAssemblyInputs;
             ComputeIntermediateSatelliteAssemblies;
             GenerateSatelliteAssemblies
           ") em C:\Program Files\dotnet\sdk\8.0.415\Sdks\Microsoft.NET.Sdk\targets\Microsoft.NET.Sdk.targets (1065,5)
       Reatribuição de propriedade: $(SourceLinkUrlInitializerTargets)=";_InitializeGitHubSourceLinkUrl;_InitializeGitLabSourceLinkUrl" (valor anterior: ";_InitializeGitHubSourceLinkUrl") em C:\Program Files\dotnet\sdk\8.0.415\Sdks\Microsoft.SourceLink.GitLab\build\Microsoft.SourceLink.GitLab.targets (12,5)
       Reatribuição de propriedade: $(SourceControlManagerUrlTranslationTargets)=";TranslateGitHubUrlsInSourceControlInformation;TranslateGitLabUrlsInSourceControlInformation" (valor anterior: ";TranslateGitHubUrlsInSourceControlInformation") em C:\Program Files\dotnet\sdk\8.0.415\Sdks\Microsoft.SourceLink.GitLab\build\Microsoft.SourceLink.GitLab.targets (13,5)
       Reatribuição de propriedade: $(SourceLinkUrlInitializerTargets)=";_InitializeGitHubSourceLinkUrl;_InitializeGitLabSourceLinkUrl;_InitializeAzureReposGitSourceLinkUrl" (valor anterior: ";_InitializeGitHubSourceLinkUrl;_InitializeGitLabSourceLinkUrl") em C:\Program Files\dotnet\sdk\8.0.415\Sdks\Microsoft.SourceLink.AzureRepos.Git\build\Microsoft.SourceLink.AzureRepos.Git.targets (12,5)
   5:8>Tarefa em execução pronta "MakeDir".
   5:8>Destino de compilação pronto"PrepareForBuild" no projeto "IrmaDulce.Domain.csproj".
     0>Reatribuição de propriedade: $(SourceControlManagerUrlTranslationTargets)=";TranslateGitHubUrlsInSourceControlInformation;TranslateGitLabUrlsInSourceControlInformation;TranslateAzureReposGitUrlsInSourceControlInformation" (valor anterior: ";TranslateGitHubUrlsInSourceControlInformation;TranslateGitLabUrlsInSourceControlInformation") em C:\Program Files\dotnet\sdk\8.0.415\Sdks\Microsoft.SourceLink.AzureRepos.Git\build\Microsoft.SourceLink.AzureRepos.Git.targets (13,5)
   1:2>O projeto "C:\Projects\Irma Dulce\backend\IrmaDulce.sln" (1:2) está compilando "C:\Projects\Irma Dulce\backend\src\IrmaDulce.Application\IrmaDulce.Application.csproj" (3:8) no nó 4 (destinos padrão).
   3:8>Destino "_CheckForUnsupportedTargetFramework" ignorado devido à condição falsa; ('$(_UnsupportedTargetFrameworkError)' == 'true') foi avaliado como ('' == 'true').
   2:7>Destino "GenerateGlobalUsings" no arquivo "C:\Program Files\dotnet\sdk\8.0.415\Sdks\Microsoft.NET.Sdk\targets\Microsoft.NET.GenerateGlobalUsings.targets" do projeto "C:\Projects\Irma Dulce\backend\src\IrmaDulce.Infrastructure\IrmaDulce.Infrastructure.csproj" (o destino "CoreBuild" depende dele):
   2:7>Usando a tarefa "GenerateGlobalUsings" do assembly "C:\Program Files\dotnet\sdk\8.0.415\Sdks\Microsoft.NET.Sdk\targets\..\tools\net8.0\Microsoft.NET.Build.Tasks.dll".
   5:8>Destino "GenerateGlobalUsings" no arquivo "C:\Program Files\dotnet\sdk\8.0.415\Sdks\Microsoft.NET.Sdk\targets\Microsoft.NET.GenerateGlobalUsings.targets" do projeto "C:\Projects\Irma Dulce\backend\src\IrmaDulce.Domain\IrmaDulce.Domain.csproj" (o destino "CoreBuild" depende dele):
   5:8>Usando a tarefa "GenerateGlobalUsings" do assembly "C:\Program Files\dotnet\sdk\8.0.415\Sdks\Microsoft.NET.Sdk\targets\..\tools\net8.0\Microsoft.NET.Build.Tasks.dll".
       Tarefa "GenerateGlobalUsings"
   3:8>Destino "_CollectTargetFrameworkForTelemetry" no arquivo "C:\Program Files\dotnet\sdk\8.0.415\Sdks\Microsoft.NET.Sdk\targets\Microsoft.NET.TargetFrameworkInference.targets" do projeto "C:\Projects\Irma Dulce\backend\src\IrmaDulce.Application\IrmaDulce.Application.csproj" (o destino "_CheckForInvalidConfigurationAndPlatform" depende dele):
   3:8>Usando a tarefa "AllowEmptyTelemetry" do assembly "C:\Program Files\dotnet\sdk\8.0.415\Sdks\Microsoft.NET.Sdk\targets\..\tools\net8.0\Microsoft.NET.Build.Tasks.dll".
       Tarefa "AllowEmptyTelemetry"
     0>Reatribuição de propriedade: $(SourceLinkUrlInitializerTargets)=";_InitializeGitHubSourceLinkUrl;_InitializeGitLabSourceLinkUrl;_InitializeAzureReposGitSourceLinkUrl;_InitializeBitbucketGitSourceLinkUrl" (valor anterior: ";_InitializeGitHubSourceLinkUrl;_InitializeGitLabSourceLinkUrl;_InitializeAzureReposGitSourceLinkUrl") em C:\Program Files\dotnet\sdk\8.0.415\Sdks\Microsoft.SourceLink.Bitbucket.Git\build\Microsoft.SourceLink.Bitbucket.Git.targets (12,5)
       Reatribuição de propriedade: $(SourceControlManagerUrlTranslationTargets)=";TranslateGitHubUrlsInSourceControlInformation;TranslateGitLabUrlsInSourceControlInformation;TranslateAzureReposGitUrlsInSourceControlInformation;TranslateBitbucketGitUrlsInSourceControlInformation" (valor anterior: ";TranslateGitHubUrlsInSourceControlInformation;TranslateGitLabUrlsInSourceControlInformation;TranslateAzureReposGitUrlsInSourceControlInformation") em C:\Program Files\dotnet\sdk\8.0.415\Sdks\Microsoft.SourceLink.Bitbucket.Git\build\Microsoft.SourceLink.Bitbucket.Git.targets (13,5)
   3:8>Tarefa em execução pronta "AllowEmptyTelemetry".
   3:8>Destino de compilação pronto"_CollectTargetFrameworkForTelemetry" no projeto "IrmaDulce.Application.csproj".
     0>Reatribuição de propriedade: $(DesignerRuntimeImplementationProjectOutputGroupDependsOn)="
      
      ;
      
      ;
      BuildOnlySettings;
      PrepareForBuild;
      AssignTargetPaths;
      ResolveReferences
    
    ;
      _GenerateDesignerDepsFile;
      _GenerateDesignerRuntimeConfigFile;
      GetCopyToOutputDirectoryItems;
      _GatherDesignerShadowCopyFiles;
    " (valor anterior: "
      ;
      
      ;
      BuildOnlySettings;
      PrepareForBuild;
      AssignTargetPaths;
      ResolveReferences
    
    ") em C:\Program Files\dotnet\sdk\8.0.415\Sdks\Microsoft.NET.Sdk\targets\Microsoft.NET.DesignerSupport.targets (21,5)
   3:8>Destino "_CheckForUnsupportedTargetPlatformIdentifier" ignorado devido à condição falsa; ('$(TargetPlatformIdentifier)' != '' and '$(TargetFrameworkIdentifier)' == '.NETCoreApp' and $([MSBuild]::VersionGreaterThanOrEquals($(TargetFrameworkVersion), 5.0)) And ('$(DesignTimeBuild)' != 'true' Or '@(MissingWorkloadPack)' == '')) foi avaliado como ('' != '' and '.NETCoreApp' == '.NETCoreApp' and True And ('' != 'true' Or '' == '')).
       Destino "_CheckForMissingWorkload" ignorado devido à condição falsa; ('@(MissingWorkloadPack)' != '' And '$(DesignTimeBuild)' != 'true') foi avaliado como ('' != '' And '' != 'true').
   3:8>Destino "_CheckForUnsupportedNETCoreVersion" no arquivo "C:\Program Files\dotnet\sdk\8.0.415\Sdks\Microsoft.NET.Sdk\targets\Microsoft.NET.TargetFrameworkInference.targets" do projeto "C:\Projects\Irma Dulce\backend\src\IrmaDulce.Application\IrmaDulce.Application.csproj" (o destino "_CheckForInvalidConfigurationAndPlatform" depende dele):
       A tarefa "NETSdkError" foi ignorada devido a condição falsa; ('$(_TargetFrameworkVersionWithoutV)' > '$(NETCoreAppMaximumVersion)' and '$(DisplayVSMessage)' != 'true') foi avaliado como ('8.0' > '8.0' and '' != 'true').
       A tarefa "NETSdkError" foi ignorada devido a condição falsa; ('$(DisplayVSMessage)' == 'true') foi avaliado como ('' == 'true').
   2:7>Tarefa "GenerateGlobalUsings"
     0>Reatribuição de propriedade: $(_GenerateToolsSettingsFileCacheFile)="C:\Projects\Irma Dulce\backend\src\IrmaDulce.API\obj\Debug\net8.0\IrmaDulce.API.toolssettingsinput.cache" (valor anterior: "obj\Debug\net8.0\IrmaDulce.API.toolssettingsinput.cache") em C:\Program Files\dotnet\sdk\8.0.415\Sdks\Microsoft.NET.Sdk\targets\Microsoft.NET.PackTool.targets (68,5)
       Reatribuição de propriedade: $(_ShimInputCacheFile)="C:\Projects\Irma Dulce\backend\src\IrmaDulce.API\obj\Debug\net8.0\IrmaDulce.API.shiminput.cache" (valor anterior: "obj\Debug\net8.0\IrmaDulce.API.shiminput.cache") em C:\Program Files\dotnet\sdk\8.0.415\Sdks\Microsoft.NET.Sdk\targets\Microsoft.NET.PackTool.targets (137,5)
   3:8>Destino de compilação pronto"_CheckForUnsupportedNETCoreVersion" no projeto "IrmaDulce.Application.csproj".
   2:7>Tarefa em execução pronta "GenerateGlobalUsings".
   3:8>Destino "_CheckForEolTargetFrameworks" ignorado devido à condição falsa; ('@(_EolNetCoreTargetFrameworkVersions->AnyHaveMetadataValue('Identity', '$(_TargetFrameworkVersionWithoutV)'))' and '$(TargetFrameworkIdentifier)' == '.NETCoreApp' and '$(CheckEolTargetFramework)' == 'true') foi avaliado como ('false' and '.NETCoreApp' == '.NETCoreApp' and '' == 'true').
       Destino "_CheckForEolWorkloads" ignorado devido à condição falsa; ('@(EolWorkload)' != '' and '$(CheckEolWorkloads)' == 'true') foi avaliado como ('' != '' and 'true' == 'true').
   3:8>Destino "_CheckForUnsupportedCppNETCoreVersion" no arquivo "C:\Program Files\dotnet\sdk\8.0.415\Sdks\Microsoft.NET.Sdk\targets\Microsoft.NET.TargetFrameworkInference.targets" do projeto "C:\Projects\Irma Dulce\backend\src\IrmaDulce.Application\IrmaDulce.Application.csproj" (o destino "_CheckForInvalidConfigurationAndPlatform" depende dele):
       A tarefa "NETSdkError" foi ignorada devido a condição falsa; ('$(TargetFrameworkIdentifier)' == '.NETCoreApp' and '$(_TargetFrameworkVersionWithoutV)' < '3.1' and ('$(Language)' == 'C++' and '$(_EnablePackageReferencesInVCProjects)' != 'true')) foi avaliado como ('.NETCoreApp' == '.NETCoreApp' and '8.0' < '3.1' and ('C#' == 'C++' and '' != 'true')).
   3:8>Destino de compilação pronto"_CheckForUnsupportedCppNETCoreVersion" no projeto "IrmaDulce.Application.csproj".
       Destino "_CheckForUnsupportedNETStandardVersion" ignorado devido à condição falsa; ('$(TargetFrameworkIdentifier)' == '.NETStandard' And '$(NETStandardMaximumVersion)' != '') foi avaliado como ('.NETCoreApp' == '.NETStandard' And '' != '').
       Destino "_CheckForUnsupportedTargetFrameworkAndFeatureCombination" ignorado devido à condição falsa; ('$(TargetFrameworkIdentifier)' == '.NETFramework') foi avaliado como ('.NETCoreApp' == '.NETFramework').
       Destino "_CheckForSupportedOSPlatformVersionHigherThanTargetPlatformVersion" ignorado devido à condição falsa; ('$(TargetPlatformVersion)' != '' and '$(TargetFrameworkIdentifier)' == '.NETCoreApp' and $([MSBuild]::VersionGreaterThanOrEquals($(TargetFrameworkVersion), 5.0))) foi avaliado como ('' != '' and '.NETCoreApp' == '.NETCoreApp' and True).
     0>Reatribuição de propriedade: $(_ShimCreatedSentinelFile)="C:\Projects\Irma Dulce\backend\src\IrmaDulce.API\obj\Debug\net8.0\IrmaDulce.API.shimcreated.sentinel" (valor anterior: "obj\Debug\net8.0\IrmaDulce.API.shimcreated.sentinel") em C:\Program Files\dotnet\sdk\8.0.415\Sdks\Microsoft.NET.Sdk\targets\Microsoft.NET.PackTool.targets (139,5)
   2:7>GenerateGlobalUsings:
       Usando a tarefa "WriteLinesToFile" do assembly "Microsoft.Build.Tasks.Core, Version=15.1.0.0, Culture=neutral, PublicKeyToken=b03f5f7f11d50a3a".
   3:8>Destino "_CheckForInvalidTargetPlatformVersion" ignorado devido à condição falsa; ('$(TargetPlatformVersion)' != '' and '$(TargetFrameworkIdentifier)' == '.NETCoreApp' and $([MSBuild]::VersionGreaterThanOrEquals($(TargetFrameworkVersion), 5.0)) and ('$(Language)' != 'C++' or '$(_EnablePackageReferencesInVCProjects)' == 'true')) foi avaliado como ('' != '' and '.NETCoreApp' == '.NETCoreApp' and True and ('C#' != 'C++' or '' == 'true')).
   2:7>Tarefa "WriteLinesToFile"
     0>Reatribuição de propriedade: $(DefineConstants)="TRACE;DEBUG" (valor anterior: "TRACE") em C:\Program Files\dotnet\sdk\8.0.415\Sdks\Microsoft.NET.Sdk\targets\Microsoft.NET.Sdk.CSharp.targets (31,5)
   2:7>GenerateGlobalUsings:
         Ignorando a gravação no arquivo "obj\Debug\net8.0\IrmaDulce.Infrastructure.GlobalUsings.g.cs" porque o conteúdo não seria alterado.
       Tarefa em execução pronta "WriteLinesToFile".
   2:7>Destino de compilação pronto"GenerateGlobalUsings" no projeto "IrmaDulce.Infrastructure.csproj".
       Destino "PreBuildEvent" ignorado devido à condição falsa; ('$(PreBuildEvent)'!='') foi avaliado como (''!='').
   2:7>Destino "BeforeResolveReferences" no arquivo "C:\Program Files\dotnet\sdk\8.0.415\Microsoft.Common.CurrentVersion.targets" do projeto "C:\Projects\Irma Dulce\backend\src\IrmaDulce.Infrastructure\IrmaDulce.Infrastructure.csproj" (o destino "ResolveReferences" depende dele):
   2:7>Destino de compilação pronto"BeforeResolveReferences" no projeto "IrmaDulce.Infrastructure.csproj".
   2:7>Destino "IgnoreJavaScriptOutputAssembly" no arquivo "C:\Program Files\dotnet\sdk\8.0.415\Microsoft.Common.CurrentVersion.targets" do projeto "C:\Projects\Irma Dulce\backend\src\IrmaDulce.Infrastructure\IrmaDulce.Infrastructure.csproj" (o destino "AssignProjectConfiguration" depende dele):
   2:7>Destino de compilação pronto"IgnoreJavaScriptOutputAssembly" no projeto "IrmaDulce.Infrastructure.csproj".
       Destino "ProcessFrameworkReferences" ignorado. Compilado anteriormente com êxito.
   2:7>Destino "_DefaultMicrosoftNETPlatformLibrary" no arquivo "C:\Program Files\dotnet\sdk\8.0.415\Sdks\Microsoft.NET.Sdk\targets\Microsoft.NET.Sdk.Shared.targets" do projeto "C:\Projects\Irma Dulce\backend\src\IrmaDulce.Infrastructure\IrmaDulce.Infrastructure.csproj" (o destino "ResolvePackageAssets" depende dele):
   2:7>Destino de compilação pronto"_DefaultMicrosoftNETPlatformLibrary" no projeto "IrmaDulce.Infrastructure.csproj".
   2:7>Destino "_ComputePackageReferencePublish" no arquivo "C:\Program Files\dotnet\sdk\8.0.415\Sdks\Microsoft.NET.Sdk\targets\Microsoft.NET.Sdk.Shared.targets" do projeto "C:\Projects\Irma Dulce\backend\src\IrmaDulce.Infrastructure\IrmaDulce.Infrastructure.csproj" (o destino "ResolvePackageAssets" depende dele):
   2:7>Destino de compilação pronto"_ComputePackageReferencePublish" no projeto "IrmaDulce.Infrastructure.csproj".
       Destino "_ResolveCompilerVersion" ignorado devido à condição falsa; ('$(CompilerApiVersion)' == '' And
                            ('$(Language)' == 'C#' Or '$(Language)' == 'VB') And
                            Exists('$(RoslynTargetsPath)\Microsoft.Build.Tasks.CodeAnalysis.dll')) foi avaliado como ('roslyn4.11' == '' And
                            ('C#' == 'C#' Or 'C#' == 'VB') And
                            Exists('C:\Program Files\dotnet\sdk\8.0.415\Roslyn\Microsoft.Build.Tasks.CodeAnalysis.dll')).
   2:7>Destino "ResolvePackageAssets" no arquivo "C:\Program Files\dotnet\sdk\8.0.415\Sdks\Microsoft.NET.Sdk\targets\Microsoft.PackageDependencyResolution.targets" do projeto "C:\Projects\Irma Dulce\backend\src\IrmaDulce.Infrastructure\IrmaDulce.Infrastructure.csproj" (o destino "ResolveLockFileReferences" depende dele):
       Usando a tarefa "ResolvePackageAssets" do assembly "C:\Program Files\dotnet\sdk\8.0.415\Sdks\Microsoft.NET.Sdk\targets\..\tools\net8.0\Microsoft.NET.Build.Tasks.dll".
       Tarefa "ResolvePackageAssets"
       Tarefa em execução pronta "ResolvePackageAssets".
   2:7>Destino de compilação pronto"ResolvePackageAssets" no projeto "IrmaDulce.Infrastructure.csproj".
       Destino "AdjustDefaultPlatformTargetForNetFrameworkExeWithNoNativeCopyLocalItems" ignorado devido à condição falsa; ('$(_UsingDefaultPlatformTarget)' == 'true' and
                            '$(_UsingDefaultRuntimeIdentifier)' == 'true') foi avaliado como ('true' == 'true' and
                            '' == 'true').
       Destino "_CheckForTransitiveWindowsDesktopDependencies" ignorado devido à condição falsa; ('$(TargetFrameworkIdentifier)' == '.NETCoreApp' and $([MSBuild]::VersionGreaterThanOrEquals($(_TargetFrameworkVersionWithoutV), '5.0')) and '$(TargetPlatformIdentifier)' != 'Windows' and '@(TransitiveFrameworkReference)' != '') foi avaliado como ('.NETCoreApp' == '.NETCoreApp' and True and '' != 'Windows' and '' != '').
       Destino "AddTransitiveFrameworkReferences" ignorado devido à condição falsa; ('@(TransitiveFrameworkReference)' != '') foi avaliado como ('' != '').
   2:7>Destino "ResolveLockFileReferences" no arquivo "C:\Program Files\dotnet\sdk\8.0.415\Sdks\Microsoft.NET.Sdk\targets\Microsoft.PackageDependencyResolution.targets" do projeto "C:\Projects\Irma Dulce\backend\src\IrmaDulce.Infrastructure\IrmaDulce.Infrastructure.csproj" (o destino "ResolvePackageDependenciesForBuild" depende dele):
       Usando a tarefa "JoinItems" do assembly "C:\Program Files\dotnet\sdk\8.0.415\Sdks\Microsoft.NET.Sdk\targets\..\tools\net8.0\Microsoft.NET.Build.Tasks.dll".
       Tarefa "JoinItems"
       Tarefa em execução pronta "JoinItems".
   2:7>Destino de compilação pronto"ResolveLockFileReferences" no projeto "IrmaDulce.Infrastructure.csproj".
       Destino "ResolvePackageAssets" ignorado. Compilado anteriormente com êxito.
   5:8>Tarefa em execução pronta "GenerateGlobalUsings".
   2:7>Destino "ResolveLockFileAnalyzers" no arquivo "C:\Program Files\dotnet\sdk\8.0.415\Sdks\Microsoft.NET.Sdk\targets\Microsoft.PackageDependencyResolution.targets" do projeto "C:\Projects\Irma Dulce\backend\src\IrmaDulce.Infrastructure\IrmaDulce.Infrastructure.csproj" (o destino "ResolvePackageDependenciesForBuild" depende dele):
   2:7>Destino de compilação pronto"ResolveLockFileAnalyzers" no projeto "IrmaDulce.Infrastructure.csproj".
       Destino "ResolvePackageAssets" ignorado. Compilado anteriormente com êxito.
       Destino "RunProduceContentAssets" ignorado devido à condição falsa; ('@(_ContentFilesToPreprocess)' != '' and '$(_CleaningWithoutRebuilding)' != 'true') foi avaliado como ('' != '' and '' != 'true').
   2:7>Destino "ResolveLockFileCopyLocalFiles" no arquivo "C:\Program Files\dotnet\sdk\8.0.415\Sdks\Microsoft.NET.Sdk\targets\Microsoft.PackageDependencyResolution.targets" do projeto "C:\Projects\Irma Dulce\backend\src\IrmaDulce.Infrastructure\IrmaDulce.Infrastructure.csproj" (o destino "ResolvePackageDependenciesForBuild" depende dele):
   2:7>Destino de compilação pronto"ResolveLockFileCopyLocalFiles" no projeto "IrmaDulce.Infrastructure.csproj".
       Destino "ResolveRuntimePackAssets" ignorado devido à condição falsa; ('@(RuntimePack)' != '') foi avaliado como ('' != '').
       Destino "RunProduceContentAssets" ignorado devido à condição falsa; ('@(_ContentFilesToPreprocess)' != '' and '$(_CleaningWithoutRebuilding)' != 'true') foi avaliado como ('' != '' and '' != 'true').
       Destino "ResolvePackageAssets" ignorado. Compilado anteriormente com êxito.
   2:7>Destino "IncludeTransitiveProjectReferences" no arquivo "C:\Program Files\dotnet\sdk\8.0.415\Sdks\Microsoft.NET.Sdk\targets\Microsoft.PackageDependencyResolution.targets" do projeto "C:\Projects\Irma Dulce\backend\src\IrmaDulce.Infrastructure\IrmaDulce.Infrastructure.csproj" (o destino "ResolvePackageDependenciesForBuild" depende dele):
   2:7>Destino de compilação pronto"IncludeTransitiveProjectReferences" no projeto "IrmaDulce.Infrastructure.csproj".
   5:8>GenerateGlobalUsings:
       Usando a tarefa "WriteLinesToFile" do assembly "Microsoft.Build.Tasks.Core, Version=15.1.0.0, Culture=neutral, PublicKeyToken=b03f5f7f11d50a3a".
       Tarefa "WriteLinesToFile"
   2:7>Destino "ResolvePackageDependenciesForBuild" no arquivo "C:\Program Files\dotnet\sdk\8.0.415\Sdks\Microsoft.NET.Sdk\targets\Microsoft.PackageDependencyResolution.targets" do projeto "C:\Projects\Irma Dulce\backend\src\IrmaDulce.Infrastructure\IrmaDulce.Infrastructure.csproj" (o destino "AssignProjectConfiguration" depende dele):
   2:7>Destino de compilação pronto"ResolvePackageDependenciesForBuild" no projeto "IrmaDulce.Infrastructure.csproj".
       Destino "_Microsoft_Extensions_OptionsAnalyzerMultiTargeting" ignorado devido à condição falsa; ('$(SupportsRoslynComponentVersioning)' != 'true') foi avaliado como ('true' != 'true').
       Destino "_Microsoft_Extensions_OptionsRemoveAnalyzers" ignorado devido à condição falsa; ('$(DisableMicrosoftExtensionsOptionsSourceGenerator)' == 'true') foi avaliado como ('' == 'true').
       Destino "_Microsoft_Extensions_Logging_AbstractionsAnalyzerMultiTargeting" ignorado devido à condição falsa; ('$(SupportsRoslynComponentVersioning)' != 'true') foi avaliado como ('true' != 'true').
       Destino "_Microsoft_Extensions_Logging_AbstractionsRemoveAnalyzers" ignorado devido à condição falsa; ('$(DisableMicrosoftExtensionsLoggingSourceGenerator)' == 'true') foi avaliado como ('' == 'true').
   2:7>Destino "AssignProjectConfiguration" no arquivo "C:\Program Files\dotnet\sdk\8.0.415\Microsoft.Common.CurrentVersion.targets" do projeto "C:\Projects\Irma Dulce\backend\src\IrmaDulce.Infrastructure\IrmaDulce.Infrastructure.csproj" (o destino "ResolveReferences" depende dele):
       Usando a tarefa "AssignProjectConfiguration" do assembly "Microsoft.Build.Tasks.Core, Version=15.1.0.0, Culture=neutral, PublicKeyToken=b03f5f7f11d50a3a".
       Tarefa "AssignProjectConfiguration"
         A referência de projeto "..\IrmaDulce.Domain\IrmaDulce.Domain.csproj" foi atribuída à configuração "Debug|AnyCPU".
         A referência de projeto "..\IrmaDulce.Application\IrmaDulce.Application.csproj" foi atribuída à configuração "Debug|AnyCPU".
       Tarefa em execução pronta "AssignProjectConfiguration".
   2:7>Destino de compilação pronto"AssignProjectConfiguration" no projeto "IrmaDulce.Infrastructure.csproj".
       Destino "AssignProjectConfiguration" ignorado. Compilado anteriormente com êxito.
   2:7>Destino "_SplitProjectReferencesByFileExistence" no arquivo "C:\Program Files\dotnet\sdk\8.0.415\Microsoft.Common.CurrentVersion.targets" do projeto "C:\Projects\Irma Dulce\backend\src\IrmaDulce.Infrastructure\IrmaDulce.Infrastructure.csproj" (o destino "PrepareProjectReferences" depende dele):
       A tarefa "ResolveNonMSBuildProjectOutput" foi ignorada devido a condição falsa; ('$(BuildingInsideVisualStudio)'=='true' and '@(ProjectReferenceWithConfiguration)'!='') foi avaliado como (''=='true' and '..\IrmaDulce.Domain\IrmaDulce.Domain.csproj;..\IrmaDulce.Application\IrmaDulce.Application.csproj'!='').
   2:7>Destino de compilação pronto"_SplitProjectReferencesByFileExistence" no projeto "IrmaDulce.Infrastructure.csproj".
   2:7>Destino "_AddOutputPathToGlobalPropertiesToRemove" no arquivo "C:\Program Files\dotnet\sdk\8.0.415\Microsoft.Common.CurrentVersion.targets" do projeto "C:\Projects\Irma Dulce\backend\src\IrmaDulce.Infrastructure\IrmaDulce.Infrastructure.csproj" (o destino "_GetProjectReferenceTargetFrameworkProperties" depende dele):
   2:7>Destino de compilação pronto"_AddOutputPathToGlobalPropertiesToRemove" no projeto "IrmaDulce.Infrastructure.csproj".
     0>Reatribuição de propriedade: $(DefineConstants)="TRACE;DEBUG;NET;NET8_0;NETCOREAPP" (valor anterior: "TRACE;DEBUG") em C:\Program Files\dotnet\sdk\8.0.415\Sdks\Microsoft.NET.Sdk\targets\Microsoft.NET.Sdk.CSharp.targets (34,5)
   5:8>GenerateGlobalUsings:
         Ignorando a gravação no arquivo "obj\Debug\net8.0\IrmaDulce.Domain.GlobalUsings.g.cs" porque o conteúdo não seria alterado.
       Tarefa em execução pronta "WriteLinesToFile".
   5:8>Destino de compilação pronto"GenerateGlobalUsings" no projeto "IrmaDulce.Domain.csproj".
       Destino "PreBuildEvent" ignorado devido à condição falsa; ('$(PreBuildEvent)'!='') foi avaliado como (''!='').
   2:7>Destino "_GetProjectReferenceTargetFrameworkProperties" no arquivo "C:\Program Files\dotnet\sdk\8.0.415\Microsoft.Common.CurrentVersion.targets" do projeto "C:\Projects\Irma Dulce\backend\src\IrmaDulce.Infrastructure\IrmaDulce.Infrastructure.csproj" (o destino "PrepareProjectReferences" depende dele):
   2:7>Tarefa "MSBuild"
   5:8>Destino "BeforeResolveReferences" no arquivo "C:\Program Files\dotnet\sdk\8.0.415\Microsoft.Common.CurrentVersion.targets" do projeto "C:\Projects\Irma Dulce\backend\src\IrmaDulce.Domain\IrmaDulce.Domain.csproj" (o destino "ResolveReferences" depende dele):
   5:8>Destino de compilação pronto"BeforeResolveReferences" no projeto "IrmaDulce.Domain.csproj".
   2:7>_GetProjectReferenceTargetFrameworkProperties:
         Propriedades globais:
   5:8>Destino "IgnoreJavaScriptOutputAssembly" no arquivo "C:\Program Files\dotnet\sdk\8.0.415\Microsoft.Common.CurrentVersion.targets" do projeto "C:\Projects\Irma Dulce\backend\src\IrmaDulce.Domain\IrmaDulce.Domain.csproj" (o destino "AssignProjectConfiguration" depende dele):
   5:8>Destino de compilação pronto"IgnoreJavaScriptOutputAssembly" no projeto "IrmaDulce.Domain.csproj".
       Destino "ProcessFrameworkReferences" ignorado. Compilado anteriormente com êxito.
   2:7>_GetProjectReferenceTargetFrameworkProperties:
           Configuration=Debug
   5:8>Destino "_DefaultMicrosoftNETPlatformLibrary" no arquivo "C:\Program Files\dotnet\sdk\8.0.415\Sdks\Microsoft.NET.Sdk\targets\Microsoft.NET.Sdk.Shared.targets" do projeto "C:\Projects\Irma Dulce\backend\src\IrmaDulce.Domain\IrmaDulce.Domain.csproj" (o destino "ResolvePackageAssets" depende dele):
   5:8>Destino de compilação pronto"_DefaultMicrosoftNETPlatformLibrary" no projeto "IrmaDulce.Domain.csproj".
   2:7>_GetProjectReferenceTargetFrameworkProperties:
           Platform=AnyCPU
   5:8>Destino "_ComputePackageReferencePublish" no arquivo "C:\Program Files\dotnet\sdk\8.0.415\Sdks\Microsoft.NET.Sdk\targets\Microsoft.NET.Sdk.Shared.targets" do projeto "C:\Projects\Irma Dulce\backend\src\IrmaDulce.Domain\IrmaDulce.Domain.csproj" (o destino "ResolvePackageAssets" depende dele):
   5:8>Destino de compilação pronto"_ComputePackageReferencePublish" no projeto "IrmaDulce.Domain.csproj".
       Destino "_ResolveCompilerVersion" ignorado devido à condição falsa; ('$(CompilerApiVersion)' == '' And
                            ('$(Language)' == 'C#' Or '$(Language)' == 'VB') And
                            Exists('$(RoslynTargetsPath)\Microsoft.Build.Tasks.CodeAnalysis.dll')) foi avaliado como ('roslyn4.11' == '' And
                            ('C#' == 'C#' Or 'C#' == 'VB') And
                            Exists('C:\Program Files\dotnet\sdk\8.0.415\Roslyn\Microsoft.Build.Tasks.CodeAnalysis.dll')).
   2:7>_GetProjectReferenceTargetFrameworkProperties:
         Removendo Propriedades:
           TargetFramework
           RuntimeIdentifier
           SelfContained
   5:8>Destino "ResolvePackageAssets" no arquivo "C:\Program Files\dotnet\sdk\8.0.415\Sdks\Microsoft.NET.Sdk\targets\Microsoft.PackageDependencyResolution.targets" do projeto "C:\Projects\Irma Dulce\backend\src\IrmaDulce.Domain\IrmaDulce.Domain.csproj" (o destino "ResolveLockFileReferences" depende dele):
   5:8>Usando a tarefa "ResolvePackageAssets" do assembly "C:\Program Files\dotnet\sdk\8.0.415\Sdks\Microsoft.NET.Sdk\targets\..\tools\net8.0\Microsoft.NET.Build.Tasks.dll".
       Tarefa "ResolvePackageAssets"
       Tarefa em execução pronta "ResolvePackageAssets".
   5:8>Destino de compilação pronto"ResolvePackageAssets" no projeto "IrmaDulce.Domain.csproj".
       Destino "AdjustDefaultPlatformTargetForNetFrameworkExeWithNoNativeCopyLocalItems" ignorado devido à condição falsa; ('$(_UsingDefaultPlatformTarget)' == 'true' and
                            '$(_UsingDefaultRuntimeIdentifier)' == 'true') foi avaliado como ('true' == 'true' and
                            '' == 'true').
   3:8>Destino "_CheckForUnsupportedArtifactsPath" no arquivo "C:\Program Files\dotnet\sdk\8.0.415\Sdks\Microsoft.NET.Sdk\targets\Microsoft.NET.DefaultOutputPaths.targets" do projeto "C:\Projects\Irma Dulce\backend\src\IrmaDulce.Application\IrmaDulce.Application.csproj" (o destino "_CheckForInvalidConfigurationAndPlatform" depende dele):
   3:8>A tarefa "NetSdkError" foi ignorada devido a condição falsa; ('$(UseArtifactsOutput)' == 'true' and '$(_ArtifactsPathSetEarly)' != 'true') foi avaliado como ('' == 'true' and '' != 'true').
   5:8>Destino "_CheckForTransitiveWindowsDesktopDependencies" ignorado devido à condição falsa; ('$(TargetFrameworkIdentifier)' == '.NETCoreApp' and $([MSBuild]::VersionGreaterThanOrEquals($(_TargetFrameworkVersionWithoutV), '5.0')) and '$(TargetPlatformIdentifier)' != 'Windows' and '@(TransitiveFrameworkReference)' != '') foi avaliado como ('.NETCoreApp' == '.NETCoreApp' and True and '' != 'Windows' and '' != '').
       Destino "AddTransitiveFrameworkReferences" ignorado devido à condição falsa; ('@(TransitiveFrameworkReference)' != '') foi avaliado como ('' != '').
     0>Reatribuição de propriedade: $(WarningsAsErrors)=";NU1605;SYSLIB0011" (valor anterior: ";NU1605") em C:\Program Files\dotnet\sdk\8.0.415\Sdks\Microsoft.NET.Sdk\targets\Microsoft.NET.Sdk.CSharp.targets (48,5)
   3:8>_CheckForUnsupportedArtifactsPath:
       A tarefa "NetSdkError" foi ignorada devido a condição falsa; ('$(_ArtifactsPathLocationType)' == 'ProjectFolder') foi avaliado como ('' == 'ProjectFolder').
   5:8>Destino "ResolveLockFileReferences" no arquivo "C:\Program Files\dotnet\sdk\8.0.415\Sdks\Microsoft.NET.Sdk\targets\Microsoft.PackageDependencyResolution.targets" do projeto "C:\Projects\Irma Dulce\backend\src\IrmaDulce.Domain\IrmaDulce.Domain.csproj" (o destino "ResolvePackageDependenciesForBuild" depende dele):
   5:8>Usando a tarefa "JoinItems" do assembly "C:\Program Files\dotnet\sdk\8.0.415\Sdks\Microsoft.NET.Sdk\targets\..\tools\net8.0\Microsoft.NET.Build.Tasks.dll".
       Tarefa "JoinItems"
   3:8>Destino de compilação pronto"_CheckForUnsupportedArtifactsPath" no projeto "IrmaDulce.Application.csproj".
     0>Reatribuição de propriedade: $(PackageDescription)="Package Description" (valor anterior: "") em C:\Program Files\dotnet\sdk\8.0.415\Sdks\NuGet.Build.Tasks.Pack\build\NuGet.Build.Tasks.Pack.targets (34,5)
   5:8>Tarefa em execução pronta "JoinItems".
     0>Reatribuição de propriedade: $(GenerateNuspecDependsOn)="Build;_LoadPackInputItems; _GetTargetFrameworksOutput; _WalkEachTargetPerFramework; _GetPackageFiles; " (valor anterior: "_LoadPackInputItems; _GetTargetFrameworksOutput; _WalkEachTargetPerFramework; _GetPackageFiles; ") em C:\Program Files\dotnet\sdk\8.0.415\Sdks\NuGet.Build.Tasks.Pack\build\NuGet.Build.Tasks.Pack.targets (59,5)
   5:8>Destino de compilação pronto"ResolveLockFileReferences" no projeto "IrmaDulce.Domain.csproj".
       Destino "ResolvePackageAssets" ignorado. Compilado anteriormente com êxito.
   5:8>Destino "ResolveLockFileAnalyzers" no arquivo "C:\Program Files\dotnet\sdk\8.0.415\Sdks\Microsoft.NET.Sdk\targets\Microsoft.PackageDependencyResolution.targets" do projeto "C:\Projects\Irma Dulce\backend\src\IrmaDulce.Domain\IrmaDulce.Domain.csproj" (o destino "ResolvePackageDependenciesForBuild" depende dele):
   5:8>Destino de compilação pronto"ResolveLockFileAnalyzers" no projeto "IrmaDulce.Domain.csproj".
     0>Reatribuição de propriedade: $(_IsNotSetContainersTargetsDir)="true" (valor anterior: "false") em C:\Program Files\dotnet\sdk\8.0.415\Sdks\Microsoft.NET.Sdk\Sdk\Sdk.targets (59,5)
   5:8>Destino "ResolvePackageAssets" ignorado. Compilado anteriormente com êxito.
       Destino "RunProduceContentAssets" ignorado devido à condição falsa; ('@(_ContentFilesToPreprocess)' != '' and '$(_CleaningWithoutRebuilding)' != 'true') foi avaliado como ('' != '' and '' != 'true').
     0>Reatribuição de propriedade: $(_IsSDKContainerAllowedVersion)="true" (valor anterior: "false") em C:\Program Files\dotnet\sdk\8.0.415\Containers\build\Microsoft.NET.Build.Containers.targets (5,5)
   5:8>Destino "ResolveLockFileCopyLocalFiles" no arquivo "C:\Program Files\dotnet\sdk\8.0.415\Sdks\Microsoft.NET.Sdk\targets\Microsoft.PackageDependencyResolution.targets" do projeto "C:\Projects\Irma Dulce\backend\src\IrmaDulce.Domain\IrmaDulce.Domain.csproj" (o destino "ResolvePackageDependenciesForBuild" depende dele):
   5:8>Destino de compilação pronto"ResolveLockFileCopyLocalFiles" no projeto "IrmaDulce.Domain.csproj".
       Destino "ResolveRuntimePackAssets" ignorado devido à condição falsa; ('@(RuntimePack)' != '') foi avaliado como ('' != '').
       Destino "RunProduceContentAssets" ignorado devido à condição falsa; ('@(_ContentFilesToPreprocess)' != '' and '$(_CleaningWithoutRebuilding)' != 'true') foi avaliado como ('' != '' and '' != 'true').
       Destino "ResolvePackageAssets" ignorado. Compilado anteriormente com êxito.
   5:8>Destino "IncludeTransitiveProjectReferences" no arquivo "C:\Program Files\dotnet\sdk\8.0.415\Sdks\Microsoft.NET.Sdk\targets\Microsoft.PackageDependencyResolution.targets" do projeto "C:\Projects\Irma Dulce\backend\src\IrmaDulce.Domain\IrmaDulce.Domain.csproj" (o destino "ResolvePackageDependenciesForBuild" depende dele):
   5:8>Destino de compilação pronto"IncludeTransitiveProjectReferences" no projeto "IrmaDulce.Domain.csproj".
   5:8>Destino "ResolvePackageDependenciesForBuild" no arquivo "C:\Program Files\dotnet\sdk\8.0.415\Sdks\Microsoft.NET.Sdk\targets\Microsoft.PackageDependencyResolution.targets" do projeto "C:\Projects\Irma Dulce\backend\src\IrmaDulce.Domain\IrmaDulce.Domain.csproj" (o destino "AssignProjectConfiguration" depende dele):
   5:8>Destino de compilação pronto"ResolvePackageDependenciesForBuild" no projeto "IrmaDulce.Domain.csproj".
   3:8>Destino "_CheckForMissingWorkload" ignorado devido à condição falsa; ('@(MissingWorkloadPack)' != '' And '$(DesignTimeBuild)' != 'true') foi avaliado como ('' != '' And '' != 'true').
     0>Reatribuição de propriedade: $(_ContainerIsTargetingNet8TFM)="true" (valor anterior: "false") em C:\Program Files\dotnet\sdk\8.0.415\Containers\build\Microsoft.NET.Build.Containers.targets (15,5)
   5:8>Destino "AssignProjectConfiguration" no arquivo "C:\Program Files\dotnet\sdk\8.0.415\Microsoft.Common.CurrentVersion.targets" do projeto "C:\Projects\Irma Dulce\backend\src\IrmaDulce.Domain\IrmaDulce.Domain.csproj" (o destino "ResolveReferences" depende dele):
   5:8>Usando a tarefa "AssignProjectConfiguration" do assembly "Microsoft.Build.Tasks.Core, Version=15.1.0.0, Culture=neutral, PublicKeyToken=b03f5f7f11d50a3a".
       Tarefa "AssignProjectConfiguration"
     0>Imóvel 'DOTNET_HOST_PATH' com valor 'C:\Program Files\dotnet\dotnet.exe' expandido do ambiente.
   3:8>Destino "_CheckForUnsupportedAppHostUsage" ignorado devido à condição falsa; ('$(TargetFrameworkIdentifier)' == '.NETCoreApp' and '$(HasRuntimeOutput)' == 'true') foi avaliado como ('.NETCoreApp' == '.NETCoreApp' and '' == 'true').
     0>Reatribuição de propriedade: $(PrepareForRunDependsOn)="StaticWebAssetsPrepareForRun;
      CopyFilesToOutputDirectory
    " (valor anterior: "
      CopyFilesToOutputDirectory
    ") em C:\Program Files\dotnet\sdk\8.0.415\Sdks\Microsoft.NET.Sdk.StaticWebAssets\targets\Microsoft.NET.Sdk.StaticWebAssets.targets (255,5)
   5:8>Tarefa em execução pronta "AssignProjectConfiguration".
   5:8>Destino de compilação pronto"AssignProjectConfiguration" no projeto "IrmaDulce.Domain.csproj".
       Destino "AssignProjectConfiguration" ignorado. Compilado anteriormente com êxito.
     0>Reatribuição de propriedade: $(GetCopyToOutputDirectoryItemsDependsOn)="
      AssignTargetPaths;
      
      AssignProjectConfiguration;
      _SplitProjectReferencesByFileExistence
    ;
      _GetProjectReferenceTargetFrameworkProperties;
      _PopulateCommonStateForGetCopyToOutputDirectoryItems
    ;AddStaticWebAssetsManifest" (valor anterior: "
      AssignTargetPaths;
      
      AssignProjectConfiguration;
      _SplitProjectReferencesByFileExistence
    ;
      _GetProjectReferenceTargetFrameworkProperties;
      _PopulateCommonStateForGetCopyToOutputDirectoryItems
    ") em C:\Program Files\dotnet\sdk\8.0.415\Sdks\Microsoft.NET.Sdk.StaticWebAssets\targets\Microsoft.NET.Sdk.StaticWebAssets.targets (266,5)
   5:8>Destino "_SplitProjectReferencesByFileExistence" no arquivo "C:\Program Files\dotnet\sdk\8.0.415\Microsoft.Common.CurrentVersion.targets" do projeto "C:\Projects\Irma Dulce\backend\src\IrmaDulce.Domain\IrmaDulce.Domain.csproj" (o destino "PrepareProjectReferences" depende dele):
   5:8>A tarefa "ResolveNonMSBuildProjectOutput" foi ignorada devido a condição falsa; ('$(BuildingInsideVisualStudio)'=='true' and '@(ProjectReferenceWithConfiguration)'!='') foi avaliado como (''=='true' and ''!='').
   5:8>Destino de compilação pronto"_SplitProjectReferencesByFileExistence" no projeto "IrmaDulce.Domain.csproj".
   5:8>Destino "_AddOutputPathToGlobalPropertiesToRemove" no arquivo "C:\Program Files\dotnet\sdk\8.0.415\Microsoft.Common.CurrentVersion.targets" do projeto "C:\Projects\Irma Dulce\backend\src\IrmaDulce.Domain\IrmaDulce.Domain.csproj" (o destino "_GetProjectReferenceTargetFrameworkProperties" depende dele):
   5:8>Destino de compilação pronto"_AddOutputPathToGlobalPropertiesToRemove" no projeto "IrmaDulce.Domain.csproj".
     0>Reatribuição de propriedade: $(GenerateNuspecDependsOn)="
      IncludeStaticWebAssetsPackItems;
      Build;_LoadPackInputItems; _GetTargetFrameworksOutput; _WalkEachTargetPerFramework; _GetPackageFiles; ;
    " (valor anterior: "Build;_LoadPackInputItems; _GetTargetFrameworksOutput; _WalkEachTargetPerFramework; _GetPackageFiles; ") em C:\Program Files\dotnet\sdk\8.0.415\Sdks\Microsoft.NET.Sdk.StaticWebAssets\targets\Microsoft.NET.Sdk.StaticWebAssets.Pack.targets (41,5)
   5:8>Destino "_GetProjectReferenceTargetFrameworkProperties" no arquivo "C:\Program Files\dotnet\sdk\8.0.415\Microsoft.Common.CurrentVersion.targets" do projeto "C:\Projects\Irma Dulce\backend\src\IrmaDulce.Domain\IrmaDulce.Domain.csproj" (o destino "PrepareProjectReferences" depende dele):
   5:8>Tarefa "MSBuild"
     0>Reatribuição de propriedade: $(IncludeStaticWebAssetsPackItemsDependsOn)="
      Build;
      ResolveStaticWebAssetsConfiguration;LoadStaticWebAssetsBuildManifest
    ;
    " (valor anterior: "
      ResolveStaticWebAssetsConfiguration;LoadStaticWebAssetsBuildManifest
    ") em C:\Program Files\dotnet\sdk\8.0.415\Sdks\Microsoft.NET.Sdk.StaticWebAssets\targets\Microsoft.NET.Sdk.StaticWebAssets.Pack.targets (50,5)
   5:8>Tarefa em execução pronta "MSBuild".
       A tarefa "MSBuild" foi ignorada devido a condição falsa; ('%(_MSBuildProjectReferenceExistent.SkipGetTargetFrameworkProperties)' != 'true' and '$(EnableDynamicPlatformResolution)' == 'true') foi avaliado como ('' != 'true' and '' == 'true').
     0>Reatribuição de propriedade: $(ResolveStaticWebAssetsInputsDependsOn)="
    UpdateExistingPackageStaticWebAssets;ResolveProjectStaticWebAssets;ResolveEmbeddedProjectsStaticWebAssets;ResolveReferencedProjectsStaticWebAssets;;
    UpdateLegacyPackageScopedCssBundles;
    _AddScopedCssBundles;
  " (valor anterior: "UpdateExistingPackageStaticWebAssets;ResolveProjectStaticWebAssets;ResolveEmbeddedProjectsStaticWebAssets;ResolveReferencedProjectsStaticWebAssets;") em C:\Program Files\dotnet\sdk\8.0.415\Sdks\Microsoft.NET.Sdk.StaticWebAssets\targets\Microsoft.NET.Sdk.StaticWebAssets.ScopedCss.targets (55,3)
       Reatribuição de propriedade: $(GenerateComputedBuildStaticWebAssetsDependsOn)="
           ;
           _ResolveBundlingConfiguration;
           _GenerateScopedCssFiles;
           BundleScopedCssFiles;
         " (valor anterior: "") em C:\Program Files\dotnet\sdk\8.0.415\Sdks\Microsoft.NET.Sdk.StaticWebAssets\targets\Microsoft.NET.Sdk.StaticWebAssets.ScopedCss.targets (61,3)
       Reatribuição de propriedade: $(ResolveStaticWebAssetsInputsDependsOn)="
             
           UpdateExistingPackageStaticWebAssets;ResolveProjectStaticWebAssets;ResolveEmbeddedProjectsStaticWebAssets;ResolveReferencedProjectsStaticWebAssets;;
           UpdateLegacyPackageScopedCssBundles;
           _AddScopedCssBundles;
         ;
             _AddJsModulesToStaticWebAssets;
           " (valor anterior: "
           UpdateExistingPackageStaticWebAssets;ResolveProjectStaticWebAssets;ResolveEmbeddedProjectsStaticWebAssets;ResolveReferencedProjectsStaticWebAssets;;
           UpdateLegacyPackageScopedCssBundles;
           _AddScopedCssBundles;
         ") em C:\Program Files\dotnet\sdk\8.0.415\Sdks\Microsoft.NET.Sdk.StaticWebAssets\targets\Microsoft.NET.Sdk.StaticWebAssets.JSModules.targets (36,5)
       Reatribuição de propriedade: $(StaticWebAssetsPrepareForRunDependsOn)="
             ;GenerateStaticWebAssetsManifest;GenerateComputedBuildStaticWebAssets;CopyStaticWebAssetsToOutputDirectory;
             _GenerateBuildJsModuleManifest;
           " (valor anterior: ";GenerateStaticWebAssetsManifest;GenerateComputedBuildStaticWebAssets;CopyStaticWebAssetsToOutputDirectory") em C:\Program Files\dotnet\sdk\8.0.415\Sdks\Microsoft.NET.Sdk.StaticWebAssets\targets\Microsoft.NET.Sdk.StaticWebAssets.JSModules.targets (44,5)
       Reatribuição de propriedade: $(StaticWebAssetsPrepareForPublishDependsOn)="
             ;ResolveStaticWebAssetsConfiguration;GenerateStaticWebAssetsPublishManifest;GenerateComputedPublishStaticWebAssets;
             _GeneratePublishJsModuleManifest;
           " (valor anterior: ";ResolveStaticWebAssetsConfiguration;GenerateStaticWebAssetsPublishManifest;GenerateComputedPublishStaticWebAssets") em C:\Program Files\dotnet\sdk\8.0.415\Sdks\Microsoft.NET.Sdk.StaticWebAssets\targets\Microsoft.NET.Sdk.StaticWebAssets.JSModules.targets (49,5)
       Reatribuição de propriedade: $(ResolveStaticWebAssetsInputsDependsOn)="
             
             
           UpdateExistingPackageStaticWebAssets;ResolveProjectStaticWebAssets;ResolveEmbeddedProjectsStaticWebAssets;ResolveReferencedProjectsStaticWebAssets;;
           UpdateLegacyPackageScopedCssBundles;
           _AddScopedCssBundles;
         ;
             _AddJsModulesToStaticWebAssets;
           ;
             _AddBuildJsModuleManifest;
           " (valor anterior: "
             
           UpdateExistingPackageStaticWebAssets;ResolveProjectStaticWebAssets;ResolveEmbeddedProjectsStaticWebAssets;ResolveReferencedProjectsStaticWebAssets;;
           UpdateLegacyPackageScopedCssBundles;
           _AddScopedCssBundles;
         ;
             _AddJsModulesToStaticWebAssets;
           ") em C:\Program Files\dotnet\sdk\8.0.415\Sdks\Microsoft.NET.Sdk.StaticWebAssets\targets\Microsoft.NET.Sdk.StaticWebAssets.JSModules.targets (54,5)
       Reatribuição de propriedade: $(ResolvePublishStaticWebAssetsDependsOn)="
             LoadStaticWebAssetsBuildManifest;ComputeReferencedProjectsEmbeddedPublishAssets;ComputeReferencedProjectsPublishAssets;;
             _AddPublishJsModuleManifest
           " (valor anterior: "LoadStaticWebAssetsBuildManifest;ComputeReferencedProjectsEmbeddedPublishAssets;ComputeReferencedProjectsPublishAssets;") em C:\Program Files\dotnet\sdk\8.0.415\Sdks\Microsoft.NET.Sdk.StaticWebAssets\targets\Microsoft.NET.Sdk.StaticWebAssets.JSModules.targets (59,5)
   3:8>Destino "_CheckForUnsupportedHostingUsage" no arquivo "C:\Program Files\dotnet\sdk\8.0.415\Sdks\Microsoft.NET.Sdk\targets\Microsoft.NET.RuntimeIdentifierInference.targets" do projeto "C:\Projects\Irma Dulce\backend\src\IrmaDulce.Application\IrmaDulce.Application.csproj" (o destino "_CheckForInvalidConfigurationAndPlatform" depende dele):
   3:8>A tarefa "NETSdkWarning" foi ignorada devido a condição falsa; ('$(SelfContained)' == 'true' and '$(EnableComHosting)' == 'true') foi avaliado como ('' == 'true' and '' == 'true').
     0>Reatribuição de propriedade: $(GenerateComputedBuildStaticWebAssetsDependsOn)="
      
    ;
    _ResolveBundlingConfiguration;
    _GenerateScopedCssFiles;
    BundleScopedCssFiles;
  ;
      _CompressFiles;
    " (valor anterior: "
    ;
    _ResolveBundlingConfiguration;
    _GenerateScopedCssFiles;
    BundleScopedCssFiles;
  ") em C:\Program Files\dotnet\sdk\8.0.415\Sdks\Microsoft.NET.Sdk.StaticWebAssets\targets\Microsoft.NET.Sdk.StaticWebAssets.Compression.targets (35,5)
   3:8>Destino de compilação pronto"_CheckForUnsupportedHostingUsage" no projeto "IrmaDulce.Application.csproj".
     0>Reatribuição de propriedade: $(GenerateComputedPublishStaticWebAssetsDependsOn)="
      ;
      _CompressFilesForPublish;
    " (valor anterior: "") em C:\Program Files\dotnet\sdk\8.0.415\Sdks\Microsoft.NET.Sdk.StaticWebAssets\targets\Microsoft.NET.Sdk.StaticWebAssets.Compression.targets (39,5)
   3:8>Destino "_CheckAndUnsetUnsupportedPrefer32Bit" no arquivo "C:\Program Files\dotnet\sdk\8.0.415\Sdks\Microsoft.NET.Sdk\targets\Microsoft.NET.RuntimeIdentifierInference.targets" do projeto "C:\Projects\Irma Dulce\backend\src\IrmaDulce.Application\IrmaDulce.Application.csproj" (o destino "_CheckForInvalidConfigurationAndPlatform" depende dele):
   3:8>A tarefa "NETSdkWarning" foi ignorada devido a condição falsa; ('$(Prefer32Bit)' == 'true') foi avaliado como ('false' == 'true').
     0>Reatribuição de propriedade: $(StaticWebAssetsPrepareForPublishDependsOn)="
      
      ;ResolveStaticWebAssetsConfiguration;GenerateStaticWebAssetsPublishManifest;GenerateComputedPublishStaticWebAssets;
      _GeneratePublishJsModuleManifest;
    ;
      _CompressFilesForPublish;
    " (valor anterior: "
      ;ResolveStaticWebAssetsConfiguration;GenerateStaticWebAssetsPublishManifest;GenerateComputedPublishStaticWebAssets;
      _GeneratePublishJsModuleManifest;
    ") em C:\Program Files\dotnet\sdk\8.0.415\Sdks\Microsoft.NET.Sdk.StaticWebAssets\targets\Microsoft.NET.Sdk.StaticWebAssets.Compression.targets (43,5)
   3:8>Destino de compilação pronto"_CheckAndUnsetUnsupportedPrefer32Bit" no projeto "IrmaDulce.Application.csproj".
     0>Reatribuição de propriedade: $(ResolveStaticWebAssetsInputsDependsOn)="
      
      
      
    UpdateExistingPackageStaticWebAssets;ResolveProjectStaticWebAssets;ResolveEmbeddedProjectsStaticWebAssets;ResolveReferencedProjectsStaticWebAssets;;
    UpdateLegacyPackageScopedCssBundles;
    _AddScopedCssBundles;
  ;
      _AddJsModulesToStaticWebAssets;
    ;
      _AddBuildJsModuleManifest;
    ;
      _ResolveCompressedFiles;
    " (valor anterior: "
      
      
    UpdateExistingPackageStaticWebAssets;ResolveProjectStaticWebAssets;ResolveEmbeddedProjectsStaticWebAssets;ResolveReferencedProjectsStaticWebAssets;;
    UpdateLegacyPackageScopedCssBundles;
    _AddScopedCssBundles;
  ;
      _AddJsModulesToStaticWebAssets;
    ;
      _AddBuildJsModuleManifest;
    ") em C:\Program Files\dotnet\sdk\8.0.415\Sdks\Microsoft.NET.Sdk.StaticWebAssets\targets\Microsoft.NET.Sdk.StaticWebAssets.Compression.targets (47,5)
   3:8>Destino "_CheckForMismatchingPlatform" ignorado devido à condição falsa; ('$(RuntimeIdentifier)' != '' and '$(PlatformTarget)' != '') foi avaliado como ('' != '' and '' != '').
     0>Reatribuição de propriedade: $(ResolvePublishStaticWebAssetsDependsOn)="
      
      LoadStaticWebAssetsBuildManifest;ComputeReferencedProjectsEmbeddedPublishAssets;ComputeReferencedProjectsPublishAssets;;
      _AddPublishJsModuleManifest
    ;
      _ResolveCompressedFilesForPublish;
    " (valor anterior: "
      LoadStaticWebAssetsBuildManifest;ComputeReferencedProjectsEmbeddedPublishAssets;ComputeReferencedProjectsPublishAssets;;
      _AddPublishJsModuleManifest
    ") em C:\Program Files\dotnet\sdk\8.0.415\Sdks\Microsoft.NET.Sdk.StaticWebAssets\targets\Microsoft.NET.Sdk.StaticWebAssets.Compression.targets (51,5)
       Reatribuição de propriedade: $(ResolveScopedCssOutputsDependsOn)="
             
           ;
         ;
             ResolveCssScopes;
           " (valor anterior: "
           ;
         ") em C:\Program Files\dotnet\sdk\8.0.415\Sdks\Microsoft.NET.Sdk.Razor\targets\Sdk.Razor.CurrentVersion.targets (188,5)
   3:8>Destino "_CheckForLanguageAndFeatureCombinationSupport" no arquivo "C:\Program Files\dotnet\sdk\8.0.415\Sdks\Microsoft.NET.Sdk\targets\Microsoft.NET.RuntimeIdentifierInference.targets" do projeto "C:\Projects\Irma Dulce\backend\src\IrmaDulce.Application\IrmaDulce.Application.csproj" (o destino "_CheckForInvalidConfigurationAndPlatform" depende dele):
   3:8>A tarefa "NETSdkError" foi ignorada devido a condição falsa; (('$(Language)' == 'C++' and '$(_EnablePackageReferencesInVCProjects)' != 'true') and $(OutputType) != 'library' and '$(TargetFrameworkIdentifier)' == '.NETCoreApp') foi avaliado como (('C#' == 'C++' and '' != 'true') and Library != 'library' and '.NETCoreApp' == '.NETCoreApp').
     0>Reatribuição de propriedade: $(DebugSymbolsProjectOutputGroupDependsOn)="
      ;
      _RazorAddDebugSymbolsProjectOutputGroupOutput
    " (valor anterior: "") em C:\Program Files\dotnet\sdk\8.0.415\Sdks\Microsoft.NET.Sdk.Razor\targets\Sdk.Razor.CurrentVersion.targets (193,5)
   3:8>_CheckForLanguageAndFeatureCombinationSupport:
       A tarefa "NETSdkError" foi ignorada devido a condição falsa; (('$(Language)' == 'C++' and '$(_EnablePackageReferencesInVCProjects)' != 'true') and $(EnableComHosting) == 'true') foi avaliado como (('C#' == 'C++' and '' != 'true') and  == 'true').
     0>Reatribuição de propriedade: $(PrepareForBuildDependsOn)="
      ;GetFrameworkPaths;GetReferenceAssemblyPaths;AssignLinkMetadata;
      ResolveRazorGenerateInputs
    " (valor anterior: ";GetFrameworkPaths;GetReferenceAssemblyPaths;AssignLinkMetadata") em C:\Program Files\dotnet\sdk\8.0.415\Sdks\Microsoft.NET.Sdk.Razor\targets\Sdk.Razor.CurrentVersion.targets (198,5)
   3:8>_CheckForLanguageAndFeatureCombinationSupport:
       A tarefa "NETSdkError" foi ignorada devido a condição falsa; (('$(Language)' == 'C++' and '$(_EnablePackageReferencesInVCProjects)' != 'true') and $(SelfContained) == 'true') foi avaliado como (('C#' == 'C++' and '' != 'true') and  == 'true').
     0>Reatribuição de propriedade: $(GenerateNuspecDependsOn)="
      ResolveRazorGenerateInputs;
      
      IncludeStaticWebAssetsPackItems;
      Build;_LoadPackInputItems; _GetTargetFrameworksOutput; _WalkEachTargetPerFramework; _GetPackageFiles; ;
    
    " (valor anterior: "
      IncludeStaticWebAssetsPackItems;
      Build;_LoadPackInputItems; _GetTargetFrameworksOutput; _WalkEachTargetPerFramework; _GetPackageFiles; ;
    ") em C:\Program Files\dotnet\sdk\8.0.415\Sdks\Microsoft.NET.Sdk.Razor\targets\Sdk.Razor.CurrentVersion.targets (203,5)
   3:8>Destino de compilação pronto"_CheckForLanguageAndFeatureCombinationSupport" no projeto "IrmaDulce.Application.csproj".
     0>Reatribuição de propriedade: $(PrepareForRunDependsOn)="
      _RazorPrepareForRun;
      StaticWebAssetsPrepareForRun;
      CopyFilesToOutputDirectory
    
    " (valor anterior: "StaticWebAssetsPrepareForRun;
      CopyFilesToOutputDirectory
    ") em C:\Program Files\dotnet\sdk\8.0.415\Sdks\Microsoft.NET.Sdk.Razor\targets\Sdk.Razor.CurrentVersion.targets (208,5)
   3:8>Destino "_CheckForNETCoreSdkIsPreview" ignorado devido à condição falsa; ( '$(_NETCoreSdkIsPreview)' == 'true' AND '$(SuppressNETCoreSdkPreviewMessage)' != 'true' ) foi avaliado como ( 'false' == 'true' AND '' != 'true' ).
     0>Reatribuição de propriedade: $(UseRazorBuildServer)="true" (valor anterior: "") em C:\Program Files\dotnet\sdk\8.0.415\Sdks\Microsoft.NET.Sdk.Razor\targets\Sdk.Razor.CurrentVersion.targets (299,5)
       Reatribuição de propriedade: $(_RazorDebugSymbolsProduced)="true" (valor anterior: "false") em C:\Program Files\dotnet\sdk\8.0.415\Sdks\Microsoft.NET.Sdk.Razor\targets\Sdk.Razor.CurrentVersion.targets (305,5)
   3:8>Destino "_GetProjectJsonPath" no arquivo "C:\Program Files\dotnet\sdk\8.0.415\NuGet.targets" do projeto "C:\Projects\Irma Dulce\backend\src\IrmaDulce.Application\IrmaDulce.Application.csproj" (o destino "_GetRestoreProjectStyle" depende dele):
   3:8>A tarefa "GetRestoreProjectJsonPathTask" foi ignorada devido a condição falsa; ( '$(RestoreProjectStyle)' == 'ProjectJson' OR '$(RestoreProjectStyle)' == '' ) foi avaliado como ( 'PackageReference' == 'ProjectJson' OR 'PackageReference' == '' ).
     0>Reatribuição de propriedade: $(GenerateRazorTargetAssemblyInfoDependsOn)="
      _ResolveMvcAssemblyAttributes;
      
      GetRazorTargetAssemblyAttributes;
      _CreateRazorTargetAssemblyInfoInputsCacheFile;
      CoreGenerateRazorTargetAssemblyInfo
    
    " (valor anterior: "
      GetRazorTargetAssemblyAttributes;
      _CreateRazorTargetAssemblyInfoInputsCacheFile;
      CoreGenerateRazorTargetAssemblyInfo
    ") em C:\Program Files\dotnet\sdk\8.0.415\Sdks\Microsoft.NET.Sdk.Razor\targets\Microsoft.NET.Sdk.Razor.GenerateAssemblyInfo.targets (36,5)
   3:8>Destino de compilação pronto"_GetProjectJsonPath" no projeto "IrmaDulce.Application.csproj".
     0>Reatribuição de propriedade: $(CoreCompileDependsOn)="
      ;_ComputeNonExistentFileProperty;ResolveCodeAnalysisRuleSet;
      _GenerateRazorAssemblyInfo
    " (valor anterior: ";_ComputeNonExistentFileProperty;ResolveCodeAnalysisRuleSet") em C:\Program Files\dotnet\sdk\8.0.415\Sdks\Microsoft.NET.Sdk.Razor\targets\Microsoft.NET.Sdk.Razor.GenerateAssemblyInfo.targets (181,5)
   3:8>Destino "_CheckForUnsupportedTargetPlatformIdentifier" ignorado devido à condição falsa; ('$(TargetPlatformIdentifier)' != '' and '$(TargetFrameworkIdentifier)' == '.NETCoreApp' and $([MSBuild]::VersionGreaterThanOrEquals($(TargetFrameworkVersion), 5.0)) And ('$(DesignTimeBuild)' != 'true' Or '@(MissingWorkloadPack)' == '')) foi avaliado como ('' != '' and '.NETCoreApp' == '.NETCoreApp' and True And ('' != 'true' Or '' == '')).
     0>Reatribuição de propriedade: $(_GenerateRazorAssemblyInfoDependsOn)="
      _ResolveMvcAssemblyAttributes;
      RazorGetAssemblyAttributes;PrepareForBuild;_CoreGenerateRazorAssemblyInfo;
    " (valor anterior: "RazorGetAssemblyAttributes;PrepareForBuild;_CoreGenerateRazorAssemblyInfo") em C:\Program Files\dotnet\sdk\8.0.415\Sdks\Microsoft.NET.Sdk.Razor\targets\Microsoft.NET.Sdk.Razor.GenerateAssemblyInfo.targets (189,5)
   3:8>Destino "_CheckForMissingWorkload" ignorado devido à condição falsa; ('@(MissingWorkloadPack)' != '' And '$(DesignTimeBuild)' != 'true') foi avaliado como ('' != '' And '' != 'true').
     0>Reatribuição de propriedade: $(CoreCompileDependsOn)="
      _DiscoverMvcApplicationParts;
      
      ;_ComputeNonExistentFileProperty;ResolveCodeAnalysisRuleSet;
      _GenerateRazorAssemblyInfo
    ;
    " (valor anterior: "
      ;_ComputeNonExistentFileProperty;ResolveCodeAnalysisRuleSet;
      _GenerateRazorAssemblyInfo
    ") em C:\Program Files\dotnet\sdk\8.0.415\Sdks\Microsoft.NET.Sdk.Razor\targets\Microsoft.NET.Sdk.Razor.MvcApplicationPartsDiscovery.targets (22,5)
   3:8>Destino "_CheckForUnsupportedNETStandardVersion" ignorado devido à condição falsa; ('$(TargetFrameworkIdentifier)' == '.NETStandard' And '$(NETStandardMaximumVersion)' != '') foi avaliado como ('.NETCoreApp' == '.NETStandard' And '' != '').
     0>Reatribuição de propriedade: $(RazorDesignTimeTargets)="C:\Program Files\dotnet\sdk\8.0.415\Sdks\Microsoft.NET.Sdk.Razor\targets\Microsoft.NET.Sdk.Razor.DesignTime.targets" (valor anterior: "C:\Program Files\dotnet\sdk\8.0.415\\Microsoft\VisualStudio\Razor\Microsoft.NET.Sdk.Razor.DesignTime.targets") em C:\Program Files\dotnet\sdk\8.0.415\Sdks\Microsoft.NET.Sdk.Razor\targets\Sdk.Razor.CurrentVersion.targets (779,5)
   3:8>Destino "_CheckForUnsupportedTargetFrameworkAndFeatureCombination" ignorado devido à condição falsa; ('$(TargetFrameworkIdentifier)' == '.NETFramework') foi avaliado como ('.NETCoreApp' == '.NETFramework').
     0>Reatribuição de propriedade: $(RunWorkingDirectory)="C:\Projects\Irma Dulce\backend\src\IrmaDulce.API" (valor anterior: "") em C:\Program Files\dotnet\sdk\8.0.415\Sdks\Microsoft.NET.Sdk.Web.ProjectSystem\targets\Microsoft.NET.Sdk.Web.ProjectSystem.targets (21,5)
       Reatribuição de propriedade: $(PublishProfileImported)="true" (valor anterior: "false") em C:\Program Files\dotnet\sdk\8.0.415\Sdks\Microsoft.NET.Sdk.Publish\targets\Microsoft.NET.Sdk.Publish.targets (60,5)
   3:8>Destino "UpdateAspNetToFrameworkReference" no arquivo "C:\Program Files\dotnet\sdk\8.0.415\Sdks\Microsoft.NET.Sdk\targets\Microsoft.NET.Sdk.DefaultItems.Shared.targets" do projeto "C:\Projects\Irma Dulce\backend\src\IrmaDulce.Application\IrmaDulce.Application.csproj" (o destino "ApplyImplicitVersions" depende dele):
   3:8>Usando a tarefa "CheckIfPackageReferenceShouldBeFrameworkReference" do assembly "C:\Program Files\dotnet\sdk\8.0.415\Sdks\Microsoft.NET.Sdk\targets\..\tools\net8.0\Microsoft.NET.Build.Tasks.dll".
     0>Reatribuição de propriedade: $(PublishConfiguration)="Debug" (valor anterior: "") em C:\Program Files\dotnet\sdk\8.0.415\Sdks\Microsoft.NET.Sdk.Publish\targets\Microsoft.NET.Sdk.Publish.targets (81,5)
   3:8>Tarefa "CheckIfPackageReferenceShouldBeFrameworkReference"
       Tarefa em execução pronta "CheckIfPackageReferenceShouldBeFrameworkReference".
     0>Reatribuição de propriedade: $(BaseIntermediateOutputPath)="C:\Projects\Irma Dulce\backend\src\IrmaDulce.API\obj\" (valor anterior: "obj\") em C:\Program Files\dotnet\sdk\8.0.415\Sdks\Microsoft.NET.Sdk.Publish\targets\Microsoft.NET.Sdk.Publish.targets (87,5)
       Substituindo o destino "ResolveFrameworkReferences" no projeto "C:\Program Files\dotnet\sdk\8.0.415\Microsoft.Common.CurrentVersion.targets" pelo destino "ResolveFrameworkReferences" do projeto "C:\Program Files\dotnet\sdk\8.0.415\Sdks\Microsoft.NET.Sdk\targets\Microsoft.NET.Sdk.FrameworkReferenceResolution.targets".
   3:8>UpdateAspNetToFrameworkReference:
       A tarefa "NETSdkError" foi ignorada devido a condição falsa; ('$(_ShouldRemoveAspNetCoreAll)' == 'true') foi avaliado como ('False' == 'true').
     0>Substituindo o destino "Run" no projeto "C:\Program Files\dotnet\sdk\8.0.415\Microsoft.Common.CurrentVersion.targets" pelo destino "Run" do projeto "C:\Program Files\dotnet\sdk\8.0.415\Sdks\Microsoft.NET.Sdk\targets\Microsoft.NET.Sdk.targets".
   3:8>Tarefa "CheckIfPackageReferenceShouldBeFrameworkReference"
     0>Substituindo o destino "GenerateSupportedTargetFrameworkAlias" no projeto "C:\Program Files\dotnet\sdk\8.0.415\Microsoft.Common.CurrentVersion.targets" pelo destino "GenerateSupportedTargetFrameworkAlias" do projeto "C:\Program Files\dotnet\sdk\8.0.415\Sdks\Microsoft.NET.Sdk\targets\Microsoft.NET.Sdk.targets".
   3:8>Tarefa em execução pronta "CheckIfPackageReferenceShouldBeFrameworkReference".
     0>Substituindo o destino "GetReferenceAssemblyPaths" no projeto "C:\Program Files\dotnet\sdk\8.0.415\Microsoft.Common.CurrentVersion.targets" pelo destino "GetReferenceAssemblyPaths" do projeto "C:\Program Files\dotnet\sdk\8.0.415\Sdks\Microsoft.NET.Sdk\targets\Microsoft.NET.DisableStandardFrameworkResolution.targets".
   3:8>UpdateAspNetToFrameworkReference:
       A tarefa "NETSdkWarning" foi ignorada devido a condição falsa; ('$(_ShouldRemoveAspNetCoreApp)' == 'true') foi avaliado como ('False' == 'true').
   3:8>Destino de compilação pronto"UpdateAspNetToFrameworkReference" no projeto "IrmaDulce.Application.csproj".
       Destino "IncludeTargetingPackReference" ignorado devido à condição falsa; ('$(TargetFrameworkMoniker)' != '' and '$(TargetFrameworkIdentifier)' == '.NETFramework' and '$(AutomaticallyUseReferenceAssemblyPackages)' == 'true') foi avaliado como ('.NETCoreApp,Version=v8.0' != '' and '.NETCoreApp' == '.NETFramework' and 'true' == 'true').
   3:8>Destino "CheckForImplicitPackageReferenceOverrides" no arquivo "C:\Program Files\dotnet\sdk\8.0.415\Sdks\Microsoft.NET.Sdk\targets\Microsoft.NET.Sdk.DefaultItems.Shared.targets" do projeto "C:\Projects\Irma Dulce\backend\src\IrmaDulce.Application\IrmaDulce.Application.csproj" (o destino "ApplyImplicitVersions" depende dele):
       Usando a tarefa "CheckForImplicitPackageReferenceOverrides" do assembly "C:\Program Files\dotnet\sdk\8.0.415\Sdks\Microsoft.NET.Sdk\targets\..\tools\net8.0\Microsoft.NET.Build.Tasks.dll".
     0>Substituindo o destino "GetFrameworkPaths" no projeto "C:\Program Files\dotnet\sdk\8.0.415\Microsoft.Common.CurrentVersion.targets" pelo destino "GetFrameworkPaths" do projeto "C:\Program Files\dotnet\sdk\8.0.415\Sdks\Microsoft.NET.Sdk\targets\Microsoft.NET.DisableStandardFrameworkResolution.targets".
   3:8>Tarefa "CheckForImplicitPackageReferenceOverrides"
     0>Substituindo o destino "DesignerRuntimeImplementationProjectOutputGroup" no projeto "C:\Program Files\dotnet\sdk\8.0.415\Microsoft.Common.CurrentVersion.targets" pelo destino "DesignerRuntimeImplementationProjectOutputGroup" do projeto "C:\Program Files\dotnet\sdk\8.0.415\Sdks\Microsoft.NET.Sdk\targets\Microsoft.NET.DesignerSupport.targets".
       Substituindo o destino "Publish" no projeto "C:\Program Files\dotnet\sdk\8.0.415\Microsoft.Common.CurrentVersion.targets" pelo destino "Publish" do projeto "C:\Program Files\dotnet\sdk\8.0.415\Sdks\Microsoft.NET.Sdk\targets\Microsoft.NET.Publish.targets".
   3:8>Tarefa em execução pronta "CheckForImplicitPackageReferenceOverrides".
     0>Substituindo o destino "ResolveReadyToRunCompilers" no projeto "C:\Program Files\dotnet\sdk\8.0.415\Sdks\Microsoft.NET.Sdk\targets\Microsoft.NET.CrossGen.targets" pelo destino "ResolveReadyToRunCompilers" do projeto "C:\Program Files\dotnet\sdk\8.0.415\Sdks\Microsoft.NET.Sdk\targets\Microsoft.NET.Publish.targets".
       Substituindo o destino "GetCopyToPublishDirectoryItems" no projeto "C:\Program Files\dotnet\sdk\8.0.415\Microsoft.Common.CurrentVersion.targets" pelo destino "GetCopyToPublishDirectoryItems" do projeto "C:\Program Files\dotnet\sdk\8.0.415\Sdks\Microsoft.NET.Sdk\targets\Microsoft.NET.Publish.targets".
   3:8>Destino de compilação pronto"CheckForImplicitPackageReferenceOverrides" no projeto "IrmaDulce.Application.csproj".
     0>Substituindo o destino "BeforePublish" no projeto "C:\Program Files\dotnet\sdk\8.0.415\Microsoft.Common.CurrentVersion.targets" pelo destino "BeforePublish" do projeto "C:\Program Files\dotnet\sdk\8.0.415\Sdks\Microsoft.NET.Sdk.Publish\targets\Microsoft.NET.Sdk.Publish.targets".
       Substituindo o destino "AfterPublish" no projeto "C:\Program Files\dotnet\sdk\8.0.415\Microsoft.Common.CurrentVersion.targets" pelo destino "AfterPublish" do projeto "C:\Program Files\dotnet\sdk\8.0.415\Sdks\Microsoft.NET.Sdk.Publish\targets\Microsoft.NET.Sdk.Publish.targets".
       O destino "ResolveNuGetPackageAssets" listado em um atributo AfterTargets em "C:\Users\lucas.bertin\.nuget\packages\microsoft.extensions.options\8.0.2\buildTransitive\net6.0\Microsoft.Extensions.Options.targets (11,11)" não existe no projeto e será ignorado.
   3:8>Destino "ApplyImplicitVersions" no arquivo "C:\Program Files\dotnet\sdk\8.0.415\Sdks\Microsoft.NET.Sdk\targets\Microsoft.NET.Sdk.DefaultItems.Shared.targets" do projeto "C:\Projects\Irma Dulce\backend\src\IrmaDulce.Application\IrmaDulce.Application.csproj" (o destino "CollectPackageReferences" depende dele):
   3:8>Usando a tarefa "ApplyImplicitVersions" do assembly "C:\Program Files\dotnet\sdk\8.0.415\Sdks\Microsoft.NET.Sdk\targets\..\tools\net8.0\Microsoft.NET.Build.Tasks.dll".
       Tarefa "ApplyImplicitVersions"
     0>O destino "ResolveNuGetPackageAssets" listado em um atributo AfterTargets em "C:\Users\lucas.bertin\.nuget\packages\microsoft.extensions.options\8.0.2\buildTransitive\net6.0\Microsoft.Extensions.Options.targets (23,11)" não existe no projeto e será ignorado.
       O destino "ResolveNuGetPackageAssets" listado em um atributo AfterTargets em "C:\Users\lucas.bertin\.nuget\packages\microsoft.extensions.logging.abstractions\8.0.2\buildTransitive\net6.0\Microsoft.Extensions.Logging.Abstractions.targets (11,11)" não existe no projeto e será ignorado.
   3:8>Tarefa em execução pronta "ApplyImplicitVersions".
     0>O destino "ResolveNuGetPackageAssets" listado em um atributo AfterTargets em "C:\Users\lucas.bertin\.nuget\packages\microsoft.extensions.logging.abstractions\8.0.2\buildTransitive\net6.0\Microsoft.Extensions.Logging.Abstractions.targets (23,11)" não existe no projeto e será ignorado.
   3:8>Destino de compilação pronto"ApplyImplicitVersions" no projeto "IrmaDulce.Application.csproj".
     0>O destino "CollectUpToDateCheckInputDesignTime" listado em um atributo BeforeTargets em "C:\Program Files\dotnet\sdk\8.0.415\Sdks\Microsoft.NET.Sdk.StaticWebAssets\targets\Microsoft.NET.Sdk.StaticWebAssets.ScopedCss.targets (156,5)" não existe no projeto e será ignorado.
   3:8>Destino "CheckForImplicitPackageReferenceOverrides" ignorado. Compilado anteriormente com êxito.
     0>O destino "CollectUpToDateCheckBuiltDesignTime" listado em um atributo BeforeTargets em "C:\Program Files\dotnet\sdk\8.0.415\Sdks\Microsoft.NET.Sdk.StaticWebAssets\targets\Microsoft.NET.Sdk.StaticWebAssets.ScopedCss.targets (156,5)" não existe no projeto e será ignorado.
   3:8>Destino "AddWindowsSdkKnownFrameworkReferences" ignorado devido à condição falsa; ('$(TargetFrameworkIdentifier)' == '.NETCoreApp' And '$(TargetPlatformIdentifier)' == 'Windows') foi avaliado como ('.NETCoreApp' == '.NETCoreApp' And '' == 'Windows').
     0>O destino "RazorGenerateComponentDeclaration" listado em um atributo AfterTargets em "C:\Program Files\dotnet\sdk\8.0.415\Sdks\Microsoft.NET.Sdk.Razor\targets\Microsoft.NET.Sdk.Razor.DesignTime.targets (55,53)" não existe no projeto e será ignorado.
   3:8>Destino "_NormalizeTargetPlatformVersion" ignorado devido à condição falsa; ('$(TargetPlatformVersion)' != '' and '$(TargetFrameworkIdentifier)' == '.NETCoreApp' and $([MSBuild]::VersionGreaterThanOrEquals($(TargetFrameworkVersion), 5.0)) and ('$(Language)' != 'C++' or '$(_EnablePackageReferencesInVCProjects)' == 'true')) foi avaliado como ('' != '' and '.NETCoreApp' == '.NETCoreApp' and True and ('C#' != 'C++' or '' == 'true')).
   3:8>Destino "_ComputeToolPackInputsToProcessFrameworkReferences" no arquivo "C:\Program Files\dotnet\sdk\8.0.415\Sdks\Microsoft.NET.Sdk\targets\Microsoft.NET.Publish.targets" do projeto "C:\Projects\Irma Dulce\backend\src\IrmaDulce.Application\IrmaDulce.Application.csproj" (o destino "ProcessFrameworkReferences" depende dele):
   3:8>Destino de compilação pronto"_ComputeToolPackInputsToProcessFrameworkReferences" no projeto "IrmaDulce.Application.csproj".
   3:8>Destino "ProcessFrameworkReferences" no arquivo "C:\Program Files\dotnet\sdk\8.0.415\Sdks\Microsoft.NET.Sdk\targets\Microsoft.NET.Sdk.FrameworkReferenceResolution.targets" do projeto "C:\Projects\Irma Dulce\backend\src\IrmaDulce.Application\IrmaDulce.Application.csproj" (o destino "CollectPackageReferences" depende dele):
       Usando a tarefa "CheckForDuplicateFrameworkReferences" do assembly "C:\Program Files\dotnet\sdk\8.0.415\Sdks\Microsoft.NET.Sdk\targets\..\tools\net8.0\Microsoft.NET.Build.Tasks.dll".
       Tarefa "CheckForDuplicateFrameworkReferences"
       Tarefa em execução pronta "CheckForDuplicateFrameworkReferences".
       Usando a tarefa "ProcessFrameworkReferences" do assembly "C:\Program Files\dotnet\sdk\8.0.415\Sdks\Microsoft.NET.Sdk\targets\..\tools\net8.0\Microsoft.NET.Build.Tasks.dll".
       Tarefa "ProcessFrameworkReferences"
       Tarefa em execução pronta "ProcessFrameworkReferences".
       Usando a tarefa "ResolveAppHosts" do assembly "C:\Program Files\dotnet\sdk\8.0.415\Sdks\Microsoft.NET.Sdk\targets\..\tools\net8.0\Microsoft.NET.Build.Tasks.dll".
       Tarefa "ResolveAppHosts"
       Tarefa em execução pronta "ResolveAppHosts".
   3:8>Destino de compilação pronto"ProcessFrameworkReferences" no projeto "IrmaDulce.Application.csproj".
       Destino "IncludeTargetingPackReference" ignorado devido à condição falsa; ('$(TargetFrameworkMoniker)' != '' and '$(TargetFrameworkIdentifier)' == '.NETFramework' and '$(AutomaticallyUseReferenceAssemblyPackages)' == 'true') foi avaliado como ('.NETCoreApp,Version=v8.0' != '' and '.NETCoreApp' == '.NETFramework' and 'true' == 'true').
   3:8>Destino "_AddMicrosoftNetCompilerToolsetFrameworkPackage" no arquivo "C:\Program Files\dotnet\sdk\8.0.415\Sdks\Microsoft.NET.Sdk\targets\Microsoft.NET.Sdk.targets" do projeto "C:\Projects\Irma Dulce\backend\src\IrmaDulce.Application\IrmaDulce.Application.csproj" (o destino "CollectPackageReferences" depende dele):
       A tarefa "NETSdkWarning" foi ignorada devido a condição falsa; ('@(PackageReference->AnyHaveMetadataValue('Identity', 'Microsoft.Net.Compilers.Toolset.Framework'))' == 'true') foi avaliado como ('false' == 'true').
   3:8>Destino de compilação pronto"_AddMicrosoftNetCompilerToolsetFrameworkPackage" no projeto "IrmaDulce.Application.csproj".
   3:8>Destino "_CheckForObsoleteDotNetCliToolReferences" no arquivo "C:\Program Files\dotnet\sdk\8.0.415\Sdks\Microsoft.NET.Sdk\targets\Microsoft.NET.ObsoleteReferences.targets" do projeto "C:\Projects\Irma Dulce\backend\src\IrmaDulce.Application\IrmaDulce.Application.csproj" (o destino "CollectPackageReferences" depende dele):
       A tarefa "NETSdkWarning" foi ignorada devido a condição falsa; ( '%(_ReferenceToObsoleteDotNetCliTool.Identity)' != '' ) foi avaliado como ( '' != '' ).
   3:8>Destino de compilação pronto"_CheckForObsoleteDotNetCliToolReferences" no projeto "IrmaDulce.Application.csproj".
   3:8>Destino "CollectPackageReferences" no arquivo "C:\Program Files\dotnet\sdk\8.0.415\NuGet.targets" do projeto "C:\Projects\Irma Dulce\backend\src\IrmaDulce.Application\IrmaDulce.Application.csproj" (o destino "_GetRestoreProjectStyle" depende dele):
       Usando a tarefa "CheckForDuplicateNuGetItemsTask" do assembly "C:\Program Files\dotnet\sdk\8.0.415\NuGet.Build.Tasks.dll".
       Tarefa "CheckForDuplicateNuGetItemsTask"
       Tarefa em execução pronta "CheckForDuplicateNuGetItemsTask".
   3:8>Destino de compilação pronto"CollectPackageReferences" no projeto "IrmaDulce.Application.csproj".
   3:8>Destino "_GetRestoreProjectStyle" no arquivo "C:\Program Files\dotnet\sdk\8.0.415\NuGet.targets" do projeto "C:\Projects\Irma Dulce\backend\src\IrmaDulce.Application\IrmaDulce.Application.csproj" (o destino "EnableIntermediateOutputPathMismatchWarning" depende dele):
       Usando a tarefa "GetRestoreProjectStyleTask" do assembly "C:\Program Files\dotnet\sdk\8.0.415\NuGet.Build.Tasks.dll".
       Tarefa "GetRestoreProjectStyleTask"
       Tarefa em execução pronta "GetRestoreProjectStyleTask".
   3:8>Destino de compilação pronto"_GetRestoreProjectStyle" no projeto "IrmaDulce.Application.csproj".
   3:8>Destino "EnableIntermediateOutputPathMismatchWarning" no arquivo "C:\Program Files\dotnet\sdk\8.0.415\NuGet.targets" do projeto "C:\Projects\Irma Dulce\backend\src\IrmaDulce.Application\IrmaDulce.Application.csproj" (o destino "_CheckForInvalidConfigurationAndPlatform" depende dele):
   3:8>Destino de compilação pronto"EnableIntermediateOutputPathMismatchWarning" no projeto "IrmaDulce.Application.csproj".
       Destino "ApplyImplicitVersions" ignorado. Compilado anteriormente com êxito.
       Destino "CheckForImplicitPackageReferenceOverrides" ignorado. Compilado anteriormente com êxito.
   3:8>Destino "CheckForDuplicateItems" no arquivo "C:\Program Files\dotnet\sdk\8.0.415\Sdks\Microsoft.NET.Sdk\targets\Microsoft.NET.Sdk.DefaultItems.Shared.targets" do projeto "C:\Projects\Irma Dulce\backend\src\IrmaDulce.Application\IrmaDulce.Application.csproj" (o destino "_CheckForInvalidConfigurationAndPlatform" depende dele):
       Usando a tarefa "CheckForDuplicateItems" do assembly "C:\Program Files\dotnet\sdk\8.0.415\Sdks\Microsoft.NET.Sdk\targets\..\tools\net8.0\Microsoft.NET.Build.Tasks.dll".
       Tarefa "CheckForDuplicateItems"
       Tarefa em execução pronta "CheckForDuplicateItems".
       Tarefa "CheckForDuplicateItems"
       Tarefa em execução pronta "CheckForDuplicateItems".
       Tarefa "CheckForDuplicateItems"
       Tarefa em execução pronta "CheckForDuplicateItems".
   3:8>Destino de compilação pronto"CheckForDuplicateItems" no projeto "IrmaDulce.Application.csproj".
       Destino "WarnForExplicitVersions" ignorado devido à condição falsa; ('@(SdkBuildWarning)' != '') foi avaliado como ('' != '').
       Destino "_CheckForFailedSDKResolution" ignorado devido à condição falsa; ('$(SdkResolverHonoredGlobalJson)' == 'false') foi avaliado como ('' == 'false').
       Destino "_WarnWhenUsingNET8AndVSPriorTo178" ignorado devido à condição falsa; ($([MSBuild]::VersionLessThan($(MSBuildVersion), '17.8.0')) and '$(TargetFrameworkIdentifier)' == '.NETCoreApp' and $([MSBuild]::VersionGreaterThanOrEquals($(_TargetFrameworkVersionWithoutV), '8.0'))) foi avaliado como (False and '.NETCoreApp' == '.NETCoreApp' and True).
       Destino "_CheckForInvalidWindowsDesktopTargetingConfiguration" ignorado devido à condição falsa; ('$(TargetFrameworkIdentifier)' == '.NETCoreApp' and $([MSBuild]::VersionGreaterThanOrEquals($(_TargetFrameworkVersionWithoutV), '5.0')) and ('$(UseWindowsForms)' == 'true' or '$(UseWPF)' == 'true')) foi avaliado como ('.NETCoreApp' == '.NETCoreApp' and True and ('' == 'true' or '' == 'true')).
       Destino "_CheckForUnnecessaryWindowsDesktopSDK" ignorado devido à condição falsa; ('$(TargetFrameworkIdentifier)' == '.NETCoreApp' and $([MSBuild]::VersionGreaterThanOrEquals($(_TargetFrameworkVersionWithoutV), '5.0')) and '$(_MicrosoftWindowsDesktopSdkImported)' == 'true' and '$(TargetFrameworks)' == '') foi avaliado como ('.NETCoreApp' == '.NETCoreApp' and True and '' == 'true' and '' == '').
       Destino "ProcessFrameworkReferences" ignorado. Compilado anteriormente com êxito.
       Destino "IncludeTargetingPackReference" ignorado devido à condição falsa; ('$(TargetFrameworkMoniker)' != '' and '$(TargetFrameworkIdentifier)' == '.NETFramework' and '$(AutomaticallyUseReferenceAssemblyPackages)' == 'true') foi avaliado como ('.NETCoreApp,Version=v8.0' != '' and '.NETCoreApp' == '.NETFramework' and 'true' == 'true').
   3:8>Destino "_CheckForInvalidConfigurationAndPlatform" no arquivo "C:\Program Files\dotnet\sdk\8.0.415\Microsoft.Common.CurrentVersion.targets" do projeto "C:\Projects\Irma Dulce\backend\src\IrmaDulce.Application\IrmaDulce.Application.csproj" (o destino "BeforeBuild" depende dele):
       A tarefa "Error" foi ignorada devido a condição falsa; ( '$(_InvalidConfigurationError)' == 'true' ) foi avaliado como ( '' == 'true' ).
       A tarefa "Warning" foi ignorada devido a condição falsa; ( '$(_InvalidConfigurationWarning)' == 'true' ) foi avaliado como ( '' == 'true' ).
       Tarefa "Message"
         Configuration=Debug
       Tarefa em execução pronta "Message".
       Tarefa "Message"
         Platform=AnyCPU
       Tarefa em execução pronta "Message".
       A tarefa "Error" foi ignorada devido a condição falsa; ('$(OutDir)' != '' and !HasTrailingSlash('$(OutDir)')) foi avaliado como ('bin\Debug\net8.0\' != '' and !HasTrailingSlash('bin\Debug\net8.0\')).
       A tarefa "Error" foi ignorada devido a condição falsa; ('$(IntermediateOutputPath)' != '' and !HasTrailingSlash('$(IntermediateOutputPath)')) foi avaliado como ('obj\Debug\net8.0\' != '' and !HasTrailingSlash('obj\Debug\net8.0\')).
       A tarefa "Error" foi ignorada devido a condição falsa; ('$(BaseIntermediateOutputPath)' != '' and !HasTrailingSlash('$(BaseIntermediateOutputPath)')) foi avaliado como ('obj\' != '' and !HasTrailingSlash('obj\')).
       A tarefa "MSBuildInternalMessage" foi ignorada devido a condição falsa; ( '$(Prefer32Bit)' == 'true' and '$(PreferNativeArm64)' == 'true' ) foi avaliado como ( 'false' == 'true' and '' == 'true' ).
       A tarefa "MSBuildInternalMessage" foi ignorada devido a condição falsa; ( '$(NoWin32Manifest)' == 'true' and '$(PreferNativeArm64)' == 'true' ) foi avaliado como ( '' == 'true' and '' == 'true' ).
       A tarefa "MSBuildInternalMessage" foi ignorada devido a condição falsa; ( '$(PreferNativeArm64)' == 'true' and '$(Platform)' != 'AnyCPU' ) foi avaliado como ( '' == 'true' and 'AnyCPU' != 'AnyCPU' ).
       A tarefa "Error" foi ignorada devido a condição falsa; ( '$(_InitialMSBuildProjectExtensionsPath)' != '' And '$(MSBuildProjectExtensionsPath)' != '$(_InitialMSBuildProjectExtensionsPath)' ) foi avaliado como ( 'C:\Projects\Irma Dulce\backend\src\IrmaDulce.Application\obj\' != '' And 'C:\Projects\Irma Dulce\backend\src\IrmaDulce.Application\obj\' != 'C:\Projects\Irma Dulce\backend\src\IrmaDulce.Application\obj\' ).
       A tarefa "Warning" foi ignorada devido a condição falsa; ( '$(EnableBaseIntermediateOutputPathMismatchWarning)' == 'true' And '$(_InitialBaseIntermediateOutputPath)' != '$(BaseIntermediateOutputPath)' And '$(BaseIntermediateOutputPath)' != '$(MSBuildProjectExtensionsPath)' ) foi avaliado como ( 'true' == 'true' And 'obj\' != 'obj\' And 'obj\' != 'C:\Projects\Irma Dulce\backend\src\IrmaDulce.Application\obj\' ).
   3:8>Destino de compilação pronto"_CheckForInvalidConfigurationAndPlatform" no projeto "IrmaDulce.Application.csproj".
   3:8>Destino "ValidateCommandLineProperties" no arquivo "C:\Program Files\dotnet\sdk\8.0.415\Sdks\Microsoft.NET.Sdk\targets\Microsoft.NET.Sdk.targets" do projeto "C:\Projects\Irma Dulce\backend\src\IrmaDulce.Application\IrmaDulce.Application.csproj" (o destino "BeforeBuild" depende dele):
   3:8>Destino de compilação pronto"ValidateCommandLineProperties" no projeto "IrmaDulce.Application.csproj".
   3:8>Destino "BeforeBuild" no arquivo "C:\Program Files\dotnet\sdk\8.0.415\Microsoft.Common.CurrentVersion.targets" do projeto "C:\Projects\Irma Dulce\backend\src\IrmaDulce.Application\IrmaDulce.Application.csproj" (o destino "Build" depende dele):
   3:8>Destino de compilação pronto"BeforeBuild" no projeto "IrmaDulce.Application.csproj".
       Destino "_CheckForBuildWithNoBuild" ignorado devido à condição falsa; ('$(NoBuild)' == 'true' and '$(GeneratePackageOnBuild)' != 'true') foi avaliado como ('' == 'true' and 'false' != 'true').
   3:8>Destino "BuildOnlySettings" no arquivo "C:\Program Files\dotnet\sdk\8.0.415\Microsoft.Common.CurrentVersion.targets" do projeto "C:\Projects\Irma Dulce\backend\src\IrmaDulce.Application\IrmaDulce.Application.csproj" (o destino "CoreBuild" depende dele):
   3:8>Destino de compilação pronto"BuildOnlySettings" no projeto "IrmaDulce.Application.csproj".
       Destino "_CheckForUnsupportedTargetFramework" ignorado devido à condição falsa; ('$(_UnsupportedTargetFrameworkError)' == 'true') foi avaliado como ('' == 'true').
       Destino "_CheckForUnsupportedTargetPlatformIdentifier" ignorado devido à condição falsa; ('$(TargetPlatformIdentifier)' != '' and '$(TargetFrameworkIdentifier)' == '.NETCoreApp' and $([MSBuild]::VersionGreaterThanOrEquals($(TargetFrameworkVersion), 5.0)) And ('$(DesignTimeBuild)' != 'true' Or '@(MissingWorkloadPack)' == '')) foi avaliado como ('' != '' and '.NETCoreApp' == '.NETCoreApp' and True And ('' != 'true' Or '' == '')).
       Destino "_CheckForMissingWorkload" ignorado devido à condição falsa; ('@(MissingWorkloadPack)' != '' And '$(DesignTimeBuild)' != 'true') foi avaliado como ('' != '' And '' != 'true').
   3:8>Destino "GetFrameworkPaths" no arquivo "C:\Program Files\dotnet\sdk\8.0.415\Sdks\Microsoft.NET.Sdk\targets\Microsoft.NET.DisableStandardFrameworkResolution.targets" do projeto "C:\Projects\Irma Dulce\backend\src\IrmaDulce.Application\IrmaDulce.Application.csproj" (o destino "PrepareForBuild" depende dele):
   3:8>Destino de compilação pronto"GetFrameworkPaths" no projeto "IrmaDulce.Application.csproj".
       Destino "_CheckForUnsupportedTargetFramework" ignorado devido à condição falsa; ('$(_UnsupportedTargetFrameworkError)' == 'true') foi avaliado como ('' == 'true').
       Destino "_CheckForUnsupportedTargetPlatformIdentifier" ignorado devido à condição falsa; ('$(TargetPlatformIdentifier)' != '' and '$(TargetFrameworkIdentifier)' == '.NETCoreApp' and $([MSBuild]::VersionGreaterThanOrEquals($(TargetFrameworkVersion), 5.0)) And ('$(DesignTimeBuild)' != 'true' Or '@(MissingWorkloadPack)' == '')) foi avaliado como ('' != '' and '.NETCoreApp' == '.NETCoreApp' and True And ('' != 'true' Or '' == '')).
       Destino "_CheckForMissingWorkload" ignorado devido à condição falsa; ('@(MissingWorkloadPack)' != '' And '$(DesignTimeBuild)' != 'true') foi avaliado como ('' != '' And '' != 'true').
   3:8>Destino "GetReferenceAssemblyPaths" no arquivo "C:\Program Files\dotnet\sdk\8.0.415\Sdks\Microsoft.NET.Sdk\targets\Microsoft.NET.DisableStandardFrameworkResolution.targets" do projeto "C:\Projects\Irma Dulce\backend\src\IrmaDulce.Application\IrmaDulce.Application.csproj" (o destino "PrepareForBuild" depende dele):
   3:8>Destino de compilação pronto"GetReferenceAssemblyPaths" no projeto "IrmaDulce.Application.csproj".
       Destino "AssignLinkMetadata" ignorado devido à condição falsa; ( '$(SynthesizeLinkMetadata)' == 'true' ) foi avaliado como ( '' == 'true' ).
       Destino "_VerifyPackReleaseConfigurations" ignorado devido à condição falsa; ('$(_IsPacking)' == 'true' and '$(DOTNET_CLI_DISABLE_PUBLISH_AND_PACK_RELEASE)' != 'true' and '$(DOTNET_CLI_LAZY_PUBLISH_AND_PACK_RELEASE_FOR_SOLUTIONS)' == 'true') foi avaliado como ('' == 'true' and '' != 'true' and '' == 'true').
   3:8>Destino "PrepareForBuild" no arquivo "C:\Program Files\dotnet\sdk\8.0.415\Microsoft.Common.CurrentVersion.targets" do projeto "C:\Projects\Irma Dulce\backend\src\IrmaDulce.Application\IrmaDulce.Application.csproj" (o destino "CoreBuild" depende dele):
       Usando a tarefa "FindAppConfigFile" do assembly "Microsoft.Build.Tasks.Core, Version=15.1.0.0, Culture=neutral, PublicKeyToken=b03f5f7f11d50a3a".
       Tarefa "FindAppConfigFile"
       Tarefa em execução pronta "FindAppConfigFile".
       Usando a tarefa "MakeDir" do assembly "Microsoft.Build.Tasks.Core, Version=15.1.0.0, Culture=neutral, PublicKeyToken=b03f5f7f11d50a3a".
       Tarefa "MakeDir"
       Tarefa em execução pronta "MakeDir".
   3:8>Destino de compilação pronto"PrepareForBuild" no projeto "IrmaDulce.Application.csproj".
   3:8>Destino "GenerateGlobalUsings" no arquivo "C:\Program Files\dotnet\sdk\8.0.415\Sdks\Microsoft.NET.Sdk\targets\Microsoft.NET.GenerateGlobalUsings.targets" do projeto "C:\Projects\Irma Dulce\backend\src\IrmaDulce.Application\IrmaDulce.Application.csproj" (o destino "CoreBuild" depende dele):
       Usando a tarefa "GenerateGlobalUsings" do assembly "C:\Program Files\dotnet\sdk\8.0.415\Sdks\Microsoft.NET.Sdk\targets\..\tools\net8.0\Microsoft.NET.Build.Tasks.dll".
       Tarefa "GenerateGlobalUsings"
       Tarefa em execução pronta "GenerateGlobalUsings".
       Usando a tarefa "WriteLinesToFile" do assembly "Microsoft.Build.Tasks.Core, Version=15.1.0.0, Culture=neutral, PublicKeyToken=b03f5f7f11d50a3a".
       Tarefa "WriteLinesToFile"
         Ignorando a gravação no arquivo "obj\Debug\net8.0\IrmaDulce.Application.GlobalUsings.g.cs" porque o conteúdo não seria alterado.
       Tarefa em execução pronta "WriteLinesToFile".
   3:8>Destino de compilação pronto"GenerateGlobalUsings" no projeto "IrmaDulce.Application.csproj".
       Destino "PreBuildEvent" ignorado devido à condição falsa; ('$(PreBuildEvent)'!='') foi avaliado como (''!='').
   3:8>Destino "BeforeResolveReferences" no arquivo "C:\Program Files\dotnet\sdk\8.0.415\Microsoft.Common.CurrentVersion.targets" do projeto "C:\Projects\Irma Dulce\backend\src\IrmaDulce.Application\IrmaDulce.Application.csproj" (o destino "ResolveReferences" depende dele):
   3:8>Destino de compilação pronto"BeforeResolveReferences" no projeto "IrmaDulce.Application.csproj".
   3:8>Destino "IgnoreJavaScriptOutputAssembly" no arquivo "C:\Program Files\dotnet\sdk\8.0.415\Microsoft.Common.CurrentVersion.targets" do projeto "C:\Projects\Irma Dulce\backend\src\IrmaDulce.Application\IrmaDulce.Application.csproj" (o destino "AssignProjectConfiguration" depende dele):
   3:8>Destino de compilação pronto"IgnoreJavaScriptOutputAssembly" no projeto "IrmaDulce.Application.csproj".
       Destino "ProcessFrameworkReferences" ignorado. Compilado anteriormente com êxito.
   3:8>Destino "_DefaultMicrosoftNETPlatformLibrary" no arquivo "C:\Program Files\dotnet\sdk\8.0.415\Sdks\Microsoft.NET.Sdk\targets\Microsoft.NET.Sdk.Shared.targets" do projeto "C:\Projects\Irma Dulce\backend\src\IrmaDulce.Application\IrmaDulce.Application.csproj" (o destino "ResolvePackageAssets" depende dele):
   3:8>Destino de compilação pronto"_DefaultMicrosoftNETPlatformLibrary" no projeto "IrmaDulce.Application.csproj".
   3:8>Destino "_ComputePackageReferencePublish" no arquivo "C:\Program Files\dotnet\sdk\8.0.415\Sdks\Microsoft.NET.Sdk\targets\Microsoft.NET.Sdk.Shared.targets" do projeto "C:\Projects\Irma Dulce\backend\src\IrmaDulce.Application\IrmaDulce.Application.csproj" (o destino "ResolvePackageAssets" depende dele):
   3:8>Destino de compilação pronto"_ComputePackageReferencePublish" no projeto "IrmaDulce.Application.csproj".
       Destino "_ResolveCompilerVersion" ignorado devido à condição falsa; ('$(CompilerApiVersion)' == '' And
                            ('$(Language)' == 'C#' Or '$(Language)' == 'VB') And
                            Exists('$(RoslynTargetsPath)\Microsoft.Build.Tasks.CodeAnalysis.dll')) foi avaliado como ('roslyn4.11' == '' And
                            ('C#' == 'C#' Or 'C#' == 'VB') And
                            Exists('C:\Program Files\dotnet\sdk\8.0.415\Roslyn\Microsoft.Build.Tasks.CodeAnalysis.dll')).
   3:8>Destino "ResolvePackageAssets" no arquivo "C:\Program Files\dotnet\sdk\8.0.415\Sdks\Microsoft.NET.Sdk\targets\Microsoft.PackageDependencyResolution.targets" do projeto "C:\Projects\Irma Dulce\backend\src\IrmaDulce.Application\IrmaDulce.Application.csproj" (o destino "ResolveLockFileReferences" depende dele):
       Usando a tarefa "ResolvePackageAssets" do assembly "C:\Program Files\dotnet\sdk\8.0.415\Sdks\Microsoft.NET.Sdk\targets\..\tools\net8.0\Microsoft.NET.Build.Tasks.dll".
       Tarefa "ResolvePackageAssets"
       Tarefa em execução pronta "ResolvePackageAssets".
   3:8>Destino de compilação pronto"ResolvePackageAssets" no projeto "IrmaDulce.Application.csproj".
       Destino "AdjustDefaultPlatformTargetForNetFrameworkExeWithNoNativeCopyLocalItems" ignorado devido à condição falsa; ('$(_UsingDefaultPlatformTarget)' == 'true' and
                            '$(_UsingDefaultRuntimeIdentifier)' == 'true') foi avaliado como ('true' == 'true' and
                            '' == 'true').
       Destino "_CheckForTransitiveWindowsDesktopDependencies" ignorado devido à condição falsa; ('$(TargetFrameworkIdentifier)' == '.NETCoreApp' and $([MSBuild]::VersionGreaterThanOrEquals($(_TargetFrameworkVersionWithoutV), '5.0')) and '$(TargetPlatformIdentifier)' != 'Windows' and '@(TransitiveFrameworkReference)' != '') foi avaliado como ('.NETCoreApp' == '.NETCoreApp' and True and '' != 'Windows' and '' != '').
       Destino "AddTransitiveFrameworkReferences" ignorado devido à condição falsa; ('@(TransitiveFrameworkReference)' != '') foi avaliado como ('' != '').
   5:8>_GetProjectReferenceTargetFrameworkProperties:
       A tarefa "GetReferenceNearestTargetFrameworkTask" foi ignorada devido a condição falsa; ('@(_ProjectReferenceTargetFrameworkPossibilities)' != '' and '$(ReferringTargetFrameworkForProjectReferences)' != ''
                                                               And '$(GetReferenceNearestTargetFrameworkTaskSupportsTargetPlatformParameter)' == 'true' and '%(_ProjectReferenceTargetFrameworkPossibilities.IsVcxOrNativeProj)' != 'true') foi avaliado como ('' != '' and '.NETCoreApp,Version=v8.0' != ''
                                                               And 'true' == 'true' and '' != 'true').
   3:8>Destino "ResolveLockFileReferences" no arquivo "C:\Program Files\dotnet\sdk\8.0.415\Sdks\Microsoft.NET.Sdk\targets\Microsoft.PackageDependencyResolution.targets" do projeto "C:\Projects\Irma Dulce\backend\src\IrmaDulce.Application\IrmaDulce.Application.csproj" (o destino "ResolvePackageDependenciesForBuild" depende dele):
   3:8>Usando a tarefa "JoinItems" do assembly "C:\Program Files\dotnet\sdk\8.0.415\Sdks\Microsoft.NET.Sdk\targets\..\tools\net8.0\Microsoft.NET.Build.Tasks.dll".
       Tarefa "JoinItems"
       Tarefa em execução pronta "JoinItems".
   3:8>Destino de compilação pronto"ResolveLockFileReferences" no projeto "IrmaDulce.Application.csproj".
   5:8>_GetProjectReferenceTargetFrameworkProperties:
       A tarefa "GetReferenceNearestTargetFrameworkTask" foi ignorada devido a condição falsa; ('@(_ProjectReferenceTargetFrameworkPossibilities)' != '' and '$(ReferringTargetFrameworkForProjectReferences)' != ''
                                                               And '$(GetReferenceNearestTargetFrameworkTaskSupportsTargetPlatformParameter)' != 'true' and '%(_ProjectReferenceTargetFrameworkPossibilities.IsVcxOrNativeProj)' != 'true') foi avaliado como ('' != '' and '.NETCoreApp,Version=v8.0' != ''
                                                               And 'true' != 'true' and '' != 'true').
   3:8>Destino "ResolvePackageAssets" ignorado. Compilado anteriormente com êxito.
   3:8>Destino "ResolveLockFileAnalyzers" no arquivo "C:\Program Files\dotnet\sdk\8.0.415\Sdks\Microsoft.NET.Sdk\targets\Microsoft.PackageDependencyResolution.targets" do projeto "C:\Projects\Irma Dulce\backend\src\IrmaDulce.Application\IrmaDulce.Application.csproj" (o destino "ResolvePackageDependenciesForBuild" depende dele):
   3:8>Destino de compilação pronto"ResolveLockFileAnalyzers" no projeto "IrmaDulce.Application.csproj".
       Destino "ResolvePackageAssets" ignorado. Compilado anteriormente com êxito.
       Destino "RunProduceContentAssets" ignorado devido à condição falsa; ('@(_ContentFilesToPreprocess)' != '' and '$(_CleaningWithoutRebuilding)' != 'true') foi avaliado como ('' != '' and '' != 'true').
   3:8>Destino "ResolveLockFileCopyLocalFiles" no arquivo "C:\Program Files\dotnet\sdk\8.0.415\Sdks\Microsoft.NET.Sdk\targets\Microsoft.PackageDependencyResolution.targets" do projeto "C:\Projects\Irma Dulce\backend\src\IrmaDulce.Application\IrmaDulce.Application.csproj" (o destino "ResolvePackageDependenciesForBuild" depende dele):
   3:8>Destino de compilação pronto"ResolveLockFileCopyLocalFiles" no projeto "IrmaDulce.Application.csproj".
   5:8>_GetProjectReferenceTargetFrameworkProperties:
       Usando a tarefa "SetRidAgnosticValueForProjects" do assembly "Microsoft.Build.Tasks.Core, Version=15.1.0.0, Culture=neutral, PublicKeyToken=b03f5f7f11d50a3a".
       Tarefa "SetRidAgnosticValueForProjects"
   3:8>Destino "ResolveRuntimePackAssets" ignorado devido à condição falsa; ('@(RuntimePack)' != '') foi avaliado como ('' != '').
       Destino "RunProduceContentAssets" ignorado devido à condição falsa; ('@(_ContentFilesToPreprocess)' != '' and '$(_CleaningWithoutRebuilding)' != 'true') foi avaliado como ('' != '' and '' != 'true').
       Destino "ResolvePackageAssets" ignorado. Compilado anteriormente com êxito.
   3:8>Destino "IncludeTransitiveProjectReferences" no arquivo "C:\Program Files\dotnet\sdk\8.0.415\Sdks\Microsoft.NET.Sdk\targets\Microsoft.PackageDependencyResolution.targets" do projeto "C:\Projects\Irma Dulce\backend\src\IrmaDulce.Application\IrmaDulce.Application.csproj" (o destino "ResolvePackageDependenciesForBuild" depende dele):
   3:8>Destino de compilação pronto"IncludeTransitiveProjectReferences" no projeto "IrmaDulce.Application.csproj".
   3:8>Destino "ResolvePackageDependenciesForBuild" no arquivo "C:\Program Files\dotnet\sdk\8.0.415\Sdks\Microsoft.NET.Sdk\targets\Microsoft.PackageDependencyResolution.targets" do projeto "C:\Projects\Irma Dulce\backend\src\IrmaDulce.Application\IrmaDulce.Application.csproj" (o destino "AssignProjectConfiguration" depende dele):
   3:8>Destino de compilação pronto"ResolvePackageDependenciesForBuild" no projeto "IrmaDulce.Application.csproj".
   5:8>Tarefa em execução pronta "SetRidAgnosticValueForProjects".
   3:8>Destino "AssignProjectConfiguration" no arquivo "C:\Program Files\dotnet\sdk\8.0.415\Microsoft.Common.CurrentVersion.targets" do projeto "C:\Projects\Irma Dulce\backend\src\IrmaDulce.Application\IrmaDulce.Application.csproj" (o destino "ResolveReferences" depende dele):
   3:8>Usando a tarefa "AssignProjectConfiguration" do assembly "Microsoft.Build.Tasks.Core, Version=15.1.0.0, Culture=neutral, PublicKeyToken=b03f5f7f11d50a3a".
       Tarefa "AssignProjectConfiguration"
         A referência de projeto "..\IrmaDulce.Domain\IrmaDulce.Domain.csproj" foi atribuída à configuração "Debug|AnyCPU".
       Tarefa em execução pronta "AssignProjectConfiguration".
   5:8>Destino de compilação pronto"_GetProjectReferenceTargetFrameworkProperties" no projeto "IrmaDulce.Domain.csproj".
   3:8>Destino de compilação pronto"AssignProjectConfiguration" no projeto "IrmaDulce.Application.csproj".
       Destino "AssignProjectConfiguration" ignorado. Compilado anteriormente com êxito.
   3:8>Destino "_SplitProjectReferencesByFileExistence" no arquivo "C:\Program Files\dotnet\sdk\8.0.415\Microsoft.Common.CurrentVersion.targets" do projeto "C:\Projects\Irma Dulce\backend\src\IrmaDulce.Application\IrmaDulce.Application.csproj" (o destino "PrepareProjectReferences" depende dele):
       A tarefa "ResolveNonMSBuildProjectOutput" foi ignorada devido a condição falsa; ('$(BuildingInsideVisualStudio)'=='true' and '@(ProjectReferenceWithConfiguration)'!='') foi avaliado como (''=='true' and '..\IrmaDulce.Domain\IrmaDulce.Domain.csproj'!='').
   3:8>Destino de compilação pronto"_SplitProjectReferencesByFileExistence" no projeto "IrmaDulce.Application.csproj".
   5:8>Destino "ValidateExecutableReferences" no arquivo "C:\Program Files\dotnet\sdk\8.0.415\Sdks\Microsoft.NET.Sdk\targets\Microsoft.NET.Sdk.targets" do projeto "C:\Projects\Irma Dulce\backend\src\IrmaDulce.Domain\IrmaDulce.Domain.csproj" (o destino "PrepareProjectReferences" depende dele):
   5:8>Usando a tarefa "ValidateExecutableReferences" do assembly "C:\Program Files\dotnet\sdk\8.0.415\Sdks\Microsoft.NET.Sdk\targets\..\tools\net8.0\Microsoft.NET.Build.Tasks.dll".
       Tarefa "ValidateExecutableReferences"
       Tarefa em execução pronta "ValidateExecutableReferences".
   3:8>Destino "_AddOutputPathToGlobalPropertiesToRemove" no arquivo "C:\Program Files\dotnet\sdk\8.0.415\Microsoft.Common.CurrentVersion.targets" do projeto "C:\Projects\Irma Dulce\backend\src\IrmaDulce.Application\IrmaDulce.Application.csproj" (o destino "_GetProjectReferenceTargetFrameworkProperties" depende dele):
   3:8>Destino de compilação pronto"_AddOutputPathToGlobalPropertiesToRemove" no projeto "IrmaDulce.Application.csproj".
   5:8>Destino de compilação pronto"ValidateExecutableReferences" no projeto "IrmaDulce.Domain.csproj".
       Destino "_GetProjectReferencePlatformProperties" ignorado devido à condição falsa; ('$(EnableDynamicPlatformResolution)' == 'true'
                            and '@(_MSBuildProjectReferenceExistent)' != '') foi avaliado como ('' == 'true'
                            and '' != '').
   5:8>Destino "PrepareProjectReferences" no arquivo "C:\Program Files\dotnet\sdk\8.0.415\Microsoft.Common.CurrentVersion.targets" do projeto "C:\Projects\Irma Dulce\backend\src\IrmaDulce.Domain\IrmaDulce.Domain.csproj" (o destino "ResolveProjectReferences" depende dele):
   5:8>Destino de compilação pronto"PrepareProjectReferences" no projeto "IrmaDulce.Domain.csproj".
   5:8>Destino "ResolveProjectReferences" no arquivo "C:\Program Files\dotnet\sdk\8.0.415\Microsoft.Common.CurrentVersion.targets" do projeto "C:\Projects\Irma Dulce\backend\src\IrmaDulce.Domain\IrmaDulce.Domain.csproj" (o destino "ResolveReferences" depende dele):
       A tarefa "MSBuild" foi ignorada devido a condição falsa; ('%(_MSBuildProjectReferenceExistent.BuildReference)' == 'true' and '@(ProjectReferenceWithConfiguration)' != '' and ('$(BuildingInsideVisualStudio)' == 'true' or '$(BuildProjectReferences)' != 'true') and '$(VisualStudioVersion)' != '10.0' and '@(_MSBuildProjectReferenceExistent)' != '') foi avaliado como ('' == 'true' and '' != '' and ('' == 'true' or 'true' != 'true') and '17.0' != '10.0' and '' != '').
       A tarefa "MSBuild" foi ignorada devido a condição falsa; ('%(_MSBuildProjectReferenceExistent.BuildReference)' == 'true' and '@(ProjectReferenceWithConfiguration)' != '' and '$(BuildingInsideVisualStudio)' != 'true' and '$(BuildProjectReferences)' == 'true' and '@(_MSBuildProjectReferenceExistent)' != '') foi avaliado como ('' == 'true' and '' != '' and '' != 'true' and 'true' == 'true' and '' != '').
       A tarefa "MSBuild" foi ignorada devido a condição falsa; ('%(_MSBuildProjectReferenceExistent.BuildReference)' == 'true' and '@(ProjectReferenceWithConfiguration)' != '' and '$(BuildingProject)' == 'true' and '@(_MSBuildProjectReferenceExistent)' != '') foi avaliado como ('' == 'true' and '' != '' and 'true' == 'true' and '' != '').
       A tarefa "Warning" foi ignorada devido a condição falsa; ('@(ProjectReferenceWithConfiguration)' != '' and '@(_MSBuildProjectReferenceNonexistent)' != '') foi avaliado como ('' != '' and '' != '').
   5:8>Destino de compilação pronto"ResolveProjectReferences" no projeto "IrmaDulce.Domain.csproj".
       Destino "FindInvalidProjectReferences" ignorado devido à condição falsa; ('$(FindInvalidProjectReferences)' == 'true') foi avaliado como ('' == 'true').
       Destino "ResolveNativeReferences" ignorado devido à condição falsa; ('@(NativeReference)'!='') foi avaliado como (''!='').
       Destino "ResolveProjectReferences" ignorado. Compilado anteriormente com êxito.
       Destino "FindInvalidProjectReferences" ignorado devido à condição falsa; ('$(FindInvalidProjectReferences)' == 'true') foi avaliado como ('' == 'true').
       Destino "GetFrameworkPaths" ignorado. Compilado anteriormente com êxito.
       Destino "GetReferenceAssemblyPaths" ignorado. Compilado anteriormente com êxito.
       Destino "PrepareForBuild" ignorado. Compilado anteriormente com êxito.
       Destino "GetInstalledSDKLocations" ignorado devido à condição falsa; ('@(SDKReference)' != '') foi avaliado como ('' != '').
   3:8>Destino "_GetProjectReferenceTargetFrameworkProperties" no arquivo "C:\Program Files\dotnet\sdk\8.0.415\Microsoft.Common.CurrentVersion.targets" do projeto "C:\Projects\Irma Dulce\backend\src\IrmaDulce.Application\IrmaDulce.Application.csproj" (o destino "PrepareProjectReferences" depende dele):
   3:8>Tarefa "MSBuild"
   5:8>Destino "ResolveSDKReferences" no arquivo "C:\Program Files\dotnet\sdk\8.0.415\Microsoft.Common.CurrentVersion.targets" do projeto "C:\Projects\Irma Dulce\backend\src\IrmaDulce.Domain\IrmaDulce.Domain.csproj" (o destino "ResolveAssemblyReferences" depende dele):
   5:8>A tarefa "ResolveSDKReference" foi ignorada devido a condição falsa; ('@(SDKReference)'!='') foi avaliado como (''!='').
   3:8>_GetProjectReferenceTargetFrameworkProperties:
         Propriedades globais:
   5:8>Destino de compilação pronto"ResolveSDKReferences" no projeto "IrmaDulce.Domain.csproj".
   3:8>_GetProjectReferenceTargetFrameworkProperties:
           Configuration=Debug
   5:8>Destino "ResolveSDKReferences" ignorado. Compilado anteriormente com êxito.
   3:8>_GetProjectReferenceTargetFrameworkProperties:
           Platform=AnyCPU
   5:8>Destino "ExpandSDKReferences" no arquivo "C:\Program Files\dotnet\sdk\8.0.415\Microsoft.Common.CurrentVersion.targets" do projeto "C:\Projects\Irma Dulce\backend\src\IrmaDulce.Domain\IrmaDulce.Domain.csproj" (o destino "ResolveAssemblyReferences" depende dele):
   5:8>A tarefa "GetSDKReferenceFiles" foi ignorada devido a condição falsa; ('@(ResolvedSDKReference)'!='') foi avaliado como (''!='').
   5:8>Destino de compilação pronto"ExpandSDKReferences" no projeto "IrmaDulce.Domain.csproj".
   3:8>_GetProjectReferenceTargetFrameworkProperties:
         Removendo Propriedades:
   5:8>Destino "ResolvePackageDependenciesForBuild" ignorado. Compilado anteriormente com êxito.
       Destino "GetFrameworkPaths" ignorado. Compilado anteriormente com êxito.
       Destino "GetReferenceAssemblyPaths" ignorado. Compilado anteriormente com êxito.
   3:8>_GetProjectReferenceTargetFrameworkProperties:
           TargetFramework
   5:8>Destino "ProcessFrameworkReferences" ignorado. Compilado anteriormente com êxito.
       Destino "ResolvePackageAssets" ignorado. Compilado anteriormente com êxito.
   3:8>_GetProjectReferenceTargetFrameworkProperties:
           RuntimeIdentifier
           SelfContained
   5:8>Destino "ResolveFrameworkReferences" no arquivo "C:\Program Files\dotnet\sdk\8.0.415\Sdks\Microsoft.NET.Sdk\targets\Microsoft.NET.Sdk.FrameworkReferenceResolution.targets" do projeto "C:\Projects\Irma Dulce\backend\src\IrmaDulce.Domain\IrmaDulce.Domain.csproj" (o destino "ResolveTargetingPackAssets" depende dele):
   5:8>Usando a tarefa "GetPackageDirectory" do assembly "C:\Program Files\dotnet\sdk\8.0.415\Sdks\Microsoft.NET.Sdk\targets\..\tools\net8.0\Microsoft.NET.Build.Tasks.dll".
       Tarefa "GetPackageDirectory"
   2:7>O projeto "C:\Projects\Irma Dulce\backend\src\IrmaDulce.Infrastructure\IrmaDulce.Infrastructure.csproj" (2:7) está compilando "C:\Projects\Irma Dulce\backend\src\IrmaDulce.Application\IrmaDulce.Application.csproj" (3:9) no nó 4 (GetTargetFrameworks destino(s)).
   3:9>Destino "GetTargetFrameworksWithPlatformForSingleTargetFramework" no arquivo "C:\Program Files\dotnet\sdk\8.0.415\Microsoft.Common.CurrentVersion.targets" do projeto "C:\Projects\Irma Dulce\backend\src\IrmaDulce.Application\IrmaDulce.Application.csproj" (o destino "GetTargetFrameworks" depende dele):
   3:9>Usando a tarefa "CombineTargetFrameworkInfoProperties" do assembly "Microsoft.Build.Tasks.Core, Version=15.1.0.0, Culture=neutral, PublicKeyToken=b03f5f7f11d50a3a".
       Tarefa "CombineTargetFrameworkInfoProperties"
       Tarefa em execução pronta "CombineTargetFrameworkInfoProperties".
   5:8>Tarefa em execução pronta "GetPackageDirectory".
   3:9>Destino de compilação pronto"GetTargetFrameworksWithPlatformForSingleTargetFramework" no projeto "IrmaDulce.Application.csproj".
   3:9>Destino "GetTargetFrameworks" no arquivo "C:\Program Files\dotnet\sdk\8.0.415\Microsoft.Common.CurrentVersion.targets" do projeto "C:\Projects\Irma Dulce\backend\src\IrmaDulce.Application\IrmaDulce.Application.csproj" (ponto de entrada):
       A tarefa "Error" foi ignorada devido a condição falsa; ('$(IsCrossTargetingBuild)' == 'true') foi avaliado como ('' == 'true').
       Usando a tarefa "CombineXmlElements" do assembly "Microsoft.Build.Tasks.Core, Version=15.1.0.0, Culture=neutral, PublicKeyToken=b03f5f7f11d50a3a".
       Tarefa "CombineXmlElements"
       Tarefa em execução pronta "CombineXmlElements".
   3:9>Destino de compilação pronto"GetTargetFrameworks" no projeto "IrmaDulce.Application.csproj".
   5:8>Tarefa "GetPackageDirectory"
   3:9>Projeto de compilação pronto "C:\Projects\Irma Dulce\backend\src\IrmaDulce.Application\IrmaDulce.Application.csproj" (GetTargetFrameworks destino(s)).
   5:8>Tarefa em execução pronta "GetPackageDirectory".
       Tarefa "GetPackageDirectory"
       Tarefa em execução pronta "GetPackageDirectory".
       Tarefa "GetPackageDirectory"
       Tarefa em execução pronta "GetPackageDirectory".
       Tarefa "GetPackageDirectory"
       Tarefa em execução pronta "GetPackageDirectory".
       Tarefa "GetPackageDirectory"
       Tarefa em execução pronta "GetPackageDirectory".
       Tarefa "GetPackageDirectory"
       Tarefa em execução pronta "GetPackageDirectory".
       Tarefa "GetPackageDirectory"
       Tarefa em execução pronta "GetPackageDirectory".
       Tarefa "GetPackageDirectory"
       Tarefa em execução pronta "GetPackageDirectory".
       Tarefa "GetPackageDirectory"
       Tarefa em execução pronta "GetPackageDirectory".
       Usando a tarefa "ResolveFrameworkReferences" do assembly "C:\Program Files\dotnet\sdk\8.0.415\Sdks\Microsoft.NET.Sdk\targets\..\tools\net8.0\Microsoft.NET.Build.Tasks.dll".
       Tarefa "ResolveFrameworkReferences"
       Tarefa em execução pronta "ResolveFrameworkReferences".
   5:8>Destino de compilação pronto"ResolveFrameworkReferences" no projeto "IrmaDulce.Domain.csproj".
   5:8>Destino "ResolveTargetingPackAssets" no arquivo "C:\Program Files\dotnet\sdk\8.0.415\Sdks\Microsoft.NET.Sdk\targets\Microsoft.NET.Sdk.FrameworkReferenceResolution.targets" do projeto "C:\Projects\Irma Dulce\backend\src\IrmaDulce.Domain\IrmaDulce.Domain.csproj" (o destino "_HandlePackageFileConflicts" depende dele):
       Usando a tarefa "ResolveTargetingPackAssets" do assembly "C:\Program Files\dotnet\sdk\8.0.415\Sdks\Microsoft.NET.Sdk\targets\..\tools\net8.0\Microsoft.NET.Build.Tasks.dll".
       Tarefa "ResolveTargetingPackAssets"
   1:2>O projeto "C:\Projects\Irma Dulce\backend\IrmaDulce.sln" (1:2) está compilando "C:\Projects\Irma Dulce\backend\src\IrmaDulce.API\IrmaDulce.API.csproj" (4:6) no nó 2 (destinos padrão).
   4:6>Destino "_CheckForUnsupportedTargetFramework" ignorado devido à condição falsa; ('$(_UnsupportedTargetFrameworkError)' == 'true') foi avaliado como ('' == 'true').
   4:6>Destino "_CollectTargetFrameworkForTelemetry" no arquivo "C:\Program Files\dotnet\sdk\8.0.415\Sdks\Microsoft.NET.Sdk\targets\Microsoft.NET.TargetFrameworkInference.targets" do projeto "C:\Projects\Irma Dulce\backend\src\IrmaDulce.API\IrmaDulce.API.csproj" (o destino "_CheckForInvalidConfigurationAndPlatform" depende dele):
       Usando a tarefa "AllowEmptyTelemetry" do assembly "C:\Program Files\dotnet\sdk\8.0.415\Sdks\Microsoft.NET.Sdk\targets\..\tools\net8.0\Microsoft.NET.Build.Tasks.dll".
       Tarefa "AllowEmptyTelemetry"
       Tarefa em execução pronta "AllowEmptyTelemetry".
   4:6>Destino de compilação pronto"_CollectTargetFrameworkForTelemetry" no projeto "IrmaDulce.API.csproj".
       Destino "_CheckForUnsupportedTargetPlatformIdentifier" ignorado devido à condição falsa; ('$(TargetPlatformIdentifier)' != '' and '$(TargetFrameworkIdentifier)' == '.NETCoreApp' and $([MSBuild]::VersionGreaterThanOrEquals($(TargetFrameworkVersion), 5.0)) And ('$(DesignTimeBuild)' != 'true' Or '@(MissingWorkloadPack)' == '')) foi avaliado como ('' != '' and '.NETCoreApp' == '.NETCoreApp' and True And ('' != 'true' Or '' == '')).
       Destino "_CheckForMissingWorkload" ignorado devido à condição falsa; ('@(MissingWorkloadPack)' != '' And '$(DesignTimeBuild)' != 'true') foi avaliado como ('' != '' And '' != 'true').
   4:6>Destino "_CheckForUnsupportedNETCoreVersion" no arquivo "C:\Program Files\dotnet\sdk\8.0.415\Sdks\Microsoft.NET.Sdk\targets\Microsoft.NET.TargetFrameworkInference.targets" do projeto "C:\Projects\Irma Dulce\backend\src\IrmaDulce.API\IrmaDulce.API.csproj" (o destino "_CheckForInvalidConfigurationAndPlatform" depende dele):
       A tarefa "NETSdkError" foi ignorada devido a condição falsa; ('$(_TargetFrameworkVersionWithoutV)' > '$(NETCoreAppMaximumVersion)' and '$(DisplayVSMessage)' != 'true') foi avaliado como ('8.0' > '8.0' and '' != 'true').
       A tarefa "NETSdkError" foi ignorada devido a condição falsa; ('$(DisplayVSMessage)' == 'true') foi avaliado como ('' == 'true').
   4:6>Destino de compilação pronto"_CheckForUnsupportedNETCoreVersion" no projeto "IrmaDulce.API.csproj".
       Destino "_CheckForEolTargetFrameworks" ignorado devido à condição falsa; ('@(_EolNetCoreTargetFrameworkVersions->AnyHaveMetadataValue('Identity', '$(_TargetFrameworkVersionWithoutV)'))' and '$(TargetFrameworkIdentifier)' == '.NETCoreApp' and '$(CheckEolTargetFramework)' == 'true') foi avaliado como ('false' and '.NETCoreApp' == '.NETCoreApp' and 'true' == 'true').
       Destino "_CheckForEolWorkloads" ignorado devido à condição falsa; ('@(EolWorkload)' != '' and '$(CheckEolWorkloads)' == 'true') foi avaliado como ('' != '' and 'true' == 'true').
   4:6>Destino "_CheckForUnsupportedCppNETCoreVersion" no arquivo "C:\Program Files\dotnet\sdk\8.0.415\Sdks\Microsoft.NET.Sdk\targets\Microsoft.NET.TargetFrameworkInference.targets" do projeto "C:\Projects\Irma Dulce\backend\src\IrmaDulce.API\IrmaDulce.API.csproj" (o destino "_CheckForInvalidConfigurationAndPlatform" depende dele):
       A tarefa "NETSdkError" foi ignorada devido a condição falsa; ('$(TargetFrameworkIdentifier)' == '.NETCoreApp' and '$(_TargetFrameworkVersionWithoutV)' < '3.1' and ('$(Language)' == 'C++' and '$(_EnablePackageReferencesInVCProjects)' != 'true')) foi avaliado como ('.NETCoreApp' == '.NETCoreApp' and '8.0' < '3.1' and ('C#' == 'C++' and '' != 'true')).
   4:6>Destino de compilação pronto"_CheckForUnsupportedCppNETCoreVersion" no projeto "IrmaDulce.API.csproj".
       Destino "_CheckForUnsupportedNETStandardVersion" ignorado devido à condição falsa; ('$(TargetFrameworkIdentifier)' == '.NETStandard' And '$(NETStandardMaximumVersion)' != '') foi avaliado como ('.NETCoreApp' == '.NETStandard' And '' != '').
       Destino "_CheckForUnsupportedTargetFrameworkAndFeatureCombination" ignorado devido à condição falsa; ('$(TargetFrameworkIdentifier)' == '.NETFramework') foi avaliado como ('.NETCoreApp' == '.NETFramework').
       Destino "_CheckForSupportedOSPlatformVersionHigherThanTargetPlatformVersion" ignorado devido à condição falsa; ('$(TargetPlatformVersion)' != '' and '$(TargetFrameworkIdentifier)' == '.NETCoreApp' and $([MSBuild]::VersionGreaterThanOrEquals($(TargetFrameworkVersion), 5.0))) foi avaliado como ('' != '' and '.NETCoreApp' == '.NETCoreApp' and True).
       Destino "_CheckForInvalidTargetPlatformVersion" ignorado devido à condição falsa; ('$(TargetPlatformVersion)' != '' and '$(TargetFrameworkIdentifier)' == '.NETCoreApp' and $([MSBuild]::VersionGreaterThanOrEquals($(TargetFrameworkVersion), 5.0)) and ('$(Language)' != 'C++' or '$(_EnablePackageReferencesInVCProjects)' == 'true')) foi avaliado como ('' != '' and '.NETCoreApp' == '.NETCoreApp' and True and ('C#' != 'C++' or '' == 'true')).
   4:6>Destino "_CheckForUnsupportedArtifactsPath" no arquivo "C:\Program Files\dotnet\sdk\8.0.415\Sdks\Microsoft.NET.Sdk\targets\Microsoft.NET.DefaultOutputPaths.targets" do projeto "C:\Projects\Irma Dulce\backend\src\IrmaDulce.API\IrmaDulce.API.csproj" (o destino "_CheckForInvalidConfigurationAndPlatform" depende dele):
       A tarefa "NetSdkError" foi ignorada devido a condição falsa; ('$(UseArtifactsOutput)' == 'true' and '$(_ArtifactsPathSetEarly)' != 'true') foi avaliado como ('' == 'true' and '' != 'true').
       A tarefa "NetSdkError" foi ignorada devido a condição falsa; ('$(_ArtifactsPathLocationType)' == 'ProjectFolder') foi avaliado como ('' == 'ProjectFolder').
   4:6>Destino de compilação pronto"_CheckForUnsupportedArtifactsPath" no projeto "IrmaDulce.API.csproj".
       Destino "_CheckForMissingWorkload" ignorado devido à condição falsa; ('@(MissingWorkloadPack)' != '' And '$(DesignTimeBuild)' != 'true') foi avaliado como ('' != '' And '' != 'true').
   4:6>Destino "_CheckForUnsupportedAppHostUsage" no arquivo "C:\Program Files\dotnet\sdk\8.0.415\Sdks\Microsoft.NET.Sdk\targets\Microsoft.NET.RuntimeIdentifierInference.targets" do projeto "C:\Projects\Irma Dulce\backend\src\IrmaDulce.API\IrmaDulce.API.csproj" (o destino "_CheckForInvalidConfigurationAndPlatform" depende dele):
       A tarefa "NETSdkError" foi ignorada devido a condição falsa; ('$(SelfContained)' == 'true' and '$(RuntimeIdentifier)' == '' and '$(AllowSelfContainedWithoutRuntimeIdentifier)' != 'true') foi avaliado como ('false' == 'true' and '' == '' and '' != 'true').
       A tarefa "NETSdkError" foi ignorada devido a condição falsa; ('$(PublishReadyToRun)' == 'true' and '$(RuntimeIdentifier)' == '' and '$(_IsPublishing)' == 'true') foi avaliado como ('' == 'true' and '' == '' and '' == 'true').
       A tarefa "NETSdkError" foi ignorada devido a condição falsa; ('$(PublishSingleFile)' == 'true' and '$(RuntimeIdentifier)' == '' and '$(_IsPublishing)' == 'true') foi avaliado como ('' == 'true' and '' == '' and '' == 'true').
       A tarefa "NETSdkError" foi ignorada devido a condição falsa; ('$(PublishAot)' == 'true' and '$(RuntimeIdentifier)' == '' and '$(_IsPublishing)' == 'true' and '$(AllowPublishAotWithoutRuntimeIdentifier)' != 'true') foi avaliado como ('' == 'true' and '' == '' and '' == 'true' and '' != 'true').
       A tarefa "NETSdkError" foi ignorada devido a condição falsa; ('$(PublishSelfContained)' != 'true' and '$(PublishSelfContained)' != 'false' and '$(PublishSelfContained)' != '') foi avaliado como ('' != 'true' and '' != 'false' and '' != '').
       A tarefa "NETSdkError" foi ignorada devido a condição falsa; ('$(SelfContained)' == 'true' and '$(UseAppHost)' != 'true' and '$(_RuntimeIdentifierUsesAppHost)' == 'true') foi avaliado como ('false' == 'true' and 'true' != 'true' and 'true' == 'true').
       A tarefa "NETSdkError" foi ignorada devido a condição falsa; ('$(SelfContained)' != 'true' and '$(UseAppHost)' == 'true' and '$(_TargetFrameworkVersionWithoutV)' < '2.1') foi avaliado como ('false' != 'true' and 'true' == 'true' and '8.0' < '2.1').
       A tarefa "NETSdkError" foi ignorada devido a condição falsa; ('$(PublishSingleFile)' == 'true' and '$(_TargetFrameworkVersionWithoutV)' < '3.0') foi avaliado como ('' == 'true' and '8.0' < '3.0').
       A tarefa "NETSdkWarning" foi ignorada devido a condição falsa; ('$(PublishReadyToRun)' == 'true' and '$(_TargetFrameworkVersionWithoutV)' < '3.0') foi avaliado como ('' == 'true' and '8.0' < '3.0').
       A tarefa "NETSdkWarning" foi ignorada devido a condição falsa; ('$(RuntimeIdentifier)' != '' and '$(_TargetFrameworkVersionWithoutV)' != '' and $([MSBuild]::VersionLessThan($(_TargetFrameworkVersionWithoutV), '8.0')) and '$(_SelfContainedWasSpecified)' != 'true') foi avaliado como ('' != '' and '8.0' != '' and False and '' != 'true').
       A tarefa "NetSdkError" foi ignorada devido a condição falsa; (('$(UseWindowsForms)' == 'true') and ('$(PublishTrimmed)' == 'true') and ('$(_SuppressWinFormsTrimError)' != 'true')) foi avaliado como (('' == 'true') and ('' == 'true') and ('' != 'true')).
       A tarefa "NetSdkError" foi ignorada devido a condição falsa; (('$(UseWpf)' == 'true') and ('$(PublishTrimmed)' == 'true') and ('$(_SuppressWpfTrimError)' != 'true')) foi avaliado como (('' == 'true') and ('' == 'true') and ('' != 'true')).
   4:6>Destino de compilação pronto"_CheckForUnsupportedAppHostUsage" no projeto "IrmaDulce.API.csproj".
   4:6>Destino "_CheckForUnsupportedHostingUsage" no arquivo "C:\Program Files\dotnet\sdk\8.0.415\Sdks\Microsoft.NET.Sdk\targets\Microsoft.NET.RuntimeIdentifierInference.targets" do projeto "C:\Projects\Irma Dulce\backend\src\IrmaDulce.API\IrmaDulce.API.csproj" (o destino "_CheckForInvalidConfigurationAndPlatform" depende dele):
       A tarefa "NETSdkWarning" foi ignorada devido a condição falsa; ('$(SelfContained)' == 'true' and '$(EnableComHosting)' == 'true') foi avaliado como ('false' == 'true' and '' == 'true').
   4:6>Destino de compilação pronto"_CheckForUnsupportedHostingUsage" no projeto "IrmaDulce.API.csproj".
   4:6>Destino "_CheckAndUnsetUnsupportedPrefer32Bit" no arquivo "C:\Program Files\dotnet\sdk\8.0.415\Sdks\Microsoft.NET.Sdk\targets\Microsoft.NET.RuntimeIdentifierInference.targets" do projeto "C:\Projects\Irma Dulce\backend\src\IrmaDulce.API\IrmaDulce.API.csproj" (o destino "_CheckForInvalidConfigurationAndPlatform" depende dele):
       A tarefa "NETSdkWarning" foi ignorada devido a condição falsa; ('$(Prefer32Bit)' == 'true') foi avaliado como ('false' == 'true').
   4:6>Destino de compilação pronto"_CheckAndUnsetUnsupportedPrefer32Bit" no projeto "IrmaDulce.API.csproj".
       Destino "_CheckForMismatchingPlatform" ignorado devido à condição falsa; ('$(RuntimeIdentifier)' != '' and '$(PlatformTarget)' != '') foi avaliado como ('' != '' and '' != '').
   4:6>Destino "_CheckForLanguageAndFeatureCombinationSupport" no arquivo "C:\Program Files\dotnet\sdk\8.0.415\Sdks\Microsoft.NET.Sdk\targets\Microsoft.NET.RuntimeIdentifierInference.targets" do projeto "C:\Projects\Irma Dulce\backend\src\IrmaDulce.API\IrmaDulce.API.csproj" (o destino "_CheckForInvalidConfigurationAndPlatform" depende dele):
       A tarefa "NETSdkError" foi ignorada devido a condição falsa; (('$(Language)' == 'C++' and '$(_EnablePackageReferencesInVCProjects)' != 'true') and $(OutputType) != 'library' and '$(TargetFrameworkIdentifier)' == '.NETCoreApp') foi avaliado como (('C#' == 'C++' and '' != 'true') and Exe != 'library' and '.NETCoreApp' == '.NETCoreApp').
       A tarefa "NETSdkError" foi ignorada devido a condição falsa; (('$(Language)' == 'C++' and '$(_EnablePackageReferencesInVCProjects)' != 'true') and $(EnableComHosting) == 'true') foi avaliado como (('C#' == 'C++' and '' != 'true') and  == 'true').
       A tarefa "NETSdkError" foi ignorada devido a condição falsa; (('$(Language)' == 'C++' and '$(_EnablePackageReferencesInVCProjects)' != 'true') and $(SelfContained) == 'true') foi avaliado como (('C#' == 'C++' and '' != 'true') and false == 'true').
   4:6>Destino de compilação pronto"_CheckForLanguageAndFeatureCombinationSupport" no projeto "IrmaDulce.API.csproj".
       Destino "_CheckForNETCoreSdkIsPreview" ignorado devido à condição falsa; ( '$(_NETCoreSdkIsPreview)' == 'true' AND '$(SuppressNETCoreSdkPreviewMessage)' != 'true' ) foi avaliado como ( 'false' == 'true' AND '' != 'true' ).
   4:6>Destino "_GetProjectJsonPath" no arquivo "C:\Program Files\dotnet\sdk\8.0.415\NuGet.targets" do projeto "C:\Projects\Irma Dulce\backend\src\IrmaDulce.API\IrmaDulce.API.csproj" (o destino "_GetRestoreProjectStyle" depende dele):
       A tarefa "GetRestoreProjectJsonPathTask" foi ignorada devido a condição falsa; ( '$(RestoreProjectStyle)' == 'ProjectJson' OR '$(RestoreProjectStyle)' == '' ) foi avaliado como ( 'PackageReference' == 'ProjectJson' OR 'PackageReference' == '' ).
   4:6>Destino de compilação pronto"_GetProjectJsonPath" no projeto "IrmaDulce.API.csproj".
       Destino "_CheckForUnsupportedTargetPlatformIdentifier" ignorado devido à condição falsa; ('$(TargetPlatformIdentifier)' != '' and '$(TargetFrameworkIdentifier)' == '.NETCoreApp' and $([MSBuild]::VersionGreaterThanOrEquals($(TargetFrameworkVersion), 5.0)) And ('$(DesignTimeBuild)' != 'true' Or '@(MissingWorkloadPack)' == '')) foi avaliado como ('' != '' and '.NETCoreApp' == '.NETCoreApp' and True And ('' != 'true' Or '' == '')).
       Destino "_CheckForMissingWorkload" ignorado devido à condição falsa; ('@(MissingWorkloadPack)' != '' And '$(DesignTimeBuild)' != 'true') foi avaliado como ('' != '' And '' != 'true').
       Destino "_CheckForUnsupportedNETStandardVersion" ignorado devido à condição falsa; ('$(TargetFrameworkIdentifier)' == '.NETStandard' And '$(NETStandardMaximumVersion)' != '') foi avaliado como ('.NETCoreApp' == '.NETStandard' And '' != '').
       Destino "_CheckForUnsupportedTargetFrameworkAndFeatureCombination" ignorado devido à condição falsa; ('$(TargetFrameworkIdentifier)' == '.NETFramework') foi avaliado como ('.NETCoreApp' == '.NETFramework').
   4:6>Destino "UpdateAspNetToFrameworkReference" no arquivo "C:\Program Files\dotnet\sdk\8.0.415\Sdks\Microsoft.NET.Sdk\targets\Microsoft.NET.Sdk.DefaultItems.Shared.targets" do projeto "C:\Projects\Irma Dulce\backend\src\IrmaDulce.API\IrmaDulce.API.csproj" (o destino "ApplyImplicitVersions" depende dele):
       Usando a tarefa "CheckIfPackageReferenceShouldBeFrameworkReference" do assembly "C:\Program Files\dotnet\sdk\8.0.415\Sdks\Microsoft.NET.Sdk\targets\..\tools\net8.0\Microsoft.NET.Build.Tasks.dll".
       Tarefa "CheckIfPackageReferenceShouldBeFrameworkReference"
       Tarefa em execução pronta "CheckIfPackageReferenceShouldBeFrameworkReference".
       A tarefa "NETSdkError" foi ignorada devido a condição falsa; ('$(_ShouldRemoveAspNetCoreAll)' == 'true') foi avaliado como ('False' == 'true').
       Tarefa "CheckIfPackageReferenceShouldBeFrameworkReference"
       Tarefa em execução pronta "CheckIfPackageReferenceShouldBeFrameworkReference".
       A tarefa "NETSdkWarning" foi ignorada devido a condição falsa; ('$(_ShouldRemoveAspNetCoreApp)' == 'true') foi avaliado como ('False' == 'true').
   4:6>Destino de compilação pronto"UpdateAspNetToFrameworkReference" no projeto "IrmaDulce.API.csproj".
       Destino "IncludeTargetingPackReference" ignorado devido à condição falsa; ('$(TargetFrameworkMoniker)' != '' and '$(TargetFrameworkIdentifier)' == '.NETFramework' and '$(AutomaticallyUseReferenceAssemblyPackages)' == 'true') foi avaliado como ('.NETCoreApp,Version=v8.0' != '' and '.NETCoreApp' == '.NETFramework' and 'true' == 'true').
   4:6>Destino "CheckForImplicitPackageReferenceOverrides" no arquivo "C:\Program Files\dotnet\sdk\8.0.415\Sdks\Microsoft.NET.Sdk\targets\Microsoft.NET.Sdk.DefaultItems.Shared.targets" do projeto "C:\Projects\Irma Dulce\backend\src\IrmaDulce.API\IrmaDulce.API.csproj" (o destino "ApplyImplicitVersions" depende dele):
       Usando a tarefa "CheckForImplicitPackageReferenceOverrides" do assembly "C:\Program Files\dotnet\sdk\8.0.415\Sdks\Microsoft.NET.Sdk\targets\..\tools\net8.0\Microsoft.NET.Build.Tasks.dll".
       Tarefa "CheckForImplicitPackageReferenceOverrides"
       Tarefa em execução pronta "CheckForImplicitPackageReferenceOverrides".
   4:6>Destino de compilação pronto"CheckForImplicitPackageReferenceOverrides" no projeto "IrmaDulce.API.csproj".
   4:6>Destino "ApplyImplicitVersions" no arquivo "C:\Program Files\dotnet\sdk\8.0.415\Sdks\Microsoft.NET.Sdk\targets\Microsoft.NET.Sdk.DefaultItems.Shared.targets" do projeto "C:\Projects\Irma Dulce\backend\src\IrmaDulce.API\IrmaDulce.API.csproj" (o destino "CollectPackageReferences" depende dele):
       Usando a tarefa "ApplyImplicitVersions" do assembly "C:\Program Files\dotnet\sdk\8.0.415\Sdks\Microsoft.NET.Sdk\targets\..\tools\net8.0\Microsoft.NET.Build.Tasks.dll".
       Tarefa "ApplyImplicitVersions"
       Tarefa em execução pronta "ApplyImplicitVersions".
   4:6>Destino de compilação pronto"ApplyImplicitVersions" no projeto "IrmaDulce.API.csproj".
       Destino "CheckForImplicitPackageReferenceOverrides" ignorado. Compilado anteriormente com êxito.
       Destino "AddWindowsSdkKnownFrameworkReferences" ignorado devido à condição falsa; ('$(TargetFrameworkIdentifier)' == '.NETCoreApp' And '$(TargetPlatformIdentifier)' == 'Windows') foi avaliado como ('.NETCoreApp' == '.NETCoreApp' And '' == 'Windows').
       Destino "_NormalizeTargetPlatformVersion" ignorado devido à condição falsa; ('$(TargetPlatformVersion)' != '' and '$(TargetFrameworkIdentifier)' == '.NETCoreApp' and $([MSBuild]::VersionGreaterThanOrEquals($(TargetFrameworkVersion), 5.0)) and ('$(Language)' != 'C++' or '$(_EnablePackageReferencesInVCProjects)' == 'true')) foi avaliado como ('' != '' and '.NETCoreApp' == '.NETCoreApp' and True and ('C#' != 'C++' or '' == 'true')).
   4:6>Destino "_ComputeToolPackInputsToProcessFrameworkReferences" no arquivo "C:\Program Files\dotnet\sdk\8.0.415\Sdks\Microsoft.NET.Sdk\targets\Microsoft.NET.Publish.targets" do projeto "C:\Projects\Irma Dulce\backend\src\IrmaDulce.API\IrmaDulce.API.csproj" (o destino "ProcessFrameworkReferences" depende dele):
   4:6>Destino de compilação pronto"_ComputeToolPackInputsToProcessFrameworkReferences" no projeto "IrmaDulce.API.csproj".
   4:6>Destino "ProcessFrameworkReferences" no arquivo "C:\Program Files\dotnet\sdk\8.0.415\Sdks\Microsoft.NET.Sdk\targets\Microsoft.NET.Sdk.FrameworkReferenceResolution.targets" do projeto "C:\Projects\Irma Dulce\backend\src\IrmaDulce.API\IrmaDulce.API.csproj" (o destino "CollectPackageReferences" depende dele):
       Usando a tarefa "CheckForDuplicateFrameworkReferences" do assembly "C:\Program Files\dotnet\sdk\8.0.415\Sdks\Microsoft.NET.Sdk\targets\..\tools\net8.0\Microsoft.NET.Build.Tasks.dll".
       Tarefa "CheckForDuplicateFrameworkReferences"
       Tarefa em execução pronta "CheckForDuplicateFrameworkReferences".
       Usando a tarefa "ProcessFrameworkReferences" do assembly "C:\Program Files\dotnet\sdk\8.0.415\Sdks\Microsoft.NET.Sdk\targets\..\tools\net8.0\Microsoft.NET.Build.Tasks.dll".
       Tarefa "ProcessFrameworkReferences"
       Tarefa em execução pronta "ProcessFrameworkReferences".
       Usando a tarefa "ResolveAppHosts" do assembly "C:\Program Files\dotnet\sdk\8.0.415\Sdks\Microsoft.NET.Sdk\targets\..\tools\net8.0\Microsoft.NET.Build.Tasks.dll".
       Tarefa "ResolveAppHosts"
       Tarefa em execução pronta "ResolveAppHosts".
   4:6>Destino de compilação pronto"ProcessFrameworkReferences" no projeto "IrmaDulce.API.csproj".
       Destino "IncludeTargetingPackReference" ignorado devido à condição falsa; ('$(TargetFrameworkMoniker)' != '' and '$(TargetFrameworkIdentifier)' == '.NETFramework' and '$(AutomaticallyUseReferenceAssemblyPackages)' == 'true') foi avaliado como ('.NETCoreApp,Version=v8.0' != '' and '.NETCoreApp' == '.NETFramework' and 'true' == 'true').
   4:6>Destino "_AddMicrosoftNetCompilerToolsetFrameworkPackage" no arquivo "C:\Program Files\dotnet\sdk\8.0.415\Sdks\Microsoft.NET.Sdk\targets\Microsoft.NET.Sdk.targets" do projeto "C:\Projects\Irma Dulce\backend\src\IrmaDulce.API\IrmaDulce.API.csproj" (o destino "CollectPackageReferences" depende dele):
       A tarefa "NETSdkWarning" foi ignorada devido a condição falsa; ('@(PackageReference->AnyHaveMetadataValue('Identity', 'Microsoft.Net.Compilers.Toolset.Framework'))' == 'true') foi avaliado como ('false' == 'true').
   4:6>Destino de compilação pronto"_AddMicrosoftNetCompilerToolsetFrameworkPackage" no projeto "IrmaDulce.API.csproj".
   4:6>Destino "_CheckForObsoleteDotNetCliToolReferences" no arquivo "C:\Program Files\dotnet\sdk\8.0.415\Sdks\Microsoft.NET.Sdk\targets\Microsoft.NET.ObsoleteReferences.targets" do projeto "C:\Projects\Irma Dulce\backend\src\IrmaDulce.API\IrmaDulce.API.csproj" (o destino "CollectPackageReferences" depende dele):
       A tarefa "NETSdkWarning" foi ignorada devido a condição falsa; ( '%(_ReferenceToObsoleteDotNetCliTool.Identity)' != '' ) foi avaliado como ( '' != '' ).
   4:6>Destino de compilação pronto"_CheckForObsoleteDotNetCliToolReferences" no projeto "IrmaDulce.API.csproj".
   4:6>Destino "CollectPackageReferences" no arquivo "C:\Program Files\dotnet\sdk\8.0.415\NuGet.targets" do projeto "C:\Projects\Irma Dulce\backend\src\IrmaDulce.API\IrmaDulce.API.csproj" (o destino "_GetRestoreProjectStyle" depende dele):
       Usando a tarefa "CheckForDuplicateNuGetItemsTask" do assembly "C:\Program Files\dotnet\sdk\8.0.415\NuGet.Build.Tasks.dll".
       Tarefa "CheckForDuplicateNuGetItemsTask"
       Tarefa em execução pronta "CheckForDuplicateNuGetItemsTask".
   4:6>Destino de compilação pronto"CollectPackageReferences" no projeto "IrmaDulce.API.csproj".
   4:6>Destino "_GetRestoreProjectStyle" no arquivo "C:\Program Files\dotnet\sdk\8.0.415\NuGet.targets" do projeto "C:\Projects\Irma Dulce\backend\src\IrmaDulce.API\IrmaDulce.API.csproj" (o destino "EnableIntermediateOutputPathMismatchWarning" depende dele):
       Usando a tarefa "GetRestoreProjectStyleTask" do assembly "C:\Program Files\dotnet\sdk\8.0.415\NuGet.Build.Tasks.dll".
       Tarefa "GetRestoreProjectStyleTask"
       Tarefa em execução pronta "GetRestoreProjectStyleTask".
   4:6>Destino de compilação pronto"_GetRestoreProjectStyle" no projeto "IrmaDulce.API.csproj".
   4:6>Destino "EnableIntermediateOutputPathMismatchWarning" no arquivo "C:\Program Files\dotnet\sdk\8.0.415\NuGet.targets" do projeto "C:\Projects\Irma Dulce\backend\src\IrmaDulce.API\IrmaDulce.API.csproj" (o destino "_CheckForInvalidConfigurationAndPlatform" depende dele):
   4:6>Destino de compilação pronto"EnableIntermediateOutputPathMismatchWarning" no projeto "IrmaDulce.API.csproj".
       Destino "ApplyImplicitVersions" ignorado. Compilado anteriormente com êxito.
       Destino "CheckForImplicitPackageReferenceOverrides" ignorado. Compilado anteriormente com êxito.
   4:6>Destino "CheckForDuplicateItems" no arquivo "C:\Program Files\dotnet\sdk\8.0.415\Sdks\Microsoft.NET.Sdk\targets\Microsoft.NET.Sdk.DefaultItems.Shared.targets" do projeto "C:\Projects\Irma Dulce\backend\src\IrmaDulce.API\IrmaDulce.API.csproj" (o destino "_CheckForInvalidConfigurationAndPlatform" depende dele):
       Usando a tarefa "CheckForDuplicateItems" do assembly "C:\Program Files\dotnet\sdk\8.0.415\Sdks\Microsoft.NET.Sdk\targets\..\tools\net8.0\Microsoft.NET.Build.Tasks.dll".
       Tarefa "CheckForDuplicateItems"
       Tarefa em execução pronta "CheckForDuplicateItems".
       Tarefa "CheckForDuplicateItems"
       Tarefa em execução pronta "CheckForDuplicateItems".
       Tarefa "CheckForDuplicateItems"
       Tarefa em execução pronta "CheckForDuplicateItems".
   4:6>Destino de compilação pronto"CheckForDuplicateItems" no projeto "IrmaDulce.API.csproj".
       Destino "WarnForExplicitVersions" ignorado devido à condição falsa; ('@(SdkBuildWarning)' != '') foi avaliado como ('' != '').
       Destino "_CheckForFailedSDKResolution" ignorado devido à condição falsa; ('$(SdkResolverHonoredGlobalJson)' == 'false') foi avaliado como ('' == 'false').
       Destino "_WarnWhenUsingNET8AndVSPriorTo178" ignorado devido à condição falsa; ($([MSBuild]::VersionLessThan($(MSBuildVersion), '17.8.0')) and '$(TargetFrameworkIdentifier)' == '.NETCoreApp' and $([MSBuild]::VersionGreaterThanOrEquals($(_TargetFrameworkVersionWithoutV), '8.0'))) foi avaliado como (False and '.NETCoreApp' == '.NETCoreApp' and True).
       Destino "_CheckForInvalidWindowsDesktopTargetingConfiguration" ignorado devido à condição falsa; ('$(TargetFrameworkIdentifier)' == '.NETCoreApp' and $([MSBuild]::VersionGreaterThanOrEquals($(_TargetFrameworkVersionWithoutV), '5.0')) and ('$(UseWindowsForms)' == 'true' or '$(UseWPF)' == 'true')) foi avaliado como ('.NETCoreApp' == '.NETCoreApp' and True and ('' == 'true' or '' == 'true')).
       Destino "_CheckForUnnecessaryWindowsDesktopSDK" ignorado devido à condição falsa; ('$(TargetFrameworkIdentifier)' == '.NETCoreApp' and $([MSBuild]::VersionGreaterThanOrEquals($(_TargetFrameworkVersionWithoutV), '5.0')) and '$(_MicrosoftWindowsDesktopSdkImported)' == 'true' and '$(TargetFrameworks)' == '') foi avaliado como ('.NETCoreApp' == '.NETCoreApp' and True and '' == 'true' and '' == '').
       Destino "ProcessFrameworkReferences" ignorado. Compilado anteriormente com êxito.
       Destino "IncludeTargetingPackReference" ignorado devido à condição falsa; ('$(TargetFrameworkMoniker)' != '' and '$(TargetFrameworkIdentifier)' == '.NETFramework' and '$(AutomaticallyUseReferenceAssemblyPackages)' == 'true') foi avaliado como ('.NETCoreApp,Version=v8.0' != '' and '.NETCoreApp' == '.NETFramework' and 'true' == 'true').
   4:6>Destino "_CheckForInvalidConfigurationAndPlatform" no arquivo "C:\Program Files\dotnet\sdk\8.0.415\Microsoft.Common.CurrentVersion.targets" do projeto "C:\Projects\Irma Dulce\backend\src\IrmaDulce.API\IrmaDulce.API.csproj" (o destino "BeforeBuild" depende dele):
       A tarefa "Error" foi ignorada devido a condição falsa; ( '$(_InvalidConfigurationError)' == 'true' ) foi avaliado como ( '' == 'true' ).
       A tarefa "Warning" foi ignorada devido a condição falsa; ( '$(_InvalidConfigurationWarning)' == 'true' ) foi avaliado como ( '' == 'true' ).
       Tarefa "Message"
         Configuration=Debug
       Tarefa em execução pronta "Message".
       Tarefa "Message"
         Platform=AnyCPU
       Tarefa em execução pronta "Message".
       A tarefa "Error" foi ignorada devido a condição falsa; ('$(OutDir)' != '' and !HasTrailingSlash('$(OutDir)')) foi avaliado como ('bin\Debug\net8.0\' != '' and !HasTrailingSlash('bin\Debug\net8.0\')).
       A tarefa "Error" foi ignorada devido a condição falsa; ('$(IntermediateOutputPath)' != '' and !HasTrailingSlash('$(IntermediateOutputPath)')) foi avaliado como ('obj\Debug\net8.0\' != '' and !HasTrailingSlash('obj\Debug\net8.0\')).
       A tarefa "Error" foi ignorada devido a condição falsa; ('$(BaseIntermediateOutputPath)' != '' and !HasTrailingSlash('$(BaseIntermediateOutputPath)')) foi avaliado como ('C:\Projects\Irma Dulce\backend\src\IrmaDulce.API\obj\' != '' and !HasTrailingSlash('C:\Projects\Irma Dulce\backend\src\IrmaDulce.API\obj\')).
       A tarefa "MSBuildInternalMessage" foi ignorada devido a condição falsa; ( '$(Prefer32Bit)' == 'true' and '$(PreferNativeArm64)' == 'true' ) foi avaliado como ( 'false' == 'true' and '' == 'true' ).
       A tarefa "MSBuildInternalMessage" foi ignorada devido a condição falsa; ( '$(NoWin32Manifest)' == 'true' and '$(PreferNativeArm64)' == 'true' ) foi avaliado como ( '' == 'true' and '' == 'true' ).
       A tarefa "MSBuildInternalMessage" foi ignorada devido a condição falsa; ( '$(PreferNativeArm64)' == 'true' and '$(Platform)' != 'AnyCPU' ) foi avaliado como ( '' == 'true' and 'AnyCPU' != 'AnyCPU' ).
       A tarefa "Error" foi ignorada devido a condição falsa; ( '$(_InitialMSBuildProjectExtensionsPath)' != '' And '$(MSBuildProjectExtensionsPath)' != '$(_InitialMSBuildProjectExtensionsPath)' ) foi avaliado como ( 'C:\Projects\Irma Dulce\backend\src\IrmaDulce.API\obj\' != '' And 'C:\Projects\Irma Dulce\backend\src\IrmaDulce.API\obj\' != 'C:\Projects\Irma Dulce\backend\src\IrmaDulce.API\obj\' ).
       A tarefa "Warning" foi ignorada devido a condição falsa; ( '$(EnableBaseIntermediateOutputPathMismatchWarning)' == 'true' And '$(_InitialBaseIntermediateOutputPath)' != '$(BaseIntermediateOutputPath)' And '$(BaseIntermediateOutputPath)' != '$(MSBuildProjectExtensionsPath)' ) foi avaliado como ( 'true' == 'true' And 'obj\' != 'C:\Projects\Irma Dulce\backend\src\IrmaDulce.API\obj\' And 'C:\Projects\Irma Dulce\backend\src\IrmaDulce.API\obj\' != 'C:\Projects\Irma Dulce\backend\src\IrmaDulce.API\obj\' ).
   4:6>Destino de compilação pronto"_CheckForInvalidConfigurationAndPlatform" no projeto "IrmaDulce.API.csproj".
   4:6>Destino "ValidateCommandLineProperties" no arquivo "C:\Program Files\dotnet\sdk\8.0.415\Sdks\Microsoft.NET.Sdk\targets\Microsoft.NET.Sdk.targets" do projeto "C:\Projects\Irma Dulce\backend\src\IrmaDulce.API\IrmaDulce.API.csproj" (o destino "BeforeBuild" depende dele):
   4:6>Destino de compilação pronto"ValidateCommandLineProperties" no projeto "IrmaDulce.API.csproj".
   4:6>Destino "BeforeBuild" no arquivo "C:\Program Files\dotnet\sdk\8.0.415\Microsoft.Common.CurrentVersion.targets" do projeto "C:\Projects\Irma Dulce\backend\src\IrmaDulce.API\IrmaDulce.API.csproj" (o destino "Build" depende dele):
   4:6>Destino de compilação pronto"BeforeBuild" no projeto "IrmaDulce.API.csproj".
       Destino "_CheckForBuildWithNoBuild" ignorado devido à condição falsa; ('$(NoBuild)' == 'true' and '$(GeneratePackageOnBuild)' != 'true') foi avaliado como ('' == 'true' and 'false' != 'true').
   4:6>Destino "BuildOnlySettings" no arquivo "C:\Program Files\dotnet\sdk\8.0.415\Microsoft.Common.CurrentVersion.targets" do projeto "C:\Projects\Irma Dulce\backend\src\IrmaDulce.API\IrmaDulce.API.csproj" (o destino "CoreBuild" depende dele):
   4:6>Destino de compilação pronto"BuildOnlySettings" no projeto "IrmaDulce.API.csproj".
       Destino "_CheckForUnsupportedTargetFramework" ignorado devido à condição falsa; ('$(_UnsupportedTargetFrameworkError)' == 'true') foi avaliado como ('' == 'true').
   5:8>Tarefa em execução pronta "ResolveTargetingPackAssets".
   4:6>Destino "_CheckForUnsupportedTargetPlatformIdentifier" ignorado devido à condição falsa; ('$(TargetPlatformIdentifier)' != '' and '$(TargetFrameworkIdentifier)' == '.NETCoreApp' and $([MSBuild]::VersionGreaterThanOrEquals($(TargetFrameworkVersion), 5.0)) And ('$(DesignTimeBuild)' != 'true' Or '@(MissingWorkloadPack)' == '')) foi avaliado como ('' != '' and '.NETCoreApp' == '.NETCoreApp' and True And ('' != 'true' Or '' == '')).
       Destino "_CheckForMissingWorkload" ignorado devido à condição falsa; ('@(MissingWorkloadPack)' != '' And '$(DesignTimeBuild)' != 'true') foi avaliado como ('' != '' And '' != 'true').
   4:6>Destino "GetFrameworkPaths" no arquivo "C:\Program Files\dotnet\sdk\8.0.415\Sdks\Microsoft.NET.Sdk\targets\Microsoft.NET.DisableStandardFrameworkResolution.targets" do projeto "C:\Projects\Irma Dulce\backend\src\IrmaDulce.API\IrmaDulce.API.csproj" (o destino "PrepareForBuild" depende dele):
   4:6>Destino de compilação pronto"GetFrameworkPaths" no projeto "IrmaDulce.API.csproj".
       Destino "_CheckForUnsupportedTargetFramework" ignorado devido à condição falsa; ('$(_UnsupportedTargetFrameworkError)' == 'true') foi avaliado como ('' == 'true').
       Destino "_CheckForUnsupportedTargetPlatformIdentifier" ignorado devido à condição falsa; ('$(TargetPlatformIdentifier)' != '' and '$(TargetFrameworkIdentifier)' == '.NETCoreApp' and $([MSBuild]::VersionGreaterThanOrEquals($(TargetFrameworkVersion), 5.0)) And ('$(DesignTimeBuild)' != 'true' Or '@(MissingWorkloadPack)' == '')) foi avaliado como ('' != '' and '.NETCoreApp' == '.NETCoreApp' and True And ('' != 'true' Or '' == '')).
   5:8>Destino de compilação pronto"ResolveTargetingPackAssets" no projeto "IrmaDulce.Domain.csproj".
   4:6>Destino "_CheckForMissingWorkload" ignorado devido à condição falsa; ('@(MissingWorkloadPack)' != '' And '$(DesignTimeBuild)' != 'true') foi avaliado como ('' != '' And '' != 'true').
   4:6>Destino "GetReferenceAssemblyPaths" no arquivo "C:\Program Files\dotnet\sdk\8.0.415\Sdks\Microsoft.NET.Sdk\targets\Microsoft.NET.DisableStandardFrameworkResolution.targets" do projeto "C:\Projects\Irma Dulce\backend\src\IrmaDulce.API\IrmaDulce.API.csproj" (o destino "PrepareForBuild" depende dele):
   4:6>Destino de compilação pronto"GetReferenceAssemblyPaths" no projeto "IrmaDulce.API.csproj".
       Destino "AssignLinkMetadata" ignorado devido à condição falsa; ( '$(SynthesizeLinkMetadata)' == 'true' ) foi avaliado como ( '' == 'true' ).
   4:6>Destino "ResolveRazorGenerateInputs" no arquivo "C:\Program Files\dotnet\sdk\8.0.415\Sdks\Microsoft.NET.Sdk.Razor\targets\Sdk.Razor.CurrentVersion.targets" do projeto "C:\Projects\Irma Dulce\backend\src\IrmaDulce.API\IrmaDulce.API.csproj" (o destino "PrepareForBuild" depende dele):
   4:6>Destino de compilação pronto"ResolveRazorGenerateInputs" no projeto "IrmaDulce.API.csproj".
       Destino "_VerifyPackReleaseConfigurations" ignorado devido à condição falsa; ('$(_IsPacking)' == 'true' and '$(DOTNET_CLI_DISABLE_PUBLISH_AND_PACK_RELEASE)' != 'true' and '$(DOTNET_CLI_LAZY_PUBLISH_AND_PACK_RELEASE_FOR_SOLUTIONS)' == 'true') foi avaliado como ('' == 'true' and '' != 'true' and '' == 'true').
   4:6>Destino "PrepareForBuild" no arquivo "C:\Program Files\dotnet\sdk\8.0.415\Microsoft.Common.CurrentVersion.targets" do projeto "C:\Projects\Irma Dulce\backend\src\IrmaDulce.API\IrmaDulce.API.csproj" (o destino "CoreBuild" depende dele):
       Usando a tarefa "FindAppConfigFile" do assembly "Microsoft.Build.Tasks.Core, Version=15.1.0.0, Culture=neutral, PublicKeyToken=b03f5f7f11d50a3a".
       Tarefa "FindAppConfigFile"
       Tarefa em execução pronta "FindAppConfigFile".
       Usando a tarefa "MakeDir" do assembly "Microsoft.Build.Tasks.Core, Version=15.1.0.0, Culture=neutral, PublicKeyToken=b03f5f7f11d50a3a".
       Tarefa "MakeDir"
       Tarefa em execução pronta "MakeDir".
   4:6>Destino de compilação pronto"PrepareForBuild" no projeto "IrmaDulce.API.csproj".
   4:6>Destino "GenerateGlobalUsings" no arquivo "C:\Program Files\dotnet\sdk\8.0.415\Sdks\Microsoft.NET.Sdk\targets\Microsoft.NET.GenerateGlobalUsings.targets" do projeto "C:\Projects\Irma Dulce\backend\src\IrmaDulce.API\IrmaDulce.API.csproj" (o destino "CoreBuild" depende dele):
       Usando a tarefa "GenerateGlobalUsings" do assembly "C:\Program Files\dotnet\sdk\8.0.415\Sdks\Microsoft.NET.Sdk\targets\..\tools\net8.0\Microsoft.NET.Build.Tasks.dll".
       Tarefa "GenerateGlobalUsings"
       Tarefa em execução pronta "GenerateGlobalUsings".
       Usando a tarefa "WriteLinesToFile" do assembly "Microsoft.Build.Tasks.Core, Version=15.1.0.0, Culture=neutral, PublicKeyToken=b03f5f7f11d50a3a".
       Tarefa "WriteLinesToFile"
         Ignorando a gravação no arquivo "obj\Debug\net8.0\IrmaDulce.API.GlobalUsings.g.cs" porque o conteúdo não seria alterado.
       Tarefa em execução pronta "WriteLinesToFile".
   4:6>Destino de compilação pronto"GenerateGlobalUsings" no projeto "IrmaDulce.API.csproj".
       Destino "PreBuildEvent" ignorado devido à condição falsa; ('$(PreBuildEvent)'!='') foi avaliado como (''!='').
   4:6>Destino "BeforeResolveReferences" no arquivo "C:\Program Files\dotnet\sdk\8.0.415\Microsoft.Common.CurrentVersion.targets" do projeto "C:\Projects\Irma Dulce\backend\src\IrmaDulce.API\IrmaDulce.API.csproj" (o destino "ResolveReferences" depende dele):
   4:6>Destino de compilação pronto"BeforeResolveReferences" no projeto "IrmaDulce.API.csproj".
   4:6>Destino "IgnoreJavaScriptOutputAssembly" no arquivo "C:\Program Files\dotnet\sdk\8.0.415\Microsoft.Common.CurrentVersion.targets" do projeto "C:\Projects\Irma Dulce\backend\src\IrmaDulce.API\IrmaDulce.API.csproj" (o destino "AssignProjectConfiguration" depende dele):
   4:6>Destino de compilação pronto"IgnoreJavaScriptOutputAssembly" no projeto "IrmaDulce.API.csproj".
       Destino "ProcessFrameworkReferences" ignorado. Compilado anteriormente com êxito.
   4:6>Destino "_DefaultMicrosoftNETPlatformLibrary" no arquivo "C:\Program Files\dotnet\sdk\8.0.415\Sdks\Microsoft.NET.Sdk\targets\Microsoft.NET.Sdk.Shared.targets" do projeto "C:\Projects\Irma Dulce\backend\src\IrmaDulce.API\IrmaDulce.API.csproj" (o destino "ResolvePackageAssets" depende dele):
   4:6>Destino de compilação pronto"_DefaultMicrosoftNETPlatformLibrary" no projeto "IrmaDulce.API.csproj".
   4:6>Destino "_ComputePackageReferencePublish" no arquivo "C:\Program Files\dotnet\sdk\8.0.415\Sdks\Microsoft.NET.Sdk\targets\Microsoft.NET.Sdk.Shared.targets" do projeto "C:\Projects\Irma Dulce\backend\src\IrmaDulce.API\IrmaDulce.API.csproj" (o destino "ResolvePackageAssets" depende dele):
   4:6>Destino de compilação pronto"_ComputePackageReferencePublish" no projeto "IrmaDulce.API.csproj".
       Destino "_ResolveCompilerVersion" ignorado devido à condição falsa; ('$(CompilerApiVersion)' == '' And
                            ('$(Language)' == 'C#' Or '$(Language)' == 'VB') And
                            Exists('$(RoslynTargetsPath)\Microsoft.Build.Tasks.CodeAnalysis.dll')) foi avaliado como ('roslyn4.11' == '' And
                            ('C#' == 'C#' Or 'C#' == 'VB') And
                            Exists('C:\Program Files\dotnet\sdk\8.0.415\Roslyn\Microsoft.Build.Tasks.CodeAnalysis.dll')).
   4:6>Destino "ResolvePackageAssets" no arquivo "C:\Program Files\dotnet\sdk\8.0.415\Sdks\Microsoft.NET.Sdk\targets\Microsoft.PackageDependencyResolution.targets" do projeto "C:\Projects\Irma Dulce\backend\src\IrmaDulce.API\IrmaDulce.API.csproj" (o destino "ResolveLockFileReferences" depende dele):
       Usando a tarefa "ResolvePackageAssets" do assembly "C:\Program Files\dotnet\sdk\8.0.415\Sdks\Microsoft.NET.Sdk\targets\..\tools\net8.0\Microsoft.NET.Build.Tasks.dll".
       Tarefa "ResolvePackageAssets"
       Tarefa em execução pronta "ResolvePackageAssets".
   4:6>Destino de compilação pronto"ResolvePackageAssets" no projeto "IrmaDulce.API.csproj".
       Destino "AdjustDefaultPlatformTargetForNetFrameworkExeWithNoNativeCopyLocalItems" ignorado devido à condição falsa; ('$(_UsingDefaultPlatformTarget)' == 'true' and
                            '$(_UsingDefaultRuntimeIdentifier)' == 'true') foi avaliado como ('true' == 'true' and
                            '' == 'true').
   4:6>Destino "_CheckForTransitiveWindowsDesktopDependencies" no arquivo "C:\Program Files\dotnet\sdk\8.0.415\Sdks\Microsoft.NET.Sdk\targets\Microsoft.NET.Sdk.DefaultItems.Shared.targets" do projeto "C:\Projects\Irma Dulce\backend\src\IrmaDulce.API\IrmaDulce.API.csproj" (o destino "ResolveLockFileReferences" depende dele):
       A tarefa "NetSdkError" foi ignorada devido a condição falsa; ('@(_WindowsDesktopTransitiveFrameworkReference)' != '') foi avaliado como ('' != '').
   4:6>Destino de compilação pronto"_CheckForTransitiveWindowsDesktopDependencies" no projeto "IrmaDulce.API.csproj".
   4:6>Destino "AddTransitiveFrameworkReferences" no arquivo "C:\Program Files\dotnet\sdk\8.0.415\Sdks\Microsoft.NET.Sdk\targets\Microsoft.NET.Sdk.FrameworkReferenceResolution.targets" do projeto "C:\Projects\Irma Dulce\backend\src\IrmaDulce.API\IrmaDulce.API.csproj" (o destino "ResolveLockFileReferences" depende dele):
   4:6>Destino de compilação pronto"AddTransitiveFrameworkReferences" no projeto "IrmaDulce.API.csproj".
   4:6>Destino "ResolveLockFileReferences" no arquivo "C:\Program Files\dotnet\sdk\8.0.415\Sdks\Microsoft.NET.Sdk\targets\Microsoft.PackageDependencyResolution.targets" do projeto "C:\Projects\Irma Dulce\backend\src\IrmaDulce.API\IrmaDulce.API.csproj" (o destino "ResolvePackageDependenciesForBuild" depende dele):
       Usando a tarefa "JoinItems" do assembly "C:\Program Files\dotnet\sdk\8.0.415\Sdks\Microsoft.NET.Sdk\targets\..\tools\net8.0\Microsoft.NET.Build.Tasks.dll".
       Tarefa "JoinItems"
       Tarefa em execução pronta "JoinItems".
   4:6>Destino de compilação pronto"ResolveLockFileReferences" no projeto "IrmaDulce.API.csproj".
       Destino "ResolvePackageAssets" ignorado. Compilado anteriormente com êxito.
   4:6>Destino "ResolveLockFileAnalyzers" no arquivo "C:\Program Files\dotnet\sdk\8.0.415\Sdks\Microsoft.NET.Sdk\targets\Microsoft.PackageDependencyResolution.targets" do projeto "C:\Projects\Irma Dulce\backend\src\IrmaDulce.API\IrmaDulce.API.csproj" (o destino "ResolvePackageDependenciesForBuild" depende dele):
   4:6>Destino de compilação pronto"ResolveLockFileAnalyzers" no projeto "IrmaDulce.API.csproj".
       Destino "ResolvePackageAssets" ignorado. Compilado anteriormente com êxito.
       Destino "RunProduceContentAssets" ignorado devido à condição falsa; ('@(_ContentFilesToPreprocess)' != '' and '$(_CleaningWithoutRebuilding)' != 'true') foi avaliado como ('' != '' and '' != 'true').
   4:6>Destino "ResolveLockFileCopyLocalFiles" no arquivo "C:\Program Files\dotnet\sdk\8.0.415\Sdks\Microsoft.NET.Sdk\targets\Microsoft.PackageDependencyResolution.targets" do projeto "C:\Projects\Irma Dulce\backend\src\IrmaDulce.API\IrmaDulce.API.csproj" (o destino "ResolvePackageDependenciesForBuild" depende dele):
   4:6>Destino de compilação pronto"ResolveLockFileCopyLocalFiles" no projeto "IrmaDulce.API.csproj".
       Destino "ResolveRuntimePackAssets" ignorado devido à condição falsa; ('@(RuntimePack)' != '') foi avaliado como ('' != '').
       Destino "RunProduceContentAssets" ignorado devido à condição falsa; ('@(_ContentFilesToPreprocess)' != '' and '$(_CleaningWithoutRebuilding)' != 'true') foi avaliado como ('' != '' and '' != 'true').
       Destino "ResolvePackageAssets" ignorado. Compilado anteriormente com êxito.
   4:6>Destino "IncludeTransitiveProjectReferences" no arquivo "C:\Program Files\dotnet\sdk\8.0.415\Sdks\Microsoft.NET.Sdk\targets\Microsoft.PackageDependencyResolution.targets" do projeto "C:\Projects\Irma Dulce\backend\src\IrmaDulce.API\IrmaDulce.API.csproj" (o destino "ResolvePackageDependenciesForBuild" depende dele):
   4:6>Destino de compilação pronto"IncludeTransitiveProjectReferences" no projeto "IrmaDulce.API.csproj".
   4:6>Destino "ResolvePackageDependenciesForBuild" no arquivo "C:\Program Files\dotnet\sdk\8.0.415\Sdks\Microsoft.NET.Sdk\targets\Microsoft.PackageDependencyResolution.targets" do projeto "C:\Projects\Irma Dulce\backend\src\IrmaDulce.API\IrmaDulce.API.csproj" (o destino "AssignProjectConfiguration" depende dele):
   4:6>Destino de compilação pronto"ResolvePackageDependenciesForBuild" no projeto "IrmaDulce.API.csproj".
       Destino "_Microsoft_Extensions_OptionsAnalyzerMultiTargeting" ignorado devido à condição falsa; ('$(SupportsRoslynComponentVersioning)' != 'true') foi avaliado como ('true' != 'true').
       Destino "_Microsoft_Extensions_OptionsRemoveAnalyzers" ignorado devido à condição falsa; ('$(DisableMicrosoftExtensionsOptionsSourceGenerator)' == 'true') foi avaliado como ('' == 'true').
       Destino "_Microsoft_Extensions_Logging_AbstractionsAnalyzerMultiTargeting" ignorado devido à condição falsa; ('$(SupportsRoslynComponentVersioning)' != 'true') foi avaliado como ('true' != 'true').
       Destino "_Microsoft_Extensions_Logging_AbstractionsRemoveAnalyzers" ignorado devido à condição falsa; ('$(DisableMicrosoftExtensionsLoggingSourceGenerator)' == 'true') foi avaliado como ('' == 'true').
   4:6>Destino "AssignProjectConfiguration" no arquivo "C:\Program Files\dotnet\sdk\8.0.415\Microsoft.Common.CurrentVersion.targets" do projeto "C:\Projects\Irma Dulce\backend\src\IrmaDulce.API\IrmaDulce.API.csproj" (o destino "ResolveReferences" depende dele):
       Usando a tarefa "AssignProjectConfiguration" do assembly "Microsoft.Build.Tasks.Core, Version=15.1.0.0, Culture=neutral, PublicKeyToken=b03f5f7f11d50a3a".
       Tarefa "AssignProjectConfiguration"
         A referência de projeto "..\IrmaDulce.Application\IrmaDulce.Application.csproj" foi atribuída à configuração "Debug|AnyCPU".
         A referência de projeto "..\IrmaDulce.Infrastructure\IrmaDulce.Infrastructure.csproj" foi atribuída à configuração "Debug|AnyCPU".
         A referência de projeto "..\IrmaDulce.Domain\IrmaDulce.Domain.csproj" foi atribuída à configuração "Debug|AnyCPU".
       Tarefa em execução pronta "AssignProjectConfiguration".
   4:6>Destino de compilação pronto"AssignProjectConfiguration" no projeto "IrmaDulce.API.csproj".
       Destino "AssignProjectConfiguration" ignorado. Compilado anteriormente com êxito.
   4:6>Destino "_SplitProjectReferencesByFileExistence" no arquivo "C:\Program Files\dotnet\sdk\8.0.415\Microsoft.Common.CurrentVersion.targets" do projeto "C:\Projects\Irma Dulce\backend\src\IrmaDulce.API\IrmaDulce.API.csproj" (o destino "PrepareProjectReferences" depende dele):
       A tarefa "ResolveNonMSBuildProjectOutput" foi ignorada devido a condição falsa; ('$(BuildingInsideVisualStudio)'=='true' and '@(ProjectReferenceWithConfiguration)'!='') foi avaliado como (''=='true' and '..\IrmaDulce.Application\IrmaDulce.Application.csproj;..\IrmaDulce.Infrastructure\IrmaDulce.Infrastructure.csproj;..\IrmaDulce.Domain\IrmaDulce.Domain.csproj'!='').
   4:6>Destino de compilação pronto"_SplitProjectReferencesByFileExistence" no projeto "IrmaDulce.API.csproj".
   4:6>Destino "_AddOutputPathToGlobalPropertiesToRemove" no arquivo "C:\Program Files\dotnet\sdk\8.0.415\Microsoft.Common.CurrentVersion.targets" do projeto "C:\Projects\Irma Dulce\backend\src\IrmaDulce.API\IrmaDulce.API.csproj" (o destino "_GetProjectReferenceTargetFrameworkProperties" depende dele):
   4:6>Destino de compilação pronto"_AddOutputPathToGlobalPropertiesToRemove" no projeto "IrmaDulce.API.csproj".
   4:6>Destino "_GetProjectReferenceTargetFrameworkProperties" no arquivo "C:\Program Files\dotnet\sdk\8.0.415\Microsoft.Common.CurrentVersion.targets" do projeto "C:\Projects\Irma Dulce\backend\src\IrmaDulce.API\IrmaDulce.API.csproj" (o destino "PrepareProjectReferences" depende dele):
       Tarefa "MSBuild"
         Propriedades globais:
           Configuration=Debug
   5:8>Destino "ResolveOffByDefaultAnalyzers" no arquivo "C:\Program Files\dotnet\sdk\8.0.415\Sdks\Microsoft.NET.Sdk\targets\Microsoft.NET.Sdk.FrameworkReferenceResolution.targets" do projeto "C:\Projects\Irma Dulce\backend\src\IrmaDulce.Domain\IrmaDulce.Domain.csproj" (o destino "_HandlePackageFileConflicts" depende dele):
   5:8>Destino de compilação pronto"ResolveOffByDefaultAnalyzers" no projeto "IrmaDulce.Domain.csproj".
   4:6>_GetProjectReferenceTargetFrameworkProperties:
           Platform=AnyCPU
         Removendo Propriedades:
           WebPublishProfileFile
           TargetFramework
           RuntimeIdentifier
           SelfContained
   5:8>Destino "_HandlePackageFileConflicts" no arquivo "C:\Program Files\dotnet\sdk\8.0.415\Sdks\Microsoft.NET.Sdk\targets\Microsoft.NET.ConflictResolution.targets" do projeto "C:\Projects\Irma Dulce\backend\src\IrmaDulce.Domain\IrmaDulce.Domain.csproj" (o destino "ResolveAssemblyReferences" depende dele):
   5:8>Usando a tarefa "ResolvePackageFileConflicts" do assembly "C:\Program Files\dotnet\sdk\8.0.415\Sdks\Microsoft.NET.Sdk\targets\..\tools\net8.0\Microsoft.NET.Build.Tasks.dll".
       Tarefa "ResolvePackageFileConflicts"
   4:6>O projeto "C:\Projects\Irma Dulce\backend\src\IrmaDulce.API\IrmaDulce.API.csproj" (4:6) está compilando "C:\Projects\Irma Dulce\backend\src\IrmaDulce.Application\IrmaDulce.Application.csproj" (3:10) no nó 4 (GetTargetFrameworks destino(s)).
  3:10>Destino "GetTargetFrameworks" ignorado. Compilado anteriormente com êxito.
  3:10>Projeto de compilação pronto "C:\Projects\Irma Dulce\backend\src\IrmaDulce.Application\IrmaDulce.Application.csproj" (GetTargetFrameworks destino(s)).
   4:6>O projeto "C:\Projects\Irma Dulce\backend\src\IrmaDulce.API\IrmaDulce.API.csproj" (4:6) está compilando "C:\Projects\Irma Dulce\backend\src\IrmaDulce.Infrastructure\IrmaDulce.Infrastructure.csproj" (2:8) no nó 3 (GetTargetFrameworks destino(s)).
   2:8>Destino "GetTargetFrameworksWithPlatformForSingleTargetFramework" no arquivo "C:\Program Files\dotnet\sdk\8.0.415\Microsoft.Common.CurrentVersion.targets" do projeto "C:\Projects\Irma Dulce\backend\src\IrmaDulce.Infrastructure\IrmaDulce.Infrastructure.csproj" (o destino "GetTargetFrameworks" depende dele):
   2:8>Usando a tarefa "CombineTargetFrameworkInfoProperties" do assembly "Microsoft.Build.Tasks.Core, Version=15.1.0.0, Culture=neutral, PublicKeyToken=b03f5f7f11d50a3a".
       Tarefa "CombineTargetFrameworkInfoProperties"
       Tarefa em execução pronta "CombineTargetFrameworkInfoProperties".
   2:8>Destino de compilação pronto"GetTargetFrameworksWithPlatformForSingleTargetFramework" no projeto "IrmaDulce.Infrastructure.csproj".
   2:8>Destino "GetTargetFrameworks" no arquivo "C:\Program Files\dotnet\sdk\8.0.415\Microsoft.Common.CurrentVersion.targets" do projeto "C:\Projects\Irma Dulce\backend\src\IrmaDulce.Infrastructure\IrmaDulce.Infrastructure.csproj" (ponto de entrada):
       A tarefa "Error" foi ignorada devido a condição falsa; ('$(IsCrossTargetingBuild)' == 'true') foi avaliado como ('' == 'true').
       Usando a tarefa "CombineXmlElements" do assembly "Microsoft.Build.Tasks.Core, Version=15.1.0.0, Culture=neutral, PublicKeyToken=b03f5f7f11d50a3a".
       Tarefa "CombineXmlElements"
       Tarefa em execução pronta "CombineXmlElements".
   2:8>Destino de compilação pronto"GetTargetFrameworks" no projeto "IrmaDulce.Infrastructure.csproj".
   2:8>Projeto de compilação pronto "C:\Projects\Irma Dulce\backend\src\IrmaDulce.Infrastructure\IrmaDulce.Infrastructure.csproj" (GetTargetFrameworks destino(s)).
   5:8>_HandlePackageFileConflicts:
         Encontrado um conflito entre 'Platform:mscorlib.dll' e 'Platform:mscorlib.dll'. Não foi possível determinar o vencedor porque as versões de arquivo e de assembly são iguais.
         Encontrado um conflito entre 'Platform:Microsoft.VisualBasic.dll' e 'Platform:Microsoft.VisualBasic.dll'. Não foi possível determinar o vencedor porque as versões de arquivo e de assembly são iguais.
         Encontrado um conflito entre 'Platform:System.dll' e 'Platform:System.dll'. Não foi possível determinar o vencedor porque as versões de arquivo e de assembly são iguais.
         Encontrado um conflito entre 'Platform:System.ComponentModel.DataAnnotations.dll' e 'Platform:System.ComponentModel.DataAnnotations.dll'. Não foi possível determinar o vencedor porque as versões de arquivo e de assembly são iguais.
         Encontrado um conflito entre 'Platform:System.Configuration.dll' e 'Platform:System.Configuration.dll'. Não foi possível determinar o vencedor porque as versões de arquivo e de assembly são iguais.
         Encontrado um conflito entre 'Platform:System.Core.dll' e 'Platform:System.Core.dll'. Não foi possível determinar o vencedor porque as versões de arquivo e de assembly são iguais.
         Encontrado um conflito entre 'Platform:System.Data.dll' e 'Platform:System.Data.dll'. Não foi possível determinar o vencedor porque as versões de arquivo e de assembly são iguais.
         Encontrado um conflito entre 'Platform:System.Drawing.dll' e 'Platform:System.Drawing.dll'. Não foi possível determinar o vencedor porque as versões de arquivo e de assembly são iguais.
         Encontrado um conflito entre 'Platform:System.IO.Compression.FileSystem.dll' e 'Platform:System.IO.Compression.FileSystem.dll'. Não foi possível determinar o vencedor porque as versões de arquivo e de assembly são iguais.
         Encontrado um conflito entre 'Platform:System.Net.dll' e 'Platform:System.Net.dll'. Não foi possível determinar o vencedor porque as versões de arquivo e de assembly são iguais.
         Encontrado um conflito entre 'Platform:System.Numerics.dll' e 'Platform:System.Numerics.dll'. Não foi possível determinar o vencedor porque as versões de arquivo e de assembly são iguais.
         Encontrado um conflito entre 'Platform:System.Runtime.Serialization.dll' e 'Platform:System.Runtime.Serialization.dll'. Não foi possível determinar o vencedor porque as versões de arquivo e de assembly são iguais.
         Encontrado um conflito entre 'Platform:System.Security.dll' e 'Platform:System.Security.dll'. Não foi possível determinar o vencedor porque as versões de arquivo e de assembly são iguais.
         Encontrado um conflito entre 'Platform:System.ServiceProcess.dll' e 'Platform:System.ServiceProcess.dll'. Não foi possível determinar o vencedor porque as versões de arquivo e de assembly são iguais.
         Encontrado um conflito entre 'Platform:System.ServiceModel.Web.dll' e 'Platform:System.ServiceModel.Web.dll'. Não foi possível determinar o vencedor porque as versões de arquivo e de assembly são iguais.
         Encontrado um conflito entre 'Platform:System.Transactions.dll' e 'Platform:System.Transactions.dll'. Não foi possível determinar o vencedor porque as versões de arquivo e de assembly são iguais.
         Encontrado um conflito entre 'Platform:System.Web.dll' e 'Platform:System.Web.dll'. Não foi possível determinar o vencedor porque as versões de arquivo e de assembly são iguais.
         Encontrado um conflito entre 'Platform:System.Windows.dll' e 'Platform:System.Windows.dll'. Não foi possível determinar o vencedor porque as versões de arquivo e de assembly são iguais.
         Encontrado um conflito entre 'Platform:System.Xml.dll' e 'Platform:System.Xml.dll'. Não foi possível determinar o vencedor porque as versões de arquivo e de assembly são iguais.
         Encontrado um conflito entre 'Platform:System.Xml.Serialization.dll' e 'Platform:System.Xml.Serialization.dll'. Não foi possível determinar o vencedor porque as versões de arquivo e de assembly são iguais.
         Encontrado um conflito entre 'Platform:System.Xml.Linq.dll' e 'Platform:System.Xml.Linq.dll'. Não foi possível determinar o vencedor porque as versões de arquivo e de assembly são iguais.
         Encontrado um conflito entre 'Platform:WindowsBase.dll' e 'Platform:WindowsBase.dll'. Não foi possível determinar o vencedor porque as versões de arquivo e de assembly são iguais.
         Encontrado um conflito entre 'Platform:netstandard.dll' e 'Platform:netstandard.dll'. Não foi possível determinar o vencedor porque as versões de arquivo e de assembly são iguais.
         Encontrado um conflito entre 'Platform:System.Private.CoreLib.dll' e 'Platform:System.Private.CoreLib.dll'. Não foi possível determinar o vencedor porque as versões de arquivo e de assembly são iguais.
         Encontrado um conflito entre 'Platform:System.Private.DataContractSerialization.dll' e 'Platform:System.Private.DataContractSerialization.dll'. Não foi possível determinar o vencedor porque as versões de arquivo e de assembly são iguais.
         Encontrado um conflito entre 'Platform:System.Private.Uri.dll' e 'Platform:System.Private.Uri.dll'. Não foi possível determinar o vencedor porque as versões de arquivo e de assembly são iguais.
         Encontrado um conflito entre 'Platform:System.Private.Xml.dll' e 'Platform:System.Private.Xml.dll'. Não foi possível determinar o vencedor porque as versões de arquivo e de assembly são iguais.
         Encontrado um conflito entre 'Platform:System.Private.Xml.Linq.dll' e 'Platform:System.Private.Xml.Linq.dll'. Não foi possível determinar o vencedor porque as versões de arquivo e de assembly são iguais.
         Encontrado um conflito entre 'Platform:mscordaccore_amd64_amd64_8.0.2125.47513.dll' e 'Platform:mscordaccore_amd64_amd64_8.0.2125.47513.dll'. Não foi possível determinar o vencedor porque as versões de arquivo e de assembly são iguais.
       Tarefa em execução pronta "ResolvePackageFileConflicts".
   5:8>Destino de compilação pronto"_HandlePackageFileConflicts" no projeto "IrmaDulce.Domain.csproj".
       Destino "ResolveTargetingPackAssets" ignorado. Compilado anteriormente com êxito.
   5:8>Destino "ResolveAssemblyReferences" no arquivo "C:\Program Files\dotnet\sdk\8.0.415\Microsoft.Common.CurrentVersion.targets" do projeto "C:\Projects\Irma Dulce\backend\src\IrmaDulce.Domain\IrmaDulce.Domain.csproj" (o destino "ResolveReferences" depende dele):
       Usando a tarefa "ResolveAssemblyReference" do assembly "Microsoft.Build.Tasks.Core, Version=15.1.0.0, Culture=neutral, PublicKeyToken=b03f5f7f11d50a3a".
       Tarefa "ResolveAssemblyReference"
         TargetFrameworkMoniker:
             .NETCoreApp,Version=v8.0
         TargetFrameworkMonikerDisplayName:
             .NET 8.0
         TargetedRuntimeVersion:
             
         Assemblies:
             C:\Program Files\dotnet\packs\Microsoft.NETCore.App.Ref\8.0.21\ref/net8.0/Microsoft.CSharp.dll
                 Private = "false"
             C:\Program Files\dotnet\packs\Microsoft.NETCore.App.Ref\8.0.21\ref/net8.0/Microsoft.VisualBasic.Core.dll
                 Private = "false"
             C:\Program Files\dotnet\packs\Microsoft.NETCore.App.Ref\8.0.21\ref/net8.0/Microsoft.VisualBasic.dll
                 Private = "false"
             C:\Program Files\dotnet\packs\Microsoft.NETCore.App.Ref\8.0.21\ref/net8.0/Microsoft.Win32.Primitives.dll
                 Private = "false"
             C:\Program Files\dotnet\packs\Microsoft.NETCore.App.Ref\8.0.21\ref/net8.0/Microsoft.Win32.Registry.dll
                 Private = "false"
             C:\Program Files\dotnet\packs\Microsoft.NETCore.App.Ref\8.0.21\ref/net8.0/System.AppContext.dll
                 Private = "false"
             C:\Program Files\dotnet\packs\Microsoft.NETCore.App.Ref\8.0.21\ref/net8.0/System.Buffers.dll
                 Private = "false"
             C:\Program Files\dotnet\packs\Microsoft.NETCore.App.Ref\8.0.21\ref/net8.0/System.Collections.Concurrent.dll
                 Private = "false"
             C:\Program Files\dotnet\packs\Microsoft.NETCore.App.Ref\8.0.21\ref/net8.0/System.Collections.Immutable.dll
                 Private = "false"
             C:\Program Files\dotnet\packs\Microsoft.NETCore.App.Ref\8.0.21\ref/net8.0/System.Collections.NonGeneric.dll
                 Private = "false"
             C:\Program Files\dotnet\packs\Microsoft.NETCore.App.Ref\8.0.21\ref/net8.0/System.Collections.Specialized.dll
                 Private = "false"
             C:\Program Files\dotnet\packs\Microsoft.NETCore.App.Ref\8.0.21\ref/net8.0/System.Collections.dll
                 Private = "false"
             C:\Program Files\dotnet\packs\Microsoft.NETCore.App.Ref\8.0.21\ref/net8.0/System.ComponentModel.Annotations.dll
                 Private = "false"
             C:\Program Files\dotnet\packs\Microsoft.NETCore.App.Ref\8.0.21\ref/net8.0/System.ComponentModel.DataAnnotations.dll
                 Private = "false"
             C:\Program Files\dotnet\packs\Microsoft.NETCore.App.Ref\8.0.21\ref/net8.0/System.ComponentModel.EventBasedAsync.dll
                 Private = "false"
             C:\Program Files\dotnet\packs\Microsoft.NETCore.App.Ref\8.0.21\ref/net8.0/System.ComponentModel.Primitives.dll
                 Private = "false"
             C:\Program Files\dotnet\packs\Microsoft.NETCore.App.Ref\8.0.21\ref/net8.0/System.ComponentModel.TypeConverter.dll
                 Private = "false"
             C:\Program Files\dotnet\packs\Microsoft.NETCore.App.Ref\8.0.21\ref/net8.0/System.ComponentModel.dll
                 Private = "false"
             C:\Program Files\dotnet\packs\Microsoft.NETCore.App.Ref\8.0.21\ref/net8.0/System.Configuration.dll
                 Private = "false"
             C:\Program Files\dotnet\packs\Microsoft.NETCore.App.Ref\8.0.21\ref/net8.0/System.Console.dll
                 Private = "false"
             C:\Program Files\dotnet\packs\Microsoft.NETCore.App.Ref\8.0.21\ref/net8.0/System.Core.dll
                 Private = "false"
             C:\Program Files\dotnet\packs\Microsoft.NETCore.App.Ref\8.0.21\ref/net8.0/System.Data.Common.dll
                 Private = "false"
             C:\Program Files\dotnet\packs\Microsoft.NETCore.App.Ref\8.0.21\ref/net8.0/System.Data.DataSetExtensions.dll
                 Private = "false"
             C:\Program Files\dotnet\packs\Microsoft.NETCore.App.Ref\8.0.21\ref/net8.0/System.Data.dll
                 Private = "false"
             C:\Program Files\dotnet\packs\Microsoft.NETCore.App.Ref\8.0.21\ref/net8.0/System.Diagnostics.Contracts.dll
                 Private = "false"
             C:\Program Files\dotnet\packs\Microsoft.NETCore.App.Ref\8.0.21\ref/net8.0/System.Diagnostics.Debug.dll
                 Private = "false"
             C:\Program Files\dotnet\packs\Microsoft.NETCore.App.Ref\8.0.21\ref/net8.0/System.Diagnostics.DiagnosticSource.dll
                 Private = "false"
             C:\Program Files\dotnet\packs\Microsoft.NETCore.App.Ref\8.0.21\ref/net8.0/System.Diagnostics.FileVersionInfo.dll
                 Private = "false"
             C:\Program Files\dotnet\packs\Microsoft.NETCore.App.Ref\8.0.21\ref/net8.0/System.Diagnostics.Process.dll
                 Private = "false"
             C:\Program Files\dotnet\packs\Microsoft.NETCore.App.Ref\8.0.21\ref/net8.0/System.Diagnostics.StackTrace.dll
                 Private = "false"
             C:\Program Files\dotnet\packs\Microsoft.NETCore.App.Ref\8.0.21\ref/net8.0/System.Diagnostics.TextWriterTraceListener.dll
                 Private = "false"
             C:\Program Files\dotnet\packs\Microsoft.NETCore.App.Ref\8.0.21\ref/net8.0/System.Diagnostics.Tools.dll
                 Private = "false"
             C:\Program Files\dotnet\packs\Microsoft.NETCore.App.Ref\8.0.21\ref/net8.0/System.Diagnostics.TraceSource.dll
                 Private = "false"
             C:\Program Files\dotnet\packs\Microsoft.NETCore.App.Ref\8.0.21\ref/net8.0/System.Diagnostics.Tracing.dll
                 Private = "false"
             C:\Program Files\dotnet\packs\Microsoft.NETCore.App.Ref\8.0.21\ref/net8.0/System.Drawing.Primitives.dll
                 Private = "false"
             C:\Program Files\dotnet\packs\Microsoft.NETCore.App.Ref\8.0.21\ref/net8.0/System.Drawing.dll
                 Private = "false"
             C:\Program Files\dotnet\packs\Microsoft.NETCore.App.Ref\8.0.21\ref/net8.0/System.Dynamic.Runtime.dll
                 Private = "false"
             C:\Program Files\dotnet\packs\Microsoft.NETCore.App.Ref\8.0.21\ref/net8.0/System.Formats.Asn1.dll
                 Private = "false"
             C:\Program Files\dotnet\packs\Microsoft.NETCore.App.Ref\8.0.21\ref/net8.0/System.Formats.Tar.dll
                 Private = "false"
             C:\Program Files\dotnet\packs\Microsoft.NETCore.App.Ref\8.0.21\ref/net8.0/System.Globalization.Calendars.dll
                 Private = "false"
             C:\Program Files\dotnet\packs\Microsoft.NETCore.App.Ref\8.0.21\ref/net8.0/System.Globalization.Extensions.dll
                 Private = "false"
             C:\Program Files\dotnet\packs\Microsoft.NETCore.App.Ref\8.0.21\ref/net8.0/System.Globalization.dll
                 Private = "false"
             C:\Program Files\dotnet\packs\Microsoft.NETCore.App.Ref\8.0.21\ref/net8.0/System.IO.Compression.Brotli.dll
                 Private = "false"
             C:\Program Files\dotnet\packs\Microsoft.NETCore.App.Ref\8.0.21\ref/net8.0/System.IO.Compression.FileSystem.dll
                 Private = "false"
             C:\Program Files\dotnet\packs\Microsoft.NETCore.App.Ref\8.0.21\ref/net8.0/System.IO.Compression.ZipFile.dll
                 Private = "false"
             C:\Program Files\dotnet\packs\Microsoft.NETCore.App.Ref\8.0.21\ref/net8.0/System.IO.Compression.dll
                 Private = "false"
             C:\Program Files\dotnet\packs\Microsoft.NETCore.App.Ref\8.0.21\ref/net8.0/System.IO.FileSystem.AccessControl.dll
                 Private = "false"
             C:\Program Files\dotnet\packs\Microsoft.NETCore.App.Ref\8.0.21\ref/net8.0/System.IO.FileSystem.DriveInfo.dll
                 Private = "false"
             C:\Program Files\dotnet\packs\Microsoft.NETCore.App.Ref\8.0.21\ref/net8.0/System.IO.FileSystem.Primitives.dll
                 Private = "false"
             C:\Program Files\dotnet\packs\Microsoft.NETCore.App.Ref\8.0.21\ref/net8.0/System.IO.FileSystem.Watcher.dll
                 Private = "false"
             C:\Program Files\dotnet\packs\Microsoft.NETCore.App.Ref\8.0.21\ref/net8.0/System.IO.FileSystem.dll
                 Private = "false"
             C:\Program Files\dotnet\packs\Microsoft.NETCore.App.Ref\8.0.21\ref/net8.0/System.IO.IsolatedStorage.dll
                 Private = "false"
             C:\Program Files\dotnet\packs\Microsoft.NETCore.App.Ref\8.0.21\ref/net8.0/System.IO.MemoryMappedFiles.dll
                 Private = "false"
             C:\Program Files\dotnet\packs\Microsoft.NETCore.App.Ref\8.0.21\ref/net8.0/System.IO.Pipes.AccessControl.dll
                 Private = "false"
             C:\Program Files\dotnet\packs\Microsoft.NETCore.App.Ref\8.0.21\ref/net8.0/System.IO.Pipes.dll
                 Private = "false"
             C:\Program Files\dotnet\packs\Microsoft.NETCore.App.Ref\8.0.21\ref/net8.0/System.IO.UnmanagedMemoryStream.dll
                 Private = "false"
             C:\Program Files\dotnet\packs\Microsoft.NETCore.App.Ref\8.0.21\ref/net8.0/System.IO.dll
                 Private = "false"
             C:\Program Files\dotnet\packs\Microsoft.NETCore.App.Ref\8.0.21\ref/net8.0/System.Linq.Expressions.dll
                 Private = "false"
             C:\Program Files\dotnet\packs\Microsoft.NETCore.App.Ref\8.0.21\ref/net8.0/System.Linq.Parallel.dll
                 Private = "false"
             C:\Program Files\dotnet\packs\Microsoft.NETCore.App.Ref\8.0.21\ref/net8.0/System.Linq.Queryable.dll
                 Private = "false"
             C:\Program Files\dotnet\packs\Microsoft.NETCore.App.Ref\8.0.21\ref/net8.0/System.Linq.dll
                 Private = "false"
             C:\Program Files\dotnet\packs\Microsoft.NETCore.App.Ref\8.0.21\ref/net8.0/System.Memory.dll
                 Private = "false"
             C:\Program Files\dotnet\packs\Microsoft.NETCore.App.Ref\8.0.21\ref/net8.0/System.Net.Http.Json.dll
                 Private = "false"
             C:\Program Files\dotnet\packs\Microsoft.NETCore.App.Ref\8.0.21\ref/net8.0/System.Net.Http.dll
                 Private = "false"
             C:\Program Files\dotnet\packs\Microsoft.NETCore.App.Ref\8.0.21\ref/net8.0/System.Net.HttpListener.dll
                 Private = "false"
             C:\Program Files\dotnet\packs\Microsoft.NETCore.App.Ref\8.0.21\ref/net8.0/System.Net.Mail.dll
                 Private = "false"
             C:\Program Files\dotnet\packs\Microsoft.NETCore.App.Ref\8.0.21\ref/net8.0/System.Net.NameResolution.dll
                 Private = "false"
             C:\Program Files\dotnet\packs\Microsoft.NETCore.App.Ref\8.0.21\ref/net8.0/System.Net.NetworkInformation.dll
                 Private = "false"
             C:\Program Files\dotnet\packs\Microsoft.NETCore.App.Ref\8.0.21\ref/net8.0/System.Net.Ping.dll
                 Private = "false"
             C:\Program Files\dotnet\packs\Microsoft.NETCore.App.Ref\8.0.21\ref/net8.0/System.Net.Primitives.dll
                 Private = "false"
             C:\Program Files\dotnet\packs\Microsoft.NETCore.App.Ref\8.0.21\ref/net8.0/System.Net.Quic.dll
                 Private = "false"
             C:\Program Files\dotnet\packs\Microsoft.NETCore.App.Ref\8.0.21\ref/net8.0/System.Net.Requests.dll
                 Private = "false"
             C:\Program Files\dotnet\packs\Microsoft.NETCore.App.Ref\8.0.21\ref/net8.0/System.Net.Security.dll
                 Private = "false"
             C:\Program Files\dotnet\packs\Microsoft.NETCore.App.Ref\8.0.21\ref/net8.0/System.Net.ServicePoint.dll
                 Private = "false"
             C:\Program Files\dotnet\packs\Microsoft.NETCore.App.Ref\8.0.21\ref/net8.0/System.Net.Sockets.dll
                 Private = "false"
             C:\Program Files\dotnet\packs\Microsoft.NETCore.App.Ref\8.0.21\ref/net8.0/System.Net.WebClient.dll
                 Private = "false"
             C:\Program Files\dotnet\packs\Microsoft.NETCore.App.Ref\8.0.21\ref/net8.0/System.Net.WebHeaderCollection.dll
                 Private = "false"
             C:\Program Files\dotnet\packs\Microsoft.NETCore.App.Ref\8.0.21\ref/net8.0/System.Net.WebProxy.dll
                 Private = "false"
             C:\Program Files\dotnet\packs\Microsoft.NETCore.App.Ref\8.0.21\ref/net8.0/System.Net.WebSockets.Client.dll
                 Private = "false"
             C:\Program Files\dotnet\packs\Microsoft.NETCore.App.Ref\8.0.21\ref/net8.0/System.Net.WebSockets.dll
                 Private = "false"
             C:\Program Files\dotnet\packs\Microsoft.NETCore.App.Ref\8.0.21\ref/net8.0/System.Net.dll
                 Private = "false"
             C:\Program Files\dotnet\packs\Microsoft.NETCore.App.Ref\8.0.21\ref/net8.0/System.Numerics.Vectors.dll
                 Private = "false"
             C:\Program Files\dotnet\packs\Microsoft.NETCore.App.Ref\8.0.21\ref/net8.0/System.Numerics.dll
                 Private = "false"
             C:\Program Files\dotnet\packs\Microsoft.NETCore.App.Ref\8.0.21\ref/net8.0/System.ObjectModel.dll
                 Private = "false"
             C:\Program Files\dotnet\packs\Microsoft.NETCore.App.Ref\8.0.21\ref/net8.0/System.Reflection.DispatchProxy.dll
                 Private = "false"
             C:\Program Files\dotnet\packs\Microsoft.NETCore.App.Ref\8.0.21\ref/net8.0/System.Reflection.Emit.ILGeneration.dll
                 Private = "false"
             C:\Program Files\dotnet\packs\Microsoft.NETCore.App.Ref\8.0.21\ref/net8.0/System.Reflection.Emit.Lightweight.dll
                 Private = "false"
             C:\Program Files\dotnet\packs\Microsoft.NETCore.App.Ref\8.0.21\ref/net8.0/System.Reflection.Emit.dll
                 Private = "false"
             C:\Program Files\dotnet\packs\Microsoft.NETCore.App.Ref\8.0.21\ref/net8.0/System.Reflection.Extensions.dll
                 Private = "false"
             C:\Program Files\dotnet\packs\Microsoft.NETCore.App.Ref\8.0.21\ref/net8.0/System.Reflection.Metadata.dll
                 Private = "false"
             C:\Program Files\dotnet\packs\Microsoft.NETCore.App.Ref\8.0.21\ref/net8.0/System.Reflection.Primitives.dll
                 Private = "false"
             C:\Program Files\dotnet\packs\Microsoft.NETCore.App.Ref\8.0.21\ref/net8.0/System.Reflection.TypeExtensions.dll
                 Private = "false"
             C:\Program Files\dotnet\packs\Microsoft.NETCore.App.Ref\8.0.21\ref/net8.0/System.Reflection.dll
                 Private = "false"
             C:\Program Files\dotnet\packs\Microsoft.NETCore.App.Ref\8.0.21\ref/net8.0/System.Resources.Reader.dll
                 Private = "false"
             C:\Program Files\dotnet\packs\Microsoft.NETCore.App.Ref\8.0.21\ref/net8.0/System.Resources.ResourceManager.dll
                 Private = "false"
             C:\Program Files\dotnet\packs\Microsoft.NETCore.App.Ref\8.0.21\ref/net8.0/System.Resources.Writer.dll
                 Private = "false"
             C:\Program Files\dotnet\packs\Microsoft.NETCore.App.Ref\8.0.21\ref/net8.0/System.Runtime.CompilerServices.Unsafe.dll
                 Private = "false"
             C:\Program Files\dotnet\packs\Microsoft.NETCore.App.Ref\8.0.21\ref/net8.0/System.Runtime.CompilerServices.VisualC.dll
                 Private = "false"
             C:\Program Files\dotnet\packs\Microsoft.NETCore.App.Ref\8.0.21\ref/net8.0/System.Runtime.Extensions.dll
                 Private = "false"
             C:\Program Files\dotnet\packs\Microsoft.NETCore.App.Ref\8.0.21\ref/net8.0/System.Runtime.Handles.dll
                 Private = "false"
             C:\Program Files\dotnet\packs\Microsoft.NETCore.App.Ref\8.0.21\ref/net8.0/System.Runtime.InteropServices.JavaScript.dll
                 Private = "false"
             C:\Program Files\dotnet\packs\Microsoft.NETCore.App.Ref\8.0.21\ref/net8.0/System.Runtime.InteropServices.RuntimeInformation.dll
                 Private = "false"
             C:\Program Files\dotnet\packs\Microsoft.NETCore.App.Ref\8.0.21\ref/net8.0/System.Runtime.InteropServices.dll
                 Private = "false"
             C:\Program Files\dotnet\packs\Microsoft.NETCore.App.Ref\8.0.21\ref/net8.0/System.Runtime.Intrinsics.dll
                 Private = "false"
             C:\Program Files\dotnet\packs\Microsoft.NETCore.App.Ref\8.0.21\ref/net8.0/System.Runtime.Loader.dll
                 Private = "false"
             C:\Program Files\dotnet\packs\Microsoft.NETCore.App.Ref\8.0.21\ref/net8.0/System.Runtime.Numerics.dll
                 Private = "false"
             C:\Program Files\dotnet\packs\Microsoft.NETCore.App.Ref\8.0.21\ref/net8.0/System.Runtime.Serialization.Formatters.dll
                 Private = "false"
             C:\Program Files\dotnet\packs\Microsoft.NETCore.App.Ref\8.0.21\ref/net8.0/System.Runtime.Serialization.Json.dll
                 Private = "false"
             C:\Program Files\dotnet\packs\Microsoft.NETCore.App.Ref\8.0.21\ref/net8.0/System.Runtime.Serialization.Primitives.dll
                 Private = "false"
             C:\Program Files\dotnet\packs\Microsoft.NETCore.App.Ref\8.0.21\ref/net8.0/System.Runtime.Serialization.Xml.dll
                 Private = "false"
             C:\Program Files\dotnet\packs\Microsoft.NETCore.App.Ref\8.0.21\ref/net8.0/System.Runtime.Serialization.dll
                 Private = "false"
             C:\Program Files\dotnet\packs\Microsoft.NETCore.App.Ref\8.0.21\ref/net8.0/System.Runtime.dll
                 Private = "false"
             C:\Program Files\dotnet\packs\Microsoft.NETCore.App.Ref\8.0.21\ref/net8.0/System.Security.AccessControl.dll
                 Private = "false"
             C:\Program Files\dotnet\packs\Microsoft.NETCore.App.Ref\8.0.21\ref/net8.0/System.Security.Claims.dll
                 Private = "false"
             C:\Program Files\dotnet\packs\Microsoft.NETCore.App.Ref\8.0.21\ref/net8.0/System.Security.Cryptography.Algorithms.dll
                 Private = "false"
             C:\Program Files\dotnet\packs\Microsoft.NETCore.App.Ref\8.0.21\ref/net8.0/System.Security.Cryptography.Cng.dll
                 Private = "false"
             C:\Program Files\dotnet\packs\Microsoft.NETCore.App.Ref\8.0.21\ref/net8.0/System.Security.Cryptography.Csp.dll
                 Private = "false"
             C:\Program Files\dotnet\packs\Microsoft.NETCore.App.Ref\8.0.21\ref/net8.0/System.Security.Cryptography.Encoding.dll
                 Private = "false"
             C:\Program Files\dotnet\packs\Microsoft.NETCore.App.Ref\8.0.21\ref/net8.0/System.Security.Cryptography.OpenSsl.dll
                 Private = "false"
             C:\Program Files\dotnet\packs\Microsoft.NETCore.App.Ref\8.0.21\ref/net8.0/System.Security.Cryptography.Primitives.dll
                 Private = "false"
             C:\Program Files\dotnet\packs\Microsoft.NETCore.App.Ref\8.0.21\ref/net8.0/System.Security.Cryptography.X509Certificates.dll
                 Private = "false"
             C:\Program Files\dotnet\packs\Microsoft.NETCore.App.Ref\8.0.21\ref/net8.0/System.Security.Cryptography.dll
                 Private = "false"
             C:\Program Files\dotnet\packs\Microsoft.NETCore.App.Ref\8.0.21\ref/net8.0/System.Security.Principal.Windows.dll
                 Private = "false"
             C:\Program Files\dotnet\packs\Microsoft.NETCore.App.Ref\8.0.21\ref/net8.0/System.Security.Principal.dll
                 Private = "false"
             C:\Program Files\dotnet\packs\Microsoft.NETCore.App.Ref\8.0.21\ref/net8.0/System.Security.SecureString.dll
                 Private = "false"
             C:\Program Files\dotnet\packs\Microsoft.NETCore.App.Ref\8.0.21\ref/net8.0/System.Security.dll
                 Private = "false"
             C:\Program Files\dotnet\packs\Microsoft.NETCore.App.Ref\8.0.21\ref/net8.0/System.ServiceModel.Web.dll
                 Private = "false"
             C:\Program Files\dotnet\packs\Microsoft.NETCore.App.Ref\8.0.21\ref/net8.0/System.ServiceProcess.dll
                 Private = "false"
             C:\Program Files\dotnet\packs\Microsoft.NETCore.App.Ref\8.0.21\ref/net8.0/System.Text.Encoding.CodePages.dll
                 Private = "false"
             C:\Program Files\dotnet\packs\Microsoft.NETCore.App.Ref\8.0.21\ref/net8.0/System.Text.Encoding.Extensions.dll
                 Private = "false"
             C:\Program Files\dotnet\packs\Microsoft.NETCore.App.Ref\8.0.21\ref/net8.0/System.Text.Encoding.dll
                 Private = "false"
             C:\Program Files\dotnet\packs\Microsoft.NETCore.App.Ref\8.0.21\ref/net8.0/System.Text.Encodings.Web.dll
                 Private = "false"
             C:\Program Files\dotnet\packs\Microsoft.NETCore.App.Ref\8.0.21\ref/net8.0/System.Text.Json.dll
                 Private = "false"
             C:\Program Files\dotnet\packs\Microsoft.NETCore.App.Ref\8.0.21\ref/net8.0/System.Text.RegularExpressions.dll
                 Private = "false"
             C:\Program Files\dotnet\packs\Microsoft.NETCore.App.Ref\8.0.21\ref/net8.0/System.Threading.Channels.dll
                 Private = "false"
             C:\Program Files\dotnet\packs\Microsoft.NETCore.App.Ref\8.0.21\ref/net8.0/System.Threading.Overlapped.dll
                 Private = "false"
             C:\Program Files\dotnet\packs\Microsoft.NETCore.App.Ref\8.0.21\ref/net8.0/System.Threading.Tasks.Dataflow.dll
                 Private = "false"
             C:\Program Files\dotnet\packs\Microsoft.NETCore.App.Ref\8.0.21\ref/net8.0/System.Threading.Tasks.Extensions.dll
                 Private = "false"
             C:\Program Files\dotnet\packs\Microsoft.NETCore.App.Ref\8.0.21\ref/net8.0/System.Threading.Tasks.Parallel.dll
                 Private = "false"
             C:\Program Files\dotnet\packs\Microsoft.NETCore.App.Ref\8.0.21\ref/net8.0/System.Threading.Tasks.dll
                 Private = "false"
             C:\Program Files\dotnet\packs\Microsoft.NETCore.App.Ref\8.0.21\ref/net8.0/System.Threading.Thread.dll
                 Private = "false"
             C:\Program Files\dotnet\packs\Microsoft.NETCore.App.Ref\8.0.21\ref/net8.0/System.Threading.ThreadPool.dll
                 Private = "false"
             C:\Program Files\dotnet\packs\Microsoft.NETCore.App.Ref\8.0.21\ref/net8.0/System.Threading.Timer.dll
                 Private = "false"
             C:\Program Files\dotnet\packs\Microsoft.NETCore.App.Ref\8.0.21\ref/net8.0/System.Threading.dll
                 Private = "false"
             C:\Program Files\dotnet\packs\Microsoft.NETCore.App.Ref\8.0.21\ref/net8.0/System.Transactions.Local.dll
                 Private = "false"
             C:\Program Files\dotnet\packs\Microsoft.NETCore.App.Ref\8.0.21\ref/net8.0/System.Transactions.dll
                 Private = "false"
             C:\Program Files\dotnet\packs\Microsoft.NETCore.App.Ref\8.0.21\ref/net8.0/System.ValueTuple.dll
                 Private = "false"
             C:\Program Files\dotnet\packs\Microsoft.NETCore.App.Ref\8.0.21\ref/net8.0/System.Web.HttpUtility.dll
                 Private = "false"
             C:\Program Files\dotnet\packs\Microsoft.NETCore.App.Ref\8.0.21\ref/net8.0/System.Web.dll
                 Private = "false"
             C:\Program Files\dotnet\packs\Microsoft.NETCore.App.Ref\8.0.21\ref/net8.0/System.Windows.dll
                 Private = "false"
             C:\Program Files\dotnet\packs\Microsoft.NETCore.App.Ref\8.0.21\ref/net8.0/System.Xml.Linq.dll
                 Private = "false"
             C:\Program Files\dotnet\packs\Microsoft.NETCore.App.Ref\8.0.21\ref/net8.0/System.Xml.ReaderWriter.dll
                 Private = "false"
             C:\Program Files\dotnet\packs\Microsoft.NETCore.App.Ref\8.0.21\ref/net8.0/System.Xml.Serialization.dll
                 Private = "false"
             C:\Program Files\dotnet\packs\Microsoft.NETCore.App.Ref\8.0.21\ref/net8.0/System.Xml.XDocument.dll
                 Private = "false"
             C:\Program Files\dotnet\packs\Microsoft.NETCore.App.Ref\8.0.21\ref/net8.0/System.Xml.XPath.XDocument.dll
                 Private = "false"
             C:\Program Files\dotnet\packs\Microsoft.NETCore.App.Ref\8.0.21\ref/net8.0/System.Xml.XPath.dll
                 Private = "false"
             C:\Program Files\dotnet\packs\Microsoft.NETCore.App.Ref\8.0.21\ref/net8.0/System.Xml.XmlDocument.dll
                 Private = "false"
             C:\Program Files\dotnet\packs\Microsoft.NETCore.App.Ref\8.0.21\ref/net8.0/System.Xml.XmlSerializer.dll
                 Private = "false"
             C:\Program Files\dotnet\packs\Microsoft.NETCore.App.Ref\8.0.21\ref/net8.0/System.Xml.dll
                 Private = "false"
             C:\Program Files\dotnet\packs\Microsoft.NETCore.App.Ref\8.0.21\ref/net8.0/System.dll
                 Private = "false"
             C:\Program Files\dotnet\packs\Microsoft.NETCore.App.Ref\8.0.21\ref/net8.0/WindowsBase.dll
                 Private = "false"
             C:\Program Files\dotnet\packs\Microsoft.NETCore.App.Ref\8.0.21\ref/net8.0/mscorlib.dll
                 Private = "false"
             C:\Program Files\dotnet\packs\Microsoft.NETCore.App.Ref\8.0.21\ref/net8.0/netstandard.dll
                 Private = "false"
         AssemblyFiles:
         CandidateAssemblyFiles:
         TargetFrameworkDirectories:
             
         InstalledAssemblyTables:
         IgnoreInstalledAssemblyTable:
             False
         SearchPaths:
             {CandidateAssemblyFiles}
             {HintPathFromItem}
             {TargetFrameworkDirectory}
             {RawFileName}
         AllowedAssemblyExtensions:
             .winmd
             .dll
             .exe
         AllowedRelatedFileExtensions:
             .pdb
             .xml
             .pri
             .dll.config
             .exe.config
         AppConfigFile:
             
         AutoUnify:
             True
         CopyLocalDependenciesWhenParentReferenceInGac:
             True
         FindDependencies:
             True
         TargetProcessorArchitecture:
             msil
         StateFile:
             obj\Debug\net8.0\IrmaDulce.Domain.csproj.AssemblyReference.cache
         InstalledAssemblySubsetTables:
         IgnoreInstalledAssemblySubsetTable:
             False
         TargetFrameworkSubsets:
         FullTargetFrameworkSubsetNames:
             Full
         ProfileName:
             
         FullFrameworkFolders:
         LatestTargetFrameworkDirectories:
         ProfileTablesLocation:
         Referência principal "Microsoft.CSharp, Version=8.0.0.0, Culture=neutral, PublicKeyToken=b03f5f7f11d50a3a".
             O caminho do arquivo resolvido é "C:\Program Files\dotnet\packs\Microsoft.NETCore.App.Ref\8.0.21\ref\net8.0\Microsoft.CSharp.dll".
             Referência encontrada no local do caminho de pesquisa "{RawFileName}".
             Essa referência não é "CopyLocal" porque pelo menos um item de origem tinha "Private" definido como "false" e nenhum item de origem tinha "Private" definido como "true".
         Referência principal "Microsoft.VisualBasic.Core, Version=13.0.0.0, Culture=neutral, PublicKeyToken=b03f5f7f11d50a3a".
             O caminho do arquivo resolvido é "C:\Program Files\dotnet\packs\Microsoft.NETCore.App.Ref\8.0.21\ref\net8.0\Microsoft.VisualBasic.Core.dll".
             Referência encontrada no local do caminho de pesquisa "{RawFileName}".
             Essa referência não é "CopyLocal" porque pelo menos um item de origem tinha "Private" definido como "false" e nenhum item de origem tinha "Private" definido como "true".
         Referência principal "Microsoft.VisualBasic, Version=10.0.0.0, Culture=neutral, PublicKeyToken=b03f5f7f11d50a3a".
             O caminho do arquivo resolvido é "C:\Program Files\dotnet\packs\Microsoft.NETCore.App.Ref\8.0.21\ref\net8.0\Microsoft.VisualBasic.dll".
             Referência encontrada no local do caminho de pesquisa "{RawFileName}".
             Essa referência não é "CopyLocal" porque pelo menos um item de origem tinha "Private" definido como "false" e nenhum item de origem tinha "Private" definido como "true".
         Referência principal "Microsoft.Win32.Primitives, Version=8.0.0.0, Culture=neutral, PublicKeyToken=b03f5f7f11d50a3a".
             O caminho do arquivo resolvido é "C:\Program Files\dotnet\packs\Microsoft.NETCore.App.Ref\8.0.21\ref\net8.0\Microsoft.Win32.Primitives.dll".
             Referência encontrada no local do caminho de pesquisa "{RawFileName}".
             Essa referência não é "CopyLocal" porque pelo menos um item de origem tinha "Private" definido como "false" e nenhum item de origem tinha "Private" definido como "true".
         Referência principal "Microsoft.Win32.Registry, Version=8.0.0.0, Culture=neutral, PublicKeyToken=b03f5f7f11d50a3a".
             O caminho do arquivo resolvido é "C:\Program Files\dotnet\packs\Microsoft.NETCore.App.Ref\8.0.21\ref\net8.0\Microsoft.Win32.Registry.dll".
             Referência encontrada no local do caminho de pesquisa "{RawFileName}".
             Essa referência não é "CopyLocal" porque pelo menos um item de origem tinha "Private" definido como "false" e nenhum item de origem tinha "Private" definido como "true".
         Referência principal "System.AppContext, Version=8.0.0.0, Culture=neutral, PublicKeyToken=b03f5f7f11d50a3a".
             O caminho do arquivo resolvido é "C:\Program Files\dotnet\packs\Microsoft.NETCore.App.Ref\8.0.21\ref\net8.0\System.AppContext.dll".
             Referência encontrada no local do caminho de pesquisa "{RawFileName}".
             Essa referência não é "CopyLocal" porque pelo menos um item de origem tinha "Private" definido como "false" e nenhum item de origem tinha "Private" definido como "true".
         Referência principal "System.Buffers, Version=8.0.0.0, Culture=neutral, PublicKeyToken=cc7b13ffcd2ddd51".
             O caminho do arquivo resolvido é "C:\Program Files\dotnet\packs\Microsoft.NETCore.App.Ref\8.0.21\ref\net8.0\System.Buffers.dll".
             Referência encontrada no local do caminho de pesquisa "{RawFileName}".
             Essa referência não é "CopyLocal" porque pelo menos um item de origem tinha "Private" definido como "false" e nenhum item de origem tinha "Private" definido como "true".
         Referência principal "System.Collections.Concurrent, Version=8.0.0.0, Culture=neutral, PublicKeyToken=b03f5f7f11d50a3a".
             O caminho do arquivo resolvido é "C:\Program Files\dotnet\packs\Microsoft.NETCore.App.Ref\8.0.21\ref\net8.0\System.Collections.Concurrent.dll".
             Referência encontrada no local do caminho de pesquisa "{RawFileName}".
             Essa referência não é "CopyLocal" porque pelo menos um item de origem tinha "Private" definido como "false" e nenhum item de origem tinha "Private" definido como "true".
         Referência principal "System.Collections.Immutable, Version=8.0.0.0, Culture=neutral, PublicKeyToken=b03f5f7f11d50a3a".
             O caminho do arquivo resolvido é "C:\Program Files\dotnet\packs\Microsoft.NETCore.App.Ref\8.0.21\ref\net8.0\System.Collections.Immutable.dll".
             Referência encontrada no local do caminho de pesquisa "{RawFileName}".
             Essa referência não é "CopyLocal" porque pelo menos um item de origem tinha "Private" definido como "false" e nenhum item de origem tinha "Private" definido como "true".
         Referência principal "System.Collections.NonGeneric, Version=8.0.0.0, Culture=neutral, PublicKeyToken=b03f5f7f11d50a3a".
             O caminho do arquivo resolvido é "C:\Program Files\dotnet\packs\Microsoft.NETCore.App.Ref\8.0.21\ref\net8.0\System.Collections.NonGeneric.dll".
             Referência encontrada no local do caminho de pesquisa "{RawFileName}".
             Essa referência não é "CopyLocal" porque pelo menos um item de origem tinha "Private" definido como "false" e nenhum item de origem tinha "Private" definido como "true".
         Referência principal "System.Collections.Specialized, Version=8.0.0.0, Culture=neutral, PublicKeyToken=b03f5f7f11d50a3a".
             O caminho do arquivo resolvido é "C:\Program Files\dotnet\packs\Microsoft.NETCore.App.Ref\8.0.21\ref\net8.0\System.Collections.Specialized.dll".
             Referência encontrada no local do caminho de pesquisa "{RawFileName}".
             Essa referência não é "CopyLocal" porque pelo menos um item de origem tinha "Private" definido como "false" e nenhum item de origem tinha "Private" definido como "true".
         Referência principal "System.Collections, Version=8.0.0.0, Culture=neutral, PublicKeyToken=b03f5f7f11d50a3a".
             O caminho do arquivo resolvido é "C:\Program Files\dotnet\packs\Microsoft.NETCore.App.Ref\8.0.21\ref\net8.0\System.Collections.dll".
             Referência encontrada no local do caminho de pesquisa "{RawFileName}".
             Essa referência não é "CopyLocal" porque pelo menos um item de origem tinha "Private" definido como "false" e nenhum item de origem tinha "Private" definido como "true".
         Referência principal "System.ComponentModel.Annotations, Version=8.0.0.0, Culture=neutral, PublicKeyToken=b03f5f7f11d50a3a".
             O caminho do arquivo resolvido é "C:\Program Files\dotnet\packs\Microsoft.NETCore.App.Ref\8.0.21\ref\net8.0\System.ComponentModel.Annotations.dll".
             Referência encontrada no local do caminho de pesquisa "{RawFileName}".
             Essa referência não é "CopyLocal" porque pelo menos um item de origem tinha "Private" definido como "false" e nenhum item de origem tinha "Private" definido como "true".
         Referência principal "System.ComponentModel.DataAnnotations, Version=4.0.0.0, Culture=neutral, PublicKeyToken=31bf3856ad364e35".
             O caminho do arquivo resolvido é "C:\Program Files\dotnet\packs\Microsoft.NETCore.App.Ref\8.0.21\ref\net8.0\System.ComponentModel.DataAnnotations.dll".
             Referência encontrada no local do caminho de pesquisa "{RawFileName}".
             Essa referência não é "CopyLocal" porque pelo menos um item de origem tinha "Private" definido como "false" e nenhum item de origem tinha "Private" definido como "true".
         Referência principal "System.ComponentModel.EventBasedAsync, Version=8.0.0.0, Culture=neutral, PublicKeyToken=b03f5f7f11d50a3a".
             O caminho do arquivo resolvido é "C:\Program Files\dotnet\packs\Microsoft.NETCore.App.Ref\8.0.21\ref\net8.0\System.ComponentModel.EventBasedAsync.dll".
             Referência encontrada no local do caminho de pesquisa "{RawFileName}".
             Essa referência não é "CopyLocal" porque pelo menos um item de origem tinha "Private" definido como "false" e nenhum item de origem tinha "Private" definido como "true".
         Referência principal "System.ComponentModel.Primitives, Version=8.0.0.0, Culture=neutral, PublicKeyToken=b03f5f7f11d50a3a".
             O caminho do arquivo resolvido é "C:\Program Files\dotnet\packs\Microsoft.NETCore.App.Ref\8.0.21\ref\net8.0\System.ComponentModel.Primitives.dll".
             Referência encontrada no local do caminho de pesquisa "{RawFileName}".
             Essa referência não é "CopyLocal" porque pelo menos um item de origem tinha "Private" definido como "false" e nenhum item de origem tinha "Private" definido como "true".
         Referência principal "System.ComponentModel.TypeConverter, Version=8.0.0.0, Culture=neutral, PublicKeyToken=b03f5f7f11d50a3a".
             O caminho do arquivo resolvido é "C:\Program Files\dotnet\packs\Microsoft.NETCore.App.Ref\8.0.21\ref\net8.0\System.ComponentModel.TypeConverter.dll".
             Referência encontrada no local do caminho de pesquisa "{RawFileName}".
             Essa referência não é "CopyLocal" porque pelo menos um item de origem tinha "Private" definido como "false" e nenhum item de origem tinha "Private" definido como "true".
         Referência principal "System.ComponentModel, Version=8.0.0.0, Culture=neutral, PublicKeyToken=b03f5f7f11d50a3a".
             O caminho do arquivo resolvido é "C:\Program Files\dotnet\packs\Microsoft.NETCore.App.Ref\8.0.21\ref\net8.0\System.ComponentModel.dll".
             Referência encontrada no local do caminho de pesquisa "{RawFileName}".
             Essa referência não é "CopyLocal" porque pelo menos um item de origem tinha "Private" definido como "false" e nenhum item de origem tinha "Private" definido como "true".
         Referência principal "System.Configuration, Version=4.0.0.0, Culture=neutral, PublicKeyToken=b03f5f7f11d50a3a".
             O caminho do arquivo resolvido é "C:\Program Files\dotnet\packs\Microsoft.NETCore.App.Ref\8.0.21\ref\net8.0\System.Configuration.dll".
             Referência encontrada no local do caminho de pesquisa "{RawFileName}".
             Essa referência não é "CopyLocal" porque pelo menos um item de origem tinha "Private" definido como "false" e nenhum item de origem tinha "Private" definido como "true".
         Referência principal "System.Console, Version=8.0.0.0, Culture=neutral, PublicKeyToken=b03f5f7f11d50a3a".
             O caminho do arquivo resolvido é "C:\Program Files\dotnet\packs\Microsoft.NETCore.App.Ref\8.0.21\ref\net8.0\System.Console.dll".
             Referência encontrada no local do caminho de pesquisa "{RawFileName}".
             Essa referência não é "CopyLocal" porque pelo menos um item de origem tinha "Private" definido como "false" e nenhum item de origem tinha "Private" definido como "true".
         Referência principal "System.Core, Version=4.0.0.0, Culture=neutral, PublicKeyToken=b77a5c561934e089".
             O caminho do arquivo resolvido é "C:\Program Files\dotnet\packs\Microsoft.NETCore.App.Ref\8.0.21\ref\net8.0\System.Core.dll".
             Referência encontrada no local do caminho de pesquisa "{RawFileName}".
             Essa referência não é "CopyLocal" porque pelo menos um item de origem tinha "Private" definido como "false" e nenhum item de origem tinha "Private" definido como "true".
         Referência principal "System.Data.Common, Version=8.0.0.0, Culture=neutral, PublicKeyToken=b03f5f7f11d50a3a".
             O caminho do arquivo resolvido é "C:\Program Files\dotnet\packs\Microsoft.NETCore.App.Ref\8.0.21\ref\net8.0\System.Data.Common.dll".
             Referência encontrada no local do caminho de pesquisa "{RawFileName}".
             Essa referência não é "CopyLocal" porque pelo menos um item de origem tinha "Private" definido como "false" e nenhum item de origem tinha "Private" definido como "true".
         Referência principal "System.Data.DataSetExtensions, Version=8.0.0.0, Culture=neutral, PublicKeyToken=b77a5c561934e089".
             O caminho do arquivo resolvido é "C:\Program Files\dotnet\packs\Microsoft.NETCore.App.Ref\8.0.21\ref\net8.0\System.Data.DataSetExtensions.dll".
             Referência encontrada no local do caminho de pesquisa "{RawFileName}".
             Essa referência não é "CopyLocal" porque pelo menos um item de origem tinha "Private" definido como "false" e nenhum item de origem tinha "Private" definido como "true".
         Referência principal "System.Data, Version=4.0.0.0, Culture=neutral, PublicKeyToken=b77a5c561934e089".
             O caminho do arquivo resolvido é "C:\Program Files\dotnet\packs\Microsoft.NETCore.App.Ref\8.0.21\ref\net8.0\System.Data.dll".
             Referência encontrada no local do caminho de pesquisa "{RawFileName}".
             Essa referência não é "CopyLocal" porque pelo menos um item de origem tinha "Private" definido como "false" e nenhum item de origem tinha "Private" definido como "true".
         Referência principal "System.Diagnostics.Contracts, Version=8.0.0.0, Culture=neutral, PublicKeyToken=b03f5f7f11d50a3a".
             O caminho do arquivo resolvido é "C:\Program Files\dotnet\packs\Microsoft.NETCore.App.Ref\8.0.21\ref\net8.0\System.Diagnostics.Contracts.dll".
             Referência encontrada no local do caminho de pesquisa "{RawFileName}".
             Essa referência não é "CopyLocal" porque pelo menos um item de origem tinha "Private" definido como "false" e nenhum item de origem tinha "Private" definido como "true".
         Referência principal "System.Diagnostics.Debug, Version=8.0.0.0, Culture=neutral, PublicKeyToken=b03f5f7f11d50a3a".
             O caminho do arquivo resolvido é "C:\Program Files\dotnet\packs\Microsoft.NETCore.App.Ref\8.0.21\ref\net8.0\System.Diagnostics.Debug.dll".
             Referência encontrada no local do caminho de pesquisa "{RawFileName}".
             Essa referência não é "CopyLocal" porque pelo menos um item de origem tinha "Private" definido como "false" e nenhum item de origem tinha "Private" definido como "true".
         Referência principal "System.Diagnostics.DiagnosticSource, Version=8.0.0.0, Culture=neutral, PublicKeyToken=cc7b13ffcd2ddd51".
             O caminho do arquivo resolvido é "C:\Program Files\dotnet\packs\Microsoft.NETCore.App.Ref\8.0.21\ref\net8.0\System.Diagnostics.DiagnosticSource.dll".
             Referência encontrada no local do caminho de pesquisa "{RawFileName}".
             Essa referência não é "CopyLocal" porque pelo menos um item de origem tinha "Private" definido como "false" e nenhum item de origem tinha "Private" definido como "true".
         Referência principal "System.Diagnostics.FileVersionInfo, Version=8.0.0.0, Culture=neutral, PublicKeyToken=b03f5f7f11d50a3a".
             O caminho do arquivo resolvido é "C:\Program Files\dotnet\packs\Microsoft.NETCore.App.Ref\8.0.21\ref\net8.0\System.Diagnostics.FileVersionInfo.dll".
             Referência encontrada no local do caminho de pesquisa "{RawFileName}".
             Essa referência não é "CopyLocal" porque pelo menos um item de origem tinha "Private" definido como "false" e nenhum item de origem tinha "Private" definido como "true".
         Referência principal "System.Diagnostics.Process, Version=8.0.0.0, Culture=neutral, PublicKeyToken=b03f5f7f11d50a3a".
             O caminho do arquivo resolvido é "C:\Program Files\dotnet\packs\Microsoft.NETCore.App.Ref\8.0.21\ref\net8.0\System.Diagnostics.Process.dll".
             Referência encontrada no local do caminho de pesquisa "{RawFileName}".
             Essa referência não é "CopyLocal" porque pelo menos um item de origem tinha "Private" definido como "false" e nenhum item de origem tinha "Private" definido como "true".
         Referência principal "System.Diagnostics.StackTrace, Version=8.0.0.0, Culture=neutral, PublicKeyToken=b03f5f7f11d50a3a".
             O caminho do arquivo resolvido é "C:\Program Files\dotnet\packs\Microsoft.NETCore.App.Ref\8.0.21\ref\net8.0\System.Diagnostics.StackTrace.dll".
             Referência encontrada no local do caminho de pesquisa "{RawFileName}".
             Essa referência não é "CopyLocal" porque pelo menos um item de origem tinha "Private" definido como "false" e nenhum item de origem tinha "Private" definido como "true".
         Referência principal "System.Diagnostics.TextWriterTraceListener, Version=8.0.0.0, Culture=neutral, PublicKeyToken=b03f5f7f11d50a3a".
             O caminho do arquivo resolvido é "C:\Program Files\dotnet\packs\Microsoft.NETCore.App.Ref\8.0.21\ref\net8.0\System.Diagnostics.TextWriterTraceListener.dll".
             Referência encontrada no local do caminho de pesquisa "{RawFileName}".
             Essa referência não é "CopyLocal" porque pelo menos um item de origem tinha "Private" definido como "false" e nenhum item de origem tinha "Private" definido como "true".
         Referência principal "System.Diagnostics.Tools, Version=8.0.0.0, Culture=neutral, PublicKeyToken=b03f5f7f11d50a3a".
             O caminho do arquivo resolvido é "C:\Program Files\dotnet\packs\Microsoft.NETCore.App.Ref\8.0.21\ref\net8.0\System.Diagnostics.Tools.dll".
             Referência encontrada no local do caminho de pesquisa "{RawFileName}".
             Essa referência não é "CopyLocal" porque pelo menos um item de origem tinha "Private" definido como "false" e nenhum item de origem tinha "Private" definido como "true".
         Referência principal "System.Diagnostics.TraceSource, Version=8.0.0.0, Culture=neutral, PublicKeyToken=b03f5f7f11d50a3a".
             O caminho do arquivo resolvido é "C:\Program Files\dotnet\packs\Microsoft.NETCore.App.Ref\8.0.21\ref\net8.0\System.Diagnostics.TraceSource.dll".
             Referência encontrada no local do caminho de pesquisa "{RawFileName}".
             Essa referência não é "CopyLocal" porque pelo menos um item de origem tinha "Private" definido como "false" e nenhum item de origem tinha "Private" definido como "true".
         Referência principal "System.Diagnostics.Tracing, Version=8.0.0.0, Culture=neutral, PublicKeyToken=b03f5f7f11d50a3a".
             O caminho do arquivo resolvido é "C:\Program Files\dotnet\packs\Microsoft.NETCore.App.Ref\8.0.21\ref\net8.0\System.Diagnostics.Tracing.dll".
             Referência encontrada no local do caminho de pesquisa "{RawFileName}".
             Essa referência não é "CopyLocal" porque pelo menos um item de origem tinha "Private" definido como "false" e nenhum item de origem tinha "Private" definido como "true".
         Referência principal "System.Drawing.Primitives, Version=8.0.0.0, Culture=neutral, PublicKeyToken=b03f5f7f11d50a3a".
             O caminho do arquivo resolvido é "C:\Program Files\dotnet\packs\Microsoft.NETCore.App.Ref\8.0.21\ref\net8.0\System.Drawing.Primitives.dll".
             Referência encontrada no local do caminho de pesquisa "{RawFileName}".
             Essa referência não é "CopyLocal" porque pelo menos um item de origem tinha "Private" definido como "false" e nenhum item de origem tinha "Private" definido como "true".
         Referência principal "System.Drawing, Version=4.0.0.0, Culture=neutral, PublicKeyToken=b03f5f7f11d50a3a".
             O caminho do arquivo resolvido é "C:\Program Files\dotnet\packs\Microsoft.NETCore.App.Ref\8.0.21\ref\net8.0\System.Drawing.dll".
             Referência encontrada no local do caminho de pesquisa "{RawFileName}".
             Essa referência não é "CopyLocal" porque pelo menos um item de origem tinha "Private" definido como "false" e nenhum item de origem tinha "Private" definido como "true".
         Referência principal "System.Dynamic.Runtime, Version=8.0.0.0, Culture=neutral, PublicKeyToken=b03f5f7f11d50a3a".
             O caminho do arquivo resolvido é "C:\Program Files\dotnet\packs\Microsoft.NETCore.App.Ref\8.0.21\ref\net8.0\System.Dynamic.Runtime.dll".
             Referência encontrada no local do caminho de pesquisa "{RawFileName}".
             Essa referência não é "CopyLocal" porque pelo menos um item de origem tinha "Private" definido como "false" e nenhum item de origem tinha "Private" definido como "true".
         Referência principal "System.Formats.Asn1, Version=8.0.0.0, Culture=neutral, PublicKeyToken=cc7b13ffcd2ddd51".
             O caminho do arquivo resolvido é "C:\Program Files\dotnet\packs\Microsoft.NETCore.App.Ref\8.0.21\ref\net8.0\System.Formats.Asn1.dll".
             Referência encontrada no local do caminho de pesquisa "{RawFileName}".
             Essa referência não é "CopyLocal" porque pelo menos um item de origem tinha "Private" definido como "false" e nenhum item de origem tinha "Private" definido como "true".
         Referência principal "System.Formats.Tar, Version=8.0.0.0, Culture=neutral, PublicKeyToken=cc7b13ffcd2ddd51".
             O caminho do arquivo resolvido é "C:\Program Files\dotnet\packs\Microsoft.NETCore.App.Ref\8.0.21\ref\net8.0\System.Formats.Tar.dll".
             Referência encontrada no local do caminho de pesquisa "{RawFileName}".
             Essa referência não é "CopyLocal" porque pelo menos um item de origem tinha "Private" definido como "false" e nenhum item de origem tinha "Private" definido como "true".
         Referência principal "System.Globalization.Calendars, Version=8.0.0.0, Culture=neutral, PublicKeyToken=b03f5f7f11d50a3a".
             O caminho do arquivo resolvido é "C:\Program Files\dotnet\packs\Microsoft.NETCore.App.Ref\8.0.21\ref\net8.0\System.Globalization.Calendars.dll".
             Referência encontrada no local do caminho de pesquisa "{RawFileName}".
             Essa referência não é "CopyLocal" porque pelo menos um item de origem tinha "Private" definido como "false" e nenhum item de origem tinha "Private" definido como "true".
         Referência principal "System.Globalization.Extensions, Version=8.0.0.0, Culture=neutral, PublicKeyToken=b03f5f7f11d50a3a".
             O caminho do arquivo resolvido é "C:\Program Files\dotnet\packs\Microsoft.NETCore.App.Ref\8.0.21\ref\net8.0\System.Globalization.Extensions.dll".
             Referência encontrada no local do caminho de pesquisa "{RawFileName}".
             Essa referência não é "CopyLocal" porque pelo menos um item de origem tinha "Private" definido como "false" e nenhum item de origem tinha "Private" definido como "true".
         Referência principal "System.Globalization, Version=8.0.0.0, Culture=neutral, PublicKeyToken=b03f5f7f11d50a3a".
             O caminho do arquivo resolvido é "C:\Program Files\dotnet\packs\Microsoft.NETCore.App.Ref\8.0.21\ref\net8.0\System.Globalization.dll".
             Referência encontrada no local do caminho de pesquisa "{RawFileName}".
             Essa referência não é "CopyLocal" porque pelo menos um item de origem tinha "Private" definido como "false" e nenhum item de origem tinha "Private" definido como "true".
         Referência principal "System.IO.Compression.Brotli, Version=8.0.0.0, Culture=neutral, PublicKeyToken=b77a5c561934e089".
             O caminho do arquivo resolvido é "C:\Program Files\dotnet\packs\Microsoft.NETCore.App.Ref\8.0.21\ref\net8.0\System.IO.Compression.Brotli.dll".
             Referência encontrada no local do caminho de pesquisa "{RawFileName}".
             Essa referência não é "CopyLocal" porque pelo menos um item de origem tinha "Private" definido como "false" e nenhum item de origem tinha "Private" definido como "true".
         Referência principal "System.IO.Compression.FileSystem, Version=4.0.0.0, Culture=neutral, PublicKeyToken=b77a5c561934e089".
             O caminho do arquivo resolvido é "C:\Program Files\dotnet\packs\Microsoft.NETCore.App.Ref\8.0.21\ref\net8.0\System.IO.Compression.FileSystem.dll".
             Referência encontrada no local do caminho de pesquisa "{RawFileName}".
             Essa referência não é "CopyLocal" porque pelo menos um item de origem tinha "Private" definido como "false" e nenhum item de origem tinha "Private" definido como "true".
         Referência principal "System.IO.Compression.ZipFile, Version=8.0.0.0, Culture=neutral, PublicKeyToken=b77a5c561934e089".
             O caminho do arquivo resolvido é "C:\Program Files\dotnet\packs\Microsoft.NETCore.App.Ref\8.0.21\ref\net8.0\System.IO.Compression.ZipFile.dll".
             Referência encontrada no local do caminho de pesquisa "{RawFileName}".
             Essa referência não é "CopyLocal" porque pelo menos um item de origem tinha "Private" definido como "false" e nenhum item de origem tinha "Private" definido como "true".
         Referência principal "System.IO.Compression, Version=8.0.0.0, Culture=neutral, PublicKeyToken=b77a5c561934e089".
             O caminho do arquivo resolvido é "C:\Program Files\dotnet\packs\Microsoft.NETCore.App.Ref\8.0.21\ref\net8.0\System.IO.Compression.dll".
             Referência encontrada no local do caminho de pesquisa "{RawFileName}".
             Essa referência não é "CopyLocal" porque pelo menos um item de origem tinha "Private" definido como "false" e nenhum item de origem tinha "Private" definido como "true".
         Referência principal "System.IO.FileSystem.AccessControl, Version=8.0.0.0, Culture=neutral, PublicKeyToken=b03f5f7f11d50a3a".
             O caminho do arquivo resolvido é "C:\Program Files\dotnet\packs\Microsoft.NETCore.App.Ref\8.0.21\ref\net8.0\System.IO.FileSystem.AccessControl.dll".
             Referência encontrada no local do caminho de pesquisa "{RawFileName}".
             Essa referência não é "CopyLocal" porque pelo menos um item de origem tinha "Private" definido como "false" e nenhum item de origem tinha "Private" definido como "true".
         Referência principal "System.IO.FileSystem.DriveInfo, Version=8.0.0.0, Culture=neutral, PublicKeyToken=b03f5f7f11d50a3a".
             O caminho do arquivo resolvido é "C:\Program Files\dotnet\packs\Microsoft.NETCore.App.Ref\8.0.21\ref\net8.0\System.IO.FileSystem.DriveInfo.dll".
             Referência encontrada no local do caminho de pesquisa "{RawFileName}".
             Essa referência não é "CopyLocal" porque pelo menos um item de origem tinha "Private" definido como "false" e nenhum item de origem tinha "Private" definido como "true".
         Referência principal "System.IO.FileSystem.Primitives, Version=8.0.0.0, Culture=neutral, PublicKeyToken=b03f5f7f11d50a3a".
             O caminho do arquivo resolvido é "C:\Program Files\dotnet\packs\Microsoft.NETCore.App.Ref\8.0.21\ref\net8.0\System.IO.FileSystem.Primitives.dll".
             Referência encontrada no local do caminho de pesquisa "{RawFileName}".
             Essa referência não é "CopyLocal" porque pelo menos um item de origem tinha "Private" definido como "false" e nenhum item de origem tinha "Private" definido como "true".
         Referência principal "System.IO.FileSystem.Watcher, Version=8.0.0.0, Culture=neutral, PublicKeyToken=b03f5f7f11d50a3a".
             O caminho do arquivo resolvido é "C:\Program Files\dotnet\packs\Microsoft.NETCore.App.Ref\8.0.21\ref\net8.0\System.IO.FileSystem.Watcher.dll".
             Referência encontrada no local do caminho de pesquisa "{RawFileName}".
             Essa referência não é "CopyLocal" porque pelo menos um item de origem tinha "Private" definido como "false" e nenhum item de origem tinha "Private" definido como "true".
         Referência principal "System.IO.FileSystem, Version=8.0.0.0, Culture=neutral, PublicKeyToken=b03f5f7f11d50a3a".
             O caminho do arquivo resolvido é "C:\Program Files\dotnet\packs\Microsoft.NETCore.App.Ref\8.0.21\ref\net8.0\System.IO.FileSystem.dll".
             Referência encontrada no local do caminho de pesquisa "{RawFileName}".
             Essa referência não é "CopyLocal" porque pelo menos um item de origem tinha "Private" definido como "false" e nenhum item de origem tinha "Private" definido como "true".
         Referência principal "System.IO.IsolatedStorage, Version=8.0.0.0, Culture=neutral, PublicKeyToken=b03f5f7f11d50a3a".
             O caminho do arquivo resolvido é "C:\Program Files\dotnet\packs\Microsoft.NETCore.App.Ref\8.0.21\ref\net8.0\System.IO.IsolatedStorage.dll".
             Referência encontrada no local do caminho de pesquisa "{RawFileName}".
             Essa referência não é "CopyLocal" porque pelo menos um item de origem tinha "Private" definido como "false" e nenhum item de origem tinha "Private" definido como "true".
         Referência principal "System.IO.MemoryMappedFiles, Version=8.0.0.0, Culture=neutral, PublicKeyToken=b03f5f7f11d50a3a".
             O caminho do arquivo resolvido é "C:\Program Files\dotnet\packs\Microsoft.NETCore.App.Ref\8.0.21\ref\net8.0\System.IO.MemoryMappedFiles.dll".
             Referência encontrada no local do caminho de pesquisa "{RawFileName}".
             Essa referência não é "CopyLocal" porque pelo menos um item de origem tinha "Private" definido como "false" e nenhum item de origem tinha "Private" definido como "true".
         Referência principal "System.IO.Pipes.AccessControl, Version=8.0.0.0, Culture=neutral, PublicKeyToken=b03f5f7f11d50a3a".
             O caminho do arquivo resolvido é "C:\Program Files\dotnet\packs\Microsoft.NETCore.App.Ref\8.0.21\ref\net8.0\System.IO.Pipes.AccessControl.dll".
             Referência encontrada no local do caminho de pesquisa "{RawFileName}".
             Essa referência não é "CopyLocal" porque pelo menos um item de origem tinha "Private" definido como "false" e nenhum item de origem tinha "Private" definido como "true".
         Referência principal "System.IO.Pipes, Version=8.0.0.0, Culture=neutral, PublicKeyToken=b03f5f7f11d50a3a".
             O caminho do arquivo resolvido é "C:\Program Files\dotnet\packs\Microsoft.NETCore.App.Ref\8.0.21\ref\net8.0\System.IO.Pipes.dll".
             Referência encontrada no local do caminho de pesquisa "{RawFileName}".
             Essa referência não é "CopyLocal" porque pelo menos um item de origem tinha "Private" definido como "false" e nenhum item de origem tinha "Private" definido como "true".
         Referência principal "System.IO.UnmanagedMemoryStream, Version=8.0.0.0, Culture=neutral, PublicKeyToken=b03f5f7f11d50a3a".
             O caminho do arquivo resolvido é "C:\Program Files\dotnet\packs\Microsoft.NETCore.App.Ref\8.0.21\ref\net8.0\System.IO.UnmanagedMemoryStream.dll".
             Referência encontrada no local do caminho de pesquisa "{RawFileName}".
             Essa referência não é "CopyLocal" porque pelo menos um item de origem tinha "Private" definido como "false" e nenhum item de origem tinha "Private" definido como "true".
         Referência principal "System.IO, Version=8.0.0.0, Culture=neutral, PublicKeyToken=b03f5f7f11d50a3a".
             O caminho do arquivo resolvido é "C:\Program Files\dotnet\packs\Microsoft.NETCore.App.Ref\8.0.21\ref\net8.0\System.IO.dll".
             Referência encontrada no local do caminho de pesquisa "{RawFileName}".
             Essa referência não é "CopyLocal" porque pelo menos um item de origem tinha "Private" definido como "false" e nenhum item de origem tinha "Private" definido como "true".
         Referência principal "System.Linq.Expressions, Version=8.0.0.0, Culture=neutral, PublicKeyToken=b03f5f7f11d50a3a".
             O caminho do arquivo resolvido é "C:\Program Files\dotnet\packs\Microsoft.NETCore.App.Ref\8.0.21\ref\net8.0\System.Linq.Expressions.dll".
             Referência encontrada no local do caminho de pesquisa "{RawFileName}".
             Essa referência não é "CopyLocal" porque pelo menos um item de origem tinha "Private" definido como "false" e nenhum item de origem tinha "Private" definido como "true".
         Referência principal "System.Linq.Parallel, Version=8.0.0.0, Culture=neutral, PublicKeyToken=b03f5f7f11d50a3a".
             O caminho do arquivo resolvido é "C:\Program Files\dotnet\packs\Microsoft.NETCore.App.Ref\8.0.21\ref\net8.0\System.Linq.Parallel.dll".
             Referência encontrada no local do caminho de pesquisa "{RawFileName}".
             Essa referência não é "CopyLocal" porque pelo menos um item de origem tinha "Private" definido como "false" e nenhum item de origem tinha "Private" definido como "true".
         Referência principal "System.Linq.Queryable, Version=8.0.0.0, Culture=neutral, PublicKeyToken=b03f5f7f11d50a3a".
             O caminho do arquivo resolvido é "C:\Program Files\dotnet\packs\Microsoft.NETCore.App.Ref\8.0.21\ref\net8.0\System.Linq.Queryable.dll".
             Referência encontrada no local do caminho de pesquisa "{RawFileName}".
             Essa referência não é "CopyLocal" porque pelo menos um item de origem tinha "Private" definido como "false" e nenhum item de origem tinha "Private" definido como "true".
         Referência principal "System.Linq, Version=8.0.0.0, Culture=neutral, PublicKeyToken=b03f5f7f11d50a3a".
             O caminho do arquivo resolvido é "C:\Program Files\dotnet\packs\Microsoft.NETCore.App.Ref\8.0.21\ref\net8.0\System.Linq.dll".
             Referência encontrada no local do caminho de pesquisa "{RawFileName}".
             Essa referência não é "CopyLocal" porque pelo menos um item de origem tinha "Private" definido como "false" e nenhum item de origem tinha "Private" definido como "true".
         Referência principal "System.Memory, Version=8.0.0.0, Culture=neutral, PublicKeyToken=cc7b13ffcd2ddd51".
             O caminho do arquivo resolvido é "C:\Program Files\dotnet\packs\Microsoft.NETCore.App.Ref\8.0.21\ref\net8.0\System.Memory.dll".
             Referência encontrada no local do caminho de pesquisa "{RawFileName}".
             Essa referência não é "CopyLocal" porque pelo menos um item de origem tinha "Private" definido como "false" e nenhum item de origem tinha "Private" definido como "true".
         Referência principal "System.Net.Http.Json, Version=8.0.0.0, Culture=neutral, PublicKeyToken=cc7b13ffcd2ddd51".
             O caminho do arquivo resolvido é "C:\Program Files\dotnet\packs\Microsoft.NETCore.App.Ref\8.0.21\ref\net8.0\System.Net.Http.Json.dll".
             Referência encontrada no local do caminho de pesquisa "{RawFileName}".
             Essa referência não é "CopyLocal" porque pelo menos um item de origem tinha "Private" definido como "false" e nenhum item de origem tinha "Private" definido como "true".
         Referência principal "System.Net.Http, Version=8.0.0.0, Culture=neutral, PublicKeyToken=b03f5f7f11d50a3a".
             O caminho do arquivo resolvido é "C:\Program Files\dotnet\packs\Microsoft.NETCore.App.Ref\8.0.21\ref\net8.0\System.Net.Http.dll".
             Referência encontrada no local do caminho de pesquisa "{RawFileName}".
             Essa referência não é "CopyLocal" porque pelo menos um item de origem tinha "Private" definido como "false" e nenhum item de origem tinha "Private" definido como "true".
         Referência principal "System.Net.HttpListener, Version=8.0.0.0, Culture=neutral, PublicKeyToken=cc7b13ffcd2ddd51".
             O caminho do arquivo resolvido é "C:\Program Files\dotnet\packs\Microsoft.NETCore.App.Ref\8.0.21\ref\net8.0\System.Net.HttpListener.dll".
             Referência encontrada no local do caminho de pesquisa "{RawFileName}".
             Essa referência não é "CopyLocal" porque pelo menos um item de origem tinha "Private" definido como "false" e nenhum item de origem tinha "Private" definido como "true".
         Referência principal "System.Net.Mail, Version=8.0.0.0, Culture=neutral, PublicKeyToken=cc7b13ffcd2ddd51".
             O caminho do arquivo resolvido é "C:\Program Files\dotnet\packs\Microsoft.NETCore.App.Ref\8.0.21\ref\net8.0\System.Net.Mail.dll".
             Referência encontrada no local do caminho de pesquisa "{RawFileName}".
             Essa referência não é "CopyLocal" porque pelo menos um item de origem tinha "Private" definido como "false" e nenhum item de origem tinha "Private" definido como "true".
         Referência principal "System.Net.NameResolution, Version=8.0.0.0, Culture=neutral, PublicKeyToken=b03f5f7f11d50a3a".
             O caminho do arquivo resolvido é "C:\Program Files\dotnet\packs\Microsoft.NETCore.App.Ref\8.0.21\ref\net8.0\System.Net.NameResolution.dll".
             Referência encontrada no local do caminho de pesquisa "{RawFileName}".
             Essa referência não é "CopyLocal" porque pelo menos um item de origem tinha "Private" definido como "false" e nenhum item de origem tinha "Private" definido como "true".
         Referência principal "System.Net.NetworkInformation, Version=8.0.0.0, Culture=neutral, PublicKeyToken=b03f5f7f11d50a3a".
             O caminho do arquivo resolvido é "C:\Program Files\dotnet\packs\Microsoft.NETCore.App.Ref\8.0.21\ref\net8.0\System.Net.NetworkInformation.dll".
             Referência encontrada no local do caminho de pesquisa "{RawFileName}".
             Essa referência não é "CopyLocal" porque pelo menos um item de origem tinha "Private" definido como "false" e nenhum item de origem tinha "Private" definido como "true".
         Referência principal "System.Net.Ping, Version=8.0.0.0, Culture=neutral, PublicKeyToken=b03f5f7f11d50a3a".
             O caminho do arquivo resolvido é "C:\Program Files\dotnet\packs\Microsoft.NETCore.App.Ref\8.0.21\ref\net8.0\System.Net.Ping.dll".
             Referência encontrada no local do caminho de pesquisa "{RawFileName}".
             Essa referência não é "CopyLocal" porque pelo menos um item de origem tinha "Private" definido como "false" e nenhum item de origem tinha "Private" definido como "true".
         Referência principal "System.Net.Primitives, Version=8.0.0.0, Culture=neutral, PublicKeyToken=b03f5f7f11d50a3a".
             O caminho do arquivo resolvido é "C:\Program Files\dotnet\packs\Microsoft.NETCore.App.Ref\8.0.21\ref\net8.0\System.Net.Primitives.dll".
             Referência encontrada no local do caminho de pesquisa "{RawFileName}".
             Essa referência não é "CopyLocal" porque pelo menos um item de origem tinha "Private" definido como "false" e nenhum item de origem tinha "Private" definido como "true".
         Referência principal "System.Net.Quic, Version=8.0.0.0, Culture=neutral, PublicKeyToken=b03f5f7f11d50a3a".
             O caminho do arquivo resolvido é "C:\Program Files\dotnet\packs\Microsoft.NETCore.App.Ref\8.0.21\ref\net8.0\System.Net.Quic.dll".
             Referência encontrada no local do caminho de pesquisa "{RawFileName}".
             Essa referência não é "CopyLocal" porque pelo menos um item de origem tinha "Private" definido como "false" e nenhum item de origem tinha "Private" definido como "true".
         Referência principal "System.Net.Requests, Version=8.0.0.0, Culture=neutral, PublicKeyToken=b03f5f7f11d50a3a".
             O caminho do arquivo resolvido é "C:\Program Files\dotnet\packs\Microsoft.NETCore.App.Ref\8.0.21\ref\net8.0\System.Net.Requests.dll".
             Referência encontrada no local do caminho de pesquisa "{RawFileName}".
             Essa referência não é "CopyLocal" porque pelo menos um item de origem tinha "Private" definido como "false" e nenhum item de origem tinha "Private" definido como "true".
         Referência principal "System.Net.Security, Version=8.0.0.0, Culture=neutral, PublicKeyToken=b03f5f7f11d50a3a".
             O caminho do arquivo resolvido é "C:\Program Files\dotnet\packs\Microsoft.NETCore.App.Ref\8.0.21\ref\net8.0\System.Net.Security.dll".
             Referência encontrada no local do caminho de pesquisa "{RawFileName}".
             Essa referência não é "CopyLocal" porque pelo menos um item de origem tinha "Private" definido como "false" e nenhum item de origem tinha "Private" definido como "true".
         Referência principal "System.Net.ServicePoint, Version=8.0.0.0, Culture=neutral, PublicKeyToken=cc7b13ffcd2ddd51".
             O caminho do arquivo resolvido é "C:\Program Files\dotnet\packs\Microsoft.NETCore.App.Ref\8.0.21\ref\net8.0\System.Net.ServicePoint.dll".
             Referência encontrada no local do caminho de pesquisa "{RawFileName}".
             Essa referência não é "CopyLocal" porque pelo menos um item de origem tinha "Private" definido como "false" e nenhum item de origem tinha "Private" definido como "true".
         Referência principal "System.Net.Sockets, Version=8.0.0.0, Culture=neutral, PublicKeyToken=b03f5f7f11d50a3a".
             O caminho do arquivo resolvido é "C:\Program Files\dotnet\packs\Microsoft.NETCore.App.Ref\8.0.21\ref\net8.0\System.Net.Sockets.dll".
             Referência encontrada no local do caminho de pesquisa "{RawFileName}".
             Essa referência não é "CopyLocal" porque pelo menos um item de origem tinha "Private" definido como "false" e nenhum item de origem tinha "Private" definido como "true".
         Referência principal "System.Net.WebClient, Version=8.0.0.0, Culture=neutral, PublicKeyToken=cc7b13ffcd2ddd51".
             O caminho do arquivo resolvido é "C:\Program Files\dotnet\packs\Microsoft.NETCore.App.Ref\8.0.21\ref\net8.0\System.Net.WebClient.dll".
             Referência encontrada no local do caminho de pesquisa "{RawFileName}".
             Essa referência não é "CopyLocal" porque pelo menos um item de origem tinha "Private" definido como "false" e nenhum item de origem tinha "Private" definido como "true".
         Referência principal "System.Net.WebHeaderCollection, Version=8.0.0.0, Culture=neutral, PublicKeyToken=b03f5f7f11d50a3a".
             O caminho do arquivo resolvido é "C:\Program Files\dotnet\packs\Microsoft.NETCore.App.Ref\8.0.21\ref\net8.0\System.Net.WebHeaderCollection.dll".
             Referência encontrada no local do caminho de pesquisa "{RawFileName}".
             Essa referência não é "CopyLocal" porque pelo menos um item de origem tinha "Private" definido como "false" e nenhum item de origem tinha "Private" definido como "true".
         Referência principal "System.Net.WebProxy, Version=8.0.0.0, Culture=neutral, PublicKeyToken=cc7b13ffcd2ddd51".
             O caminho do arquivo resolvido é "C:\Program Files\dotnet\packs\Microsoft.NETCore.App.Ref\8.0.21\ref\net8.0\System.Net.WebProxy.dll".
             Referência encontrada no local do caminho de pesquisa "{RawFileName}".
             Essa referência não é "CopyLocal" porque pelo menos um item de origem tinha "Private" definido como "false" e nenhum item de origem tinha "Private" definido como "true".
         Referência principal "System.Net.WebSockets.Client, Version=8.0.0.0, Culture=neutral, PublicKeyToken=b03f5f7f11d50a3a".
             O caminho do arquivo resolvido é "C:\Program Files\dotnet\packs\Microsoft.NETCore.App.Ref\8.0.21\ref\net8.0\System.Net.WebSockets.Client.dll".
             Referência encontrada no local do caminho de pesquisa "{RawFileName}".
             Essa referência não é "CopyLocal" porque pelo menos um item de origem tinha "Private" definido como "false" e nenhum item de origem tinha "Private" definido como "true".
         Referência principal "System.Net.WebSockets, Version=8.0.0.0, Culture=neutral, PublicKeyToken=b03f5f7f11d50a3a".
             O caminho do arquivo resolvido é "C:\Program Files\dotnet\packs\Microsoft.NETCore.App.Ref\8.0.21\ref\net8.0\System.Net.WebSockets.dll".
             Referência encontrada no local do caminho de pesquisa "{RawFileName}".
             Essa referência não é "CopyLocal" porque pelo menos um item de origem tinha "Private" definido como "false" e nenhum item de origem tinha "Private" definido como "true".
         Referência principal "System.Net, Version=4.0.0.0, Culture=neutral, PublicKeyToken=b03f5f7f11d50a3a".
             O caminho do arquivo resolvido é "C:\Program Files\dotnet\packs\Microsoft.NETCore.App.Ref\8.0.21\ref\net8.0\System.Net.dll".
             Referência encontrada no local do caminho de pesquisa "{RawFileName}".
             Essa referência não é "CopyLocal" porque pelo menos um item de origem tinha "Private" definido como "false" e nenhum item de origem tinha "Private" definido como "true".
         Referência principal "System.Numerics.Vectors, Version=8.0.0.0, Culture=neutral, PublicKeyToken=b03f5f7f11d50a3a".
             O caminho do arquivo resolvido é "C:\Program Files\dotnet\packs\Microsoft.NETCore.App.Ref\8.0.21\ref\net8.0\System.Numerics.Vectors.dll".
             Referência encontrada no local do caminho de pesquisa "{RawFileName}".
             Essa referência não é "CopyLocal" porque pelo menos um item de origem tinha "Private" definido como "false" e nenhum item de origem tinha "Private" definido como "true".
         Referência principal "System.Numerics, Version=4.0.0.0, Culture=neutral, PublicKeyToken=b77a5c561934e089".
             O caminho do arquivo resolvido é "C:\Program Files\dotnet\packs\Microsoft.NETCore.App.Ref\8.0.21\ref\net8.0\System.Numerics.dll".
             Referência encontrada no local do caminho de pesquisa "{RawFileName}".
             Essa referência não é "CopyLocal" porque pelo menos um item de origem tinha "Private" definido como "false" e nenhum item de origem tinha "Private" definido como "true".
         Referência principal "System.ObjectModel, Version=8.0.0.0, Culture=neutral, PublicKeyToken=b03f5f7f11d50a3a".
             O caminho do arquivo resolvido é "C:\Program Files\dotnet\packs\Microsoft.NETCore.App.Ref\8.0.21\ref\net8.0\System.ObjectModel.dll".
             Referência encontrada no local do caminho de pesquisa "{RawFileName}".
             Essa referência não é "CopyLocal" porque pelo menos um item de origem tinha "Private" definido como "false" e nenhum item de origem tinha "Private" definido como "true".
         Referência principal "System.Reflection.DispatchProxy, Version=8.0.0.0, Culture=neutral, PublicKeyToken=b03f5f7f11d50a3a".
             O caminho do arquivo resolvido é "C:\Program Files\dotnet\packs\Microsoft.NETCore.App.Ref\8.0.21\ref\net8.0\System.Reflection.DispatchProxy.dll".
             Referência encontrada no local do caminho de pesquisa "{RawFileName}".
             Essa referência não é "CopyLocal" porque pelo menos um item de origem tinha "Private" definido como "false" e nenhum item de origem tinha "Private" definido como "true".
         Referência principal "System.Reflection.Emit.ILGeneration, Version=8.0.0.0, Culture=neutral, PublicKeyToken=b03f5f7f11d50a3a".
             O caminho do arquivo resolvido é "C:\Program Files\dotnet\packs\Microsoft.NETCore.App.Ref\8.0.21\ref\net8.0\System.Reflection.Emit.ILGeneration.dll".
             Referência encontrada no local do caminho de pesquisa "{RawFileName}".
             Essa referência não é "CopyLocal" porque pelo menos um item de origem tinha "Private" definido como "false" e nenhum item de origem tinha "Private" definido como "true".
         Referência principal "System.Reflection.Emit.Lightweight, Version=8.0.0.0, Culture=neutral, PublicKeyToken=b03f5f7f11d50a3a".
             O caminho do arquivo resolvido é "C:\Program Files\dotnet\packs\Microsoft.NETCore.App.Ref\8.0.21\ref\net8.0\System.Reflection.Emit.Lightweight.dll".
             Referência encontrada no local do caminho de pesquisa "{RawFileName}".
             Essa referência não é "CopyLocal" porque pelo menos um item de origem tinha "Private" definido como "false" e nenhum item de origem tinha "Private" definido como "true".
         Referência principal "System.Reflection.Emit, Version=8.0.0.0, Culture=neutral, PublicKeyToken=b03f5f7f11d50a3a".
             O caminho do arquivo resolvido é "C:\Program Files\dotnet\packs\Microsoft.NETCore.App.Ref\8.0.21\ref\net8.0\System.Reflection.Emit.dll".
             Referência encontrada no local do caminho de pesquisa "{RawFileName}".
             Essa referência não é "CopyLocal" porque pelo menos um item de origem tinha "Private" definido como "false" e nenhum item de origem tinha "Private" definido como "true".
         Referência principal "System.Reflection.Extensions, Version=8.0.0.0, Culture=neutral, PublicKeyToken=b03f5f7f11d50a3a".
             O caminho do arquivo resolvido é "C:\Program Files\dotnet\packs\Microsoft.NETCore.App.Ref\8.0.21\ref\net8.0\System.Reflection.Extensions.dll".
             Referência encontrada no local do caminho de pesquisa "{RawFileName}".
             Essa referência não é "CopyLocal" porque pelo menos um item de origem tinha "Private" definido como "false" e nenhum item de origem tinha "Private" definido como "true".
         Referência principal "System.Reflection.Metadata, Version=8.0.0.0, Culture=neutral, PublicKeyToken=b03f5f7f11d50a3a".
             O caminho do arquivo resolvido é "C:\Program Files\dotnet\packs\Microsoft.NETCore.App.Ref\8.0.21\ref\net8.0\System.Reflection.Metadata.dll".
             Referência encontrada no local do caminho de pesquisa "{RawFileName}".
             Essa referência não é "CopyLocal" porque pelo menos um item de origem tinha "Private" definido como "false" e nenhum item de origem tinha "Private" definido como "true".
         Referência principal "System.Reflection.Primitives, Version=8.0.0.0, Culture=neutral, PublicKeyToken=b03f5f7f11d50a3a".
             O caminho do arquivo resolvido é "C:\Program Files\dotnet\packs\Microsoft.NETCore.App.Ref\8.0.21\ref\net8.0\System.Reflection.Primitives.dll".
             Referência encontrada no local do caminho de pesquisa "{RawFileName}".
             Essa referência não é "CopyLocal" porque pelo menos um item de origem tinha "Private" definido como "false" e nenhum item de origem tinha "Private" definido como "true".
         Referência principal "System.Reflection.TypeExtensions, Version=8.0.0.0, Culture=neutral, PublicKeyToken=b03f5f7f11d50a3a".
             O caminho do arquivo resolvido é "C:\Program Files\dotnet\packs\Microsoft.NETCore.App.Ref\8.0.21\ref\net8.0\System.Reflection.TypeExtensions.dll".
             Referência encontrada no local do caminho de pesquisa "{RawFileName}".
             Essa referência não é "CopyLocal" porque pelo menos um item de origem tinha "Private" definido como "false" e nenhum item de origem tinha "Private" definido como "true".
         Referência principal "System.Reflection, Version=8.0.0.0, Culture=neutral, PublicKeyToken=b03f5f7f11d50a3a".
             O caminho do arquivo resolvido é "C:\Program Files\dotnet\packs\Microsoft.NETCore.App.Ref\8.0.21\ref\net8.0\System.Reflection.dll".
             Referência encontrada no local do caminho de pesquisa "{RawFileName}".
             Essa referência não é "CopyLocal" porque pelo menos um item de origem tinha "Private" definido como "false" e nenhum item de origem tinha "Private" definido como "true".
         Referência principal "System.Resources.Reader, Version=8.0.0.0, Culture=neutral, PublicKeyToken=b03f5f7f11d50a3a".
             O caminho do arquivo resolvido é "C:\Program Files\dotnet\packs\Microsoft.NETCore.App.Ref\8.0.21\ref\net8.0\System.Resources.Reader.dll".
             Referência encontrada no local do caminho de pesquisa "{RawFileName}".
             Essa referência não é "CopyLocal" porque pelo menos um item de origem tinha "Private" definido como "false" e nenhum item de origem tinha "Private" definido como "true".
         Referência principal "System.Resources.ResourceManager, Version=8.0.0.0, Culture=neutral, PublicKeyToken=b03f5f7f11d50a3a".
             O caminho do arquivo resolvido é "C:\Program Files\dotnet\packs\Microsoft.NETCore.App.Ref\8.0.21\ref\net8.0\System.Resources.ResourceManager.dll".
             Referência encontrada no local do caminho de pesquisa "{RawFileName}".
             Essa referência não é "CopyLocal" porque pelo menos um item de origem tinha "Private" definido como "false" e nenhum item de origem tinha "Private" definido como "true".
         Referência principal "System.Resources.Writer, Version=8.0.0.0, Culture=neutral, PublicKeyToken=b03f5f7f11d50a3a".
             O caminho do arquivo resolvido é "C:\Program Files\dotnet\packs\Microsoft.NETCore.App.Ref\8.0.21\ref\net8.0\System.Resources.Writer.dll".
             Referência encontrada no local do caminho de pesquisa "{RawFileName}".
             Essa referência não é "CopyLocal" porque pelo menos um item de origem tinha "Private" definido como "false" e nenhum item de origem tinha "Private" definido como "true".
         Referência principal "System.Runtime.CompilerServices.Unsafe, Version=8.0.0.0, Culture=neutral, PublicKeyToken=b03f5f7f11d50a3a".
             O caminho do arquivo resolvido é "C:\Program Files\dotnet\packs\Microsoft.NETCore.App.Ref\8.0.21\ref\net8.0\System.Runtime.CompilerServices.Unsafe.dll".
             Referência encontrada no local do caminho de pesquisa "{RawFileName}".
             Essa referência não é "CopyLocal" porque pelo menos um item de origem tinha "Private" definido como "false" e nenhum item de origem tinha "Private" definido como "true".
         Referência principal "System.Runtime.CompilerServices.VisualC, Version=8.0.0.0, Culture=neutral, PublicKeyToken=b03f5f7f11d50a3a".
             O caminho do arquivo resolvido é "C:\Program Files\dotnet\packs\Microsoft.NETCore.App.Ref\8.0.21\ref\net8.0\System.Runtime.CompilerServices.VisualC.dll".
             Referência encontrada no local do caminho de pesquisa "{RawFileName}".
             Essa referência não é "CopyLocal" porque pelo menos um item de origem tinha "Private" definido como "false" e nenhum item de origem tinha "Private" definido como "true".
         Referência principal "System.Runtime.Extensions, Version=8.0.0.0, Culture=neutral, PublicKeyToken=b03f5f7f11d50a3a".
             O caminho do arquivo resolvido é "C:\Program Files\dotnet\packs\Microsoft.NETCore.App.Ref\8.0.21\ref\net8.0\System.Runtime.Extensions.dll".
             Referência encontrada no local do caminho de pesquisa "{RawFileName}".
             Essa referência não é "CopyLocal" porque pelo menos um item de origem tinha "Private" definido como "false" e nenhum item de origem tinha "Private" definido como "true".
         Referência principal "System.Runtime.Handles, Version=8.0.0.0, Culture=neutral, PublicKeyToken=b03f5f7f11d50a3a".
             O caminho do arquivo resolvido é "C:\Program Files\dotnet\packs\Microsoft.NETCore.App.Ref\8.0.21\ref\net8.0\System.Runtime.Handles.dll".
             Referência encontrada no local do caminho de pesquisa "{RawFileName}".
             Essa referência não é "CopyLocal" porque pelo menos um item de origem tinha "Private" definido como "false" e nenhum item de origem tinha "Private" definido como "true".
         Referência principal "System.Runtime.InteropServices.JavaScript, Version=8.0.0.0, Culture=neutral, PublicKeyToken=b03f5f7f11d50a3a".
             O caminho do arquivo resolvido é "C:\Program Files\dotnet\packs\Microsoft.NETCore.App.Ref\8.0.21\ref\net8.0\System.Runtime.InteropServices.JavaScript.dll".
             Referência encontrada no local do caminho de pesquisa "{RawFileName}".
             Essa referência não é "CopyLocal" porque pelo menos um item de origem tinha "Private" definido como "false" e nenhum item de origem tinha "Private" definido como "true".
         Referência principal "System.Runtime.InteropServices.RuntimeInformation, Version=8.0.0.0, Culture=neutral, PublicKeyToken=b03f5f7f11d50a3a".
             O caminho do arquivo resolvido é "C:\Program Files\dotnet\packs\Microsoft.NETCore.App.Ref\8.0.21\ref\net8.0\System.Runtime.InteropServices.RuntimeInformation.dll".
             Referência encontrada no local do caminho de pesquisa "{RawFileName}".
             Essa referência não é "CopyLocal" porque pelo menos um item de origem tinha "Private" definido como "false" e nenhum item de origem tinha "Private" definido como "true".
         Referência principal "System.Runtime.InteropServices, Version=8.0.0.0, Culture=neutral, PublicKeyToken=b03f5f7f11d50a3a".
             O caminho do arquivo resolvido é "C:\Program Files\dotnet\packs\Microsoft.NETCore.App.Ref\8.0.21\ref\net8.0\System.Runtime.InteropServices.dll".
             Referência encontrada no local do caminho de pesquisa "{RawFileName}".
             Essa referência não é "CopyLocal" porque pelo menos um item de origem tinha "Private" definido como "false" e nenhum item de origem tinha "Private" definido como "true".
         Referência principal "System.Runtime.Intrinsics, Version=8.0.0.0, Culture=neutral, PublicKeyToken=cc7b13ffcd2ddd51".
             O caminho do arquivo resolvido é "C:\Program Files\dotnet\packs\Microsoft.NETCore.App.Ref\8.0.21\ref\net8.0\System.Runtime.Intrinsics.dll".
             Referência encontrada no local do caminho de pesquisa "{RawFileName}".
             Essa referência não é "CopyLocal" porque pelo menos um item de origem tinha "Private" definido como "false" e nenhum item de origem tinha "Private" definido como "true".
         Referência principal "System.Runtime.Loader, Version=8.0.0.0, Culture=neutral, PublicKeyToken=b03f5f7f11d50a3a".
             O caminho do arquivo resolvido é "C:\Program Files\dotnet\packs\Microsoft.NETCore.App.Ref\8.0.21\ref\net8.0\System.Runtime.Loader.dll".
             Referência encontrada no local do caminho de pesquisa "{RawFileName}".
             Essa referência não é "CopyLocal" porque pelo menos um item de origem tinha "Private" definido como "false" e nenhum item de origem tinha "Private" definido como "true".
         Referência principal "System.Runtime.Numerics, Version=8.0.0.0, Culture=neutral, PublicKeyToken=b03f5f7f11d50a3a".
             O caminho do arquivo resolvido é "C:\Program Files\dotnet\packs\Microsoft.NETCore.App.Ref\8.0.21\ref\net8.0\System.Runtime.Numerics.dll".
             Referência encontrada no local do caminho de pesquisa "{RawFileName}".
             Essa referência não é "CopyLocal" porque pelo menos um item de origem tinha "Private" definido como "false" e nenhum item de origem tinha "Private" definido como "true".
         Referência principal "System.Runtime.Serialization.Formatters, Version=8.0.0.0, Culture=neutral, PublicKeyToken=b03f5f7f11d50a3a".
             O caminho do arquivo resolvido é "C:\Program Files\dotnet\packs\Microsoft.NETCore.App.Ref\8.0.21\ref\net8.0\System.Runtime.Serialization.Formatters.dll".
             Referência encontrada no local do caminho de pesquisa "{RawFileName}".
             Essa referência não é "CopyLocal" porque pelo menos um item de origem tinha "Private" definido como "false" e nenhum item de origem tinha "Private" definido como "true".
         Referência principal "System.Runtime.Serialization.Json, Version=8.0.0.0, Culture=neutral, PublicKeyToken=b03f5f7f11d50a3a".
             O caminho do arquivo resolvido é "C:\Program Files\dotnet\packs\Microsoft.NETCore.App.Ref\8.0.21\ref\net8.0\System.Runtime.Serialization.Json.dll".
             Referência encontrada no local do caminho de pesquisa "{RawFileName}".
             Essa referência não é "CopyLocal" porque pelo menos um item de origem tinha "Private" definido como "false" e nenhum item de origem tinha "Private" definido como "true".
         Referência principal "System.Runtime.Serialization.Primitives, Version=8.0.0.0, Culture=neutral, PublicKeyToken=b03f5f7f11d50a3a".
             O caminho do arquivo resolvido é "C:\Program Files\dotnet\packs\Microsoft.NETCore.App.Ref\8.0.21\ref\net8.0\System.Runtime.Serialization.Primitives.dll".
             Referência encontrada no local do caminho de pesquisa "{RawFileName}".
             Essa referência não é "CopyLocal" porque pelo menos um item de origem tinha "Private" definido como "false" e nenhum item de origem tinha "Private" definido como "true".
         Referência principal "System.Runtime.Serialization.Xml, Version=8.0.0.0, Culture=neutral, PublicKeyToken=b03f5f7f11d50a3a".
             O caminho do arquivo resolvido é "C:\Program Files\dotnet\packs\Microsoft.NETCore.App.Ref\8.0.21\ref\net8.0\System.Runtime.Serialization.Xml.dll".
             Referência encontrada no local do caminho de pesquisa "{RawFileName}".
             Essa referência não é "CopyLocal" porque pelo menos um item de origem tinha "Private" definido como "false" e nenhum item de origem tinha "Private" definido como "true".
         Referência principal "System.Runtime.Serialization, Version=4.0.0.0, Culture=neutral, PublicKeyToken=b77a5c561934e089".
             O caminho do arquivo resolvido é "C:\Program Files\dotnet\packs\Microsoft.NETCore.App.Ref\8.0.21\ref\net8.0\System.Runtime.Serialization.dll".
             Referência encontrada no local do caminho de pesquisa "{RawFileName}".
             Essa referência não é "CopyLocal" porque pelo menos um item de origem tinha "Private" definido como "false" e nenhum item de origem tinha "Private" definido como "true".
         Referência principal "System.Runtime, Version=8.0.0.0, Culture=neutral, PublicKeyToken=b03f5f7f11d50a3a".
             O caminho do arquivo resolvido é "C:\Program Files\dotnet\packs\Microsoft.NETCore.App.Ref\8.0.21\ref\net8.0\System.Runtime.dll".
             Referência encontrada no local do caminho de pesquisa "{RawFileName}".
             Essa referência não é "CopyLocal" porque pelo menos um item de origem tinha "Private" definido como "false" e nenhum item de origem tinha "Private" definido como "true".
         Referência principal "System.Security.AccessControl, Version=8.0.0.0, Culture=neutral, PublicKeyToken=b03f5f7f11d50a3a".
             O caminho do arquivo resolvido é "C:\Program Files\dotnet\packs\Microsoft.NETCore.App.Ref\8.0.21\ref\net8.0\System.Security.AccessControl.dll".
             Referência encontrada no local do caminho de pesquisa "{RawFileName}".
             Essa referência não é "CopyLocal" porque pelo menos um item de origem tinha "Private" definido como "false" e nenhum item de origem tinha "Private" definido como "true".
         Referência principal "System.Security.Claims, Version=8.0.0.0, Culture=neutral, PublicKeyToken=b03f5f7f11d50a3a".
             O caminho do arquivo resolvido é "C:\Program Files\dotnet\packs\Microsoft.NETCore.App.Ref\8.0.21\ref\net8.0\System.Security.Claims.dll".
             Referência encontrada no local do caminho de pesquisa "{RawFileName}".
             Essa referência não é "CopyLocal" porque pelo menos um item de origem tinha "Private" definido como "false" e nenhum item de origem tinha "Private" definido como "true".
         Referência principal "System.Security.Cryptography.Algorithms, Version=8.0.0.0, Culture=neutral, PublicKeyToken=b03f5f7f11d50a3a".
             O caminho do arquivo resolvido é "C:\Program Files\dotnet\packs\Microsoft.NETCore.App.Ref\8.0.21\ref\net8.0\System.Security.Cryptography.Algorithms.dll".
             Referência encontrada no local do caminho de pesquisa "{RawFileName}".
             Essa referência não é "CopyLocal" porque pelo menos um item de origem tinha "Private" definido como "false" e nenhum item de origem tinha "Private" definido como "true".
         Referência principal "System.Security.Cryptography.Cng, Version=8.0.0.0, Culture=neutral, PublicKeyToken=b03f5f7f11d50a3a".
             O caminho do arquivo resolvido é "C:\Program Files\dotnet\packs\Microsoft.NETCore.App.Ref\8.0.21\ref\net8.0\System.Security.Cryptography.Cng.dll".
             Referência encontrada no local do caminho de pesquisa "{RawFileName}".
             Essa referência não é "CopyLocal" porque pelo menos um item de origem tinha "Private" definido como "false" e nenhum item de origem tinha "Private" definido como "true".
         Referência principal "System.Security.Cryptography.Csp, Version=8.0.0.0, Culture=neutral, PublicKeyToken=b03f5f7f11d50a3a".
             O caminho do arquivo resolvido é "C:\Program Files\dotnet\packs\Microsoft.NETCore.App.Ref\8.0.21\ref\net8.0\System.Security.Cryptography.Csp.dll".
             Referência encontrada no local do caminho de pesquisa "{RawFileName}".
             Essa referência não é "CopyLocal" porque pelo menos um item de origem tinha "Private" definido como "false" e nenhum item de origem tinha "Private" definido como "true".
         Referência principal "System.Security.Cryptography.Encoding, Version=8.0.0.0, Culture=neutral, PublicKeyToken=b03f5f7f11d50a3a".
             O caminho do arquivo resolvido é "C:\Program Files\dotnet\packs\Microsoft.NETCore.App.Ref\8.0.21\ref\net8.0\System.Security.Cryptography.Encoding.dll".
             Referência encontrada no local do caminho de pesquisa "{RawFileName}".
             Essa referência não é "CopyLocal" porque pelo menos um item de origem tinha "Private" definido como "false" e nenhum item de origem tinha "Private" definido como "true".
         Referência principal "System.Security.Cryptography.OpenSsl, Version=8.0.0.0, Culture=neutral, PublicKeyToken=b03f5f7f11d50a3a".
             O caminho do arquivo resolvido é "C:\Program Files\dotnet\packs\Microsoft.NETCore.App.Ref\8.0.21\ref\net8.0\System.Security.Cryptography.OpenSsl.dll".
             Referência encontrada no local do caminho de pesquisa "{RawFileName}".
             Essa referência não é "CopyLocal" porque pelo menos um item de origem tinha "Private" definido como "false" e nenhum item de origem tinha "Private" definido como "true".
         Referência principal "System.Security.Cryptography.Primitives, Version=8.0.0.0, Culture=neutral, PublicKeyToken=b03f5f7f11d50a3a".
             O caminho do arquivo resolvido é "C:\Program Files\dotnet\packs\Microsoft.NETCore.App.Ref\8.0.21\ref\net8.0\System.Security.Cryptography.Primitives.dll".
             Referência encontrada no local do caminho de pesquisa "{RawFileName}".
             Essa referência não é "CopyLocal" porque pelo menos um item de origem tinha "Private" definido como "false" e nenhum item de origem tinha "Private" definido como "true".
         Referência principal "System.Security.Cryptography.X509Certificates, Version=8.0.0.0, Culture=neutral, PublicKeyToken=b03f5f7f11d50a3a".
             O caminho do arquivo resolvido é "C:\Program Files\dotnet\packs\Microsoft.NETCore.App.Ref\8.0.21\ref\net8.0\System.Security.Cryptography.X509Certificates.dll".
             Referência encontrada no local do caminho de pesquisa "{RawFileName}".
             Essa referência não é "CopyLocal" porque pelo menos um item de origem tinha "Private" definido como "false" e nenhum item de origem tinha "Private" definido como "true".
         Referência principal "System.Security.Cryptography, Version=8.0.0.0, Culture=neutral, PublicKeyToken=b03f5f7f11d50a3a".
             O caminho do arquivo resolvido é "C:\Program Files\dotnet\packs\Microsoft.NETCore.App.Ref\8.0.21\ref\net8.0\System.Security.Cryptography.dll".
             Referência encontrada no local do caminho de pesquisa "{RawFileName}".
             Essa referência não é "CopyLocal" porque pelo menos um item de origem tinha "Private" definido como "false" e nenhum item de origem tinha "Private" definido como "true".
         Referência principal "System.Security.Principal.Windows, Version=8.0.0.0, Culture=neutral, PublicKeyToken=b03f5f7f11d50a3a".
             O caminho do arquivo resolvido é "C:\Program Files\dotnet\packs\Microsoft.NETCore.App.Ref\8.0.21\ref\net8.0\System.Security.Principal.Windows.dll".
             Referência encontrada no local do caminho de pesquisa "{RawFileName}".
             Essa referência não é "CopyLocal" porque pelo menos um item de origem tinha "Private" definido como "false" e nenhum item de origem tinha "Private" definido como "true".
         Referência principal "System.Security.Principal, Version=8.0.0.0, Culture=neutral, PublicKeyToken=b03f5f7f11d50a3a".
             O caminho do arquivo resolvido é "C:\Program Files\dotnet\packs\Microsoft.NETCore.App.Ref\8.0.21\ref\net8.0\System.Security.Principal.dll".
             Referência encontrada no local do caminho de pesquisa "{RawFileName}".
             Essa referência não é "CopyLocal" porque pelo menos um item de origem tinha "Private" definido como "false" e nenhum item de origem tinha "Private" definido como "true".
         Referência principal "System.Security.SecureString, Version=8.0.0.0, Culture=neutral, PublicKeyToken=b03f5f7f11d50a3a".
             O caminho do arquivo resolvido é "C:\Program Files\dotnet\packs\Microsoft.NETCore.App.Ref\8.0.21\ref\net8.0\System.Security.SecureString.dll".
             Referência encontrada no local do caminho de pesquisa "{RawFileName}".
             Essa referência não é "CopyLocal" porque pelo menos um item de origem tinha "Private" definido como "false" e nenhum item de origem tinha "Private" definido como "true".
         Referência principal "System.Security, Version=4.0.0.0, Culture=neutral, PublicKeyToken=b03f5f7f11d50a3a".
             O caminho do arquivo resolvido é "C:\Program Files\dotnet\packs\Microsoft.NETCore.App.Ref\8.0.21\ref\net8.0\System.Security.dll".
             Referência encontrada no local do caminho de pesquisa "{RawFileName}".
             Essa referência não é "CopyLocal" porque pelo menos um item de origem tinha "Private" definido como "false" e nenhum item de origem tinha "Private" definido como "true".
         Referência principal "System.ServiceModel.Web, Version=4.0.0.0, Culture=neutral, PublicKeyToken=31bf3856ad364e35".
             O caminho do arquivo resolvido é "C:\Program Files\dotnet\packs\Microsoft.NETCore.App.Ref\8.0.21\ref\net8.0\System.ServiceModel.Web.dll".
             Referência encontrada no local do caminho de pesquisa "{RawFileName}".
             Essa referência não é "CopyLocal" porque pelo menos um item de origem tinha "Private" definido como "false" e nenhum item de origem tinha "Private" definido como "true".
         Referência principal "System.ServiceProcess, Version=4.0.0.0, Culture=neutral, PublicKeyToken=b03f5f7f11d50a3a".
             O caminho do arquivo resolvido é "C:\Program Files\dotnet\packs\Microsoft.NETCore.App.Ref\8.0.21\ref\net8.0\System.ServiceProcess.dll".
             Referência encontrada no local do caminho de pesquisa "{RawFileName}".
             Essa referência não é "CopyLocal" porque pelo menos um item de origem tinha "Private" definido como "false" e nenhum item de origem tinha "Private" definido como "true".
         Referência principal "System.Text.Encoding.CodePages, Version=8.0.0.0, Culture=neutral, PublicKeyToken=b03f5f7f11d50a3a".
             O caminho do arquivo resolvido é "C:\Program Files\dotnet\packs\Microsoft.NETCore.App.Ref\8.0.21\ref\net8.0\System.Text.Encoding.CodePages.dll".
             Referência encontrada no local do caminho de pesquisa "{RawFileName}".
             Essa referência não é "CopyLocal" porque pelo menos um item de origem tinha "Private" definido como "false" e nenhum item de origem tinha "Private" definido como "true".
         Referência principal "System.Text.Encoding.Extensions, Version=8.0.0.0, Culture=neutral, PublicKeyToken=b03f5f7f11d50a3a".
             O caminho do arquivo resolvido é "C:\Program Files\dotnet\packs\Microsoft.NETCore.App.Ref\8.0.21\ref\net8.0\System.Text.Encoding.Extensions.dll".
             Referência encontrada no local do caminho de pesquisa "{RawFileName}".
             Essa referência não é "CopyLocal" porque pelo menos um item de origem tinha "Private" definido como "false" e nenhum item de origem tinha "Private" definido como "true".
         Referência principal "System.Text.Encoding, Version=8.0.0.0, Culture=neutral, PublicKeyToken=b03f5f7f11d50a3a".
             O caminho do arquivo resolvido é "C:\Program Files\dotnet\packs\Microsoft.NETCore.App.Ref\8.0.21\ref\net8.0\System.Text.Encoding.dll".
             Referência encontrada no local do caminho de pesquisa "{RawFileName}".
             Essa referência não é "CopyLocal" porque pelo menos um item de origem tinha "Private" definido como "false" e nenhum item de origem tinha "Private" definido como "true".
         Referência principal "System.Text.Encodings.Web, Version=8.0.0.0, Culture=neutral, PublicKeyToken=cc7b13ffcd2ddd51".
             O caminho do arquivo resolvido é "C:\Program Files\dotnet\packs\Microsoft.NETCore.App.Ref\8.0.21\ref\net8.0\System.Text.Encodings.Web.dll".
             Referência encontrada no local do caminho de pesquisa "{RawFileName}".
             Essa referência não é "CopyLocal" porque pelo menos um item de origem tinha "Private" definido como "false" e nenhum item de origem tinha "Private" definido como "true".
         Referência principal "System.Text.Json, Version=8.0.0.0, Culture=neutral, PublicKeyToken=cc7b13ffcd2ddd51".
             O caminho do arquivo resolvido é "C:\Program Files\dotnet\packs\Microsoft.NETCore.App.Ref\8.0.21\ref\net8.0\System.Text.Json.dll".
             Referência encontrada no local do caminho de pesquisa "{RawFileName}".
             Essa referência não é "CopyLocal" porque pelo menos um item de origem tinha "Private" definido como "false" e nenhum item de origem tinha "Private" definido como "true".
         Referência principal "System.Text.RegularExpressions, Version=8.0.0.0, Culture=neutral, PublicKeyToken=b03f5f7f11d50a3a".
             O caminho do arquivo resolvido é "C:\Program Files\dotnet\packs\Microsoft.NETCore.App.Ref\8.0.21\ref\net8.0\System.Text.RegularExpressions.dll".
             Referência encontrada no local do caminho de pesquisa "{RawFileName}".
             Essa referência não é "CopyLocal" porque pelo menos um item de origem tinha "Private" definido como "false" e nenhum item de origem tinha "Private" definido como "true".
         Referência principal "System.Threading.Channels, Version=8.0.0.0, Culture=neutral, PublicKeyToken=cc7b13ffcd2ddd51".
             O caminho do arquivo resolvido é "C:\Program Files\dotnet\packs\Microsoft.NETCore.App.Ref\8.0.21\ref\net8.0\System.Threading.Channels.dll".
             Referência encontrada no local do caminho de pesquisa "{RawFileName}".
             Essa referência não é "CopyLocal" porque pelo menos um item de origem tinha "Private" definido como "false" e nenhum item de origem tinha "Private" definido como "true".
         Referência principal "System.Threading.Overlapped, Version=8.0.0.0, Culture=neutral, PublicKeyToken=b03f5f7f11d50a3a".
             O caminho do arquivo resolvido é "C:\Program Files\dotnet\packs\Microsoft.NETCore.App.Ref\8.0.21\ref\net8.0\System.Threading.Overlapped.dll".
             Referência encontrada no local do caminho de pesquisa "{RawFileName}".
             Essa referência não é "CopyLocal" porque pelo menos um item de origem tinha "Private" definido como "false" e nenhum item de origem tinha "Private" definido como "true".
         Referência principal "System.Threading.Tasks.Dataflow, Version=8.0.0.0, Culture=neutral, PublicKeyToken=b03f5f7f11d50a3a".
             O caminho do arquivo resolvido é "C:\Program Files\dotnet\packs\Microsoft.NETCore.App.Ref\8.0.21\ref\net8.0\System.Threading.Tasks.Dataflow.dll".
             Referência encontrada no local do caminho de pesquisa "{RawFileName}".
             Essa referência não é "CopyLocal" porque pelo menos um item de origem tinha "Private" definido como "false" e nenhum item de origem tinha "Private" definido como "true".
         Referência principal "System.Threading.Tasks.Extensions, Version=8.0.0.0, Culture=neutral, PublicKeyToken=cc7b13ffcd2ddd51".
             O caminho do arquivo resolvido é "C:\Program Files\dotnet\packs\Microsoft.NETCore.App.Ref\8.0.21\ref\net8.0\System.Threading.Tasks.Extensions.dll".
             Referência encontrada no local do caminho de pesquisa "{RawFileName}".
             Essa referência não é "CopyLocal" porque pelo menos um item de origem tinha "Private" definido como "false" e nenhum item de origem tinha "Private" definido como "true".
         Referência principal "System.Threading.Tasks.Parallel, Version=8.0.0.0, Culture=neutral, PublicKeyToken=b03f5f7f11d50a3a".
             O caminho do arquivo resolvido é "C:\Program Files\dotnet\packs\Microsoft.NETCore.App.Ref\8.0.21\ref\net8.0\System.Threading.Tasks.Parallel.dll".
             Referência encontrada no local do caminho de pesquisa "{RawFileName}".
             Essa referência não é "CopyLocal" porque pelo menos um item de origem tinha "Private" definido como "false" e nenhum item de origem tinha "Private" definido como "true".
         Referência principal "System.Threading.Tasks, Version=8.0.0.0, Culture=neutral, PublicKeyToken=b03f5f7f11d50a3a".
             O caminho do arquivo resolvido é "C:\Program Files\dotnet\packs\Microsoft.NETCore.App.Ref\8.0.21\ref\net8.0\System.Threading.Tasks.dll".
             Referência encontrada no local do caminho de pesquisa "{RawFileName}".
             Essa referência não é "CopyLocal" porque pelo menos um item de origem tinha "Private" definido como "false" e nenhum item de origem tinha "Private" definido como "true".
         Referência principal "System.Threading.Thread, Version=8.0.0.0, Culture=neutral, PublicKeyToken=b03f5f7f11d50a3a".
             O caminho do arquivo resolvido é "C:\Program Files\dotnet\packs\Microsoft.NETCore.App.Ref\8.0.21\ref\net8.0\System.Threading.Thread.dll".
             Referência encontrada no local do caminho de pesquisa "{RawFileName}".
             Essa referência não é "CopyLocal" porque pelo menos um item de origem tinha "Private" definido como "false" e nenhum item de origem tinha "Private" definido como "true".
         Referência principal "System.Threading.ThreadPool, Version=8.0.0.0, Culture=neutral, PublicKeyToken=b03f5f7f11d50a3a".
             O caminho do arquivo resolvido é "C:\Program Files\dotnet\packs\Microsoft.NETCore.App.Ref\8.0.21\ref\net8.0\System.Threading.ThreadPool.dll".
             Referência encontrada no local do caminho de pesquisa "{RawFileName}".
             Essa referência não é "CopyLocal" porque pelo menos um item de origem tinha "Private" definido como "false" e nenhum item de origem tinha "Private" definido como "true".
         Referência principal "System.Threading.Timer, Version=8.0.0.0, Culture=neutral, PublicKeyToken=b03f5f7f11d50a3a".
             O caminho do arquivo resolvido é "C:\Program Files\dotnet\packs\Microsoft.NETCore.App.Ref\8.0.21\ref\net8.0\System.Threading.Timer.dll".
             Referência encontrada no local do caminho de pesquisa "{RawFileName}".
             Essa referência não é "CopyLocal" porque pelo menos um item de origem tinha "Private" definido como "false" e nenhum item de origem tinha "Private" definido como "true".
         Referência principal "System.Threading, Version=8.0.0.0, Culture=neutral, PublicKeyToken=b03f5f7f11d50a3a".
             O caminho do arquivo resolvido é "C:\Program Files\dotnet\packs\Microsoft.NETCore.App.Ref\8.0.21\ref\net8.0\System.Threading.dll".
             Referência encontrada no local do caminho de pesquisa "{RawFileName}".
             Essa referência não é "CopyLocal" porque pelo menos um item de origem tinha "Private" definido como "false" e nenhum item de origem tinha "Private" definido como "true".
         Referência principal "System.Transactions.Local, Version=8.0.0.0, Culture=neutral, PublicKeyToken=cc7b13ffcd2ddd51".
             O caminho do arquivo resolvido é "C:\Program Files\dotnet\packs\Microsoft.NETCore.App.Ref\8.0.21\ref\net8.0\System.Transactions.Local.dll".
             Referência encontrada no local do caminho de pesquisa "{RawFileName}".
             Essa referência não é "CopyLocal" porque pelo menos um item de origem tinha "Private" definido como "false" e nenhum item de origem tinha "Private" definido como "true".
         Referência principal "System.Transactions, Version=4.0.0.0, Culture=neutral, PublicKeyToken=b77a5c561934e089".
             O caminho do arquivo resolvido é "C:\Program Files\dotnet\packs\Microsoft.NETCore.App.Ref\8.0.21\ref\net8.0\System.Transactions.dll".
             Referência encontrada no local do caminho de pesquisa "{RawFileName}".
             Essa referência não é "CopyLocal" porque pelo menos um item de origem tinha "Private" definido como "false" e nenhum item de origem tinha "Private" definido como "true".
         Referência principal "System.ValueTuple, Version=8.0.0.0, Culture=neutral, PublicKeyToken=cc7b13ffcd2ddd51".
             O caminho do arquivo resolvido é "C:\Program Files\dotnet\packs\Microsoft.NETCore.App.Ref\8.0.21\ref\net8.0\System.ValueTuple.dll".
             Referência encontrada no local do caminho de pesquisa "{RawFileName}".
             Essa referência não é "CopyLocal" porque pelo menos um item de origem tinha "Private" definido como "false" e nenhum item de origem tinha "Private" definido como "true".
         Referência principal "System.Web.HttpUtility, Version=8.0.0.0, Culture=neutral, PublicKeyToken=cc7b13ffcd2ddd51".
             O caminho do arquivo resolvido é "C:\Program Files\dotnet\packs\Microsoft.NETCore.App.Ref\8.0.21\ref\net8.0\System.Web.HttpUtility.dll".
             Referência encontrada no local do caminho de pesquisa "{RawFileName}".
             Essa referência não é "CopyLocal" porque pelo menos um item de origem tinha "Private" definido como "false" e nenhum item de origem tinha "Private" definido como "true".
         Referência principal "System.Web, Version=4.0.0.0, Culture=neutral, PublicKeyToken=b03f5f7f11d50a3a".
             O caminho do arquivo resolvido é "C:\Program Files\dotnet\packs\Microsoft.NETCore.App.Ref\8.0.21\ref\net8.0\System.Web.dll".
             Referência encontrada no local do caminho de pesquisa "{RawFileName}".
             Essa referência não é "CopyLocal" porque pelo menos um item de origem tinha "Private" definido como "false" e nenhum item de origem tinha "Private" definido como "true".
         Referência principal "System.Windows, Version=4.0.0.0, Culture=neutral, PublicKeyToken=b03f5f7f11d50a3a".
             O caminho do arquivo resolvido é "C:\Program Files\dotnet\packs\Microsoft.NETCore.App.Ref\8.0.21\ref\net8.0\System.Windows.dll".
             Referência encontrada no local do caminho de pesquisa "{RawFileName}".
             Essa referência não é "CopyLocal" porque pelo menos um item de origem tinha "Private" definido como "false" e nenhum item de origem tinha "Private" definido como "true".
         Referência principal "System.Xml.Linq, Version=4.0.0.0, Culture=neutral, PublicKeyToken=b77a5c561934e089".
             O caminho do arquivo resolvido é "C:\Program Files\dotnet\packs\Microsoft.NETCore.App.Ref\8.0.21\ref\net8.0\System.Xml.Linq.dll".
             Referência encontrada no local do caminho de pesquisa "{RawFileName}".
             Essa referência não é "CopyLocal" porque pelo menos um item de origem tinha "Private" definido como "false" e nenhum item de origem tinha "Private" definido como "true".
         Referência principal "System.Xml.ReaderWriter, Version=8.0.0.0, Culture=neutral, PublicKeyToken=b03f5f7f11d50a3a".
             O caminho do arquivo resolvido é "C:\Program Files\dotnet\packs\Microsoft.NETCore.App.Ref\8.0.21\ref\net8.0\System.Xml.ReaderWriter.dll".
             Referência encontrada no local do caminho de pesquisa "{RawFileName}".
             Essa referência não é "CopyLocal" porque pelo menos um item de origem tinha "Private" definido como "false" e nenhum item de origem tinha "Private" definido como "true".
         Referência principal "System.Xml.Serialization, Version=4.0.0.0, Culture=neutral, PublicKeyToken=b77a5c561934e089".
             O caminho do arquivo resolvido é "C:\Program Files\dotnet\packs\Microsoft.NETCore.App.Ref\8.0.21\ref\net8.0\System.Xml.Serialization.dll".
             Referência encontrada no local do caminho de pesquisa "{RawFileName}".
             Essa referência não é "CopyLocal" porque pelo menos um item de origem tinha "Private" definido como "false" e nenhum item de origem tinha "Private" definido como "true".
         Referência principal "System.Xml.XDocument, Version=8.0.0.0, Culture=neutral, PublicKeyToken=b03f5f7f11d50a3a".
             O caminho do arquivo resolvido é "C:\Program Files\dotnet\packs\Microsoft.NETCore.App.Ref\8.0.21\ref\net8.0\System.Xml.XDocument.dll".
             Referência encontrada no local do caminho de pesquisa "{RawFileName}".
             Essa referência não é "CopyLocal" porque pelo menos um item de origem tinha "Private" definido como "false" e nenhum item de origem tinha "Private" definido como "true".
         Referência principal "System.Xml.XPath.XDocument, Version=8.0.0.0, Culture=neutral, PublicKeyToken=b03f5f7f11d50a3a".
             O caminho do arquivo resolvido é "C:\Program Files\dotnet\packs\Microsoft.NETCore.App.Ref\8.0.21\ref\net8.0\System.Xml.XPath.XDocument.dll".
             Referência encontrada no local do caminho de pesquisa "{RawFileName}".
             Essa referência não é "CopyLocal" porque pelo menos um item de origem tinha "Private" definido como "false" e nenhum item de origem tinha "Private" definido como "true".
         Referência principal "System.Xml.XPath, Version=8.0.0.0, Culture=neutral, PublicKeyToken=b03f5f7f11d50a3a".
             O caminho do arquivo resolvido é "C:\Program Files\dotnet\packs\Microsoft.NETCore.App.Ref\8.0.21\ref\net8.0\System.Xml.XPath.dll".
             Referência encontrada no local do caminho de pesquisa "{RawFileName}".
             Essa referência não é "CopyLocal" porque pelo menos um item de origem tinha "Private" definido como "false" e nenhum item de origem tinha "Private" definido como "true".
         Referência principal "System.Xml.XmlDocument, Version=8.0.0.0, Culture=neutral, PublicKeyToken=b03f5f7f11d50a3a".
             O caminho do arquivo resolvido é "C:\Program Files\dotnet\packs\Microsoft.NETCore.App.Ref\8.0.21\ref\net8.0\System.Xml.XmlDocument.dll".
             Referência encontrada no local do caminho de pesquisa "{RawFileName}".
             Essa referência não é "CopyLocal" porque pelo menos um item de origem tinha "Private" definido como "false" e nenhum item de origem tinha "Private" definido como "true".
         Referência principal "System.Xml.XmlSerializer, Version=8.0.0.0, Culture=neutral, PublicKeyToken=b03f5f7f11d50a3a".
             O caminho do arquivo resolvido é "C:\Program Files\dotnet\packs\Microsoft.NETCore.App.Ref\8.0.21\ref\net8.0\System.Xml.XmlSerializer.dll".
             Referência encontrada no local do caminho de pesquisa "{RawFileName}".
             Essa referência não é "CopyLocal" porque pelo menos um item de origem tinha "Private" definido como "false" e nenhum item de origem tinha "Private" definido como "true".
         Referência principal "System.Xml, Version=4.0.0.0, Culture=neutral, PublicKeyToken=b77a5c561934e089".
             O caminho do arquivo resolvido é "C:\Program Files\dotnet\packs\Microsoft.NETCore.App.Ref\8.0.21\ref\net8.0\System.Xml.dll".
             Referência encontrada no local do caminho de pesquisa "{RawFileName}".
             Essa referência não é "CopyLocal" porque pelo menos um item de origem tinha "Private" definido como "false" e nenhum item de origem tinha "Private" definido como "true".
         Referência principal "System, Version=4.0.0.0, Culture=neutral, PublicKeyToken=b77a5c561934e089".
             O caminho do arquivo resolvido é "C:\Program Files\dotnet\packs\Microsoft.NETCore.App.Ref\8.0.21\ref\net8.0\System.dll".
             Referência encontrada no local do caminho de pesquisa "{RawFileName}".
             Essa referência não é "CopyLocal" porque pelo menos um item de origem tinha "Private" definido como "false" e nenhum item de origem tinha "Private" definido como "true".
         Referência principal "WindowsBase, Version=4.0.0.0, Culture=neutral, PublicKeyToken=31bf3856ad364e35".
             O caminho do arquivo resolvido é "C:\Program Files\dotnet\packs\Microsoft.NETCore.App.Ref\8.0.21\ref\net8.0\WindowsBase.dll".
             Referência encontrada no local do caminho de pesquisa "{RawFileName}".
             Essa referência não é "CopyLocal" porque pelo menos um item de origem tinha "Private" definido como "false" e nenhum item de origem tinha "Private" definido como "true".
         Referência principal "mscorlib, Version=4.0.0.0, Culture=neutral, PublicKeyToken=b77a5c561934e089".
             O caminho do arquivo resolvido é "C:\Program Files\dotnet\packs\Microsoft.NETCore.App.Ref\8.0.21\ref\net8.0\mscorlib.dll".
             Referência encontrada no local do caminho de pesquisa "{RawFileName}".
             Essa referência não é "CopyLocal" porque pelo menos um item de origem tinha "Private" definido como "false" e nenhum item de origem tinha "Private" definido como "true".
         Referência principal "netstandard, Version=2.1.0.0, Culture=neutral, PublicKeyToken=cc7b13ffcd2ddd51".
             O caminho do arquivo resolvido é "C:\Program Files\dotnet\packs\Microsoft.NETCore.App.Ref\8.0.21\ref\net8.0\netstandard.dll".
             Referência encontrada no local do caminho de pesquisa "{RawFileName}".
             Essa referência não é "CopyLocal" porque pelo menos um item de origem tinha "Private" definido como "false" e nenhum item de origem tinha "Private" definido como "true".
       Tarefa em execução pronta "ResolveAssemblyReference".
   5:8>Destino de compilação pronto"ResolveAssemblyReferences" no projeto "IrmaDulce.Domain.csproj".
       Destino "GenerateBindingRedirects" ignorado devido à condição falsa; ('$(AutoGenerateBindingRedirects)' == 'true' and '$(GenerateBindingRedirectsOutputType)' == 'true' and '@(SuggestedBindingRedirects)' != '' and '$(DesignTimeBuild)' != 'true' and '$(BuildingProject)' == 'true') foi avaliado como ('' == 'true' and '' == 'true' and '' != '' and '' != 'true' and 'true' == 'true').
       Destino "GenerateSupportedRuntime" ignorado devido à condição falsa; ('$(GenerateSupportedRuntime)' != 'false' and '$(TargetFrameworkIdentifier)' == '.NETFramework' and '$(HasRuntimeOutput)' == 'true') foi avaliado como ('' != 'false' and '.NETCoreApp' == '.NETFramework' and '' == 'true').
       Destino "GenerateBindingRedirectsUpdateAppConfig" ignorado devido à condição falsa; ('$(AutoGenerateBindingRedirects)' == 'true' and '$(GenerateBindingRedirectsOutputType)' == 'true') foi avaliado como ('' == 'true' and '' == 'true').
       Destino "ResolveComReferences" ignorado devido à condição falsa; ('@(COMReference)'!='' or '@(COMFileReference)'!='') foi avaliado como (''!='' or ''!='').
   5:8>Destino "AfterResolveReferences" no arquivo "C:\Program Files\dotnet\sdk\8.0.415\Microsoft.Common.CurrentVersion.targets" do projeto "C:\Projects\Irma Dulce\backend\src\IrmaDulce.Domain\IrmaDulce.Domain.csproj" (o destino "ResolveReferences" depende dele):
   5:8>Destino de compilação pronto"AfterResolveReferences" no projeto "IrmaDulce.Domain.csproj".
   5:8>Destino "ResolveReferences" no arquivo "C:\Program Files\dotnet\sdk\8.0.415\Microsoft.Common.CurrentVersion.targets" do projeto "C:\Projects\Irma Dulce\backend\src\IrmaDulce.Domain\IrmaDulce.Domain.csproj" (o destino "_BlockWinMDsOnUnsupportedTFMs" depende dele):
   5:8>Destino de compilação pronto"ResolveReferences" no projeto "IrmaDulce.Domain.csproj".
   5:8>Destino "_BlockWinMDsOnUnsupportedTFMs" no arquivo "C:\Program Files\dotnet\sdk\8.0.415\Sdks\Microsoft.NET.Sdk\targets\Microsoft.NET.Sdk.targets" do projeto "C:\Projects\Irma Dulce\backend\src\IrmaDulce.Domain\IrmaDulce.Domain.csproj" (o destino "CoreBuild" depende dele):
       Usando a tarefa "CheckForUnsupportedWinMDReferences" do assembly "C:\Program Files\dotnet\sdk\8.0.415\Sdks\Microsoft.NET.Sdk\targets\..\tools\net8.0\Microsoft.NET.Build.Tasks.dll".
       Tarefa "CheckForUnsupportedWinMDReferences"
       Tarefa em execução pronta "CheckForUnsupportedWinMDReferences".
       A tarefa "NETSdkError" foi ignorada devido a condição falsa; ('$(OutputType)' == 'winmdobj') foi avaliado como ('Library' == 'winmdobj').
   5:8>Destino de compilação pronto"_BlockWinMDsOnUnsupportedTFMs" no projeto "IrmaDulce.Domain.csproj".
       Destino "ResolveReferences" ignorado. Compilado anteriormente com êxito.
       Destino "ResolvePackageDependenciesForBuild" ignorado. Compilado anteriormente com êxito.
       Destino "_HandlePackageFileConflicts" ignorado. Compilado anteriormente com êxito.
   5:8>Destino "CopyAdditionalFiles" no arquivo "C:\Program Files\dotnet\sdk\8.0.415\Roslyn\Microsoft.Managed.Core.targets" do projeto "C:\Projects\Irma Dulce\backend\src\IrmaDulce.Domain\IrmaDulce.Domain.csproj" (o destino "AssignTargetPaths" depende dele):
   5:8>Destino de compilação pronto"CopyAdditionalFiles" no projeto "IrmaDulce.Domain.csproj".
       Destino "_ChooseAppHost" ignorado devido à condição falsa; ('$(UseAppHost)' == 'true' and '$(_IsExecutable)' == 'true') foi avaliado como ('' == 'true' and '' == 'true').
       Destino "_GetComHostPaths" ignorado devido à condição falsa; ('$(EnableComHosting)' == 'true' and '$(_IsExecutable)' != 'true') foi avaliado como ('' == 'true' and '' != 'true').
       Destino "_GetIjwHostPaths" ignorado devido à condição falsa; ('$(UseIJWHost)' == 'true') foi avaliado como ('' == 'true').
   5:8>Destino "_ComputeNETCoreBuildOutputFiles" no arquivo "C:\Program Files\dotnet\sdk\8.0.415\Sdks\Microsoft.NET.Sdk\targets\Microsoft.NET.Sdk.targets" do projeto "C:\Projects\Irma Dulce\backend\src\IrmaDulce.Domain\IrmaDulce.Domain.csproj" (o destino "AssignTargetPaths" depende dele):
   5:8>Destino de compilação pronto"_ComputeNETCoreBuildOutputFiles" no projeto "IrmaDulce.Domain.csproj".
   5:8>Destino "AssignTargetPaths" no arquivo "C:\Program Files\dotnet\sdk\8.0.415\Microsoft.Common.CurrentVersion.targets" do projeto "C:\Projects\Irma Dulce\backend\src\IrmaDulce.Domain\IrmaDulce.Domain.csproj" (o destino "PrepareResourceNames" depende dele):
       Usando a tarefa "AssignTargetPath" do assembly "Microsoft.Build.Tasks.Core, Version=15.1.0.0, Culture=neutral, PublicKeyToken=b03f5f7f11d50a3a".
       Tarefa "AssignTargetPath"
       Tarefa em execução pronta "AssignTargetPath".
       Tarefa "AssignTargetPath"
       Tarefa em execução pronta "AssignTargetPath".
       Tarefa "AssignTargetPath"
       Tarefa em execução pronta "AssignTargetPath".
       Tarefa "AssignTargetPath"
       Tarefa em execução pronta "AssignTargetPath".
       A tarefa "AssignTargetPath" foi ignorada devido a condição falsa; ('@(_DeploymentBaseManifestWithTargetPath)'=='' and '%(None.Extension)'=='.manifest') foi avaliado como (''=='' and ''=='.manifest').
   5:8>Destino de compilação pronto"AssignTargetPaths" no projeto "IrmaDulce.Domain.csproj".
       Destino "AssignTargetPaths" ignorado. Compilado anteriormente com êxito.
   5:8>Destino "SplitResourcesByCulture" no arquivo "C:\Program Files\dotnet\sdk\8.0.415\Microsoft.Common.CurrentVersion.targets" do projeto "C:\Projects\Irma Dulce\backend\src\IrmaDulce.Domain\IrmaDulce.Domain.csproj" (o destino "PrepareResourceNames" depende dele):
       A tarefa "Warning" foi ignorada devido a condição falsa; ('@(ResxWithNoCulture)'!='') foi avaliado como (''!='').
       A tarefa "Warning" foi ignorada devido a condição falsa; ('@(ResxWithCulture)'!='') foi avaliado como (''!='').
       A tarefa "Warning" foi ignorada devido a condição falsa; ('@(NonResxWithCulture)'!='') foi avaliado como (''!='').
       A tarefa "Warning" foi ignorada devido a condição falsa; ('@(NonResxWithNoCulture)'!='') foi avaliado como (''!='').
       Usando a tarefa "AssignCulture" do assembly "Microsoft.Build.Tasks.Core, Version=15.1.0.0, Culture=neutral, PublicKeyToken=b03f5f7f11d50a3a".
       Tarefa "AssignCulture"
       Tarefa em execução pronta "AssignCulture".
   5:8>Destino de compilação pronto"SplitResourcesByCulture" no projeto "IrmaDulce.Domain.csproj".
       Destino "CreateManifestResourceNames" ignorado devido à condição falsa; ('@(EmbeddedResource)' != '') foi avaliado como ('' != '').
   5:8>Destino "CreateCustomManifestResourceNames" no arquivo "C:\Program Files\dotnet\sdk\8.0.415\Microsoft.Common.CurrentVersion.targets" do projeto "C:\Projects\Irma Dulce\backend\src\IrmaDulce.Domain\IrmaDulce.Domain.csproj" (o destino "PrepareResourceNames" depende dele):
   5:8>Destino de compilação pronto"CreateCustomManifestResourceNames" no projeto "IrmaDulce.Domain.csproj".
   5:8>Destino "PrepareResourceNames" no arquivo "C:\Program Files\dotnet\sdk\8.0.415\Microsoft.Common.CurrentVersion.targets" do projeto "C:\Projects\Irma Dulce\backend\src\IrmaDulce.Domain\IrmaDulce.Domain.csproj" (o destino "PrepareResources" depende dele):
   5:8>Destino de compilação pronto"PrepareResourceNames" no projeto "IrmaDulce.Domain.csproj".
       Destino "ResolveAssemblyReferences" ignorado. Compilado anteriormente com êxito.
       Destino "SplitResourcesByCulture" ignorado. Compilado anteriormente com êxito.
   5:8>Destino "BeforeResGen" no arquivo "C:\Program Files\dotnet\sdk\8.0.415\Microsoft.Common.CurrentVersion.targets" do projeto "C:\Projects\Irma Dulce\backend\src\IrmaDulce.Domain\IrmaDulce.Domain.csproj" (o destino "ResGen" depende dele):
   5:8>Destino de compilação pronto"BeforeResGen" no projeto "IrmaDulce.Domain.csproj".
       Destino "ResolveReferences" ignorado. Compilado anteriormente com êxito.
   5:8>Destino "FindReferenceAssembliesForReferences" no arquivo "C:\Program Files\dotnet\sdk\8.0.415\Microsoft.Common.CurrentVersion.targets" do projeto "C:\Projects\Irma Dulce\backend\src\IrmaDulce.Domain\IrmaDulce.Domain.csproj" (o destino "CoreResGen" depende dele):
   5:8>Destino de compilação pronto"FindReferenceAssembliesForReferences" no projeto "IrmaDulce.Domain.csproj".
   5:8>Destino "CoreResGen" no arquivo "C:\Program Files\dotnet\sdk\8.0.415\Microsoft.Common.CurrentVersion.targets" do projeto "C:\Projects\Irma Dulce\backend\src\IrmaDulce.Domain\IrmaDulce.Domain.csproj" (o destino "ResGen" depende dele):
       A tarefa "GenerateResource" foi ignorada devido a condição falsa; ('%(EmbeddedResource.Type)' == 'Resx' and '%(EmbeddedResource.GenerateResource)' != 'false' and '$(GenerateResourceMSBuildRuntime)' != 'CLR2') foi avaliado como ('' == 'Resx' and '' != 'false' and 'CurrentRuntime' != 'CLR2').
       A tarefa "GenerateResource" foi ignorada devido a condição falsa; ('%(EmbeddedResource.Type)' == 'Resx' and '%(EmbeddedResource.GenerateResource)' != 'false' and '$(GenerateResourceMSBuildRuntime)' == 'CLR2') foi avaliado como ('' == 'Resx' and '' != 'false' and 'CurrentRuntime' == 'CLR2').
   5:8>Destino de compilação pronto"CoreResGen" no projeto "IrmaDulce.Domain.csproj".
   5:8>Destino "AfterResGen" no arquivo "C:\Program Files\dotnet\sdk\8.0.415\Microsoft.Common.CurrentVersion.targets" do projeto "C:\Projects\Irma Dulce\backend\src\IrmaDulce.Domain\IrmaDulce.Domain.csproj" (o destino "ResGen" depende dele):
   5:8>Destino de compilação pronto"AfterResGen" no projeto "IrmaDulce.Domain.csproj".
   5:8>Destino "ResGen" no arquivo "C:\Program Files\dotnet\sdk\8.0.415\Microsoft.Common.CurrentVersion.targets" do projeto "C:\Projects\Irma Dulce\backend\src\IrmaDulce.Domain\IrmaDulce.Domain.csproj" (o destino "PrepareResources" depende dele):
   5:8>Destino de compilação pronto"ResGen" no projeto "IrmaDulce.Domain.csproj".
       Destino "CompileLicxFiles" ignorado devido à condição falsa; ('@(_LicxFile)'!='') foi avaliado como (''!='').
   5:8>Destino "PrepareResources" no arquivo "C:\Program Files\dotnet\sdk\8.0.415\Microsoft.Common.CurrentVersion.targets" do projeto "C:\Projects\Irma Dulce\backend\src\IrmaDulce.Domain\IrmaDulce.Domain.csproj" (o destino "CoreBuild" depende dele):
   5:8>Destino de compilação pronto"PrepareResources" no projeto "IrmaDulce.Domain.csproj".
       Destino "ResolveKeySource" ignorado devido à condição falsa; ($(SignManifests) == 'true' or $(SignAssembly) == 'true') foi avaliado como ( == 'true' or false == 'true').
       Destino "ResolveReferences" ignorado. Compilado anteriormente com êxito.
       Destino "ResolveKeySource" ignorado devido à condição falsa; ($(SignManifests) == 'true' or $(SignAssembly) == 'true') foi avaliado como ( == 'true' or false == 'true').
       Destino "ResolveComReferences" ignorado devido à condição falsa; ('@(COMReference)'!='' or '@(COMFileReference)'!='') foi avaliado como (''!='' or ''!='').
       Destino "ResolveNativeReferences" ignorado devido à condição falsa; ('@(NativeReference)'!='') foi avaliado como (''!='').
       Destino "_SetExternalWin32ManifestProperties" ignorado devido à condição falsa; ('$(GenerateClickOnceManifests)'=='true' or '@(NativeReference)'!='' or '@(ResolvedIsolatedComModules)'!='') foi avaliado como (''=='true' or ''!='' or ''!='').
   5:8>Destino "_SetEmbeddedWin32ManifestProperties" no arquivo "C:\Program Files\dotnet\sdk\8.0.415\Microsoft.Common.CurrentVersion.targets" do projeto "C:\Projects\Irma Dulce\backend\src\IrmaDulce.Domain\IrmaDulce.Domain.csproj" (o destino "SetWin32ManifestProperties" depende dele):
       Usando a tarefa "GetFrameworkPath" do assembly "Microsoft.Build.Tasks.Core, Version=15.1.0.0, Culture=neutral, PublicKeyToken=b03f5f7f11d50a3a".
       Tarefa "GetFrameworkPath"
       Tarefa em execução pronta "GetFrameworkPath".
   5:8>Destino de compilação pronto"_SetEmbeddedWin32ManifestProperties" no projeto "IrmaDulce.Domain.csproj".
   5:8>Destino "SetWin32ManifestProperties" no arquivo "C:\Program Files\dotnet\sdk\8.0.415\Microsoft.Common.CurrentVersion.targets" do projeto "C:\Projects\Irma Dulce\backend\src\IrmaDulce.Domain\IrmaDulce.Domain.csproj" (o destino "Compile" depende dele):
   5:8>Destino de compilação pronto"SetWin32ManifestProperties" no projeto "IrmaDulce.Domain.csproj".
       Destino "_SetPreferNativeArm64Win32ManifestProperties" ignorado devido à condição falsa; ( '$(PreferNativeArm64)'=='true' and '$(NoWin32Manifest)'!='true') foi avaliado como ( ''=='true' and ''!='true').
       Destino "FindReferenceAssembliesForReferences" ignorado. Compilado anteriormente com êxito.
   5:8>Destino "_GenerateCompileInputs" no arquivo "C:\Program Files\dotnet\sdk\8.0.415\Microsoft.Common.CurrentVersion.targets" do projeto "C:\Projects\Irma Dulce\backend\src\IrmaDulce.Domain\IrmaDulce.Domain.csproj" (o destino "Compile" depende dele):
       A tarefa "Warning" foi ignorada devido a condição falsa; ('@(ManifestResourceWithNoCulture)'!='' and '%(ManifestResourceWithNoCulture.EmittedForCompatibilityOnly)'=='') foi avaliado como (''!='' and ''=='').
       A tarefa "Warning" foi ignorada devido a condição falsa; ('@(ManifestNonResxWithNoCultureOnDisk)'!='' and '%(ManifestNonResxWithNoCultureOnDisk.EmittedForCompatibilityOnly)'=='') foi avaliado como (''!='' and ''=='').
   5:8>Destino de compilação pronto"_GenerateCompileInputs" no projeto "IrmaDulce.Domain.csproj".
       Destino "PrepareForBuild" ignorado. Compilado anteriormente com êxito.
   5:8>Destino "GenerateMSBuildEditorConfigFileShouldRun" no arquivo "C:\Program Files\dotnet\sdk\8.0.415\Roslyn\Microsoft.Managed.Core.targets" do projeto "C:\Projects\Irma Dulce\backend\src\IrmaDulce.Domain\IrmaDulce.Domain.csproj" (o destino "GenerateMSBuildEditorConfigFile" depende dele):
   5:8>Destino de compilação pronto"GenerateMSBuildEditorConfigFileShouldRun" no projeto "IrmaDulce.Domain.csproj".
   5:8>Destino "GenerateMSBuildEditorConfigFileCore" no arquivo "C:\Program Files\dotnet\sdk\8.0.415\Roslyn\Microsoft.Managed.Core.targets" do projeto "C:\Projects\Irma Dulce\backend\src\IrmaDulce.Domain\IrmaDulce.Domain.csproj" (o destino "GenerateMSBuildEditorConfigFile" depende dele):
       Compilação de destino "GenerateMSBuildEditorConfigFileCore" concluída.
       Não há arquivos de entrada especificados.
       Usando a tarefa "GenerateMSBuildEditorConfig" do assembly "C:\Program Files\dotnet\sdk\8.0.415\Roslyn\Microsoft.Build.Tasks.CodeAnalysis.dll".
       Tarefa "GenerateMSBuildEditorConfig"
       Tarefa em execução pronta "GenerateMSBuildEditorConfig".
   5:8>Destino de compilação pronto"GenerateMSBuildEditorConfigFileCore" no projeto "IrmaDulce.Domain.csproj".
   5:8>Destino "GenerateMSBuildEditorConfigFile" no arquivo "C:\Program Files\dotnet\sdk\8.0.415\Roslyn\Microsoft.Managed.Core.targets" do projeto "C:\Projects\Irma Dulce\backend\src\IrmaDulce.Domain\IrmaDulce.Domain.csproj" (o destino "BeforeCompile" depende dele):
   5:8>Destino de compilação pronto"GenerateMSBuildEditorConfigFile" no projeto "IrmaDulce.Domain.csproj".
       Destino "PrepareForBuild" ignorado. Compilado anteriormente com êxito.
       Destino "GetReferenceAssemblyPaths" ignorado. Compilado anteriormente com êxito.
   5:8>Destino "_SetTargetFrameworkMonikerAttribute" no arquivo "C:\Program Files\dotnet\sdk\8.0.415\Microsoft.CSharp.CurrentVersion.targets" do projeto "C:\Projects\Irma Dulce\backend\src\IrmaDulce.Domain\IrmaDulce.Domain.csproj" (o destino "GenerateTargetFrameworkMonikerAttribute" depende dele):
   5:8>Destino de compilação pronto"_SetTargetFrameworkMonikerAttribute" no projeto "IrmaDulce.Domain.csproj".
   5:8>Destino "GenerateTargetFrameworkMonikerAttribute" no arquivo "C:\Program Files\dotnet\sdk\8.0.415\Microsoft.Common.CurrentVersion.targets" do projeto "C:\Projects\Irma Dulce\backend\src\IrmaDulce.Domain\IrmaDulce.Domain.csproj" (o destino "BeforeCompile" depende dele):
       Ignorando o destino "GenerateTargetFrameworkMonikerAttribute" porque todos os arquivos de saída estão atualizados em relação aos arquivos de entrada.
       Arquivos de entrada: C:\Program Files\dotnet\sdk\8.0.415\Microsoft.Common.targets
       Arquivos de saída: obj\Debug\net8.0\.NETCoreApp,Version=v8.0.AssemblyAttributes.cs
   5:8>Destino de compilação pronto"GenerateTargetFrameworkMonikerAttribute" no projeto "IrmaDulce.Domain.csproj".
       Destino "GenerateAdditionalSources" ignorado devido à condição falsa; ('@(AssemblyAttributes)' != '' and '$(GenerateAdditionalSources)' == 'true') foi avaliado como ('' != '' and '' == 'true').
       Destino "PrepareForBuild" ignorado. Compilado anteriormente com êxito.
   5:8>Destino "GetAssemblyVersion" no arquivo "C:\Program Files\dotnet\sdk\8.0.415\Sdks\Microsoft.NET.Sdk\targets\Microsoft.NET.GenerateAssemblyInfo.targets" do projeto "C:\Projects\Irma Dulce\backend\src\IrmaDulce.Domain\IrmaDulce.Domain.csproj" (o destino "GetAssemblyAttributes" depende dele):
       Usando a tarefa "GetAssemblyVersion" do assembly "C:\Program Files\dotnet\sdk\8.0.415\Sdks\Microsoft.NET.Sdk\targets\..\tools\net8.0\Microsoft.NET.Build.Tasks.dll".
       Tarefa "GetAssemblyVersion"
       Tarefa em execução pronta "GetAssemblyVersion".
   5:8>Destino de compilação pronto"GetAssemblyVersion" no projeto "IrmaDulce.Domain.csproj".
       Destino "GetAssemblyVersion" ignorado. Compilado anteriormente com êxito.
   5:8>Destino "InitializeSourceControlInformationFromSourceControlManager" no arquivo "C:\Program Files\dotnet\sdk\8.0.415\Sdks\Microsoft.Build.Tasks.Git\build\Microsoft.Build.Tasks.Git.targets" do projeto "C:\Projects\Irma Dulce\backend\src\IrmaDulce.Domain\IrmaDulce.Domain.csproj" (o destino "_InitializeSourceControlInformationFromSourceControlManager" depende dele):
       Usando a tarefa "Microsoft.Build.Tasks.Git.LocateRepository" do assembly "C:\Program Files\dotnet\sdk\8.0.415\Sdks\Microsoft.Build.Tasks.Git\build\..\tools\core\Microsoft.Build.Tasks.Git.dll".
       Tarefa "Microsoft.Build.Tasks.Git.LocateRepository"
         SourceLink: Repository instance not found in cache: '*:C:\Projects\Irma Dulce\backend\.git'
       Tarefa em execução pronta "Microsoft.Build.Tasks.Git.LocateRepository".
   5:8>Destino de compilação pronto"InitializeSourceControlInformationFromSourceControlManager" no projeto "IrmaDulce.Domain.csproj".
   5:8>Destino "_SourceLinkHasSingleProvider" no arquivo "C:\Program Files\dotnet\sdk\8.0.415\Sdks\Microsoft.SourceLink.Common\build\InitializeSourceControlInformation.targets" do projeto "C:\Projects\Irma Dulce\backend\src\IrmaDulce.Domain\IrmaDulce.Domain.csproj" (o destino "_InitializeSourceControlInformationFromSourceControlManager" depende dele):
       Assembly carregado durante TaskRun: Microsoft.SourceLink.Common, Version=8.0.9.11501, Culture=neutral, PublicKeyToken=31bf3856ad364e35 (local: C:\Program Files\dotnet\sdk\8.0.415\Sdks\Microsoft.SourceLink.Common\tools\core\Microsoft.SourceLink.Common.dll, MVID: d5b96578-81ec-438f-8487-2f5405206516, AssemblyLoadContext: MSBuild plugin C:\Program Files\dotnet\sdk\8.0.415\Sdks\Microsoft.SourceLink.Common\tools\core\Microsoft.SourceLink.Common.dll)
       Usando a tarefa "Microsoft.SourceLink.Common.SourceLinkHasSingleProvider" do assembly "C:\Program Files\dotnet\sdk\8.0.415\Sdks\Microsoft.SourceLink.Common\build\..\tools\core\Microsoft.SourceLink.Common.dll".
       Tarefa "Microsoft.SourceLink.Common.SourceLinkHasSingleProvider"
       Tarefa em execução pronta "Microsoft.SourceLink.Common.SourceLinkHasSingleProvider".
   5:8>Destino de compilação pronto"_SourceLinkHasSingleProvider" no projeto "IrmaDulce.Domain.csproj".
   5:8>Destino "TranslateGitHubUrlsInSourceControlInformation" no arquivo "C:\Program Files\dotnet\sdk\8.0.415\Sdks\Microsoft.SourceLink.GitHub\build\Microsoft.SourceLink.GitHub.targets" do projeto "C:\Projects\Irma Dulce\backend\src\IrmaDulce.Domain\IrmaDulce.Domain.csproj" (o destino "_InitializeSourceControlInformationFromSourceControlManager" depende dele):
       Assembly carregado durante TaskRun: Microsoft.SourceLink.GitHub, Version=8.0.9.11501, Culture=neutral, PublicKeyToken=31bf3856ad364e35 (local: C:\Program Files\dotnet\sdk\8.0.415\Sdks\Microsoft.SourceLink.GitHub\tools\core\Microsoft.SourceLink.GitHub.dll, MVID: 1fbac130-3a2a-4cf4-9c60-b0ae73333681, AssemblyLoadContext: MSBuild plugin C:\Program Files\dotnet\sdk\8.0.415\Sdks\Microsoft.SourceLink.GitHub\tools\core\Microsoft.SourceLink.GitHub.dll)
       Usando a tarefa "Microsoft.SourceLink.GitHub.TranslateRepositoryUrls" do assembly "C:\Program Files\dotnet\sdk\8.0.415\Sdks\Microsoft.SourceLink.GitHub\build\..\tools\core\Microsoft.SourceLink.GitHub.dll".
       Tarefa "Microsoft.SourceLink.GitHub.TranslateRepositoryUrls"
       Tarefa em execução pronta "Microsoft.SourceLink.GitHub.TranslateRepositoryUrls".
   5:8>Destino de compilação pronto"TranslateGitHubUrlsInSourceControlInformation" no projeto "IrmaDulce.Domain.csproj".
   5:8>Destino "TranslateGitLabUrlsInSourceControlInformation" no arquivo "C:\Program Files\dotnet\sdk\8.0.415\Sdks\Microsoft.SourceLink.GitLab\build\Microsoft.SourceLink.GitLab.targets" do projeto "C:\Projects\Irma Dulce\backend\src\IrmaDulce.Domain\IrmaDulce.Domain.csproj" (o destino "_InitializeSourceControlInformationFromSourceControlManager" depende dele):
       Assembly carregado durante TaskRun: Microsoft.SourceLink.GitLab, Version=8.0.9.11501, Culture=neutral, PublicKeyToken=31bf3856ad364e35 (local: C:\Program Files\dotnet\sdk\8.0.415\Sdks\Microsoft.SourceLink.GitLab\tools\core\Microsoft.SourceLink.GitLab.dll, MVID: 6b003cb9-36ef-4a5a-83ae-cc8fa7fbcb67, AssemblyLoadContext: MSBuild plugin C:\Program Files\dotnet\sdk\8.0.415\Sdks\Microsoft.SourceLink.GitLab\tools\core\Microsoft.SourceLink.GitLab.dll)
       Usando a tarefa "Microsoft.SourceLink.GitLab.TranslateRepositoryUrls" do assembly "C:\Program Files\dotnet\sdk\8.0.415\Sdks\Microsoft.SourceLink.GitLab\build\..\tools\core\Microsoft.SourceLink.GitLab.dll".
       Tarefa "Microsoft.SourceLink.GitLab.TranslateRepositoryUrls"
       Tarefa em execução pronta "Microsoft.SourceLink.GitLab.TranslateRepositoryUrls".
   5:8>Destino de compilação pronto"TranslateGitLabUrlsInSourceControlInformation" no projeto "IrmaDulce.Domain.csproj".
   5:8>Destino "TranslateAzureReposGitUrlsInSourceControlInformation" no arquivo "C:\Program Files\dotnet\sdk\8.0.415\Sdks\Microsoft.SourceLink.AzureRepos.Git\build\Microsoft.SourceLink.AzureRepos.Git.targets" do projeto "C:\Projects\Irma Dulce\backend\src\IrmaDulce.Domain\IrmaDulce.Domain.csproj" (o destino "_InitializeSourceControlInformationFromSourceControlManager" depende dele):
       Assembly carregado durante TaskRun: Microsoft.SourceLink.AzureRepos.Git, Version=8.0.9.11501, Culture=neutral, PublicKeyToken=31bf3856ad364e35 (local: C:\Program Files\dotnet\sdk\8.0.415\Sdks\Microsoft.SourceLink.AzureRepos.Git\tools\core\Microsoft.SourceLink.AzureRepos.Git.dll, MVID: 3a082d27-0e6b-4d51-92ea-8eaf3fc3120f, AssemblyLoadContext: MSBuild plugin C:\Program Files\dotnet\sdk\8.0.415\Sdks\Microsoft.SourceLink.AzureRepos.Git\tools\core\Microsoft.SourceLink.AzureRepos.Git.dll)
       Usando a tarefa "Microsoft.SourceLink.AzureRepos.Git.TranslateRepositoryUrls" do assembly "C:\Program Files\dotnet\sdk\8.0.415\Sdks\Microsoft.SourceLink.AzureRepos.Git\build\..\tools\core\Microsoft.SourceLink.AzureRepos.Git.dll".
       Tarefa "Microsoft.SourceLink.AzureRepos.Git.TranslateRepositoryUrls"
       Tarefa em execução pronta "Microsoft.SourceLink.AzureRepos.Git.TranslateRepositoryUrls".
   5:8>Destino de compilação pronto"TranslateAzureReposGitUrlsInSourceControlInformation" no projeto "IrmaDulce.Domain.csproj".
   5:8>Destino "TranslateBitbucketGitUrlsInSourceControlInformation" no arquivo "C:\Program Files\dotnet\sdk\8.0.415\Sdks\Microsoft.SourceLink.Bitbucket.Git\build\Microsoft.SourceLink.Bitbucket.Git.targets" do projeto "C:\Projects\Irma Dulce\backend\src\IrmaDulce.Domain\IrmaDulce.Domain.csproj" (o destino "_InitializeSourceControlInformationFromSourceControlManager" depende dele):
       Assembly carregado durante TaskRun: Microsoft.SourceLink.Bitbucket.Git, Version=8.0.9.11501, Culture=neutral, PublicKeyToken=31bf3856ad364e35 (local: C:\Program Files\dotnet\sdk\8.0.415\Sdks\Microsoft.SourceLink.Bitbucket.Git\tools\core\Microsoft.SourceLink.Bitbucket.Git.dll, MVID: 3994e8b0-7ae9-409e-bc2b-53baef289161, AssemblyLoadContext: MSBuild plugin C:\Program Files\dotnet\sdk\8.0.415\Sdks\Microsoft.SourceLink.Bitbucket.Git\tools\core\Microsoft.SourceLink.Bitbucket.Git.dll)
       Usando a tarefa "Microsoft.SourceLink.Bitbucket.Git.TranslateRepositoryUrls" do assembly "C:\Program Files\dotnet\sdk\8.0.415\Sdks\Microsoft.SourceLink.Bitbucket.Git\build\..\tools\core\Microsoft.SourceLink.Bitbucket.Git.dll".
       Tarefa "Microsoft.SourceLink.Bitbucket.Git.TranslateRepositoryUrls"
       Tarefa em execução pronta "Microsoft.SourceLink.Bitbucket.Git.TranslateRepositoryUrls".
   5:8>Destino de compilação pronto"TranslateBitbucketGitUrlsInSourceControlInformation" no projeto "IrmaDulce.Domain.csproj".
   5:8>Destino "SourceControlManagerPublishTranslatedUrls" no arquivo "C:\Program Files\dotnet\sdk\8.0.415\Sdks\Microsoft.SourceLink.Common\build\InitializeSourceControlInformation.targets" do projeto "C:\Projects\Irma Dulce\backend\src\IrmaDulce.Domain\IrmaDulce.Domain.csproj" (o destino "_InitializeSourceControlInformationFromSourceControlManager" depende dele):
   5:8>Destino de compilação pronto"SourceControlManagerPublishTranslatedUrls" no projeto "IrmaDulce.Domain.csproj".
   5:8>Destino "_InitializeSourceControlInformationFromSourceControlManager" no arquivo "C:\Program Files\dotnet\sdk\8.0.415\Sdks\Microsoft.SourceLink.Common\build\InitializeSourceControlInformation.targets" do projeto "C:\Projects\Irma Dulce\backend\src\IrmaDulce.Domain\IrmaDulce.Domain.csproj" (o destino "InitializeSourceControlInformation" depende dele):
   5:8>Destino de compilação pronto"_InitializeSourceControlInformationFromSourceControlManager" no projeto "IrmaDulce.Domain.csproj".
   5:8>Destino "InitializeSourceControlInformation" no arquivo "C:\Program Files\dotnet\sdk\8.0.415\Microsoft.Common.CurrentVersion.targets" do projeto "C:\Projects\Irma Dulce\backend\src\IrmaDulce.Domain\IrmaDulce.Domain.csproj" (o destino "AddSourceRevisionToInformationalVersion" depende dele):
   5:8>Destino de compilação pronto"InitializeSourceControlInformation" no projeto "IrmaDulce.Domain.csproj".
   5:8>Destino "AddSourceRevisionToInformationalVersion" no arquivo "C:\Program Files\dotnet\sdk\8.0.415\Sdks\Microsoft.NET.Sdk\targets\Microsoft.NET.GenerateAssemblyInfo.targets" do projeto "C:\Projects\Irma Dulce\backend\src\IrmaDulce.Domain\IrmaDulce.Domain.csproj" (o destino "GetAssemblyAttributes" depende dele):
   5:8>Destino de compilação pronto"AddSourceRevisionToInformationalVersion" no projeto "IrmaDulce.Domain.csproj".
       Destino "_GetUserSecretsAssemblyAttribute" ignorado devido à condição falsa; ( '$(UserSecretsId)' != '' AND '$(GenerateUserSecretsAttribute)' != 'false' AND '$(GeneratedUserSecretsAttributeFile)' == '' ) foi avaliado como ( '' != '' AND '' != 'false' AND '' == '' ).
   5:8>Destino "GetAssemblyAttributes" no arquivo "C:\Program Files\dotnet\sdk\8.0.415\Sdks\Microsoft.NET.Sdk\targets\Microsoft.NET.GenerateAssemblyInfo.targets" do projeto "C:\Projects\Irma Dulce\backend\src\IrmaDulce.Domain\IrmaDulce.Domain.csproj" (o destino "CreateGeneratedAssemblyInfoInputsCacheFile" depende dele):
   5:8>Destino de compilação pronto"GetAssemblyAttributes" no projeto "IrmaDulce.Domain.csproj".
   5:8>Destino "CreateGeneratedAssemblyInfoInputsCacheFile" no arquivo "C:\Program Files\dotnet\sdk\8.0.415\Sdks\Microsoft.NET.Sdk\targets\Microsoft.NET.GenerateAssemblyInfo.targets" do projeto "C:\Projects\Irma Dulce\backend\src\IrmaDulce.Domain\IrmaDulce.Domain.csproj" (o destino "CoreGenerateAssemblyInfo" depende dele):
       Usando a tarefa "Hash" do assembly "Microsoft.Build.Tasks.Core, Version=15.1.0.0, Culture=neutral, PublicKeyToken=b03f5f7f11d50a3a".
       Tarefa "Hash"
       Tarefa em execução pronta "Hash".
       Tarefa "WriteLinesToFile"
         Ignorando a gravação no arquivo "obj\Debug\net8.0\IrmaDulce.Domain.AssemblyInfoInputs.cache" porque o conteúdo não seria alterado.
       Tarefa em execução pronta "WriteLinesToFile".
   5:8>Destino de compilação pronto"CreateGeneratedAssemblyInfoInputsCacheFile" no projeto "IrmaDulce.Domain.csproj".
   5:8>Destino "CoreGenerateAssemblyInfo" no arquivo "C:\Program Files\dotnet\sdk\8.0.415\Sdks\Microsoft.NET.Sdk\targets\Microsoft.NET.GenerateAssemblyInfo.targets" do projeto "C:\Projects\Irma Dulce\backend\src\IrmaDulce.Domain\IrmaDulce.Domain.csproj" (o destino "GenerateAssemblyInfo" depende dele):
       Ignorando o destino "CoreGenerateAssemblyInfo" porque todos os arquivos de saída estão atualizados em relação aos arquivos de entrada.
       Arquivos de entrada: obj\Debug\net8.0\IrmaDulce.Domain.AssemblyInfoInputs.cache
       Arquivos de saída: obj\Debug\net8.0\IrmaDulce.Domain.AssemblyInfo.cs
   5:8>Destino de compilação pronto"CoreGenerateAssemblyInfo" no projeto "IrmaDulce.Domain.csproj".
   5:8>Destino "GenerateAssemblyInfo" no arquivo "C:\Program Files\dotnet\sdk\8.0.415\Sdks\Microsoft.NET.Sdk\targets\Microsoft.NET.GenerateAssemblyInfo.targets" do projeto "C:\Projects\Irma Dulce\backend\src\IrmaDulce.Domain\IrmaDulce.Domain.csproj" (o destino "BeforeCompile" depende dele):
   5:8>Destino de compilação pronto"GenerateAssemblyInfo" no projeto "IrmaDulce.Domain.csproj".
   5:8>Destino "BeforeCompile" no arquivo "C:\Program Files\dotnet\sdk\8.0.415\Microsoft.Common.CurrentVersion.targets" do projeto "C:\Projects\Irma Dulce\backend\src\IrmaDulce.Domain\IrmaDulce.Domain.csproj" (o destino "Compile" depende dele):
   5:8>Destino de compilação pronto"BeforeCompile" no projeto "IrmaDulce.Domain.csproj".
       Destino "_TimeStampBeforeCompile" ignorado devido à condição falsa; ('$(RunPostBuildEvent)'=='OnOutputUpdated' or ('$(RegisterForComInterop)'=='true' and '$(OutputType)'=='library')) foi avaliado como (''=='OnOutputUpdated' or (''=='true' and 'Library'=='library')).
       Destino "ResolveAssemblyReferences" ignorado. Compilado anteriormente com êxito.
   5:8>Destino "_GenerateCompileDependencyCache" no arquivo "C:\Program Files\dotnet\sdk\8.0.415\Microsoft.Common.CurrentVersion.targets" do projeto "C:\Projects\Irma Dulce\backend\src\IrmaDulce.Domain\IrmaDulce.Domain.csproj" (o destino "Compile" depende dele):
       Tarefa "Hash"
       Tarefa em execução pronta "Hash".
       Tarefa "WriteLinesToFile"
         Ignorando a gravação no arquivo "obj\Debug\net8.0\IrmaDulce.Domain.csproj.CoreCompileInputs.cache" porque o conteúdo não seria alterado.
       Tarefa em execução pronta "WriteLinesToFile".
   5:8>Destino de compilação pronto"_GenerateCompileDependencyCache" no projeto "IrmaDulce.Domain.csproj".
       Destino "_ComputeNonExistentFileProperty" ignorado devido à condição falsa; (('$(BuildingInsideVisualStudio)' == 'true') and ('$(BuildingOutOfProcess)' != 'true') and (('$(BuildingProject)' == 'false') or ('$(UseHostCompilerIfAvailable)' == 'true'))) foi avaliado como (('' == 'true') and ('' != 'true') and (('true' == 'false') or ('true' == 'true'))).
       Destino "ResolveCodeAnalysisRuleSet" ignorado devido à condição falsa; ('$(CodeAnalysisRuleSet)' != '') foi avaliado como ('' != '').
       Destino "ShimReferencePathsWhenCommonTargetsDoesNotUnderstandReferenceAssemblies" ignorado devido à condição falsa; ('@(ReferencePathWithRefAssemblies)' == '') foi avaliado como ('C:\Program Files\dotnet\packs\Microsoft.NETCore.App.Ref\8.0.21\ref\net8.0\Microsoft.CSharp.dll;C:\Program Files\dotnet\packs\Microsoft.NETCore.App.Ref\8.0.21\ref\net8.0\Microsoft.VisualBasic.Core.dll;C:\Program Files\dotnet\packs\Microsoft.NETCore.App.Ref\8.0.21\ref\net8.0\Microsoft.VisualBasic.dll;...' == '').
   5:8>Destino "_BeforeVBCSCoreCompile" no arquivo "C:\Program Files\dotnet\sdk\8.0.415\Roslyn\Microsoft.Managed.Core.targets" do projeto "C:\Projects\Irma Dulce\backend\src\IrmaDulce.Domain\IrmaDulce.Domain.csproj" (o destino "CoreCompile" depende dele):
   5:8>Destino de compilação pronto"_BeforeVBCSCoreCompile" no projeto "IrmaDulce.Domain.csproj".
       Destino "AdjustDefaultPlatformTargetForNetFrameworkExeWithNoNativeCopyLocalItems" ignorado devido à condição falsa; ('$(_UsingDefaultPlatformTarget)' == 'true' and
                            '$(_UsingDefaultRuntimeIdentifier)' == 'true') foi avaliado como ('true' == 'true' and
                            '' == 'true').
       Destino "_DisableDiagnosticTracing" ignorado devido à condição falsa; ('$(DisableDiagnosticTracing)' == 'true') foi avaliado como ('' == 'true').
       Destino "GenerateTargetPlatformDefineConstants" ignorado devido à condição falsa; ( '$(DisableImplicitFrameworkDefines)' != 'true' and '$(TargetPlatformIdentifier)' != '' and '$(TargetFrameworkIdentifier)' == '.NETCoreApp' and $([MSBuild]::VersionGreaterThanOrEquals($(TargetFrameworkVersion), 5.0)) ) foi avaliado como ( '' != 'true' and '' != '' and '.NETCoreApp' == '.NETCoreApp' and True ).
   5:8>Destino "GenerateNETCompatibleDefineConstants" no arquivo "C:\Program Files\dotnet\sdk\8.0.415\Sdks\Microsoft.NET.Sdk\targets\Microsoft.NET.Sdk.BeforeCommon.targets" do projeto "C:\Projects\Irma Dulce\backend\src\IrmaDulce.Domain\IrmaDulce.Domain.csproj" (o destino "AddImplicitDefineConstants" depende dele):
   5:8>Destino de compilação pronto"GenerateNETCompatibleDefineConstants" no projeto "IrmaDulce.Domain.csproj".
       Destino "GeneratePlatformCompatibleDefineConstants" ignorado devido à condição falsa; ( '$(DisableImplicitFrameworkDefines)' != 'true' and '$(TargetPlatformIdentifier)' != '' and '$(TargetFrameworkIdentifier)' == '.NETCoreApp' and $([MSBuild]::VersionGreaterThanOrEquals($(TargetFrameworkVersion), 5.0)) ) foi avaliado como ( '' != 'true' and '' != '' and '.NETCoreApp' == '.NETCoreApp' and True ).
       Destino "_DisableDiagnosticTracing" ignorado devido à condição falsa; ('$(DisableDiagnosticTracing)' == 'true') foi avaliado como ('' == 'true').
   5:8>Destino "AddImplicitDefineConstants" no arquivo "C:\Program Files\dotnet\sdk\8.0.415\Sdks\Microsoft.NET.Sdk\targets\Microsoft.NET.Sdk.BeforeCommon.targets" do projeto "C:\Projects\Irma Dulce\backend\src\IrmaDulce.Domain\IrmaDulce.Domain.csproj" (o destino "CoreCompile" depende dele):
   5:8>Destino de compilação pronto"AddImplicitDefineConstants" no projeto "IrmaDulce.Domain.csproj".
       Destino "ShimReferencePathsWhenCommonTargetsDoesNotUnderstandReferenceAssemblies" ignorado devido à condição falsa; ('@(ReferencePathWithRefAssemblies)' == '') foi avaliado como ('C:\Program Files\dotnet\packs\Microsoft.NETCore.App.Ref\8.0.21\ref\net8.0\Microsoft.CSharp.dll;C:\Program Files\dotnet\packs\Microsoft.NETCore.App.Ref\8.0.21\ref\net8.0\Microsoft.VisualBasic.Core.dll;C:\Program Files\dotnet\packs\Microsoft.NETCore.App.Ref\8.0.21\ref\net8.0\Microsoft.VisualBasic.dll;...' == '').
   5:8>Destino "_ComputeSkipAnalyzers" no arquivo "C:\Program Files\dotnet\sdk\8.0.415\Roslyn\Microsoft.Managed.Core.targets" do projeto "C:\Projects\Irma Dulce\backend\src\IrmaDulce.Domain\IrmaDulce.Domain.csproj" (o destino "CoreCompile" depende dele):
       A tarefa "ShowMessageForImplicitlySkipAnalyzers" foi ignorada devido a condição falsa; ('$(_ImplicitlySkipAnalyzers)' == 'true') foi avaliado como ('' == 'true').
   5:8>Destino de compilação pronto"_ComputeSkipAnalyzers" no projeto "IrmaDulce.Domain.csproj".
       Destino "_SetPathMapFromSourceRoots" ignorado devido à condição falsa; ('$(DeterministicSourcePaths)' == 'true') foi avaliado como ('' == 'true').
       Destino "CreateCompilerGeneratedFilesOutputPath" ignorado devido à condição falsa; ('$(EmitCompilerGeneratedFiles)' == 'true' and !('$(DesignTimeBuild)' == 'true' OR '$(BuildingProject)' != 'true')) foi avaliado como ('false' == 'true' and !('' == 'true' OR 'true' != 'true')).
       Destino "BeforeCompile" ignorado. Compilado anteriormente com êxito.
       Destino "InitializeSourceControlInformationFromSourceControlManager" ignorado. Compilado anteriormente com êxito.
   5:8>Destino "SetEmbeddedFilesFromSourceControlManagerUntrackedFiles" no arquivo "C:\Program Files\dotnet\sdk\8.0.415\Sdks\Microsoft.Build.Tasks.Git\build\Microsoft.Build.Tasks.Git.targets" do projeto "C:\Projects\Irma Dulce\backend\src\IrmaDulce.Domain\IrmaDulce.Domain.csproj" (o destino "_SetEmbeddedFilesFromSourceControlManagerUntrackedFiles" depende dele):
       Usando a tarefa "Microsoft.Build.Tasks.Git.GetUntrackedFiles" do assembly "C:\Program Files\dotnet\sdk\8.0.415\Sdks\Microsoft.Build.Tasks.Git\build\..\tools\core\Microsoft.Build.Tasks.Git.dll".
       Tarefa "Microsoft.Build.Tasks.Git.GetUntrackedFiles"
         SourceLink: Reusing cached git repository information.
       Tarefa em execução pronta "Microsoft.Build.Tasks.Git.GetUntrackedFiles".
   5:8>Destino de compilação pronto"SetEmbeddedFilesFromSourceControlManagerUntrackedFiles" no projeto "IrmaDulce.Domain.csproj".
   5:8>Destino "_SetEmbeddedFilesFromSourceControlManagerUntrackedFiles" no arquivo "C:\Program Files\dotnet\sdk\8.0.415\Sdks\Microsoft.SourceLink.Common\build\Microsoft.SourceLink.Common.targets" do projeto "C:\Projects\Irma Dulce\backend\src\IrmaDulce.Domain\IrmaDulce.Domain.csproj" (o destino "CoreCompile" depende dele):
   5:8>Destino de compilação pronto"_SetEmbeddedFilesFromSourceControlManagerUntrackedFiles" no projeto "IrmaDulce.Domain.csproj".
       Destino "InitializeSourceControlInformation" ignorado. Compilado anteriormente com êxito.
   5:8>Destino "_SetSourceLinkFilePath" no arquivo "C:\Program Files\dotnet\sdk\8.0.415\Sdks\Microsoft.SourceLink.Common\build\Microsoft.SourceLink.Common.targets" do projeto "C:\Projects\Irma Dulce\backend\src\IrmaDulce.Domain\IrmaDulce.Domain.csproj" (o destino "_GenerateSourceLinkFile" depende dele):
   5:8>Destino de compilação pronto"_SetSourceLinkFilePath" no projeto "IrmaDulce.Domain.csproj".
       Destino "InitializeSourceControlInformation" ignorado. Compilado anteriormente com êxito.
   5:8>Destino "_InitializeSourceRootMappedPathsFromSourceControl" no arquivo "C:\Program Files\dotnet\sdk\8.0.415\Roslyn\Microsoft.Managed.Core.targets" do projeto "C:\Projects\Irma Dulce\backend\src\IrmaDulce.Domain\IrmaDulce.Domain.csproj" (o destino "InitializeSourceRootMappedPaths" depende dele):
   5:8>Destino de compilação pronto"_InitializeSourceRootMappedPathsFromSourceControl" no projeto "IrmaDulce.Domain.csproj".
   5:8>Destino "InitializeSourceRootMappedPaths" no arquivo "C:\Program Files\dotnet\sdk\8.0.415\Roslyn\Microsoft.Managed.Core.targets" do projeto "C:\Projects\Irma Dulce\backend\src\IrmaDulce.Domain\IrmaDulce.Domain.csproj" (o destino "_InitializeSourceRootMappedPathsOpt" depende dele):
       Usando a tarefa "Microsoft.CodeAnalysis.BuildTasks.MapSourceRoots" do assembly "C:\Program Files\dotnet\sdk\8.0.415\Roslyn\Microsoft.Build.Tasks.CodeAnalysis.dll".
       Tarefa "Microsoft.CodeAnalysis.BuildTasks.MapSourceRoots"
       Tarefa em execução pronta "Microsoft.CodeAnalysis.BuildTasks.MapSourceRoots".
   5:8>Destino de compilação pronto"InitializeSourceRootMappedPaths" no projeto "IrmaDulce.Domain.csproj".
   5:8>Destino "_InitializeSourceRootMappedPathsOpt" no arquivo "C:\Program Files\dotnet\sdk\8.0.415\Sdks\Microsoft.SourceLink.Common\build\Microsoft.SourceLink.Common.targets" do projeto "C:\Projects\Irma Dulce\backend\src\IrmaDulce.Domain\IrmaDulce.Domain.csproj" (o destino "_GenerateSourceLinkFile" depende dele):
   5:8>Destino de compilação pronto"_InitializeSourceRootMappedPathsOpt" no projeto "IrmaDulce.Domain.csproj".
   5:8>Destino "_InitializeGitHubSourceLinkUrl" no arquivo "C:\Program Files\dotnet\sdk\8.0.415\Sdks\Microsoft.SourceLink.GitHub\build\Microsoft.SourceLink.GitHub.targets" do projeto "C:\Projects\Irma Dulce\backend\src\IrmaDulce.Domain\IrmaDulce.Domain.csproj" (o destino "_GenerateSourceLinkFile" depende dele):
       Compilação de destino "_InitializeGitHubSourceLinkUrl" concluída.
       Não há arquivos de entrada especificados.
       Usando a tarefa "Microsoft.SourceLink.GitHub.GetSourceLinkUrl" do assembly "C:\Program Files\dotnet\sdk\8.0.415\Sdks\Microsoft.SourceLink.GitHub\build\..\tools\core\Microsoft.SourceLink.GitHub.dll".
       Tarefa "Microsoft.SourceLink.GitHub.GetSourceLinkUrl"
       Tarefa em execução pronta "Microsoft.SourceLink.GitHub.GetSourceLinkUrl".
   5:8>Destino de compilação pronto"_InitializeGitHubSourceLinkUrl" no projeto "IrmaDulce.Domain.csproj".
   5:8>Destino "_InitializeGitHubSourceLinkUrl" no arquivo "C:\Program Files\dotnet\sdk\8.0.415\Sdks\Microsoft.SourceLink.GitHub\build\Microsoft.SourceLink.GitHub.targets" do projeto "C:\Projects\Irma Dulce\backend\src\IrmaDulce.Domain\IrmaDulce.Domain.csproj" (o destino "_GenerateSourceLinkFile" depende dele):
       Compilação de destino "_InitializeGitHubSourceLinkUrl" concluída.
       Não há arquivos de entrada especificados.
       Tarefa "Microsoft.SourceLink.GitHub.GetSourceLinkUrl"
       Tarefa em execução pronta "Microsoft.SourceLink.GitHub.GetSourceLinkUrl".
   5:8>Destino de compilação pronto"_InitializeGitHubSourceLinkUrl" no projeto "IrmaDulce.Domain.csproj".
   5:8>Destino "_InitializeGitLabSourceLinkUrl" no arquivo "C:\Program Files\dotnet\sdk\8.0.415\Sdks\Microsoft.SourceLink.GitLab\build\Microsoft.SourceLink.GitLab.targets" do projeto "C:\Projects\Irma Dulce\backend\src\IrmaDulce.Domain\IrmaDulce.Domain.csproj" (o destino "_GenerateSourceLinkFile" depende dele):
       Compilação de destino "_InitializeGitLabSourceLinkUrl" concluída.
       Não há arquivos de entrada especificados.
       Usando a tarefa "Microsoft.SourceLink.GitLab.GetSourceLinkUrl" do assembly "C:\Program Files\dotnet\sdk\8.0.415\Sdks\Microsoft.SourceLink.GitLab\build\..\tools\core\Microsoft.SourceLink.GitLab.dll".
       Tarefa "Microsoft.SourceLink.GitLab.GetSourceLinkUrl"
       Tarefa em execução pronta "Microsoft.SourceLink.GitLab.GetSourceLinkUrl".
   5:8>Destino de compilação pronto"_InitializeGitLabSourceLinkUrl" no projeto "IrmaDulce.Domain.csproj".
   5:8>Destino "_InitializeGitLabSourceLinkUrl" no arquivo "C:\Program Files\dotnet\sdk\8.0.415\Sdks\Microsoft.SourceLink.GitLab\build\Microsoft.SourceLink.GitLab.targets" do projeto "C:\Projects\Irma Dulce\backend\src\IrmaDulce.Domain\IrmaDulce.Domain.csproj" (o destino "_GenerateSourceLinkFile" depende dele):
       Compilação de destino "_InitializeGitLabSourceLinkUrl" concluída.
       Não há arquivos de entrada especificados.
       Tarefa "Microsoft.SourceLink.GitLab.GetSourceLinkUrl"
       Tarefa em execução pronta "Microsoft.SourceLink.GitLab.GetSourceLinkUrl".
   5:8>Destino de compilação pronto"_InitializeGitLabSourceLinkUrl" no projeto "IrmaDulce.Domain.csproj".
   5:8>Destino "_InitializeAzureReposGitSourceLinkUrl" no arquivo "C:\Program Files\dotnet\sdk\8.0.415\Sdks\Microsoft.SourceLink.AzureRepos.Git\build\Microsoft.SourceLink.AzureRepos.Git.targets" do projeto "C:\Projects\Irma Dulce\backend\src\IrmaDulce.Domain\IrmaDulce.Domain.csproj" (o destino "_GenerateSourceLinkFile" depende dele):
       Compilação de destino "_InitializeAzureReposGitSourceLinkUrl" concluída.
       Não há arquivos de entrada especificados.
       Usando a tarefa "Microsoft.SourceLink.AzureRepos.Git.GetSourceLinkUrl" do assembly "C:\Program Files\dotnet\sdk\8.0.415\Sdks\Microsoft.SourceLink.AzureRepos.Git\build\..\tools\core\Microsoft.SourceLink.AzureRepos.Git.dll".
       Tarefa "Microsoft.SourceLink.AzureRepos.Git.GetSourceLinkUrl"
       Tarefa em execução pronta "Microsoft.SourceLink.AzureRepos.Git.GetSourceLinkUrl".
   5:8>Destino de compilação pronto"_InitializeAzureReposGitSourceLinkUrl" no projeto "IrmaDulce.Domain.csproj".
   5:8>Destino "_InitializeAzureReposGitSourceLinkUrl" no arquivo "C:\Program Files\dotnet\sdk\8.0.415\Sdks\Microsoft.SourceLink.AzureRepos.Git\build\Microsoft.SourceLink.AzureRepos.Git.targets" do projeto "C:\Projects\Irma Dulce\backend\src\IrmaDulce.Domain\IrmaDulce.Domain.csproj" (o destino "_GenerateSourceLinkFile" depende dele):
       Compilação de destino "_InitializeAzureReposGitSourceLinkUrl" concluída.
       Não há arquivos de entrada especificados.
       Tarefa "Microsoft.SourceLink.AzureRepos.Git.GetSourceLinkUrl"
       Tarefa em execução pronta "Microsoft.SourceLink.AzureRepos.Git.GetSourceLinkUrl".
   5:8>Destino de compilação pronto"_InitializeAzureReposGitSourceLinkUrl" no projeto "IrmaDulce.Domain.csproj".
   5:8>Destino "_InitializeBitbucketGitSourceLinkUrl" no arquivo "C:\Program Files\dotnet\sdk\8.0.415\Sdks\Microsoft.SourceLink.Bitbucket.Git\build\Microsoft.SourceLink.Bitbucket.Git.targets" do projeto "C:\Projects\Irma Dulce\backend\src\IrmaDulce.Domain\IrmaDulce.Domain.csproj" (o destino "_GenerateSourceLinkFile" depende dele):
       Compilação de destino "_InitializeBitbucketGitSourceLinkUrl" concluída.
       Não há arquivos de entrada especificados.
       Usando a tarefa "Microsoft.SourceLink.Bitbucket.Git.GetSourceLinkUrl" do assembly "C:\Program Files\dotnet\sdk\8.0.415\Sdks\Microsoft.SourceLink.Bitbucket.Git\build\..\tools\core\Microsoft.SourceLink.Bitbucket.Git.dll".
       Tarefa "Microsoft.SourceLink.Bitbucket.Git.GetSourceLinkUrl"
       Tarefa em execução pronta "Microsoft.SourceLink.Bitbucket.Git.GetSourceLinkUrl".
   5:8>Destino de compilação pronto"_InitializeBitbucketGitSourceLinkUrl" no projeto "IrmaDulce.Domain.csproj".
   5:8>Destino "_InitializeBitbucketGitSourceLinkUrl" no arquivo "C:\Program Files\dotnet\sdk\8.0.415\Sdks\Microsoft.SourceLink.Bitbucket.Git\build\Microsoft.SourceLink.Bitbucket.Git.targets" do projeto "C:\Projects\Irma Dulce\backend\src\IrmaDulce.Domain\IrmaDulce.Domain.csproj" (o destino "_GenerateSourceLinkFile" depende dele):
       Compilação de destino "_InitializeBitbucketGitSourceLinkUrl" concluída.
       Não há arquivos de entrada especificados.
       Tarefa "Microsoft.SourceLink.Bitbucket.Git.GetSourceLinkUrl"
       Tarefa em execução pronta "Microsoft.SourceLink.Bitbucket.Git.GetSourceLinkUrl".
   5:8>Destino de compilação pronto"_InitializeBitbucketGitSourceLinkUrl" no projeto "IrmaDulce.Domain.csproj".
   5:8>Destino "_GenerateSourceLinkFile" no arquivo "C:\Program Files\dotnet\sdk\8.0.415\Sdks\Microsoft.SourceLink.Common\build\Microsoft.SourceLink.Common.targets" do projeto "C:\Projects\Irma Dulce\backend\src\IrmaDulce.Domain\IrmaDulce.Domain.csproj" (o destino "GenerateSourceLinkFile" depende dele):
       Compilação de destino "_GenerateSourceLinkFile" concluída.
       Não há arquivos de entrada especificados.
       Usando a tarefa "Microsoft.SourceLink.Common.GenerateSourceLinkFile" do assembly "C:\Program Files\dotnet\sdk\8.0.415\Sdks\Microsoft.SourceLink.Common\build\..\tools\core\Microsoft.SourceLink.Common.dll".
       Tarefa "Microsoft.SourceLink.Common.GenerateSourceLinkFile"
         Assembly carregado durante TaskRun (Microsoft.SourceLink.Common.GenerateSourceLinkFile): Microsoft.SourceLink.Common.resources, Version=8.0.9.11501, Culture=pt-BR, PublicKeyToken=31bf3856ad364e35 (local: C:\Program Files\dotnet\sdk\8.0.415\Sdks\Microsoft.SourceLink.Common\tools\core\pt-BR\Microsoft.SourceLink.Common.resources.dll, MVID: 33554eb1-7f2b-42e5-99ab-e7af2658ee30, AssemblyLoadContext: MSBuild plugin C:\Program Files\dotnet\sdk\8.0.415\Sdks\Microsoft.SourceLink.Common\tools\core\Microsoft.SourceLink.Common.dll)
         O arquivo de link de origem 'obj\Debug\net8.0\IrmaDulce.Domain.sourcelink.json' está atualizado.
       Tarefa em execução pronta "Microsoft.SourceLink.Common.GenerateSourceLinkFile".
   5:8>Destino de compilação pronto"_GenerateSourceLinkFile" no projeto "IrmaDulce.Domain.csproj".
   5:8>Destino "GenerateSourceLinkFile" no arquivo "C:\Program Files\dotnet\sdk\8.0.415\Sdks\Microsoft.SourceLink.Common\build\Microsoft.SourceLink.Common.targets" do projeto "C:\Projects\Irma Dulce\backend\src\IrmaDulce.Domain\IrmaDulce.Domain.csproj" (o destino "CoreCompile" depende dele):
   5:8>Destino de compilação pronto"GenerateSourceLinkFile" no projeto "IrmaDulce.Domain.csproj".
   5:8>Destino "AddGlobalAnalyzerConfigForPackage_MicrosoftCodeAnalysisNetAnalyzers" no arquivo "C:\Program Files\dotnet\sdk\8.0.415\Sdks\Microsoft.NET.Sdk\analyzers\build\Microsoft.CodeAnalysis.NetAnalyzers.targets" do projeto "C:\Projects\Irma Dulce\backend\src\IrmaDulce.Domain\IrmaDulce.Domain.csproj" (o destino "CoreCompile" depende dele):
   5:8>Destino de compilação pronto"AddGlobalAnalyzerConfigForPackage_MicrosoftCodeAnalysisNetAnalyzers" no projeto "IrmaDulce.Domain.csproj".
       Destino "AddGlobalAnalyzerConfigForPackage_MicrosoftCodeAnalysisNetAnalyzersDesign" ignorado devido à condição falsa; ('$(SkipGlobalAnalyzerConfigForPackage)' != 'true' and ('$(AnalysisLevelDesign)' != '' or '$(AnalysisModeDesign)' != '')) foi avaliado como ('' != 'true' and ('' != '' or '' != '')).
       Destino "AddGlobalAnalyzerConfigForPackage_MicrosoftCodeAnalysisNetAnalyzersDocumentation" ignorado devido à condição falsa; ('$(SkipGlobalAnalyzerConfigForPackage)' != 'true' and ('$(AnalysisLevelDocumentation)' != '' or '$(AnalysisModeDocumentation)' != '')) foi avaliado como ('' != 'true' and ('' != '' or '' != '')).
       Destino "AddGlobalAnalyzerConfigForPackage_MicrosoftCodeAnalysisNetAnalyzersGlobalization" ignorado devido à condição falsa; ('$(SkipGlobalAnalyzerConfigForPackage)' != 'true' and ('$(AnalysisLevelGlobalization)' != '' or '$(AnalysisModeGlobalization)' != '')) foi avaliado como ('' != 'true' and ('' != '' or '' != '')).
       Destino "AddGlobalAnalyzerConfigForPackage_MicrosoftCodeAnalysisNetAnalyzersInteroperability" ignorado devido à condição falsa; ('$(SkipGlobalAnalyzerConfigForPackage)' != 'true' and ('$(AnalysisLevelInteroperability)' != '' or '$(AnalysisModeInteroperability)' != '')) foi avaliado como ('' != 'true' and ('' != '' or '' != '')).
       Destino "AddGlobalAnalyzerConfigForPackage_MicrosoftCodeAnalysisNetAnalyzersMaintainability" ignorado devido à condição falsa; ('$(SkipGlobalAnalyzerConfigForPackage)' != 'true' and ('$(AnalysisLevelMaintainability)' != '' or '$(AnalysisModeMaintainability)' != '')) foi avaliado como ('' != 'true' and ('' != '' or '' != '')).
       Destino "AddGlobalAnalyzerConfigForPackage_MicrosoftCodeAnalysisNetAnalyzersNaming" ignorado devido à condição falsa; ('$(SkipGlobalAnalyzerConfigForPackage)' != 'true' and ('$(AnalysisLevelNaming)' != '' or '$(AnalysisModeNaming)' != '')) foi avaliado como ('' != 'true' and ('' != '' or '' != '')).
       Destino "AddGlobalAnalyzerConfigForPackage_MicrosoftCodeAnalysisNetAnalyzersPerformance" ignorado devido à condição falsa; ('$(SkipGlobalAnalyzerConfigForPackage)' != 'true' and ('$(AnalysisLevelPerformance)' != '' or '$(AnalysisModePerformance)' != '')) foi avaliado como ('' != 'true' and ('' != '' or '' != '')).
       Destino "AddGlobalAnalyzerConfigForPackage_MicrosoftCodeAnalysisNetAnalyzersReliability" ignorado devido à condição falsa; ('$(SkipGlobalAnalyzerConfigForPackage)' != 'true' and ('$(AnalysisLevelReliability)' != '' or '$(AnalysisModeReliability)' != '')) foi avaliado como ('' != 'true' and ('' != '' or '' != '')).
       Destino "AddGlobalAnalyzerConfigForPackage_MicrosoftCodeAnalysisNetAnalyzersSecurity" ignorado devido à condição falsa; ('$(SkipGlobalAnalyzerConfigForPackage)' != 'true' and ('$(AnalysisLevelSecurity)' != '' or '$(AnalysisModeSecurity)' != '')) foi avaliado como ('' != 'true' and ('' != '' or '' != '')).
       Destino "AddGlobalAnalyzerConfigForPackage_MicrosoftCodeAnalysisNetAnalyzersUsage" ignorado devido à condição falsa; ('$(SkipGlobalAnalyzerConfigForPackage)' != 'true' and ('$(AnalysisLevelUsage)' != '' or '$(AnalysisModeUsage)' != '')) foi avaliado como ('' != 'true' and ('' != '' or '' != '')).
       Destino "_CodeAnalysisTreatWarningsAsErrors" ignorado devido à condição falsa; ('$(DesignTimeBuild)' == 'true' OR '$(BuildingProject)' != 'true') foi avaliado como ('' == 'true' OR 'true' != 'true').
   5:8>Destino "_ReportUpgradeNetAnalyzersNuGetWarning" no arquivo "C:\Program Files\dotnet\sdk\8.0.415\Sdks\Microsoft.NET.Sdk\analyzers\build\Microsoft.CodeAnalysis.NetAnalyzers.targets" do projeto "C:\Projects\Irma Dulce\backend\src\IrmaDulce.Domain\IrmaDulce.Domain.csproj" (o destino "CoreCompile" depende dele):
       A tarefa "Warning" foi ignorada devido a condição falsa; ('$(_NETAnalyzersNuGetAssemblyVersion)' != '' AND
                                '$(_NETAnalyzersSDKAssemblyVersion)' != '' AND
                                 $(_NETAnalyzersNuGetAssemblyVersion) < $(_NETAnalyzersSDKAssemblyVersion)) foi avaliado como ('' != '' AND
                                '8.0.0' != '' AND
                                  < 8.0.0).
   5:8>Destino de compilação pronto"_ReportUpgradeNetAnalyzersNuGetWarning" no projeto "IrmaDulce.Domain.csproj".
   5:8>Destino "CoreCompile" no arquivo "C:\Program Files\dotnet\sdk\8.0.415\Roslyn\Microsoft.CSharp.Core.targets" do projeto "C:\Projects\Irma Dulce\backend\src\IrmaDulce.Domain\IrmaDulce.Domain.csproj" (o destino "Compile" depende dele):
       Ignorando o destino "CoreCompile" porque todos os arquivos de saída estão atualizados em relação aos arquivos de entrada.
       Arquivos de entrada: 
           Entities\Avaliacao.cs
           Entities\CategoriaFinanceira.cs
           Entities\ConfiguracaoEscolar.cs
           Entities\CronogramaAula.cs
           Entities\Curso.cs
           Entities\DiarioClasse.cs
           Entities\Disciplina.cs
           Entities\DisciplinaCurso.cs
           Entities\LancamentoFinanceiro.cs
           Entities\Matricula.cs
           Entities\Mensalidade.cs
           Entities\NotaAluno.cs
           Entities\PagamentoEscola.cs
           Entities\Pessoa.cs
           Entities\PresencaAluno.cs
           Entities\TemplateDocumento.cs
           Entities\TemplateTag.cs
           Entities\Turma.cs
           Entities\TurmaDisciplina.cs
           Entities\Usuario.cs
           Enums\EstadoCivil.cs
           Enums\MetodoPagamento.cs
           Enums\PerfilUsuario.cs
           Enums\Sexo.cs
           Enums\StatusMatricula.cs
           Enums\StatusMensalidade.cs
           Enums\TipoDocumento.cs
           Enums\TipoLancamento.cs
           Interfaces\IRepositories.cs
           Interfaces\IRepository.cs
           obj\Debug\net8.0\IrmaDulce.Domain.GlobalUsings.g.cs
           obj\Debug\net8.0\.NETCoreApp,Version=v8.0.AssemblyAttributes.cs
           obj\Debug\net8.0\IrmaDulce.Domain.AssemblyInfo.cs
           C:\Program Files\dotnet\packs\Microsoft.NETCore.App.Ref\8.0.21\ref\net8.0\Microsoft.CSharp.dll
           C:\Program Files\dotnet\packs\Microsoft.NETCore.App.Ref\8.0.21\ref\net8.0\Microsoft.VisualBasic.Core.dll
           C:\Program Files\dotnet\packs\Microsoft.NETCore.App.Ref\8.0.21\ref\net8.0\Microsoft.VisualBasic.dll
           C:\Program Files\dotnet\packs\Microsoft.NETCore.App.Ref\8.0.21\ref\net8.0\Microsoft.Win32.Primitives.dll
           C:\Program Files\dotnet\packs\Microsoft.NETCore.App.Ref\8.0.21\ref\net8.0\Microsoft.Win32.Registry.dll
           C:\Program Files\dotnet\packs\Microsoft.NETCore.App.Ref\8.0.21\ref\net8.0\mscorlib.dll
           C:\Program Files\dotnet\packs\Microsoft.NETCore.App.Ref\8.0.21\ref\net8.0\netstandard.dll
           C:\Program Files\dotnet\packs\Microsoft.NETCore.App.Ref\8.0.21\ref\net8.0\System.AppContext.dll
           C:\Program Files\dotnet\packs\Microsoft.NETCore.App.Ref\8.0.21\ref\net8.0\System.Buffers.dll
           C:\Program Files\dotnet\packs\Microsoft.NETCore.App.Ref\8.0.21\ref\net8.0\System.Collections.Concurrent.dll
           C:\Program Files\dotnet\packs\Microsoft.NETCore.App.Ref\8.0.21\ref\net8.0\System.Collections.dll
           C:\Program Files\dotnet\packs\Microsoft.NETCore.App.Ref\8.0.21\ref\net8.0\System.Collections.Immutable.dll
           C:\Program Files\dotnet\packs\Microsoft.NETCore.App.Ref\8.0.21\ref\net8.0\System.Collections.NonGeneric.dll
           C:\Program Files\dotnet\packs\Microsoft.NETCore.App.Ref\8.0.21\ref\net8.0\System.Collections.Specialized.dll
           C:\Program Files\dotnet\packs\Microsoft.NETCore.App.Ref\8.0.21\ref\net8.0\System.ComponentModel.Annotations.dll
           C:\Program Files\dotnet\packs\Microsoft.NETCore.App.Ref\8.0.21\ref\net8.0\System.ComponentModel.DataAnnotations.dll
           C:\Program Files\dotnet\packs\Microsoft.NETCore.App.Ref\8.0.21\ref\net8.0\System.ComponentModel.dll
           C:\Program Files\dotnet\packs\Microsoft.NETCore.App.Ref\8.0.21\ref\net8.0\System.ComponentModel.EventBasedAsync.dll
           C:\Program Files\dotnet\packs\Microsoft.NETCore.App.Ref\8.0.21\ref\net8.0\System.ComponentModel.Primitives.dll
           C:\Program Files\dotnet\packs\Microsoft.NETCore.App.Ref\8.0.21\ref\net8.0\System.ComponentModel.TypeConverter.dll
           C:\Program Files\dotnet\packs\Microsoft.NETCore.App.Ref\8.0.21\ref\net8.0\System.Configuration.dll
           C:\Program Files\dotnet\packs\Microsoft.NETCore.App.Ref\8.0.21\ref\net8.0\System.Console.dll
           C:\Program Files\dotnet\packs\Microsoft.NETCore.App.Ref\8.0.21\ref\net8.0\System.Core.dll
           C:\Program Files\dotnet\packs\Microsoft.NETCore.App.Ref\8.0.21\ref\net8.0\System.Data.Common.dll
           C:\Program Files\dotnet\packs\Microsoft.NETCore.App.Ref\8.0.21\ref\net8.0\System.Data.DataSetExtensions.dll
           C:\Program Files\dotnet\packs\Microsoft.NETCore.App.Ref\8.0.21\ref\net8.0\System.Data.dll
           C:\Program Files\dotnet\packs\Microsoft.NETCore.App.Ref\8.0.21\ref\net8.0\System.Diagnostics.Contracts.dll
           C:\Program Files\dotnet\packs\Microsoft.NETCore.App.Ref\8.0.21\ref\net8.0\System.Diagnostics.Debug.dll
           C:\Program Files\dotnet\packs\Microsoft.NETCore.App.Ref\8.0.21\ref\net8.0\System.Diagnostics.DiagnosticSource.dll
           C:\Program Files\dotnet\packs\Microsoft.NETCore.App.Ref\8.0.21\ref\net8.0\System.Diagnostics.FileVersionInfo.dll
           C:\Program Files\dotnet\packs\Microsoft.NETCore.App.Ref\8.0.21\ref\net8.0\System.Diagnostics.Process.dll
           C:\Program Files\dotnet\packs\Microsoft.NETCore.App.Ref\8.0.21\ref\net8.0\System.Diagnostics.StackTrace.dll
           C:\Program Files\dotnet\packs\Microsoft.NETCore.App.Ref\8.0.21\ref\net8.0\System.Diagnostics.TextWriterTraceListener.dll
           C:\Program Files\dotnet\packs\Microsoft.NETCore.App.Ref\8.0.21\ref\net8.0\System.Diagnostics.Tools.dll
           C:\Program Files\dotnet\packs\Microsoft.NETCore.App.Ref\8.0.21\ref\net8.0\System.Diagnostics.TraceSource.dll
           C:\Program Files\dotnet\packs\Microsoft.NETCore.App.Ref\8.0.21\ref\net8.0\System.Diagnostics.Tracing.dll
           C:\Program Files\dotnet\packs\Microsoft.NETCore.App.Ref\8.0.21\ref\net8.0\System.dll
           C:\Program Files\dotnet\packs\Microsoft.NETCore.App.Ref\8.0.21\ref\net8.0\System.Drawing.dll
           C:\Program Files\dotnet\packs\Microsoft.NETCore.App.Ref\8.0.21\ref\net8.0\System.Drawing.Primitives.dll
           C:\Program Files\dotnet\packs\Microsoft.NETCore.App.Ref\8.0.21\ref\net8.0\System.Dynamic.Runtime.dll
           C:\Program Files\dotnet\packs\Microsoft.NETCore.App.Ref\8.0.21\ref\net8.0\System.Formats.Asn1.dll
           C:\Program Files\dotnet\packs\Microsoft.NETCore.App.Ref\8.0.21\ref\net8.0\System.Formats.Tar.dll
           C:\Program Files\dotnet\packs\Microsoft.NETCore.App.Ref\8.0.21\ref\net8.0\System.Globalization.Calendars.dll
           C:\Program Files\dotnet\packs\Microsoft.NETCore.App.Ref\8.0.21\ref\net8.0\System.Globalization.dll
           C:\Program Files\dotnet\packs\Microsoft.NETCore.App.Ref\8.0.21\ref\net8.0\System.Globalization.Extensions.dll
           C:\Program Files\dotnet\packs\Microsoft.NETCore.App.Ref\8.0.21\ref\net8.0\System.IO.Compression.Brotli.dll
           C:\Program Files\dotnet\packs\Microsoft.NETCore.App.Ref\8.0.21\ref\net8.0\System.IO.Compression.dll
           C:\Program Files\dotnet\packs\Microsoft.NETCore.App.Ref\8.0.21\ref\net8.0\System.IO.Compression.FileSystem.dll
           C:\Program Files\dotnet\packs\Microsoft.NETCore.App.Ref\8.0.21\ref\net8.0\System.IO.Compression.ZipFile.dll
           C:\Program Files\dotnet\packs\Microsoft.NETCore.App.Ref\8.0.21\ref\net8.0\System.IO.dll
           C:\Program Files\dotnet\packs\Microsoft.NETCore.App.Ref\8.0.21\ref\net8.0\System.IO.FileSystem.AccessControl.dll
           C:\Program Files\dotnet\packs\Microsoft.NETCore.App.Ref\8.0.21\ref\net8.0\System.IO.FileSystem.dll
           C:\Program Files\dotnet\packs\Microsoft.NETCore.App.Ref\8.0.21\ref\net8.0\System.IO.FileSystem.DriveInfo.dll
           C:\Program Files\dotnet\packs\Microsoft.NETCore.App.Ref\8.0.21\ref\net8.0\System.IO.FileSystem.Primitives.dll
           C:\Program Files\dotnet\packs\Microsoft.NETCore.App.Ref\8.0.21\ref\net8.0\System.IO.FileSystem.Watcher.dll
           C:\Program Files\dotnet\packs\Microsoft.NETCore.App.Ref\8.0.21\ref\net8.0\System.IO.IsolatedStorage.dll
           C:\Program Files\dotnet\packs\Microsoft.NETCore.App.Ref\8.0.21\ref\net8.0\System.IO.MemoryMappedFiles.dll
           C:\Program Files\dotnet\packs\Microsoft.NETCore.App.Ref\8.0.21\ref\net8.0\System.IO.Pipes.AccessControl.dll
           C:\Program Files\dotnet\packs\Microsoft.NETCore.App.Ref\8.0.21\ref\net8.0\System.IO.Pipes.dll
           C:\Program Files\dotnet\packs\Microsoft.NETCore.App.Ref\8.0.21\ref\net8.0\System.IO.UnmanagedMemoryStream.dll
           C:\Program Files\dotnet\packs\Microsoft.NETCore.App.Ref\8.0.21\ref\net8.0\System.Linq.dll
           C:\Program Files\dotnet\packs\Microsoft.NETCore.App.Ref\8.0.21\ref\net8.0\System.Linq.Expressions.dll
           C:\Program Files\dotnet\packs\Microsoft.NETCore.App.Ref\8.0.21\ref\net8.0\System.Linq.Parallel.dll
           C:\Program Files\dotnet\packs\Microsoft.NETCore.App.Ref\8.0.21\ref\net8.0\System.Linq.Queryable.dll
           C:\Program Files\dotnet\packs\Microsoft.NETCore.App.Ref\8.0.21\ref\net8.0\System.Memory.dll
           C:\Program Files\dotnet\packs\Microsoft.NETCore.App.Ref\8.0.21\ref\net8.0\System.Net.dll
           C:\Program Files\dotnet\packs\Microsoft.NETCore.App.Ref\8.0.21\ref\net8.0\System.Net.Http.dll
           C:\Program Files\dotnet\packs\Microsoft.NETCore.App.Ref\8.0.21\ref\net8.0\System.Net.Http.Json.dll
           C:\Program Files\dotnet\packs\Microsoft.NETCore.App.Ref\8.0.21\ref\net8.0\System.Net.HttpListener.dll
           C:\Program Files\dotnet\packs\Microsoft.NETCore.App.Ref\8.0.21\ref\net8.0\System.Net.Mail.dll
           C:\Program Files\dotnet\packs\Microsoft.NETCore.App.Ref\8.0.21\ref\net8.0\System.Net.NameResolution.dll
           C:\Program Files\dotnet\packs\Microsoft.NETCore.App.Ref\8.0.21\ref\net8.0\System.Net.NetworkInformation.dll
           C:\Program Files\dotnet\packs\Microsoft.NETCore.App.Ref\8.0.21\ref\net8.0\System.Net.Ping.dll
           C:\Program Files\dotnet\packs\Microsoft.NETCore.App.Ref\8.0.21\ref\net8.0\System.Net.Primitives.dll
           C:\Program Files\dotnet\packs\Microsoft.NETCore.App.Ref\8.0.21\ref\net8.0\System.Net.Quic.dll
           C:\Program Files\dotnet\packs\Microsoft.NETCore.App.Ref\8.0.21\ref\net8.0\System.Net.Requests.dll
           C:\Program Files\dotnet\packs\Microsoft.NETCore.App.Ref\8.0.21\ref\net8.0\System.Net.Security.dll
           C:\Program Files\dotnet\packs\Microsoft.NETCore.App.Ref\8.0.21\ref\net8.0\System.Net.ServicePoint.dll
           C:\Program Files\dotnet\packs\Microsoft.NETCore.App.Ref\8.0.21\ref\net8.0\System.Net.Sockets.dll
           C:\Program Files\dotnet\packs\Microsoft.NETCore.App.Ref\8.0.21\ref\net8.0\System.Net.WebClient.dll
           C:\Program Files\dotnet\packs\Microsoft.NETCore.App.Ref\8.0.21\ref\net8.0\System.Net.WebHeaderCollection.dll
           C:\Program Files\dotnet\packs\Microsoft.NETCore.App.Ref\8.0.21\ref\net8.0\System.Net.WebProxy.dll
           C:\Program Files\dotnet\packs\Microsoft.NETCore.App.Ref\8.0.21\ref\net8.0\System.Net.WebSockets.Client.dll
           C:\Program Files\dotnet\packs\Microsoft.NETCore.App.Ref\8.0.21\ref\net8.0\System.Net.WebSockets.dll
           C:\Program Files\dotnet\packs\Microsoft.NETCore.App.Ref\8.0.21\ref\net8.0\System.Numerics.dll
           C:\Program Files\dotnet\packs\Microsoft.NETCore.App.Ref\8.0.21\ref\net8.0\System.Numerics.Vectors.dll
           C:\Program Files\dotnet\packs\Microsoft.NETCore.App.Ref\8.0.21\ref\net8.0\System.ObjectModel.dll
           C:\Program Files\dotnet\packs\Microsoft.NETCore.App.Ref\8.0.21\ref\net8.0\System.Reflection.DispatchProxy.dll
           C:\Program Files\dotnet\packs\Microsoft.NETCore.App.Ref\8.0.21\ref\net8.0\System.Reflection.dll
           C:\Program Files\dotnet\packs\Microsoft.NETCore.App.Ref\8.0.21\ref\net8.0\System.Reflection.Emit.dll
           C:\Program Files\dotnet\packs\Microsoft.NETCore.App.Ref\8.0.21\ref\net8.0\System.Reflection.Emit.ILGeneration.dll
           C:\Program Files\dotnet\packs\Microsoft.NETCore.App.Ref\8.0.21\ref\net8.0\System.Reflection.Emit.Lightweight.dll
           C:\Program Files\dotnet\packs\Microsoft.NETCore.App.Ref\8.0.21\ref\net8.0\System.Reflection.Extensions.dll
           C:\Program Files\dotnet\packs\Microsoft.NETCore.App.Ref\8.0.21\ref\net8.0\System.Reflection.Metadata.dll
           C:\Program Files\dotnet\packs\Microsoft.NETCore.App.Ref\8.0.21\ref\net8.0\System.Reflection.Primitives.dll
           C:\Program Files\dotnet\packs\Microsoft.NETCore.App.Ref\8.0.21\ref\net8.0\System.Reflection.TypeExtensions.dll
           C:\Program Files\dotnet\packs\Microsoft.NETCore.App.Ref\8.0.21\ref\net8.0\System.Resources.Reader.dll
           C:\Program Files\dotnet\packs\Microsoft.NETCore.App.Ref\8.0.21\ref\net8.0\System.Resources.ResourceManager.dll
           C:\Program Files\dotnet\packs\Microsoft.NETCore.App.Ref\8.0.21\ref\net8.0\System.Resources.Writer.dll
           C:\Program Files\dotnet\packs\Microsoft.NETCore.App.Ref\8.0.21\ref\net8.0\System.Runtime.CompilerServices.Unsafe.dll
           C:\Program Files\dotnet\packs\Microsoft.NETCore.App.Ref\8.0.21\ref\net8.0\System.Runtime.CompilerServices.VisualC.dll
           C:\Program Files\dotnet\packs\Microsoft.NETCore.App.Ref\8.0.21\ref\net8.0\System.Runtime.dll
           C:\Program Files\dotnet\packs\Microsoft.NETCore.App.Ref\8.0.21\ref\net8.0\System.Runtime.Extensions.dll
           C:\Program Files\dotnet\packs\Microsoft.NETCore.App.Ref\8.0.21\ref\net8.0\System.Runtime.Handles.dll
           C:\Program Files\dotnet\packs\Microsoft.NETCore.App.Ref\8.0.21\ref\net8.0\System.Runtime.InteropServices.dll
           C:\Program Files\dotnet\packs\Microsoft.NETCore.App.Ref\8.0.21\ref\net8.0\System.Runtime.InteropServices.JavaScript.dll
           C:\Program Files\dotnet\packs\Microsoft.NETCore.App.Ref\8.0.21\ref\net8.0\System.Runtime.InteropServices.RuntimeInformation.dll
           C:\Program Files\dotnet\packs\Microsoft.NETCore.App.Ref\8.0.21\ref\net8.0\System.Runtime.Intrinsics.dll
           C:\Program Files\dotnet\packs\Microsoft.NETCore.App.Ref\8.0.21\ref\net8.0\System.Runtime.Loader.dll
           C:\Program Files\dotnet\packs\Microsoft.NETCore.App.Ref\8.0.21\ref\net8.0\System.Runtime.Numerics.dll
           C:\Program Files\dotnet\packs\Microsoft.NETCore.App.Ref\8.0.21\ref\net8.0\System.Runtime.Serialization.dll
           C:\Program Files\dotnet\packs\Microsoft.NETCore.App.Ref\8.0.21\ref\net8.0\System.Runtime.Serialization.Formatters.dll
           C:\Program Files\dotnet\packs\Microsoft.NETCore.App.Ref\8.0.21\ref\net8.0\System.Runtime.Serialization.Json.dll
           C:\Program Files\dotnet\packs\Microsoft.NETCore.App.Ref\8.0.21\ref\net8.0\System.Runtime.Serialization.Primitives.dll
           C:\Program Files\dotnet\packs\Microsoft.NETCore.App.Ref\8.0.21\ref\net8.0\System.Runtime.Serialization.Xml.dll
           C:\Program Files\dotnet\packs\Microsoft.NETCore.App.Ref\8.0.21\ref\net8.0\System.Security.AccessControl.dll
           C:\Program Files\dotnet\packs\Microsoft.NETCore.App.Ref\8.0.21\ref\net8.0\System.Security.Claims.dll
           C:\Program Files\dotnet\packs\Microsoft.NETCore.App.Ref\8.0.21\ref\net8.0\System.Security.Cryptography.Algorithms.dll
           C:\Program Files\dotnet\packs\Microsoft.NETCore.App.Ref\8.0.21\ref\net8.0\System.Security.Cryptography.Cng.dll
           C:\Program Files\dotnet\packs\Microsoft.NETCore.App.Ref\8.0.21\ref\net8.0\System.Security.Cryptography.Csp.dll
           C:\Program Files\dotnet\packs\Microsoft.NETCore.App.Ref\8.0.21\ref\net8.0\System.Security.Cryptography.dll
           C:\Program Files\dotnet\packs\Microsoft.NETCore.App.Ref\8.0.21\ref\net8.0\System.Security.Cryptography.Encoding.dll
           C:\Program Files\dotnet\packs\Microsoft.NETCore.App.Ref\8.0.21\ref\net8.0\System.Security.Cryptography.OpenSsl.dll
           C:\Program Files\dotnet\packs\Microsoft.NETCore.App.Ref\8.0.21\ref\net8.0\System.Security.Cryptography.Primitives.dll
           C:\Program Files\dotnet\packs\Microsoft.NETCore.App.Ref\8.0.21\ref\net8.0\System.Security.Cryptography.X509Certificates.dll
           C:\Program Files\dotnet\packs\Microsoft.NETCore.App.Ref\8.0.21\ref\net8.0\System.Security.dll
           C:\Program Files\dotnet\packs\Microsoft.NETCore.App.Ref\8.0.21\ref\net8.0\System.Security.Principal.dll
           C:\Program Files\dotnet\packs\Microsoft.NETCore.App.Ref\8.0.21\ref\net8.0\System.Security.Principal.Windows.dll
           C:\Program Files\dotnet\packs\Microsoft.NETCore.App.Ref\8.0.21\ref\net8.0\System.Security.SecureString.dll
           C:\Program Files\dotnet\packs\Microsoft.NETCore.App.Ref\8.0.21\ref\net8.0\System.ServiceModel.Web.dll
           C:\Program Files\dotnet\packs\Microsoft.NETCore.App.Ref\8.0.21\ref\net8.0\System.ServiceProcess.dll
           C:\Program Files\dotnet\packs\Microsoft.NETCore.App.Ref\8.0.21\ref\net8.0\System.Text.Encoding.CodePages.dll
           C:\Program Files\dotnet\packs\Microsoft.NETCore.App.Ref\8.0.21\ref\net8.0\System.Text.Encoding.dll
           C:\Program Files\dotnet\packs\Microsoft.NETCore.App.Ref\8.0.21\ref\net8.0\System.Text.Encoding.Extensions.dll
           C:\Program Files\dotnet\packs\Microsoft.NETCore.App.Ref\8.0.21\ref\net8.0\System.Text.Encodings.Web.dll
           C:\Program Files\dotnet\packs\Microsoft.NETCore.App.Ref\8.0.21\ref\net8.0\System.Text.Json.dll
           C:\Program Files\dotnet\packs\Microsoft.NETCore.App.Ref\8.0.21\ref\net8.0\System.Text.RegularExpressions.dll
           C:\Program Files\dotnet\packs\Microsoft.NETCore.App.Ref\8.0.21\ref\net8.0\System.Threading.Channels.dll
           C:\Program Files\dotnet\packs\Microsoft.NETCore.App.Ref\8.0.21\ref\net8.0\System.Threading.dll
           C:\Program Files\dotnet\packs\Microsoft.NETCore.App.Ref\8.0.21\ref\net8.0\System.Threading.Overlapped.dll
           C:\Program Files\dotnet\packs\Microsoft.NETCore.App.Ref\8.0.21\ref\net8.0\System.Threading.Tasks.Dataflow.dll
           C:\Program Files\dotnet\packs\Microsoft.NETCore.App.Ref\8.0.21\ref\net8.0\System.Threading.Tasks.dll
           C:\Program Files\dotnet\packs\Microsoft.NETCore.App.Ref\8.0.21\ref\net8.0\System.Threading.Tasks.Extensions.dll
           C:\Program Files\dotnet\packs\Microsoft.NETCore.App.Ref\8.0.21\ref\net8.0\System.Threading.Tasks.Parallel.dll
           C:\Program Files\dotnet\packs\Microsoft.NETCore.App.Ref\8.0.21\ref\net8.0\System.Threading.Thread.dll
           C:\Program Files\dotnet\packs\Microsoft.NETCore.App.Ref\8.0.21\ref\net8.0\System.Threading.ThreadPool.dll
           C:\Program Files\dotnet\packs\Microsoft.NETCore.App.Ref\8.0.21\ref\net8.0\System.Threading.Timer.dll
           C:\Program Files\dotnet\packs\Microsoft.NETCore.App.Ref\8.0.21\ref\net8.0\System.Transactions.dll
           C:\Program Files\dotnet\packs\Microsoft.NETCore.App.Ref\8.0.21\ref\net8.0\System.Transactions.Local.dll
           C:\Program Files\dotnet\packs\Microsoft.NETCore.App.Ref\8.0.21\ref\net8.0\System.ValueTuple.dll
           C:\Program Files\dotnet\packs\Microsoft.NETCore.App.Ref\8.0.21\ref\net8.0\System.Web.dll
           C:\Program Files\dotnet\packs\Microsoft.NETCore.App.Ref\8.0.21\ref\net8.0\System.Web.HttpUtility.dll
           C:\Program Files\dotnet\packs\Microsoft.NETCore.App.Ref\8.0.21\ref\net8.0\System.Windows.dll
           C:\Program Files\dotnet\packs\Microsoft.NETCore.App.Ref\8.0.21\ref\net8.0\System.Xml.dll
           C:\Program Files\dotnet\packs\Microsoft.NETCore.App.Ref\8.0.21\ref\net8.0\System.Xml.Linq.dll
           C:\Program Files\dotnet\packs\Microsoft.NETCore.App.Ref\8.0.21\ref\net8.0\System.Xml.ReaderWriter.dll
           C:\Program Files\dotnet\packs\Microsoft.NETCore.App.Ref\8.0.21\ref\net8.0\System.Xml.Serialization.dll
           C:\Program Files\dotnet\packs\Microsoft.NETCore.App.Ref\8.0.21\ref\net8.0\System.Xml.XDocument.dll
           C:\Program Files\dotnet\packs\Microsoft.NETCore.App.Ref\8.0.21\ref\net8.0\System.Xml.XmlDocument.dll
           C:\Program Files\dotnet\packs\Microsoft.NETCore.App.Ref\8.0.21\ref\net8.0\System.Xml.XmlSerializer.dll
           C:\Program Files\dotnet\packs\Microsoft.NETCore.App.Ref\8.0.21\ref\net8.0\System.Xml.XPath.dll
           C:\Program Files\dotnet\packs\Microsoft.NETCore.App.Ref\8.0.21\ref\net8.0\System.Xml.XPath.XDocument.dll
           C:\Program Files\dotnet\packs\Microsoft.NETCore.App.Ref\8.0.21\ref\net8.0\WindowsBase.dll
           obj\Debug\net8.0\IrmaDulce.Domain.csproj.CoreCompileInputs.cache
           C:\Program Files\dotnet\sdk\8.0.415\Sdks\Microsoft.NET.Sdk\targets\..\analyzers\Microsoft.CodeAnalysis.CSharp.NetAnalyzers.dll
           C:\Program Files\dotnet\sdk\8.0.415\Sdks\Microsoft.NET.Sdk\targets\..\analyzers\Microsoft.CodeAnalysis.NetAnalyzers.dll
           C:\Program Files\dotnet\packs\Microsoft.NETCore.App.Ref\8.0.21\analyzers/dotnet/cs/Microsoft.Interop.ComInterfaceGenerator.dll
           C:\Program Files\dotnet\packs\Microsoft.NETCore.App.Ref\8.0.21\analyzers/dotnet/cs/Microsoft.Interop.JavaScript.JSImportGenerator.dll
           C:\Program Files\dotnet\packs\Microsoft.NETCore.App.Ref\8.0.21\analyzers/dotnet/cs/Microsoft.Interop.LibraryImportGenerator.dll
           C:\Program Files\dotnet\packs\Microsoft.NETCore.App.Ref\8.0.21\analyzers/dotnet/cs/Microsoft.Interop.SourceGeneration.dll
           C:\Program Files\dotnet\packs\Microsoft.NETCore.App.Ref\8.0.21\analyzers/dotnet/cs/System.Text.Json.SourceGeneration.dll
           C:\Program Files\dotnet\packs\Microsoft.NETCore.App.Ref\8.0.21\analyzers/dotnet/cs/System.Text.RegularExpressions.Generator.dll
           obj\Debug\net8.0\IrmaDulce.Domain.GeneratedMSBuildEditorConfig.editorconfig
           C:\Program Files\dotnet\sdk\8.0.415\Sdks\Microsoft.NET.Sdk\analyzers\build\config\analysislevel_8_default.globalconfig
           C:\Projects\Irma Dulce\backend\src\IrmaDulce.Domain\obj\IrmaDulce.Domain.csproj.nuget.g.targets
           C:\Program Files\dotnet\sdk\8.0.415\Current\Microsoft.Common.targets\ImportAfter\Microsoft.TestPlatform.ImportAfter.targets
           obj\Debug\net8.0\IrmaDulce.Domain.sourcelink.json
       Arquivos de saída: 
           obj\Debug\net8.0\IrmaDulce.Domain.dll
           obj\Debug\net8.0\refint\IrmaDulce.Domain.dll
           obj\Debug\net8.0\IrmaDulce.Domain.pdb
   5:8>Destino de compilação pronto"CoreCompile" no projeto "IrmaDulce.Domain.csproj".
       Destino "_TouchLastBuildWithSkipAnalyzers" ignorado devido à condição falsa; ('$(_SkipAnalyzers)' == 'true') foi avaliado como ('' == 'true').
       Destino "_TimeStampAfterCompile" ignorado devido à condição falsa; ('$(RunPostBuildEvent)'=='OnOutputUpdated' or ('$(RegisterForComInterop)'=='true' and '$(OutputType)'=='library')) foi avaliado como (''=='OnOutputUpdated' or (''=='true' and 'Library'=='library')).
   5:8>Destino "AfterCompile" no arquivo "C:\Program Files\dotnet\sdk\8.0.415\Microsoft.Common.CurrentVersion.targets" do projeto "C:\Projects\Irma Dulce\backend\src\IrmaDulce.Domain\IrmaDulce.Domain.csproj" (o destino "Compile" depende dele):
   5:8>Destino de compilação pronto"AfterCompile" no projeto "IrmaDulce.Domain.csproj".
       Destino "_CreateAppHost" ignorado devido à condição falsa; ('$(ComputeNETCoreBuildOutputFiles)' == 'true' and
                            '$(AppHostSourcePath)' != '' and
                            Exists('@(IntermediateAssembly)') and
                            Exists('$(AppHostSourcePath)')) foi avaliado como ('true' == 'true' and
                            '' != '' and
                            Exists('obj\Debug\net8.0\IrmaDulce.Domain.dll') and
                            Exists('')).
       Destino "_CreateComHost" ignorado devido à condição falsa; ('$(ComputeNETCoreBuildOutputFiles)' == 'true' and
                            '$(ComHostIntermediatePath)' != '' and
                            Exists('@(IntermediateAssembly)') and
                            Exists('$(ComHostSourcePath)')) foi avaliado como ('true' == 'true' and
                            '' != '' and
                            Exists('obj\Debug\net8.0\IrmaDulce.Domain.dll') and
                            Exists('')).
       Destino "_GetIjwHostPaths" ignorado devido à condição falsa; ('$(UseIJWHost)' == 'true') foi avaliado como ('' == 'true').
   5:8>Destino "Compile" no arquivo "C:\Program Files\dotnet\sdk\8.0.415\Microsoft.Common.CurrentVersion.targets" do projeto "C:\Projects\Irma Dulce\backend\src\IrmaDulce.Domain\IrmaDulce.Domain.csproj" (o destino "CoreBuild" depende dele):
   5:8>Destino de compilação pronto"Compile" no projeto "IrmaDulce.Domain.csproj".
       Destino "ExportWindowsMDFile" ignorado devido à condição falsa; ('$(ExportWinMDFile)' == 'true') foi avaliado como ('' == 'true').
       Destino "UnmanagedUnregistration" ignorado devido à condição falsa; ((('$(_AssemblyTimestampBeforeCompile)' != '$(_AssemblyTimestampAfterCompile)' or '$(RegisterForComInterop)' != 'true' or '$(OutputType)' != 'library') or
                           ('$(_AssemblyTimestampBeforeCompile)' == '')) and
                          Exists('@(_UnmanagedRegistrationCache)')) foi avaliado como ((('' != '' or '' != 'true' or 'Library' != 'library') or
                           ('' == '')) and
                          Exists('obj\IrmaDulce.Domain.csproj.UnmanagedRegistration.cache')).
       Destino "GenerateSerializationAssemblies" ignorado devido à condição falsa; ('$(_SGenGenerateSerializationAssembliesConfig)' == 'On' or ('@(WebReferenceUrl)'!='' and '$(_SGenGenerateSerializationAssembliesConfig)' == 'Auto')) foi avaliado como ('Off' == 'On' or (''!='' and 'Off' == 'Auto')).
   5:8>Destino "_GenerateSatelliteAssemblyInputs" no arquivo "C:\Program Files\dotnet\sdk\8.0.415\Microsoft.Common.CurrentVersion.targets" do projeto "C:\Projects\Irma Dulce\backend\src\IrmaDulce.Domain\IrmaDulce.Domain.csproj" (o destino "CreateSatelliteAssemblies" depende dele):
       A tarefa "Warning" foi ignorada devido a condição falsa; ('@(ManifestResourceWithCulture)'!='' and '%(ManifestResourceWithCulture.EmittedForCompatibilityOnly)'=='') foi avaliado como (''!='' and ''=='').
       A tarefa "Warning" foi ignorada devido a condição falsa; ('@(ManifestNonResxWithCultureOnDisk)'!='' and '%(ManifestNonResxWithCultureOnDisk.EmittedForCompatibilityOnly)'=='') foi avaliado como (''!='' and ''=='').
   5:8>Destino de compilação pronto"_GenerateSatelliteAssemblyInputs" no projeto "IrmaDulce.Domain.csproj".
       Destino "ComputeIntermediateSatelliteAssemblies" ignorado devido à condição falsa; (@(EmbeddedResource->'%(WithCulture)') != '') foi avaliado como ( != '').
       Destino "GenerateSatelliteAssemblies" ignorado devido à condição falsa; ('@(_SatelliteAssemblyResourceInputs)' != '' and '$(GenerateSatelliteAssembliesForCore)' != 'true') foi avaliado como ('' != '' and 'true' != 'true').
       Destino "CoreGenerateSatelliteAssemblies" ignorado devido à condição falsa; ('@(_SatelliteAssemblyResourceInputs)' != ''  and '$(GenerateSatelliteAssembliesForCore)' == 'true' ) foi avaliado como ('' != ''  and 'true' == 'true' ).
   5:8>Destino "CreateSatelliteAssemblies" no arquivo "C:\Program Files\dotnet\sdk\8.0.415\Microsoft.Common.CurrentVersion.targets" do projeto "C:\Projects\Irma Dulce\backend\src\IrmaDulce.Domain\IrmaDulce.Domain.csproj" (o destino "CoreBuild" depende dele):
   5:8>Destino de compilação pronto"CreateSatelliteAssemblies" no projeto "IrmaDulce.Domain.csproj".
       Destino "GenerateManifests" ignorado devido à condição falsa; ('$(GenerateClickOnceManifests)'=='true' or '@(NativeReference)'!='' or '@(ResolvedIsolatedComModules)'!='' or '$(GenerateAppxManifest)' == 'true') foi avaliado como (''=='true' or ''!='' or ''!='' or '' == 'true').
   5:8>Destino "GetTargetPathWithTargetPlatformMoniker" no arquivo "C:\Program Files\dotnet\sdk\8.0.415\Microsoft.Common.CurrentVersion.targets" do projeto "C:\Projects\Irma Dulce\backend\src\IrmaDulce.Domain\IrmaDulce.Domain.csproj" (o destino "GetTargetPath" depende dele):
   5:8>Destino de compilação pronto"GetTargetPathWithTargetPlatformMoniker" no projeto "IrmaDulce.Domain.csproj".
   5:8>Destino "GetTargetPath" no arquivo "C:\Program Files\dotnet\sdk\8.0.415\Microsoft.Common.CurrentVersion.targets" do projeto "C:\Projects\Irma Dulce\backend\src\IrmaDulce.Domain\IrmaDulce.Domain.csproj" (o destino "CoreBuild" depende dele):
   5:8>Destino de compilação pronto"GetTargetPath" no projeto "IrmaDulce.Domain.csproj".
       Destino "ComputeIntermediateSatelliteAssemblies" ignorado devido à condição falsa; (@(EmbeddedResource->'%(WithCulture)') != '') foi avaliado como ( != '').
       Destino "_CopyFilesMarkedCopyLocal" ignorado devido à condição falsa; ('@(ReferenceCopyLocalPaths)' != '') foi avaliado como ('' != '').
       Destino "AssignTargetPaths" ignorado. Compilado anteriormente com êxito.
       Destino "AssignProjectConfiguration" ignorado. Compilado anteriormente com êxito.
       Destino "_SplitProjectReferencesByFileExistence" ignorado. Compilado anteriormente com êxito.
       Destino "_GetProjectReferenceTargetFrameworkProperties" ignorado. Compilado anteriormente com êxito.
   5:8>Destino "_PopulateCommonStateForGetCopyToOutputDirectoryItems" no arquivo "C:\Program Files\dotnet\sdk\8.0.415\Microsoft.Common.CurrentVersion.targets" do projeto "C:\Projects\Irma Dulce\backend\src\IrmaDulce.Domain\IrmaDulce.Domain.csproj" (o destino "GetCopyToOutputDirectoryItems" depende dele):
   5:8>Destino de compilação pronto"_PopulateCommonStateForGetCopyToOutputDirectoryItems" no projeto "IrmaDulce.Domain.csproj".
       Destino "AddDepsJsonAndRuntimeConfigToCopyItemsForReferencingProjects" ignorado devido à condição falsa; ('$(HasRuntimeOutput)' == 'true') foi avaliado como ('' == 'true').
   5:8>Destino "GetCopyToOutputDirectoryItems" no arquivo "C:\Program Files\dotnet\sdk\8.0.415\Microsoft.Common.CurrentVersion.targets" do projeto "C:\Projects\Irma Dulce\backend\src\IrmaDulce.Domain\IrmaDulce.Domain.csproj" (o destino "_CopySourceItemsToOutputDirectory" depende dele):
       Usando a tarefa "CallTarget" do assembly "Microsoft.Build.Tasks.Core, Version=15.1.0.0, Culture=neutral, PublicKeyToken=b03f5f7f11d50a3a".
       Tarefa "CallTarget"
       Destino "_PopulateCommonStateForGetCopyToOutputDirectoryItems" ignorado. Compilado anteriormente com êxito.
       Destino "_AddOutputPathToGlobalPropertiesToRemove" ignorado. Compilado anteriormente com êxito.
   5:8>Destino "_GetCopyToOutputDirectoryItemsFromTransitiveProjectReferences" no arquivo "C:\Program Files\dotnet\sdk\8.0.415\Microsoft.Common.CurrentVersion.targets" do projeto "C:\Projects\Irma Dulce\backend\src\IrmaDulce.Domain\IrmaDulce.Domain.csproj" (o destino "GetCopyToOutputDirectoryItems" depende dele):
       A tarefa "MSBuild" foi ignorada devido a condição falsa; ('@(_MSBuildProjectReferenceExistent)' != '' and '$(_GetChildProjectCopyToOutputDirectoryItems)' == 'true' and '%(_MSBuildProjectReferenceExistent.Private)' != 'false' and '$(UseCommonOutputDirectory)' != 'true') foi avaliado como ('' != '' and 'true' == 'true' and '' != 'false' and 'false' != 'true').
       Tarefa "AssignTargetPath"
       Tarefa em execução pronta "AssignTargetPath".
   5:8>Destino de compilação pronto"_GetCopyToOutputDirectoryItemsFromTransitiveProjectReferences" no projeto "IrmaDulce.Domain.csproj".
       Tarefa em execução pronta "CallTarget".
       Tarefa "CallTarget"
       Destino "AssignTargetPaths" ignorado. Compilado anteriormente com êxito.
       Destino "_PopulateCommonStateForGetCopyToOutputDirectoryItems" ignorado. Compilado anteriormente com êxito.
       Destino "AddDepsJsonAndRuntimeConfigToCopyItemsForReferencingProjects" ignorado devido à condição falsa; ('$(HasRuntimeOutput)' == 'true') foi avaliado como ('' == 'true').
   5:8>Destino "_GetCopyToOutputDirectoryItemsFromThisProject" no arquivo "C:\Program Files\dotnet\sdk\8.0.415\Microsoft.Common.CurrentVersion.targets" do projeto "C:\Projects\Irma Dulce\backend\src\IrmaDulce.Domain\IrmaDulce.Domain.csproj" (o destino "GetCopyToOutputDirectoryItems" depende dele):
       Tarefa "AssignTargetPath"
       Tarefa em execução pronta "AssignTargetPath".
   5:8>Destino de compilação pronto"_GetCopyToOutputDirectoryItemsFromThisProject" no projeto "IrmaDulce.Domain.csproj".
       Tarefa em execução pronta "CallTarget".
   5:8>Destino de compilação pronto"GetCopyToOutputDirectoryItems" no projeto "IrmaDulce.Domain.csproj".
       Destino "_CopyOutOfDateSourceItemsToOutputDirectory" ignorado devido à condição falsa; ( '@(_SourceItemsToCopyToOutputDirectory)' != '' ) foi avaliado como ( '' != '' ).
       Destino "_CopyOutOfDateSourceItemsToOutputDirectoryAlways" ignorado devido à condição falsa; ( '@(_SourceItemsToCopyToOutputDirectoryAlways)' != '' ) foi avaliado como ( '' != '' ).
   5:8>Destino "_CopySourceItemsToOutputDirectory" no arquivo "C:\Program Files\dotnet\sdk\8.0.415\Microsoft.Common.CurrentVersion.targets" do projeto "C:\Projects\Irma Dulce\backend\src\IrmaDulce.Domain\IrmaDulce.Domain.csproj" (o destino "CopyFilesToOutputDirectory" depende dele):
   5:8>Destino de compilação pronto"_CopySourceItemsToOutputDirectory" no projeto "IrmaDulce.Domain.csproj".
       Destino "_CopyAppConfigFile" ignorado devido à condição falsa; ( '@(AppConfigWithTargetPath)' != '' ) foi avaliado como ( '' != '' ).
       Destino "_CopyManifestFiles" ignorado devido à condição falsa; ( '$(_DeploymentCopyApplicationManifest)'=='true' or '$(GenerateClickOnceManifests)'=='true' ) foi avaliado como ( ''=='true' or ''=='true' ).
   5:8>Destino "_CheckForCompileOutputs" no arquivo "C:\Program Files\dotnet\sdk\8.0.415\Microsoft.Common.CurrentVersion.targets" do projeto "C:\Projects\Irma Dulce\backend\src\IrmaDulce.Domain\IrmaDulce.Domain.csproj" (o destino "CopyFilesToOutputDirectory" depende dele):
   5:8>Destino de compilação pronto"_CheckForCompileOutputs" no projeto "IrmaDulce.Domain.csproj".
       Destino "_SGenCheckForOutputs" ignorado devido à condição falsa; ('$(_SGenGenerateSerializationAssembliesConfig)' == 'On' or ('@(WebReferenceUrl)'!='' and '$(_SGenGenerateSerializationAssembliesConfig)' == 'Auto')) foi avaliado como ('Off' == 'On' or (''!='' and 'Off' == 'Auto')).
       Destino "_DefaultMicrosoftNETPlatformLibrary" ignorado. Compilado anteriormente com êxito.
       Destino "_HandlePackageFileConflicts" ignorado. Compilado anteriormente com êxito.
       Destino "ResolveAssemblyReferences" ignorado. Compilado anteriormente com êxito.
   5:8>Destino "_ComputeReferenceAssemblies" no arquivo "C:\Program Files\dotnet\sdk\8.0.415\Sdks\Microsoft.NET.Sdk\targets\Microsoft.NET.Sdk.targets" do projeto "C:\Projects\Irma Dulce\backend\src\IrmaDulce.Domain\IrmaDulce.Domain.csproj" (o destino "GenerateBuildDependencyFile" depende dele):
   5:8>Destino de compilação pronto"_ComputeReferenceAssemblies" no projeto "IrmaDulce.Domain.csproj".
   5:8>Destino "_ComputeUserRuntimeAssemblies" no arquivo "C:\Program Files\dotnet\sdk\8.0.415\Sdks\Microsoft.NET.Sdk\targets\Microsoft.NET.Sdk.targets" do projeto "C:\Projects\Irma Dulce\backend\src\IrmaDulce.Domain\IrmaDulce.Domain.csproj" (o destino "GenerateBuildDependencyFile" depende dele):
   5:8>Destino de compilação pronto"_ComputeUserRuntimeAssemblies" no projeto "IrmaDulce.Domain.csproj".
       Destino "ResolveRuntimePackAssets" ignorado devido à condição falsa; ('@(RuntimePack)' != '') foi avaliado como ('' != '').
       Destino "_ComputePackageReferencePublish" ignorado. Compilado anteriormente com êxito.
       Destino "ComputeDependencyFileCompilerOptions" ignorado devido à condição falsa; ('$(PreserveCompilationContext)' == 'true') foi avaliado como ('' == 'true').
   5:8>Destino "GenerateBuildDependencyFile" no arquivo "C:\Program Files\dotnet\sdk\8.0.415\Sdks\Microsoft.NET.Sdk\targets\Microsoft.NET.Sdk.targets" do projeto "C:\Projects\Irma Dulce\backend\src\IrmaDulce.Domain\IrmaDulce.Domain.csproj" (o destino "CopyFilesToOutputDirectory" depende dele):
       Ignorando o destino "GenerateBuildDependencyFile" porque todos os arquivos de saída estão atualizados em relação aos arquivos de entrada.
       Arquivos de entrada: 
           C:\Projects\Irma Dulce\backend\src\IrmaDulce.Domain\obj\project.assets.json
           C:\Projects\Irma Dulce\backend\src\IrmaDulce.Domain\obj\Debug\net8.0\IrmaDulce.Domain.assets.cache
           C:\Projects\Irma Dulce\backend\src\IrmaDulce.Domain\obj\IrmaDulce.Domain.csproj.nuget.g.targets
           C:\Program Files\dotnet\sdk\8.0.415\Current\Microsoft.Common.targets\ImportAfter\Microsoft.TestPlatform.ImportAfter.targets
       Arquivos de saída: C:\Projects\Irma Dulce\backend\src\IrmaDulce.Domain\bin\Debug\net8.0\IrmaDulce.Domain.deps.json
   5:8>Destino de compilação pronto"GenerateBuildDependencyFile" no projeto "IrmaDulce.Domain.csproj".
       Destino "GenerateBuildRuntimeConfigurationFiles" ignorado devido à condição falsa; ( '$(GenerateRuntimeConfigurationFiles)' == 'true') foi avaliado como ( '' == 'true').
       Destino "GenerateShimsAssets" ignorado devido à condição falsa; ('$(PackAsTool)' == 'true' and $(PackAsToolShimRuntimeIdentifiers) != '' ) foi avaliado como ('' == 'true' and  != '' ).
   5:8>Destino "CopyFilesToOutputDirectory" no arquivo "C:\Program Files\dotnet\sdk\8.0.415\Microsoft.Common.CurrentVersion.targets" do projeto "C:\Projects\Irma Dulce\backend\src\IrmaDulce.Domain\IrmaDulce.Domain.csproj" (o destino "PrepareForRun" depende dele):
       Usando a tarefa "Copy" do assembly "Microsoft.Build.Tasks.Core, Version=15.1.0.0, Culture=neutral, PublicKeyToken=b03f5f7f11d50a3a".
       Tarefa "Copy"
         Não foi possível copiar do arquivo "obj\Debug\net8.0\IrmaDulce.Domain.dll" para o arquivo "bin\Debug\net8.0\IrmaDulce.Domain.dll", pois o parâmetro "SkipUnchangedFiles" foi definido como "true" no projeto, e os tamanhos de arquivos e os carimbos de data/hora não correspondem.
       Tarefa em execução pronta "Copy".
       Usando a tarefa "CopyRefAssembly" do assembly "C:\Program Files\dotnet\sdk\8.0.415\Roslyn\Microsoft.Build.Tasks.CodeAnalysis.dll".
       Tarefa "CopyRefAssembly"
         Assembly carregado durante TaskRun (Microsoft.CodeAnalysis.BuildTasks.CopyRefAssembly): Microsoft.Build.Tasks.CodeAnalysis.resources, Version=4.11.11.5402, Culture=pt-BR, PublicKeyToken=31bf3856ad364e35 (local: C:\Program Files\dotnet\sdk\8.0.415\Roslyn\pt-BR\Microsoft.Build.Tasks.CodeAnalysis.resources.dll, MVID: 5a80faa1-2fd0-49f7-81dc-d3bd755bf36e, AssemblyLoadContext: MSBuild plugin C:\Program Files\dotnet\sdk\8.0.415\Roslyn\Microsoft.Build.Tasks.CodeAnalysis.dll)
         O assembly de referência "C:\Projects\Irma Dulce\backend\src\IrmaDulce.Domain\obj\Debug\net8.0\ref\IrmaDulce.Domain.dll" já tem as informações mais recentes. Ele será mantido inalterado.
       Tarefa em execução pronta "CopyRefAssembly".
       Tarefa "Message"
         IrmaDulce.Domain -> C:\Projects\Irma Dulce\backend\src\IrmaDulce.Domain\bin\Debug\net8.0\IrmaDulce.Domain.dll
       Tarefa em execução pronta "Message".
       A tarefa "Copy" foi ignorada devido a condição falsa; ('@(AddModules)' != '') foi avaliado como ('' != '').
       A tarefa "Copy" foi ignorada devido a condição falsa; ('$(_SGenDllCreated)'=='true') foi avaliado como ('false'=='true').
       Tarefa "Copy"
         Não foi possível copiar do arquivo "obj\Debug\net8.0\IrmaDulce.Domain.pdb" para o arquivo "bin\Debug\net8.0\IrmaDulce.Domain.pdb", pois o parâmetro "SkipUnchangedFiles" foi definido como "true" no projeto, e os tamanhos de arquivos e os carimbos de data/hora não correspondem.
       Tarefa em execução pronta "Copy".
       A tarefa "Copy" foi ignorada devido a condição falsa; ('$(_DocumentationFileProduced)'=='true' and '$(CopyDocumentationFileToOutputDirectory)'=='true') foi avaliado como ('false'=='true' and 'true'=='true').
       A tarefa "Copy" foi ignorada devido a condição falsa; ('@(IntermediateSatelliteAssembliesWithTargetPath)' != '') foi avaliado como ('' != '').
       A tarefa "Copy" foi ignorada devido a condição falsa; ('@(ReferenceComWrappersToCopyLocal)' != '' or '@(ResolvedIsolatedComModules)' != '' or '@(_DeploymentLooseManifestFile)' != '' or '@(NativeReferenceFile)' != '' ) foi avaliado como ('' != '' or '' != '' or '' != '' or '' != '' ).
       A tarefa "Copy" foi ignorada devido a condição falsa; ('$(SkipCopyWinMDArtifact)' != 'true' and '@(WinMDExpArtifacts)' != '') foi avaliado como ('' != 'true' and '' != '').
       A tarefa "Message" foi ignorada devido a condição falsa; ('$(SkipCopyWinMDArtifact)' != 'true' and '$(_WindowsMetadataOutputPath)' != '') foi avaliado como ('' != 'true' and '' != '').
   5:8>Destino de compilação pronto"CopyFilesToOutputDirectory" no projeto "IrmaDulce.Domain.csproj".
       Destino "_CopyReferenceOnlyAssembliesForBuild" ignorado devido à condição falsa; ('$(PreserveCompilationReferences)' == 'true') foi avaliado como ('' == 'true').
   5:8>Destino "PrepareForRun" no arquivo "C:\Program Files\dotnet\sdk\8.0.415\Microsoft.Common.CurrentVersion.targets" do projeto "C:\Projects\Irma Dulce\backend\src\IrmaDulce.Domain\IrmaDulce.Domain.csproj" (o destino "CoreBuild" depende dele):
   5:8>Destino de compilação pronto"PrepareForRun" no projeto "IrmaDulce.Domain.csproj".
       Destino "UnmanagedRegistration" ignorado devido à condição falsa; ('$(RegisterForComInterop)'=='true' and '$(OutputType)'=='library') foi avaliado como (''=='true' and 'Library'=='library').
       Destino "_CheckForCompileOutputs" ignorado. Compilado anteriormente com êxito.
       Destino "_SGenCheckForOutputs" ignorado devido à condição falsa; ('$(_SGenGenerateSerializationAssembliesConfig)' == 'On' or ('@(WebReferenceUrl)'!='' and '$(_SGenGenerateSerializationAssembliesConfig)' == 'Auto')) foi avaliado como ('Off' == 'On' or (''!='' and 'Off' == 'Auto')).
   5:8>Destino "_CleanGetCurrentAndPriorFileWrites" no arquivo "C:\Program Files\dotnet\sdk\8.0.415\Microsoft.Common.CurrentVersion.targets" do projeto "C:\Projects\Irma Dulce\backend\src\IrmaDulce.Domain\IrmaDulce.Domain.csproj" (o destino "IncrementalClean" depende dele):
       Usando a tarefa "ReadLinesFromFile" do assembly "Microsoft.Build.Tasks.Core, Version=15.1.0.0, Culture=neutral, PublicKeyToken=b03f5f7f11d50a3a".
       Tarefa "ReadLinesFromFile"
       Tarefa em execução pronta "ReadLinesFromFile".
       Tarefa "ConvertToAbsolutePath"
       Tarefa em execução pronta "ConvertToAbsolutePath".
       Usando a tarefa "FindUnderPath" do assembly "Microsoft.Build.Tasks.Core, Version=15.1.0.0, Culture=neutral, PublicKeyToken=b03f5f7f11d50a3a".
       Tarefa "FindUnderPath"
         O caminho de comparação é "C:\Projects\Irma Dulce\backend\src\IrmaDulce.Domain".
       Tarefa em execução pronta "FindUnderPath".
       Tarefa "FindUnderPath"
         O caminho de comparação é "bin\Debug\net8.0\".
       Tarefa em execução pronta "FindUnderPath".
       Tarefa "FindUnderPath"
         O caminho de comparação é "obj\Debug\net8.0\".
       Tarefa em execução pronta "FindUnderPath".
       Tarefa "RemoveDuplicates"
       Tarefa em execução pronta "RemoveDuplicates".
   5:8>Destino de compilação pronto"_CleanGetCurrentAndPriorFileWrites" no projeto "IrmaDulce.Domain.csproj".
   5:8>Destino "IncrementalClean" no arquivo "C:\Program Files\dotnet\sdk\8.0.415\Microsoft.Common.CurrentVersion.targets" do projeto "C:\Projects\Irma Dulce\backend\src\IrmaDulce.Domain\IrmaDulce.Domain.csproj" (o destino "CoreBuild" depende dele):
       Tarefa "FindUnderPath"
         O caminho de comparação é "bin\Debug\net8.0\".
       Tarefa em execução pronta "FindUnderPath".
       Tarefa "FindUnderPath"
         O caminho de comparação é "obj\Debug\net8.0\".
       Tarefa em execução pronta "FindUnderPath".
       Usando a tarefa "Delete" do assembly "Microsoft.Build.Tasks.Core, Version=15.1.0.0, Culture=neutral, PublicKeyToken=b03f5f7f11d50a3a".
       Tarefa "Delete"
       Tarefa em execução pronta "Delete".
       Tarefa "RemoveDuplicates"
       Tarefa em execução pronta "RemoveDuplicates".
       A tarefa "WriteLinesToFile" foi ignorada devido a condição falsa; ('@(_CleanUnfilteredPriorFileWrites)'!='@(_CleanUniqueRemainingFileWritesAfterIncrementalClean)') foi avaliado como ('C:\Projects\Irma Dulce\backend\src\IrmaDulce.Domain\bin\Debug\net8.0\IrmaDulce.Domain.deps.json;C:\Projects\Irma Dulce\backend\src\IrmaDulce.Domain\bin\Debug\net8.0\IrmaDulce.Domain.dll;C:\Projects\Irma Dulce\backend\src\IrmaDulce.Domain\bin\Debug\net8.0\IrmaDulce.Domain.pdb;...'!='C:\Projects\Irma Dulce\backend\src\IrmaDulce.Domain\bin\Debug\net8.0\IrmaDulce.Domain.deps.json;C:\Projects\Irma Dulce\backend\src\IrmaDulce.Domain\bin\Debug\net8.0\IrmaDulce.Domain.dll;C:\Projects\Irma Dulce\backend\src\IrmaDulce.Domain\bin\Debug\net8.0\IrmaDulce.Domain.pdb;...').
   5:8>Destino de compilação pronto"IncrementalClean" no projeto "IrmaDulce.Domain.csproj".
       Destino "PostBuildEvent" ignorado devido à condição falsa; ('$(PostBuildEvent)' != '' and ('$(RunPostBuildEvent)' != 'OnOutputUpdated' or '$(_AssemblyTimestampBeforeCompile)' != '$(_AssemblyTimestampAfterCompile)')) foi avaliado como ('' != '' and ('' != 'OnOutputUpdated' or '' != '')).
       Destino "GenerateBuildDependencyFile" ignorado. Compilado anteriormente com êxito.
       Destino "GenerateBuildRuntimeConfigurationFiles" ignorado devido à condição falsa; ( '$(GenerateRuntimeConfigurationFiles)' == 'true') foi avaliado como ( '' == 'true').
   5:8>Destino "CoreBuild" no arquivo "C:\Program Files\dotnet\sdk\8.0.415\Microsoft.Common.CurrentVersion.targets" do projeto "C:\Projects\Irma Dulce\backend\src\IrmaDulce.Domain\IrmaDulce.Domain.csproj" (o destino "Build" depende dele):
   5:8>Destino de compilação pronto"CoreBuild" no projeto "IrmaDulce.Domain.csproj".
   5:8>Destino "AfterBuild" no arquivo "C:\Program Files\dotnet\sdk\8.0.415\Microsoft.Common.CurrentVersion.targets" do projeto "C:\Projects\Irma Dulce\backend\src\IrmaDulce.Domain\IrmaDulce.Domain.csproj" (o destino "Build" depende dele):
   5:8>Destino de compilação pronto"AfterBuild" no projeto "IrmaDulce.Domain.csproj".
       Destino "_CheckBrowserWorkloadNeededButNotAvailable" ignorado devido à condição falsa; ('$(RuntimeIdentifier)' == 'browser-wasm' and '$(_BrowserWorkloadDisabled)' != 'true' and '$(WasmNativeWorkloadAvailable)' != 'true') foi avaliado como ('' == 'browser-wasm' and '' != 'true' and '' != 'true').
       Destino "_ErrorWorkloadDisabledForTFMLessThan6" ignorado devido à condição falsa; ('$(_BrowserWorkloadNotSupportedForTFM)' == 'true') foi avaliado como ('' == 'true').
       Destino "_ErrorDualWasmThreadPropsOn7" ignorado devido à condição falsa; ('$(TargetsNet7)' == 'true' and '$(RuntimeIdentifier)' == 'browser-wasm' and
           '$(BrowserWorkloadDisabled)' != 'true' and '$(WasmEnableThreads)' == 'true' and '$(WasmEnablePerfTrace)' == 'true') foi avaliado como ('' == 'true' and '' == 'browser-wasm' and
           '' != 'true' and '' == 'true' and '' == 'true').
       Destino "_CheckForInvalidConfigurationAndPlatform" ignorado. Compilado anteriormente com êxito.
       Destino "_CheckForInvalidConfigurationAndPlatform" ignorado. Compilado anteriormente com êxito.
   5:8>Destino "Build" no arquivo "C:\Program Files\dotnet\sdk\8.0.415\Microsoft.Common.CurrentVersion.targets" do projeto "C:\Projects\Irma Dulce\backend\src\IrmaDulce.Domain\IrmaDulce.Domain.csproj" (ponto de entrada):
   5:8>Destino de compilação pronto"Build" no projeto "IrmaDulce.Domain.csproj".
       Destino "_PackAsBuildAfterTarget" ignorado devido à condição falsa; ('$(GeneratePackageOnBuild)' == 'true' AND '$(IsInnerBuild)' != 'true') foi avaliado como ('false' == 'true' AND '' != 'true').
   5:8>Destino "_CheckContainersPackage" no arquivo "C:\Program Files\dotnet\sdk\8.0.415\Containers\build\Microsoft.NET.Build.Containers.targets" do projeto "C:\Projects\Irma Dulce\backend\src\IrmaDulce.Domain\IrmaDulce.Domain.csproj" (ponto de entrada):
       A tarefa "Warning" foi ignorada devido a condição falsa; ($(_ContainerPackageIsPresent)
               and (
                 ($(_SdkCanPublishWeb) and $(_IsWebProject)) or
                 ($(_SdkCanPublishWorker) and $(_IsWorkerProject)) or
                 ($(_SdkCanPublishConsole) and '$(EnableSdkContainerSupport)' == 'true')
               )) foi avaliado como (false
               and (
                 (True and false) or
                 (True and false) or
                 (True and '' == 'true')
               )).
   5:8>Destino de compilação pronto"_CheckContainersPackage" no projeto "IrmaDulce.Domain.csproj".
   5:8>Projeto de compilação pronto "C:\Projects\Irma Dulce\backend\src\IrmaDulce.Domain\IrmaDulce.Domain.csproj" (destinos padrão).
   4:6>O projeto "C:\Projects\Irma Dulce\backend\src\IrmaDulce.API\IrmaDulce.API.csproj" (4:6) está compilando "C:\Projects\Irma Dulce\backend\src\IrmaDulce.Domain\IrmaDulce.Domain.csproj" (5:9) no nó 1 (GetTargetFrameworks destino(s)).
   5:9>Destino "GetTargetFrameworksWithPlatformForSingleTargetFramework" no arquivo "C:\Program Files\dotnet\sdk\8.0.415\Microsoft.Common.CurrentVersion.targets" do projeto "C:\Projects\Irma Dulce\backend\src\IrmaDulce.Domain\IrmaDulce.Domain.csproj" (o destino "GetTargetFrameworks" depende dele):
   5:9>Usando a tarefa "CombineTargetFrameworkInfoProperties" do assembly "Microsoft.Build.Tasks.Core, Version=15.1.0.0, Culture=neutral, PublicKeyToken=b03f5f7f11d50a3a".
       Tarefa "CombineTargetFrameworkInfoProperties"
       Tarefa em execução pronta "CombineTargetFrameworkInfoProperties".
   5:9>Destino de compilação pronto"GetTargetFrameworksWithPlatformForSingleTargetFramework" no projeto "IrmaDulce.Domain.csproj".
   5:9>Destino "GetTargetFrameworks" no arquivo "C:\Program Files\dotnet\sdk\8.0.415\Microsoft.Common.CurrentVersion.targets" do projeto "C:\Projects\Irma Dulce\backend\src\IrmaDulce.Domain\IrmaDulce.Domain.csproj" (ponto de entrada):
       A tarefa "Error" foi ignorada devido a condição falsa; ('$(IsCrossTargetingBuild)' == 'true') foi avaliado como ('' == 'true').
       Usando a tarefa "CombineXmlElements" do assembly "Microsoft.Build.Tasks.Core, Version=15.1.0.0, Culture=neutral, PublicKeyToken=b03f5f7f11d50a3a".
       Tarefa "CombineXmlElements"
       Tarefa em execução pronta "CombineXmlElements".
   5:9>Destino de compilação pronto"GetTargetFrameworks" no projeto "IrmaDulce.Domain.csproj".
   5:9>Projeto de compilação pronto "C:\Projects\Irma Dulce\backend\src\IrmaDulce.Domain\IrmaDulce.Domain.csproj" (GetTargetFrameworks destino(s)).
   3:8>O projeto "C:\Projects\Irma Dulce\backend\src\IrmaDulce.Application\IrmaDulce.Application.csproj" (3:8) está compilando "C:\Projects\Irma Dulce\backend\src\IrmaDulce.Domain\IrmaDulce.Domain.csproj" (5:10) no nó 1 (GetTargetFrameworks destino(s)).
  5:10>Destino "GetTargetFrameworks" ignorado. Compilado anteriormente com êxito.
  5:10>Projeto de compilação pronto "C:\Projects\Irma Dulce\backend\src\IrmaDulce.Domain\IrmaDulce.Domain.csproj" (GetTargetFrameworks destino(s)).
   2:7>O projeto "C:\Projects\Irma Dulce\backend\src\IrmaDulce.Infrastructure\IrmaDulce.Infrastructure.csproj" (2:7) está compilando "C:\Projects\Irma Dulce\backend\src\IrmaDulce.Domain\IrmaDulce.Domain.csproj" (5:11) no nó 1 (GetTargetFrameworks destino(s)).
  5:11>Destino "GetTargetFrameworks" ignorado. Compilado anteriormente com êxito.
  5:11>Projeto de compilação pronto "C:\Projects\Irma Dulce\backend\src\IrmaDulce.Domain\IrmaDulce.Domain.csproj" (GetTargetFrameworks destino(s)).
   4:6>Tarefa em execução pronta "MSBuild".
   3:8>Tarefa em execução pronta "MSBuild".
   2:7>Tarefa em execução pronta "MSBuild".
   3:8>_GetProjectReferenceTargetFrameworkProperties:
       A tarefa "MSBuild" foi ignorada devido a condição falsa; ('%(_MSBuildProjectReferenceExistent.SkipGetTargetFrameworkProperties)' != 'true' and '$(EnableDynamicPlatformResolution)' == 'true') foi avaliado como ('' != 'true' and '' == 'true').
   4:6>_GetProjectReferenceTargetFrameworkProperties:
       A tarefa "MSBuild" foi ignorada devido a condição falsa; ('%(_MSBuildProjectReferenceExistent.SkipGetTargetFrameworkProperties)' != 'true' and '$(EnableDynamicPlatformResolution)' == 'true') foi avaliado como ('' != 'true' and '' == 'true').
   2:7>_GetProjectReferenceTargetFrameworkProperties:
       A tarefa "MSBuild" foi ignorada devido a condição falsa; ('%(_MSBuildProjectReferenceExistent.SkipGetTargetFrameworkProperties)' != 'true' and '$(EnableDynamicPlatformResolution)' == 'true') foi avaliado como ('' != 'true' and '' == 'true').
       Usando a tarefa "GetReferenceNearestTargetFrameworkTask" do assembly "C:\Program Files\dotnet\sdk\8.0.415\NuGet.Build.Tasks.dll".
   4:6>_GetProjectReferenceTargetFrameworkProperties:
       Usando a tarefa "GetReferenceNearestTargetFrameworkTask" do assembly "C:\Program Files\dotnet\sdk\8.0.415\NuGet.Build.Tasks.dll".
   2:7>Tarefa "GetReferenceNearestTargetFrameworkTask"
   4:6>Tarefa "GetReferenceNearestTargetFrameworkTask"
       Tarefa em execução pronta "GetReferenceNearestTargetFrameworkTask".
   2:7>Tarefa em execução pronta "GetReferenceNearestTargetFrameworkTask".
   3:8>_GetProjectReferenceTargetFrameworkProperties:
       Usando a tarefa "GetReferenceNearestTargetFrameworkTask" do assembly "C:\Program Files\dotnet\sdk\8.0.415\NuGet.Build.Tasks.dll".
   4:6>_GetProjectReferenceTargetFrameworkProperties:
       A tarefa "GetReferenceNearestTargetFrameworkTask" foi ignorada devido a condição falsa; ('@(_ProjectReferenceTargetFrameworkPossibilities)' != '' and '$(ReferringTargetFrameworkForProjectReferences)' != ''
                                                               And '$(GetReferenceNearestTargetFrameworkTaskSupportsTargetPlatformParameter)' != 'true' and '%(_ProjectReferenceTargetFrameworkPossibilities.IsVcxOrNativeProj)' != 'true') foi avaliado como ('..\IrmaDulce.Application\IrmaDulce.Application.csproj;..\IrmaDulce.Infrastructure\IrmaDulce.Infrastructure.csproj;..\IrmaDulce.Domain\IrmaDulce.Domain.csproj' != '' and '.NETCoreApp,Version=v8.0' != ''
                                                               And 'true' != 'true' and '' != 'true').
   3:8>Tarefa "GetReferenceNearestTargetFrameworkTask"
   4:6>_GetProjectReferenceTargetFrameworkProperties:
       Usando a tarefa "SetRidAgnosticValueForProjects" do assembly "Microsoft.Build.Tasks.Core, Version=15.1.0.0, Culture=neutral, PublicKeyToken=b03f5f7f11d50a3a".
   3:8>Tarefa em execução pronta "GetReferenceNearestTargetFrameworkTask".
   4:6>Tarefa "SetRidAgnosticValueForProjects"
       Tarefa em execução pronta "SetRidAgnosticValueForProjects".
   4:6>Destino de compilação pronto"_GetProjectReferenceTargetFrameworkProperties" no projeto "IrmaDulce.API.csproj".
   3:8>_GetProjectReferenceTargetFrameworkProperties:
       A tarefa "GetReferenceNearestTargetFrameworkTask" foi ignorada devido a condição falsa; ('@(_ProjectReferenceTargetFrameworkPossibilities)' != '' and '$(ReferringTargetFrameworkForProjectReferences)' != ''
                                                               And '$(GetReferenceNearestTargetFrameworkTaskSupportsTargetPlatformParameter)' != 'true' and '%(_ProjectReferenceTargetFrameworkPossibilities.IsVcxOrNativeProj)' != 'true') foi avaliado como ('..\IrmaDulce.Domain\IrmaDulce.Domain.csproj' != '' and '.NETCoreApp,Version=v8.0' != ''
                                                               And 'true' != 'true' and '' != 'true').
       Usando a tarefa "SetRidAgnosticValueForProjects" do assembly "Microsoft.Build.Tasks.Core, Version=15.1.0.0, Culture=neutral, PublicKeyToken=b03f5f7f11d50a3a".
       Tarefa "SetRidAgnosticValueForProjects"
   2:7>_GetProjectReferenceTargetFrameworkProperties:
       A tarefa "GetReferenceNearestTargetFrameworkTask" foi ignorada devido a condição falsa; ('@(_ProjectReferenceTargetFrameworkPossibilities)' != '' and '$(ReferringTargetFrameworkForProjectReferences)' != ''
                                                               And '$(GetReferenceNearestTargetFrameworkTaskSupportsTargetPlatformParameter)' != 'true' and '%(_ProjectReferenceTargetFrameworkPossibilities.IsVcxOrNativeProj)' != 'true') foi avaliado como ('..\IrmaDulce.Domain\IrmaDulce.Domain.csproj;..\IrmaDulce.Application\IrmaDulce.Application.csproj' != '' and '.NETCoreApp,Version=v8.0' != ''
                                                               And 'true' != 'true' and '' != 'true').
   3:8>Tarefa em execução pronta "SetRidAgnosticValueForProjects".
   4:6>Destino "ValidateExecutableReferences" no arquivo "C:\Program Files\dotnet\sdk\8.0.415\Sdks\Microsoft.NET.Sdk\targets\Microsoft.NET.Sdk.targets" do projeto "C:\Projects\Irma Dulce\backend\src\IrmaDulce.API\IrmaDulce.API.csproj" (o destino "PrepareProjectReferences" depende dele):
   4:6>Usando a tarefa "ValidateExecutableReferences" do assembly "C:\Program Files\dotnet\sdk\8.0.415\Sdks\Microsoft.NET.Sdk\targets\..\tools\net8.0\Microsoft.NET.Build.Tasks.dll".
   2:7>_GetProjectReferenceTargetFrameworkProperties:
       Usando a tarefa "SetRidAgnosticValueForProjects" do assembly "Microsoft.Build.Tasks.Core, Version=15.1.0.0, Culture=neutral, PublicKeyToken=b03f5f7f11d50a3a".
   3:8>Destino de compilação pronto"_GetProjectReferenceTargetFrameworkProperties" no projeto "IrmaDulce.Application.csproj".
   2:7>Tarefa "SetRidAgnosticValueForProjects"
   4:6>Tarefa "ValidateExecutableReferences"
   2:7>Tarefa em execução pronta "SetRidAgnosticValueForProjects".
   4:6>Tarefa em execução pronta "ValidateExecutableReferences".
   2:7>Destino de compilação pronto"_GetProjectReferenceTargetFrameworkProperties" no projeto "IrmaDulce.Infrastructure.csproj".
   3:8>Destino "ValidateExecutableReferences" no arquivo "C:\Program Files\dotnet\sdk\8.0.415\Sdks\Microsoft.NET.Sdk\targets\Microsoft.NET.Sdk.targets" do projeto "C:\Projects\Irma Dulce\backend\src\IrmaDulce.Application\IrmaDulce.Application.csproj" (o destino "PrepareProjectReferences" depende dele):
   3:8>Usando a tarefa "ValidateExecutableReferences" do assembly "C:\Program Files\dotnet\sdk\8.0.415\Sdks\Microsoft.NET.Sdk\targets\..\tools\net8.0\Microsoft.NET.Build.Tasks.dll".
   4:6>Destino de compilação pronto"ValidateExecutableReferences" no projeto "IrmaDulce.API.csproj".
   3:8>Tarefa "ValidateExecutableReferences"
   4:6>Destino "_GetProjectReferencePlatformProperties" ignorado devido à condição falsa; ('$(EnableDynamicPlatformResolution)' == 'true'
                     and '@(_MSBuildProjectReferenceExistent)' != '') foi avaliado como ('' == 'true'
                     and '..\IrmaDulce.Application\IrmaDulce.Application.csproj;..\IrmaDulce.Infrastructure\IrmaDulce.Infrastructure.csproj;..\IrmaDulce.Domain\IrmaDulce.Domain.csproj' != '').
   2:7>Destino "ValidateExecutableReferences" no arquivo "C:\Program Files\dotnet\sdk\8.0.415\Sdks\Microsoft.NET.Sdk\targets\Microsoft.NET.Sdk.targets" do projeto "C:\Projects\Irma Dulce\backend\src\IrmaDulce.Infrastructure\IrmaDulce.Infrastructure.csproj" (o destino "PrepareProjectReferences" depende dele):
   2:7>Usando a tarefa "ValidateExecutableReferences" do assembly "C:\Program Files\dotnet\sdk\8.0.415\Sdks\Microsoft.NET.Sdk\targets\..\tools\net8.0\Microsoft.NET.Build.Tasks.dll".
   3:8>Tarefa em execução pronta "ValidateExecutableReferences".
   2:7>Tarefa "ValidateExecutableReferences"
   4:6>Destino "PrepareProjectReferences" no arquivo "C:\Program Files\dotnet\sdk\8.0.415\Microsoft.Common.CurrentVersion.targets" do projeto "C:\Projects\Irma Dulce\backend\src\IrmaDulce.API\IrmaDulce.API.csproj" (o destino "ResolveProjectReferences" depende dele):
   4:6>Destino de compilação pronto"PrepareProjectReferences" no projeto "IrmaDulce.API.csproj".
   3:8>Destino de compilação pronto"ValidateExecutableReferences" no projeto "IrmaDulce.Application.csproj".
   2:7>Tarefa em execução pronta "ValidateExecutableReferences".
   2:7>Destino de compilação pronto"ValidateExecutableReferences" no projeto "IrmaDulce.Infrastructure.csproj".
   3:8>Destino "_GetProjectReferencePlatformProperties" ignorado devido à condição falsa; ('$(EnableDynamicPlatformResolution)' == 'true'
                     and '@(_MSBuildProjectReferenceExistent)' != '') foi avaliado como ('' == 'true'
                     and '..\IrmaDulce.Domain\IrmaDulce.Domain.csproj' != '').
   4:6>Destino "ResolveProjectReferences" no arquivo "C:\Program Files\dotnet\sdk\8.0.415\Microsoft.Common.CurrentVersion.targets" do projeto "C:\Projects\Irma Dulce\backend\src\IrmaDulce.API\IrmaDulce.API.csproj" (o destino "ResolveReferences" depende dele):
   4:6>A tarefa "MSBuild" foi ignorada devido a condição falsa; ('%(_MSBuildProjectReferenceExistent.BuildReference)' == 'true' and '@(ProjectReferenceWithConfiguration)' != '' and ('$(BuildingInsideVisualStudio)' == 'true' or '$(BuildProjectReferences)' != 'true') and '$(VisualStudioVersion)' != '10.0' and '@(_MSBuildProjectReferenceExistent)' != '') foi avaliado como ('true' == 'true' and '..\IrmaDulce.Application\IrmaDulce.Application.csproj;..\IrmaDulce.Infrastructure\IrmaDulce.Infrastructure.csproj;..\IrmaDulce.Domain\IrmaDulce.Domain.csproj' != '' and ('' == 'true' or 'true' != 'true') and '17.0' != '10.0' and '..\IrmaDulce.Application\IrmaDulce.Application.csproj;..\IrmaDulce.Infrastructure\IrmaDulce.Infrastructure.csproj;..\IrmaDulce.Domain\IrmaDulce.Domain.csproj' != '').
   2:7>Destino "_GetProjectReferencePlatformProperties" ignorado devido à condição falsa; ('$(EnableDynamicPlatformResolution)' == 'true'
                     and '@(_MSBuildProjectReferenceExistent)' != '') foi avaliado como ('' == 'true'
                     and '..\IrmaDulce.Domain\IrmaDulce.Domain.csproj;..\IrmaDulce.Application\IrmaDulce.Application.csproj' != '').
   4:6>Tarefa "MSBuild"
   3:8>Destino "PrepareProjectReferences" no arquivo "C:\Program Files\dotnet\sdk\8.0.415\Microsoft.Common.CurrentVersion.targets" do projeto "C:\Projects\Irma Dulce\backend\src\IrmaDulce.Application\IrmaDulce.Application.csproj" (o destino "ResolveProjectReferences" depende dele):
   3:8>Destino de compilação pronto"PrepareProjectReferences" no projeto "IrmaDulce.Application.csproj".
   4:6>ResolveProjectReferences:
         Propriedades globais:
   3:8>Destino "ResolveProjectReferences" no arquivo "C:\Program Files\dotnet\sdk\8.0.415\Microsoft.Common.CurrentVersion.targets" do projeto "C:\Projects\Irma Dulce\backend\src\IrmaDulce.Application\IrmaDulce.Application.csproj" (o destino "ResolveReferences" depende dele):
   3:8>A tarefa "MSBuild" foi ignorada devido a condição falsa; ('%(_MSBuildProjectReferenceExistent.BuildReference)' == 'true' and '@(ProjectReferenceWithConfiguration)' != '' and ('$(BuildingInsideVisualStudio)' == 'true' or '$(BuildProjectReferences)' != 'true') and '$(VisualStudioVersion)' != '10.0' and '@(_MSBuildProjectReferenceExistent)' != '') foi avaliado como ('true' == 'true' and '..\IrmaDulce.Domain\IrmaDulce.Domain.csproj' != '' and ('' == 'true' or 'true' != 'true') and '17.0' != '10.0' and '..\IrmaDulce.Domain\IrmaDulce.Domain.csproj' != '').
   2:7>Destino "PrepareProjectReferences" no arquivo "C:\Program Files\dotnet\sdk\8.0.415\Microsoft.Common.CurrentVersion.targets" do projeto "C:\Projects\Irma Dulce\backend\src\IrmaDulce.Infrastructure\IrmaDulce.Infrastructure.csproj" (o destino "ResolveProjectReferences" depende dele):
   2:7>Destino de compilação pronto"PrepareProjectReferences" no projeto "IrmaDulce.Infrastructure.csproj".
   4:6>ResolveProjectReferences:
           Configuration=Debug
   3:8>Tarefa "MSBuild"
   4:6>ResolveProjectReferences:
           Platform=AnyCPU
   3:8>ResolveProjectReferences:
         Propriedades globais:
   2:7>Destino "ResolveProjectReferences" no arquivo "C:\Program Files\dotnet\sdk\8.0.415\Microsoft.Common.CurrentVersion.targets" do projeto "C:\Projects\Irma Dulce\backend\src\IrmaDulce.Infrastructure\IrmaDulce.Infrastructure.csproj" (o destino "ResolveReferences" depende dele):
   2:7>A tarefa "MSBuild" foi ignorada devido a condição falsa; ('%(_MSBuildProjectReferenceExistent.BuildReference)' == 'true' and '@(ProjectReferenceWithConfiguration)' != '' and ('$(BuildingInsideVisualStudio)' == 'true' or '$(BuildProjectReferences)' != 'true') and '$(VisualStudioVersion)' != '10.0' and '@(_MSBuildProjectReferenceExistent)' != '') foi avaliado como ('true' == 'true' and '..\IrmaDulce.Domain\IrmaDulce.Domain.csproj;..\IrmaDulce.Application\IrmaDulce.Application.csproj' != '' and ('' == 'true' or 'true' != 'true') and '17.0' != '10.0' and '..\IrmaDulce.Domain\IrmaDulce.Domain.csproj;..\IrmaDulce.Application\IrmaDulce.Application.csproj' != '').
   4:6>ResolveProjectReferences:
         Removendo Propriedades:
   3:8>ResolveProjectReferences:
           Configuration=Debug
   2:7>Tarefa "MSBuild"
   4:6>ResolveProjectReferences:
           WebPublishProfileFile
   2:7>ResolveProjectReferences:
         Propriedades globais:
   3:8>ResolveProjectReferences:
           Platform=AnyCPU
   2:7>ResolveProjectReferences:
           Configuration=Debug
   4:6>ResolveProjectReferences:
         Removendo Propriedades do projeto "..\IrmaDulce.Application\IrmaDulce.Application.csproj":
   3:8>ResolveProjectReferences:
         Removendo Propriedades do projeto "..\IrmaDulce.Domain\IrmaDulce.Domain.csproj":
   4:6>ResolveProjectReferences:
           TargetFramework
   2:7>ResolveProjectReferences:
           Platform=AnyCPU
   3:8>ResolveProjectReferences:
           TargetFramework
   4:6>ResolveProjectReferences:
           RuntimeIdentifier
   2:7>ResolveProjectReferences:
         Removendo Propriedades do projeto "..\IrmaDulce.Domain\IrmaDulce.Domain.csproj":
   3:8>ResolveProjectReferences:
           RuntimeIdentifier
   4:6>ResolveProjectReferences:
           SelfContained
   2:7>ResolveProjectReferences:
           TargetFramework
   3:8>ResolveProjectReferences:
           SelfContained
   2:7>ResolveProjectReferences:
           RuntimeIdentifier
   4:6>ResolveProjectReferences:
         Removendo Propriedades do projeto "..\IrmaDulce.Infrastructure\IrmaDulce.Infrastructure.csproj":
           TargetFramework
   2:7>ResolveProjectReferences:
           SelfContained
   4:6>ResolveProjectReferences:
           RuntimeIdentifier
   2:7>ResolveProjectReferences:
         Removendo Propriedades do projeto "..\IrmaDulce.Application\IrmaDulce.Application.csproj":
   4:6>ResolveProjectReferences:
           SelfContained
   2:7>ResolveProjectReferences:
           TargetFramework
   4:6>ResolveProjectReferences:
         Removendo Propriedades do projeto "..\IrmaDulce.Domain\IrmaDulce.Domain.csproj":
   3:8>O projeto "C:\Projects\Irma Dulce\backend\src\IrmaDulce.Application\IrmaDulce.Application.csproj" (3:8) está compilando "C:\Projects\Irma Dulce\backend\src\IrmaDulce.Domain\IrmaDulce.Domain.csproj" (5:12) no nó 1 (destinos padrão).
  5:12>Destino "Build" ignorado. Compilado anteriormente com êxito.
  5:12>Projeto de compilação pronto "C:\Projects\Irma Dulce\backend\src\IrmaDulce.Domain\IrmaDulce.Domain.csproj" (destinos padrão).
   2:7>ResolveProjectReferences:
           RuntimeIdentifier
   4:6>ResolveProjectReferences:
           TargetFramework
           RuntimeIdentifier
   2:7>ResolveProjectReferences:
           SelfContained
   4:6>ResolveProjectReferences:
           SelfContained
   2:7>O projeto "C:\Projects\Irma Dulce\backend\src\IrmaDulce.Infrastructure\IrmaDulce.Infrastructure.csproj" (2:7) está compilando "C:\Projects\Irma Dulce\backend\src\IrmaDulce.Domain\IrmaDulce.Domain.csproj" (5:13) no nó 1 (destinos padrão).
  5:13>Destino "Build" ignorado. Compilado anteriormente com êxito.
  5:13>Projeto de compilação pronto "C:\Projects\Irma Dulce\backend\src\IrmaDulce.Domain\IrmaDulce.Domain.csproj" (destinos padrão).
   4:6>O projeto "C:\Projects\Irma Dulce\backend\src\IrmaDulce.API\IrmaDulce.API.csproj" (4:6) está compilando "C:\Projects\Irma Dulce\backend\src\IrmaDulce.Domain\IrmaDulce.Domain.csproj" (5:14) no nó 1 (destinos padrão).
  5:14>Destino "Build" ignorado. Compilado anteriormente com êxito.
  5:14>Projeto de compilação pronto "C:\Projects\Irma Dulce\backend\src\IrmaDulce.Domain\IrmaDulce.Domain.csproj" (destinos padrão).
   3:8>Tarefa em execução pronta "MSBuild".
       Tarefa "MSBuild"
         Propriedades globais:
           Configuration=Debug
           Platform=AnyCPU
         Removendo Propriedades do projeto "..\IrmaDulce.Domain\IrmaDulce.Domain.csproj":
           TargetFramework
           RuntimeIdentifier
           SelfContained
   3:8>O projeto "C:\Projects\Irma Dulce\backend\src\IrmaDulce.Application\IrmaDulce.Application.csproj" (3:8) está compilando "C:\Projects\Irma Dulce\backend\src\IrmaDulce.Domain\IrmaDulce.Domain.csproj" (5:15) no nó 1 (GetNativeManifest destino(s)).
  5:15>Destino "GetNativeManifest" no arquivo "C:\Program Files\dotnet\sdk\8.0.415\Microsoft.Common.CurrentVersion.targets" do projeto "C:\Projects\Irma Dulce\backend\src\IrmaDulce.Domain\IrmaDulce.Domain.csproj" (ponto de entrada):
  5:15>Destino de compilação pronto"GetNativeManifest" no projeto "IrmaDulce.Domain.csproj".
  5:15>Projeto de compilação pronto "C:\Projects\Irma Dulce\backend\src\IrmaDulce.Domain\IrmaDulce.Domain.csproj" (GetNativeManifest destino(s)).
   3:8>Tarefa em execução pronta "MSBuild".
       A tarefa "Warning" foi ignorada devido a condição falsa; ('@(ProjectReferenceWithConfiguration)' != '' and '@(_MSBuildProjectReferenceNonexistent)' != '') foi avaliado como ('..\IrmaDulce.Domain\IrmaDulce.Domain.csproj' != '' and '' != '').
   3:8>Destino de compilação pronto"ResolveProjectReferences" no projeto "IrmaDulce.Application.csproj".
       Destino "FindInvalidProjectReferences" ignorado devido à condição falsa; ('$(FindInvalidProjectReferences)' == 'true') foi avaliado como ('' == 'true').
       Destino "ResolveNativeReferences" ignorado devido à condição falsa; ('@(NativeReference)'!='') foi avaliado como (''!='').
       Destino "ResolveProjectReferences" ignorado. Compilado anteriormente com êxito.
       Destino "FindInvalidProjectReferences" ignorado devido à condição falsa; ('$(FindInvalidProjectReferences)' == 'true') foi avaliado como ('' == 'true').
       Destino "GetFrameworkPaths" ignorado. Compilado anteriormente com êxito.
       Destino "GetReferenceAssemblyPaths" ignorado. Compilado anteriormente com êxito.
       Destino "PrepareForBuild" ignorado. Compilado anteriormente com êxito.
       Destino "GetInstalledSDKLocations" ignorado devido à condição falsa; ('@(SDKReference)' != '') foi avaliado como ('' != '').
   3:8>Destino "ResolveSDKReferences" no arquivo "C:\Program Files\dotnet\sdk\8.0.415\Microsoft.Common.CurrentVersion.targets" do projeto "C:\Projects\Irma Dulce\backend\src\IrmaDulce.Application\IrmaDulce.Application.csproj" (o destino "ResolveAssemblyReferences" depende dele):
       A tarefa "ResolveSDKReference" foi ignorada devido a condição falsa; ('@(SDKReference)'!='') foi avaliado como (''!='').
   3:8>Destino de compilação pronto"ResolveSDKReferences" no projeto "IrmaDulce.Application.csproj".
       Destino "ResolveSDKReferences" ignorado. Compilado anteriormente com êxito.
   3:8>Destino "ExpandSDKReferences" no arquivo "C:\Program Files\dotnet\sdk\8.0.415\Microsoft.Common.CurrentVersion.targets" do projeto "C:\Projects\Irma Dulce\backend\src\IrmaDulce.Application\IrmaDulce.Application.csproj" (o destino "ResolveAssemblyReferences" depende dele):
       A tarefa "GetSDKReferenceFiles" foi ignorada devido a condição falsa; ('@(ResolvedSDKReference)'!='') foi avaliado como (''!='').
   3:8>Destino de compilação pronto"ExpandSDKReferences" no projeto "IrmaDulce.Application.csproj".
       Destino "ResolvePackageDependenciesForBuild" ignorado. Compilado anteriormente com êxito.
       Destino "GetFrameworkPaths" ignorado. Compilado anteriormente com êxito.
       Destino "GetReferenceAssemblyPaths" ignorado. Compilado anteriormente com êxito.
       Destino "ProcessFrameworkReferences" ignorado. Compilado anteriormente com êxito.
       Destino "ResolvePackageAssets" ignorado. Compilado anteriormente com êxito.
   3:8>Destino "ResolveFrameworkReferences" no arquivo "C:\Program Files\dotnet\sdk\8.0.415\Sdks\Microsoft.NET.Sdk\targets\Microsoft.NET.Sdk.FrameworkReferenceResolution.targets" do projeto "C:\Projects\Irma Dulce\backend\src\IrmaDulce.Application\IrmaDulce.Application.csproj" (o destino "ResolveTargetingPackAssets" depende dele):
       Usando a tarefa "GetPackageDirectory" do assembly "C:\Program Files\dotnet\sdk\8.0.415\Sdks\Microsoft.NET.Sdk\targets\..\tools\net8.0\Microsoft.NET.Build.Tasks.dll".
       Tarefa "GetPackageDirectory"
       Tarefa em execução pronta "GetPackageDirectory".
       Tarefa "GetPackageDirectory"
       Tarefa em execução pronta "GetPackageDirectory".
       Tarefa "GetPackageDirectory"
       Tarefa em execução pronta "GetPackageDirectory".
       Tarefa "GetPackageDirectory"
       Tarefa em execução pronta "GetPackageDirectory".
       Tarefa "GetPackageDirectory"
       Tarefa em execução pronta "GetPackageDirectory".
       Tarefa "GetPackageDirectory"
       Tarefa em execução pronta "GetPackageDirectory".
       Tarefa "GetPackageDirectory"
       Tarefa em execução pronta "GetPackageDirectory".
       Tarefa "GetPackageDirectory"
       Tarefa em execução pronta "GetPackageDirectory".
       Tarefa "GetPackageDirectory"
       Tarefa em execução pronta "GetPackageDirectory".
       Tarefa "GetPackageDirectory"
       Tarefa em execução pronta "GetPackageDirectory".
       Usando a tarefa "ResolveFrameworkReferences" do assembly "C:\Program Files\dotnet\sdk\8.0.415\Sdks\Microsoft.NET.Sdk\targets\..\tools\net8.0\Microsoft.NET.Build.Tasks.dll".
       Tarefa "ResolveFrameworkReferences"
       Tarefa em execução pronta "ResolveFrameworkReferences".
   3:8>Destino de compilação pronto"ResolveFrameworkReferences" no projeto "IrmaDulce.Application.csproj".
   3:8>Destino "ResolveTargetingPackAssets" no arquivo "C:\Program Files\dotnet\sdk\8.0.415\Sdks\Microsoft.NET.Sdk\targets\Microsoft.NET.Sdk.FrameworkReferenceResolution.targets" do projeto "C:\Projects\Irma Dulce\backend\src\IrmaDulce.Application\IrmaDulce.Application.csproj" (o destino "_HandlePackageFileConflicts" depende dele):
       Usando a tarefa "ResolveTargetingPackAssets" do assembly "C:\Program Files\dotnet\sdk\8.0.415\Sdks\Microsoft.NET.Sdk\targets\..\tools\net8.0\Microsoft.NET.Build.Tasks.dll".
       Tarefa "ResolveTargetingPackAssets"
       Tarefa em execução pronta "ResolveTargetingPackAssets".
   3:8>Destino de compilação pronto"ResolveTargetingPackAssets" no projeto "IrmaDulce.Application.csproj".
   3:8>Destino "ResolveOffByDefaultAnalyzers" no arquivo "C:\Program Files\dotnet\sdk\8.0.415\Sdks\Microsoft.NET.Sdk\targets\Microsoft.NET.Sdk.FrameworkReferenceResolution.targets" do projeto "C:\Projects\Irma Dulce\backend\src\IrmaDulce.Application\IrmaDulce.Application.csproj" (o destino "_HandlePackageFileConflicts" depende dele):
   3:8>Destino de compilação pronto"ResolveOffByDefaultAnalyzers" no projeto "IrmaDulce.Application.csproj".
   3:8>Destino "_HandlePackageFileConflicts" no arquivo "C:\Program Files\dotnet\sdk\8.0.415\Sdks\Microsoft.NET.Sdk\targets\Microsoft.NET.ConflictResolution.targets" do projeto "C:\Projects\Irma Dulce\backend\src\IrmaDulce.Application\IrmaDulce.Application.csproj" (o destino "ResolveAssemblyReferences" depende dele):
       Usando a tarefa "ResolvePackageFileConflicts" do assembly "C:\Program Files\dotnet\sdk\8.0.415\Sdks\Microsoft.NET.Sdk\targets\..\tools\net8.0\Microsoft.NET.Build.Tasks.dll".
       Tarefa "ResolvePackageFileConflicts"
         Encontrado um conflito entre 'Platform:mscorlib.dll' e 'Platform:mscorlib.dll'. Não foi possível determinar o vencedor porque as versões de arquivo e de assembly são iguais.
         Encontrado um conflito entre 'Platform:Microsoft.VisualBasic.dll' e 'Platform:Microsoft.VisualBasic.dll'. Não foi possível determinar o vencedor porque as versões de arquivo e de assembly são iguais.
         Encontrado um conflito entre 'Platform:System.dll' e 'Platform:System.dll'. Não foi possível determinar o vencedor porque as versões de arquivo e de assembly são iguais.
         Encontrado um conflito entre 'Platform:System.ComponentModel.DataAnnotations.dll' e 'Platform:System.ComponentModel.DataAnnotations.dll'. Não foi possível determinar o vencedor porque as versões de arquivo e de assembly são iguais.
         Encontrado um conflito entre 'Platform:System.Configuration.dll' e 'Platform:System.Configuration.dll'. Não foi possível determinar o vencedor porque as versões de arquivo e de assembly são iguais.
         Encontrado um conflito entre 'Platform:System.Core.dll' e 'Platform:System.Core.dll'. Não foi possível determinar o vencedor porque as versões de arquivo e de assembly são iguais.
         Encontrado um conflito entre 'Platform:System.Data.dll' e 'Platform:System.Data.dll'. Não foi possível determinar o vencedor porque as versões de arquivo e de assembly são iguais.
         Encontrado um conflito entre 'Platform:System.Drawing.dll' e 'Platform:System.Drawing.dll'. Não foi possível determinar o vencedor porque as versões de arquivo e de assembly são iguais.
         Encontrado um conflito entre 'Platform:System.IO.Compression.FileSystem.dll' e 'Platform:System.IO.Compression.FileSystem.dll'. Não foi possível determinar o vencedor porque as versões de arquivo e de assembly são iguais.
         Encontrado um conflito entre 'Platform:System.Net.dll' e 'Platform:System.Net.dll'. Não foi possível determinar o vencedor porque as versões de arquivo e de assembly são iguais.
         Encontrado um conflito entre 'Platform:System.Numerics.dll' e 'Platform:System.Numerics.dll'. Não foi possível determinar o vencedor porque as versões de arquivo e de assembly são iguais.
         Encontrado um conflito entre 'Platform:System.Runtime.Serialization.dll' e 'Platform:System.Runtime.Serialization.dll'. Não foi possível determinar o vencedor porque as versões de arquivo e de assembly são iguais.
         Encontrado um conflito entre 'Platform:System.Security.dll' e 'Platform:System.Security.dll'. Não foi possível determinar o vencedor porque as versões de arquivo e de assembly são iguais.
         Encontrado um conflito entre 'Platform:System.ServiceProcess.dll' e 'Platform:System.ServiceProcess.dll'. Não foi possível determinar o vencedor porque as versões de arquivo e de assembly são iguais.
         Encontrado um conflito entre 'Platform:System.ServiceModel.Web.dll' e 'Platform:System.ServiceModel.Web.dll'. Não foi possível determinar o vencedor porque as versões de arquivo e de assembly são iguais.
         Encontrado um conflito entre 'Platform:System.Transactions.dll' e 'Platform:System.Transactions.dll'. Não foi possível determinar o vencedor porque as versões de arquivo e de assembly são iguais.
         Encontrado um conflito entre 'Platform:System.Web.dll' e 'Platform:System.Web.dll'. Não foi possível determinar o vencedor porque as versões de arquivo e de assembly são iguais.
         Encontrado um conflito entre 'Platform:System.Windows.dll' e 'Platform:System.Windows.dll'. Não foi possível determinar o vencedor porque as versões de arquivo e de assembly são iguais.
         Encontrado um conflito entre 'Platform:System.Xml.dll' e 'Platform:System.Xml.dll'. Não foi possível determinar o vencedor porque as versões de arquivo e de assembly são iguais.
         Encontrado um conflito entre 'Platform:System.Xml.Serialization.dll' e 'Platform:System.Xml.Serialization.dll'. Não foi possível determinar o vencedor porque as versões de arquivo e de assembly são iguais.
         Encontrado um conflito entre 'Platform:System.Xml.Linq.dll' e 'Platform:System.Xml.Linq.dll'. Não foi possível determinar o vencedor porque as versões de arquivo e de assembly são iguais.
         Encontrado um conflito entre 'Platform:WindowsBase.dll' e 'Platform:WindowsBase.dll'. Não foi possível determinar o vencedor porque as versões de arquivo e de assembly são iguais.
         Encontrado um conflito entre 'Platform:netstandard.dll' e 'Platform:netstandard.dll'. Não foi possível determinar o vencedor porque as versões de arquivo e de assembly são iguais.
         Encontrado um conflito entre 'Platform:System.Private.CoreLib.dll' e 'Platform:System.Private.CoreLib.dll'. Não foi possível determinar o vencedor porque as versões de arquivo e de assembly são iguais.
         Encontrado um conflito entre 'Platform:System.Private.DataContractSerialization.dll' e 'Platform:System.Private.DataContractSerialization.dll'. Não foi possível determinar o vencedor porque as versões de arquivo e de assembly são iguais.
         Encontrado um conflito entre 'Platform:System.Private.Uri.dll' e 'Platform:System.Private.Uri.dll'. Não foi possível determinar o vencedor porque as versões de arquivo e de assembly são iguais.
         Encontrado um conflito entre 'Platform:System.Private.Xml.dll' e 'Platform:System.Private.Xml.dll'. Não foi possível determinar o vencedor porque as versões de arquivo e de assembly são iguais.
         Encontrado um conflito entre 'Platform:System.Private.Xml.Linq.dll' e 'Platform:System.Private.Xml.Linq.dll'. Não foi possível determinar o vencedor porque as versões de arquivo e de assembly são iguais.
         Encontrado um conflito entre 'Platform:mscordaccore_amd64_amd64_8.0.2125.47513.dll' e 'Platform:mscordaccore_amd64_amd64_8.0.2125.47513.dll'. Não foi possível determinar o vencedor porque as versões de arquivo e de assembly são iguais.
       Tarefa em execução pronta "ResolvePackageFileConflicts".
   3:8>Destino de compilação pronto"_HandlePackageFileConflicts" no projeto "IrmaDulce.Application.csproj".
       Destino "ResolveTargetingPackAssets" ignorado. Compilado anteriormente com êxito.
   3:8>Destino "ResolveAssemblyReferences" no arquivo "C:\Program Files\dotnet\sdk\8.0.415\Microsoft.Common.CurrentVersion.targets" do projeto "C:\Projects\Irma Dulce\backend\src\IrmaDulce.Application\IrmaDulce.Application.csproj" (o destino "ResolveReferences" depende dele):
       Usando a tarefa "ResolveAssemblyReference" do assembly "Microsoft.Build.Tasks.Core, Version=15.1.0.0, Culture=neutral, PublicKeyToken=b03f5f7f11d50a3a".
       Tarefa "ResolveAssemblyReference"
         TargetFrameworkMoniker:
             .NETCoreApp,Version=v8.0
         TargetFrameworkMonikerDisplayName:
             .NET 8.0
         TargetedRuntimeVersion:
             
         Assemblies:
             C:\Users\lucas.bertin\.nuget\packages\bcrypt.net-next\4.0.3\lib\net6.0\BCrypt.Net-Next.dll
                 Private = "false"
                 HintPath = "C:\Users\lucas.bertin\.nuget\packages\bcrypt.net-next\4.0.3\lib\net6.0\BCrypt.Net-Next.dll"
             C:\Users\lucas.bertin\.nuget\packages\docx\5.0.0\lib\net5.0\Xceed.Document.NET.dll
                 Private = "false"
                 HintPath = "C:\Users\lucas.bertin\.nuget\packages\docx\5.0.0\lib\net5.0\Xceed.Document.NET.dll"
             C:\Users\lucas.bertin\.nuget\packages\docx\5.0.0\lib\net5.0\Xceed.Drawing.NET.dll
                 Private = "false"
                 HintPath = "C:\Users\lucas.bertin\.nuget\packages\docx\5.0.0\lib\net5.0\Xceed.Drawing.NET.dll"
             C:\Users\lucas.bertin\.nuget\packages\docx\5.0.0\lib\net5.0\Xceed.Words.NET.dll
                 Private = "false"
                 HintPath = "C:\Users\lucas.bertin\.nuget\packages\docx\5.0.0\lib\net5.0\Xceed.Words.NET.dll"
             C:\Users\lucas.bertin\.nuget\packages\microsoft.extensions.configuration.abstractions\8.0.0\lib\net8.0\Microsoft.Extensions.Configuration.Abstractions.dll
                 Private = "false"
                 HintPath = "C:\Users\lucas.bertin\.nuget\packages\microsoft.extensions.configuration.abstractions\8.0.0\lib\net8.0\Microsoft.Extensions.Configuration.Abstractions.dll"
             C:\Users\lucas.bertin\.nuget\packages\microsoft.extensions.primitives\8.0.0\lib\net8.0\Microsoft.Extensions.Primitives.dll
                 Private = "false"
                 HintPath = "C:\Users\lucas.bertin\.nuget\packages\microsoft.extensions.primitives\8.0.0\lib\net8.0\Microsoft.Extensions.Primitives.dll"
             C:\Users\lucas.bertin\.nuget\packages\microsoft.identitymodel.abstractions\8.3.0\lib\net8.0\Microsoft.IdentityModel.Abstractions.dll
                 Private = "false"
                 HintPath = "C:\Users\lucas.bertin\.nuget\packages\microsoft.identitymodel.abstractions\8.3.0\lib\net8.0\Microsoft.IdentityModel.Abstractions.dll"
             C:\Users\lucas.bertin\.nuget\packages\microsoft.identitymodel.jsonwebtokens\8.3.0\lib\net8.0\Microsoft.IdentityModel.JsonWebTokens.dll
                 Private = "false"
                 HintPath = "C:\Users\lucas.bertin\.nuget\packages\microsoft.identitymodel.jsonwebtokens\8.3.0\lib\net8.0\Microsoft.IdentityModel.JsonWebTokens.dll"
             C:\Users\lucas.bertin\.nuget\packages\microsoft.identitymodel.logging\8.3.0\lib\net8.0\Microsoft.IdentityModel.Logging.dll
                 Private = "false"
                 HintPath = "C:\Users\lucas.bertin\.nuget\packages\microsoft.identitymodel.logging\8.3.0\lib\net8.0\Microsoft.IdentityModel.Logging.dll"
             C:\Users\lucas.bertin\.nuget\packages\microsoft.identitymodel.tokens\8.3.0\lib\net8.0\Microsoft.IdentityModel.Tokens.dll
                 Private = "false"
                 HintPath = "C:\Users\lucas.bertin\.nuget\packages\microsoft.identitymodel.tokens\8.3.0\lib\net8.0\Microsoft.IdentityModel.Tokens.dll"
             C:\Users\lucas.bertin\.nuget\packages\skiasharp\2.88.8\lib\net6.0\SkiaSharp.dll
                 Private = "false"
                 HintPath = "C:\Users\lucas.bertin\.nuget\packages\skiasharp\2.88.8\lib\net6.0\SkiaSharp.dll"
             C:\Users\lucas.bertin\.nuget\packages\system.identitymodel.tokens.jwt\8.3.0\lib\net8.0\System.IdentityModel.Tokens.Jwt.dll
                 Private = "false"
                 HintPath = "C:\Users\lucas.bertin\.nuget\packages\system.identitymodel.tokens.jwt\8.3.0\lib\net8.0\System.IdentityModel.Tokens.Jwt.dll"
             C:\Users\lucas.bertin\.nuget\packages\system.io.packaging\4.5.0\ref\netstandard2.0\System.IO.Packaging.dll
                 Private = "false"
                 HintPath = "C:\Users\lucas.bertin\.nuget\packages\system.io.packaging\4.5.0\ref\netstandard2.0\System.IO.Packaging.dll"
             C:\Program Files\dotnet\packs\Microsoft.NETCore.App.Ref\8.0.21\ref/net8.0/Microsoft.CSharp.dll
                 Private = "false"
             C:\Program Files\dotnet\packs\Microsoft.NETCore.App.Ref\8.0.21\ref/net8.0/Microsoft.VisualBasic.Core.dll
                 Private = "false"
             C:\Program Files\dotnet\packs\Microsoft.NETCore.App.Ref\8.0.21\ref/net8.0/Microsoft.VisualBasic.dll
                 Private = "false"
             C:\Program Files\dotnet\packs\Microsoft.NETCore.App.Ref\8.0.21\ref/net8.0/Microsoft.Win32.Primitives.dll
                 Private = "false"
             C:\Program Files\dotnet\packs\Microsoft.NETCore.App.Ref\8.0.21\ref/net8.0/Microsoft.Win32.Registry.dll
                 Private = "false"
             C:\Program Files\dotnet\packs\Microsoft.NETCore.App.Ref\8.0.21\ref/net8.0/System.AppContext.dll
                 Private = "false"
             C:\Program Files\dotnet\packs\Microsoft.NETCore.App.Ref\8.0.21\ref/net8.0/System.Buffers.dll
                 Private = "false"
             C:\Program Files\dotnet\packs\Microsoft.NETCore.App.Ref\8.0.21\ref/net8.0/System.Collections.Concurrent.dll
                 Private = "false"
             C:\Program Files\dotnet\packs\Microsoft.NETCore.App.Ref\8.0.21\ref/net8.0/System.Collections.Immutable.dll
                 Private = "false"
             C:\Program Files\dotnet\packs\Microsoft.NETCore.App.Ref\8.0.21\ref/net8.0/System.Collections.NonGeneric.dll
                 Private = "false"
             C:\Program Files\dotnet\packs\Microsoft.NETCore.App.Ref\8.0.21\ref/net8.0/System.Collections.Specialized.dll
                 Private = "false"
             C:\Program Files\dotnet\packs\Microsoft.NETCore.App.Ref\8.0.21\ref/net8.0/System.Collections.dll
                 Private = "false"
             C:\Program Files\dotnet\packs\Microsoft.NETCore.App.Ref\8.0.21\ref/net8.0/System.ComponentModel.Annotations.dll
                 Private = "false"
             C:\Program Files\dotnet\packs\Microsoft.NETCore.App.Ref\8.0.21\ref/net8.0/System.ComponentModel.DataAnnotations.dll
                 Private = "false"
             C:\Program Files\dotnet\packs\Microsoft.NETCore.App.Ref\8.0.21\ref/net8.0/System.ComponentModel.EventBasedAsync.dll
                 Private = "false"
             C:\Program Files\dotnet\packs\Microsoft.NETCore.App.Ref\8.0.21\ref/net8.0/System.ComponentModel.Primitives.dll
                 Private = "false"
             C:\Program Files\dotnet\packs\Microsoft.NETCore.App.Ref\8.0.21\ref/net8.0/System.ComponentModel.TypeConverter.dll
                 Private = "false"
             C:\Program Files\dotnet\packs\Microsoft.NETCore.App.Ref\8.0.21\ref/net8.0/System.ComponentModel.dll
                 Private = "false"
             C:\Program Files\dotnet\packs\Microsoft.NETCore.App.Ref\8.0.21\ref/net8.0/System.Configuration.dll
                 Private = "false"
             C:\Program Files\dotnet\packs\Microsoft.NETCore.App.Ref\8.0.21\ref/net8.0/System.Console.dll
                 Private = "false"
             C:\Program Files\dotnet\packs\Microsoft.NETCore.App.Ref\8.0.21\ref/net8.0/System.Core.dll
                 Private = "false"
             C:\Program Files\dotnet\packs\Microsoft.NETCore.App.Ref\8.0.21\ref/net8.0/System.Data.Common.dll
                 Private = "false"
             C:\Program Files\dotnet\packs\Microsoft.NETCore.App.Ref\8.0.21\ref/net8.0/System.Data.DataSetExtensions.dll
                 Private = "false"
             C:\Program Files\dotnet\packs\Microsoft.NETCore.App.Ref\8.0.21\ref/net8.0/System.Data.dll
                 Private = "false"
             C:\Program Files\dotnet\packs\Microsoft.NETCore.App.Ref\8.0.21\ref/net8.0/System.Diagnostics.Contracts.dll
                 Private = "false"
             C:\Program Files\dotnet\packs\Microsoft.NETCore.App.Ref\8.0.21\ref/net8.0/System.Diagnostics.Debug.dll
                 Private = "false"
             C:\Program Files\dotnet\packs\Microsoft.NETCore.App.Ref\8.0.21\ref/net8.0/System.Diagnostics.DiagnosticSource.dll
                 Private = "false"
             C:\Program Files\dotnet\packs\Microsoft.NETCore.App.Ref\8.0.21\ref/net8.0/System.Diagnostics.FileVersionInfo.dll
                 Private = "false"
             C:\Program Files\dotnet\packs\Microsoft.NETCore.App.Ref\8.0.21\ref/net8.0/System.Diagnostics.Process.dll
                 Private = "false"
             C:\Program Files\dotnet\packs\Microsoft.NETCore.App.Ref\8.0.21\ref/net8.0/System.Diagnostics.StackTrace.dll
                 Private = "false"
             C:\Program Files\dotnet\packs\Microsoft.NETCore.App.Ref\8.0.21\ref/net8.0/System.Diagnostics.TextWriterTraceListener.dll
                 Private = "false"
             C:\Program Files\dotnet\packs\Microsoft.NETCore.App.Ref\8.0.21\ref/net8.0/System.Diagnostics.Tools.dll
                 Private = "false"
             C:\Program Files\dotnet\packs\Microsoft.NETCore.App.Ref\8.0.21\ref/net8.0/System.Diagnostics.TraceSource.dll
                 Private = "false"
             C:\Program Files\dotnet\packs\Microsoft.NETCore.App.Ref\8.0.21\ref/net8.0/System.Diagnostics.Tracing.dll
                 Private = "false"
             C:\Program Files\dotnet\packs\Microsoft.NETCore.App.Ref\8.0.21\ref/net8.0/System.Drawing.Primitives.dll
                 Private = "false"
             C:\Program Files\dotnet\packs\Microsoft.NETCore.App.Ref\8.0.21\ref/net8.0/System.Drawing.dll
                 Private = "false"
             C:\Program Files\dotnet\packs\Microsoft.NETCore.App.Ref\8.0.21\ref/net8.0/System.Dynamic.Runtime.dll
                 Private = "false"
             C:\Program Files\dotnet\packs\Microsoft.NETCore.App.Ref\8.0.21\ref/net8.0/System.Formats.Asn1.dll
                 Private = "false"
             C:\Program Files\dotnet\packs\Microsoft.NETCore.App.Ref\8.0.21\ref/net8.0/System.Formats.Tar.dll
                 Private = "false"
             C:\Program Files\dotnet\packs\Microsoft.NETCore.App.Ref\8.0.21\ref/net8.0/System.Globalization.Calendars.dll
                 Private = "false"
             C:\Program Files\dotnet\packs\Microsoft.NETCore.App.Ref\8.0.21\ref/net8.0/System.Globalization.Extensions.dll
                 Private = "false"
             C:\Program Files\dotnet\packs\Microsoft.NETCore.App.Ref\8.0.21\ref/net8.0/System.Globalization.dll
                 Private = "false"
             C:\Program Files\dotnet\packs\Microsoft.NETCore.App.Ref\8.0.21\ref/net8.0/System.IO.Compression.Brotli.dll
                 Private = "false"
             C:\Program Files\dotnet\packs\Microsoft.NETCore.App.Ref\8.0.21\ref/net8.0/System.IO.Compression.FileSystem.dll
                 Private = "false"
             C:\Program Files\dotnet\packs\Microsoft.NETCore.App.Ref\8.0.21\ref/net8.0/System.IO.Compression.ZipFile.dll
                 Private = "false"
             C:\Program Files\dotnet\packs\Microsoft.NETCore.App.Ref\8.0.21\ref/net8.0/System.IO.Compression.dll
                 Private = "false"
             C:\Program Files\dotnet\packs\Microsoft.NETCore.App.Ref\8.0.21\ref/net8.0/System.IO.FileSystem.AccessControl.dll
                 Private = "false"
             C:\Program Files\dotnet\packs\Microsoft.NETCore.App.Ref\8.0.21\ref/net8.0/System.IO.FileSystem.DriveInfo.dll
                 Private = "false"
             C:\Program Files\dotnet\packs\Microsoft.NETCore.App.Ref\8.0.21\ref/net8.0/System.IO.FileSystem.Primitives.dll
                 Private = "false"
             C:\Program Files\dotnet\packs\Microsoft.NETCore.App.Ref\8.0.21\ref/net8.0/System.IO.FileSystem.Watcher.dll
                 Private = "false"
             C:\Program Files\dotnet\packs\Microsoft.NETCore.App.Ref\8.0.21\ref/net8.0/System.IO.FileSystem.dll
                 Private = "false"
             C:\Program Files\dotnet\packs\Microsoft.NETCore.App.Ref\8.0.21\ref/net8.0/System.IO.IsolatedStorage.dll
                 Private = "false"
             C:\Program Files\dotnet\packs\Microsoft.NETCore.App.Ref\8.0.21\ref/net8.0/System.IO.MemoryMappedFiles.dll
                 Private = "false"
             C:\Program Files\dotnet\packs\Microsoft.NETCore.App.Ref\8.0.21\ref/net8.0/System.IO.Pipes.AccessControl.dll
                 Private = "false"
             C:\Program Files\dotnet\packs\Microsoft.NETCore.App.Ref\8.0.21\ref/net8.0/System.IO.Pipes.dll
                 Private = "false"
             C:\Program Files\dotnet\packs\Microsoft.NETCore.App.Ref\8.0.21\ref/net8.0/System.IO.UnmanagedMemoryStream.dll
                 Private = "false"
             C:\Program Files\dotnet\packs\Microsoft.NETCore.App.Ref\8.0.21\ref/net8.0/System.IO.dll
                 Private = "false"
             C:\Program Files\dotnet\packs\Microsoft.NETCore.App.Ref\8.0.21\ref/net8.0/System.Linq.Expressions.dll
                 Private = "false"
             C:\Program Files\dotnet\packs\Microsoft.NETCore.App.Ref\8.0.21\ref/net8.0/System.Linq.Parallel.dll
                 Private = "false"
             C:\Program Files\dotnet\packs\Microsoft.NETCore.App.Ref\8.0.21\ref/net8.0/System.Linq.Queryable.dll
                 Private = "false"
             C:\Program Files\dotnet\packs\Microsoft.NETCore.App.Ref\8.0.21\ref/net8.0/System.Linq.dll
                 Private = "false"
             C:\Program Files\dotnet\packs\Microsoft.NETCore.App.Ref\8.0.21\ref/net8.0/System.Memory.dll
                 Private = "false"
             C:\Program Files\dotnet\packs\Microsoft.NETCore.App.Ref\8.0.21\ref/net8.0/System.Net.Http.Json.dll
                 Private = "false"
             C:\Program Files\dotnet\packs\Microsoft.NETCore.App.Ref\8.0.21\ref/net8.0/System.Net.Http.dll
                 Private = "false"
             C:\Program Files\dotnet\packs\Microsoft.NETCore.App.Ref\8.0.21\ref/net8.0/System.Net.HttpListener.dll
                 Private = "false"
             C:\Program Files\dotnet\packs\Microsoft.NETCore.App.Ref\8.0.21\ref/net8.0/System.Net.Mail.dll
                 Private = "false"
             C:\Program Files\dotnet\packs\Microsoft.NETCore.App.Ref\8.0.21\ref/net8.0/System.Net.NameResolution.dll
                 Private = "false"
             C:\Program Files\dotnet\packs\Microsoft.NETCore.App.Ref\8.0.21\ref/net8.0/System.Net.NetworkInformation.dll
                 Private = "false"
             C:\Program Files\dotnet\packs\Microsoft.NETCore.App.Ref\8.0.21\ref/net8.0/System.Net.Ping.dll
                 Private = "false"
             C:\Program Files\dotnet\packs\Microsoft.NETCore.App.Ref\8.0.21\ref/net8.0/System.Net.Primitives.dll
                 Private = "false"
             C:\Program Files\dotnet\packs\Microsoft.NETCore.App.Ref\8.0.21\ref/net8.0/System.Net.Quic.dll
                 Private = "false"
             C:\Program Files\dotnet\packs\Microsoft.NETCore.App.Ref\8.0.21\ref/net8.0/System.Net.Requests.dll
                 Private = "false"
             C:\Program Files\dotnet\packs\Microsoft.NETCore.App.Ref\8.0.21\ref/net8.0/System.Net.Security.dll
                 Private = "false"
             C:\Program Files\dotnet\packs\Microsoft.NETCore.App.Ref\8.0.21\ref/net8.0/System.Net.ServicePoint.dll
                 Private = "false"
             C:\Program Files\dotnet\packs\Microsoft.NETCore.App.Ref\8.0.21\ref/net8.0/System.Net.Sockets.dll
                 Private = "false"
             C:\Program Files\dotnet\packs\Microsoft.NETCore.App.Ref\8.0.21\ref/net8.0/System.Net.WebClient.dll
                 Private = "false"
             C:\Program Files\dotnet\packs\Microsoft.NETCore.App.Ref\8.0.21\ref/net8.0/System.Net.WebHeaderCollection.dll
                 Private = "false"
             C:\Program Files\dotnet\packs\Microsoft.NETCore.App.Ref\8.0.21\ref/net8.0/System.Net.WebProxy.dll
                 Private = "false"
             C:\Program Files\dotnet\packs\Microsoft.NETCore.App.Ref\8.0.21\ref/net8.0/System.Net.WebSockets.Client.dll
                 Private = "false"
             C:\Program Files\dotnet\packs\Microsoft.NETCore.App.Ref\8.0.21\ref/net8.0/System.Net.WebSockets.dll
                 Private = "false"
             C:\Program Files\dotnet\packs\Microsoft.NETCore.App.Ref\8.0.21\ref/net8.0/System.Net.dll
                 Private = "false"
             C:\Program Files\dotnet\packs\Microsoft.NETCore.App.Ref\8.0.21\ref/net8.0/System.Numerics.Vectors.dll
                 Private = "false"
             C:\Program Files\dotnet\packs\Microsoft.NETCore.App.Ref\8.0.21\ref/net8.0/System.Numerics.dll
                 Private = "false"
             C:\Program Files\dotnet\packs\Microsoft.NETCore.App.Ref\8.0.21\ref/net8.0/System.ObjectModel.dll
                 Private = "false"
             C:\Program Files\dotnet\packs\Microsoft.NETCore.App.Ref\8.0.21\ref/net8.0/System.Reflection.DispatchProxy.dll
                 Private = "false"
             C:\Program Files\dotnet\packs\Microsoft.NETCore.App.Ref\8.0.21\ref/net8.0/System.Reflection.Emit.ILGeneration.dll
                 Private = "false"
             C:\Program Files\dotnet\packs\Microsoft.NETCore.App.Ref\8.0.21\ref/net8.0/System.Reflection.Emit.Lightweight.dll
                 Private = "false"
             C:\Program Files\dotnet\packs\Microsoft.NETCore.App.Ref\8.0.21\ref/net8.0/System.Reflection.Emit.dll
                 Private = "false"
             C:\Program Files\dotnet\packs\Microsoft.NETCore.App.Ref\8.0.21\ref/net8.0/System.Reflection.Extensions.dll
                 Private = "false"
             C:\Program Files\dotnet\packs\Microsoft.NETCore.App.Ref\8.0.21\ref/net8.0/System.Reflection.Metadata.dll
                 Private = "false"
             C:\Program Files\dotnet\packs\Microsoft.NETCore.App.Ref\8.0.21\ref/net8.0/System.Reflection.Primitives.dll
                 Private = "false"
             C:\Program Files\dotnet\packs\Microsoft.NETCore.App.Ref\8.0.21\ref/net8.0/System.Reflection.TypeExtensions.dll
                 Private = "false"
             C:\Program Files\dotnet\packs\Microsoft.NETCore.App.Ref\8.0.21\ref/net8.0/System.Reflection.dll
                 Private = "false"
             C:\Program Files\dotnet\packs\Microsoft.NETCore.App.Ref\8.0.21\ref/net8.0/System.Resources.Reader.dll
                 Private = "false"
             C:\Program Files\dotnet\packs\Microsoft.NETCore.App.Ref\8.0.21\ref/net8.0/System.Resources.ResourceManager.dll
                 Private = "false"
             C:\Program Files\dotnet\packs\Microsoft.NETCore.App.Ref\8.0.21\ref/net8.0/System.Resources.Writer.dll
                 Private = "false"
             C:\Program Files\dotnet\packs\Microsoft.NETCore.App.Ref\8.0.21\ref/net8.0/System.Runtime.CompilerServices.Unsafe.dll
                 Private = "false"
             C:\Program Files\dotnet\packs\Microsoft.NETCore.App.Ref\8.0.21\ref/net8.0/System.Runtime.CompilerServices.VisualC.dll
                 Private = "false"
             C:\Program Files\dotnet\packs\Microsoft.NETCore.App.Ref\8.0.21\ref/net8.0/System.Runtime.Extensions.dll
                 Private = "false"
             C:\Program Files\dotnet\packs\Microsoft.NETCore.App.Ref\8.0.21\ref/net8.0/System.Runtime.Handles.dll
                 Private = "false"
             C:\Program Files\dotnet\packs\Microsoft.NETCore.App.Ref\8.0.21\ref/net8.0/System.Runtime.InteropServices.JavaScript.dll
                 Private = "false"
             C:\Program Files\dotnet\packs\Microsoft.NETCore.App.Ref\8.0.21\ref/net8.0/System.Runtime.InteropServices.RuntimeInformation.dll
                 Private = "false"
             C:\Program Files\dotnet\packs\Microsoft.NETCore.App.Ref\8.0.21\ref/net8.0/System.Runtime.InteropServices.dll
                 Private = "false"
             C:\Program Files\dotnet\packs\Microsoft.NETCore.App.Ref\8.0.21\ref/net8.0/System.Runtime.Intrinsics.dll
                 Private = "false"
             C:\Program Files\dotnet\packs\Microsoft.NETCore.App.Ref\8.0.21\ref/net8.0/System.Runtime.Loader.dll
                 Private = "false"
             C:\Program Files\dotnet\packs\Microsoft.NETCore.App.Ref\8.0.21\ref/net8.0/System.Runtime.Numerics.dll
                 Private = "false"
             C:\Program Files\dotnet\packs\Microsoft.NETCore.App.Ref\8.0.21\ref/net8.0/System.Runtime.Serialization.Formatters.dll
                 Private = "false"
             C:\Program Files\dotnet\packs\Microsoft.NETCore.App.Ref\8.0.21\ref/net8.0/System.Runtime.Serialization.Json.dll
                 Private = "false"
             C:\Program Files\dotnet\packs\Microsoft.NETCore.App.Ref\8.0.21\ref/net8.0/System.Runtime.Serialization.Primitives.dll
                 Private = "false"
             C:\Program Files\dotnet\packs\Microsoft.NETCore.App.Ref\8.0.21\ref/net8.0/System.Runtime.Serialization.Xml.dll
                 Private = "false"
             C:\Program Files\dotnet\packs\Microsoft.NETCore.App.Ref\8.0.21\ref/net8.0/System.Runtime.Serialization.dll
                 Private = "false"
             C:\Program Files\dotnet\packs\Microsoft.NETCore.App.Ref\8.0.21\ref/net8.0/System.Runtime.dll
                 Private = "false"
             C:\Program Files\dotnet\packs\Microsoft.NETCore.App.Ref\8.0.21\ref/net8.0/System.Security.AccessControl.dll
                 Private = "false"
             C:\Program Files\dotnet\packs\Microsoft.NETCore.App.Ref\8.0.21\ref/net8.0/System.Security.Claims.dll
                 Private = "false"
             C:\Program Files\dotnet\packs\Microsoft.NETCore.App.Ref\8.0.21\ref/net8.0/System.Security.Cryptography.Algorithms.dll
                 Private = "false"
             C:\Program Files\dotnet\packs\Microsoft.NETCore.App.Ref\8.0.21\ref/net8.0/System.Security.Cryptography.Cng.dll
                 Private = "false"
             C:\Program Files\dotnet\packs\Microsoft.NETCore.App.Ref\8.0.21\ref/net8.0/System.Security.Cryptography.Csp.dll
                 Private = "false"
             C:\Program Files\dotnet\packs\Microsoft.NETCore.App.Ref\8.0.21\ref/net8.0/System.Security.Cryptography.Encoding.dll
                 Private = "false"
             C:\Program Files\dotnet\packs\Microsoft.NETCore.App.Ref\8.0.21\ref/net8.0/System.Security.Cryptography.OpenSsl.dll
                 Private = "false"
             C:\Program Files\dotnet\packs\Microsoft.NETCore.App.Ref\8.0.21\ref/net8.0/System.Security.Cryptography.Primitives.dll
                 Private = "false"
             C:\Program Files\dotnet\packs\Microsoft.NETCore.App.Ref\8.0.21\ref/net8.0/System.Security.Cryptography.X509Certificates.dll
                 Private = "false"
             C:\Program Files\dotnet\packs\Microsoft.NETCore.App.Ref\8.0.21\ref/net8.0/System.Security.Cryptography.dll
                 Private = "false"
             C:\Program Files\dotnet\packs\Microsoft.NETCore.App.Ref\8.0.21\ref/net8.0/System.Security.Principal.Windows.dll
                 Private = "false"
             C:\Program Files\dotnet\packs\Microsoft.NETCore.App.Ref\8.0.21\ref/net8.0/System.Security.Principal.dll
                 Private = "false"
             C:\Program Files\dotnet\packs\Microsoft.NETCore.App.Ref\8.0.21\ref/net8.0/System.Security.SecureString.dll
                 Private = "false"
             C:\Program Files\dotnet\packs\Microsoft.NETCore.App.Ref\8.0.21\ref/net8.0/System.Security.dll
                 Private = "false"
             C:\Program Files\dotnet\packs\Microsoft.NETCore.App.Ref\8.0.21\ref/net8.0/System.ServiceModel.Web.dll
                 Private = "false"
             C:\Program Files\dotnet\packs\Microsoft.NETCore.App.Ref\8.0.21\ref/net8.0/System.ServiceProcess.dll
                 Private = "false"
             C:\Program Files\dotnet\packs\Microsoft.NETCore.App.Ref\8.0.21\ref/net8.0/System.Text.Encoding.CodePages.dll
                 Private = "false"
             C:\Program Files\dotnet\packs\Microsoft.NETCore.App.Ref\8.0.21\ref/net8.0/System.Text.Encoding.Extensions.dll
                 Private = "false"
             C:\Program Files\dotnet\packs\Microsoft.NETCore.App.Ref\8.0.21\ref/net8.0/System.Text.Encoding.dll
                 Private = "false"
             C:\Program Files\dotnet\packs\Microsoft.NETCore.App.Ref\8.0.21\ref/net8.0/System.Text.Encodings.Web.dll
                 Private = "false"
             C:\Program Files\dotnet\packs\Microsoft.NETCore.App.Ref\8.0.21\ref/net8.0/System.Text.Json.dll
                 Private = "false"
             C:\Program Files\dotnet\packs\Microsoft.NETCore.App.Ref\8.0.21\ref/net8.0/System.Text.RegularExpressions.dll
                 Private = "false"
             C:\Program Files\dotnet\packs\Microsoft.NETCore.App.Ref\8.0.21\ref/net8.0/System.Threading.Channels.dll
                 Private = "false"
             C:\Program Files\dotnet\packs\Microsoft.NETCore.App.Ref\8.0.21\ref/net8.0/System.Threading.Overlapped.dll
                 Private = "false"
             C:\Program Files\dotnet\packs\Microsoft.NETCore.App.Ref\8.0.21\ref/net8.0/System.Threading.Tasks.Dataflow.dll
                 Private = "false"
             C:\Program Files\dotnet\packs\Microsoft.NETCore.App.Ref\8.0.21\ref/net8.0/System.Threading.Tasks.Extensions.dll
                 Private = "false"
             C:\Program Files\dotnet\packs\Microsoft.NETCore.App.Ref\8.0.21\ref/net8.0/System.Threading.Tasks.Parallel.dll
                 Private = "false"
             C:\Program Files\dotnet\packs\Microsoft.NETCore.App.Ref\8.0.21\ref/net8.0/System.Threading.Tasks.dll
                 Private = "false"
             C:\Program Files\dotnet\packs\Microsoft.NETCore.App.Ref\8.0.21\ref/net8.0/System.Threading.Thread.dll
                 Private = "false"
             C:\Program Files\dotnet\packs\Microsoft.NETCore.App.Ref\8.0.21\ref/net8.0/System.Threading.ThreadPool.dll
                 Private = "false"
             C:\Program Files\dotnet\packs\Microsoft.NETCore.App.Ref\8.0.21\ref/net8.0/System.Threading.Timer.dll
                 Private = "false"
             C:\Program Files\dotnet\packs\Microsoft.NETCore.App.Ref\8.0.21\ref/net8.0/System.Threading.dll
                 Private = "false"
             C:\Program Files\dotnet\packs\Microsoft.NETCore.App.Ref\8.0.21\ref/net8.0/System.Transactions.Local.dll
                 Private = "false"
             C:\Program Files\dotnet\packs\Microsoft.NETCore.App.Ref\8.0.21\ref/net8.0/System.Transactions.dll
                 Private = "false"
             C:\Program Files\dotnet\packs\Microsoft.NETCore.App.Ref\8.0.21\ref/net8.0/System.ValueTuple.dll
                 Private = "false"
             C:\Program Files\dotnet\packs\Microsoft.NETCore.App.Ref\8.0.21\ref/net8.0/System.Web.HttpUtility.dll
                 Private = "false"
             C:\Program Files\dotnet\packs\Microsoft.NETCore.App.Ref\8.0.21\ref/net8.0/System.Web.dll
                 Private = "false"
             C:\Program Files\dotnet\packs\Microsoft.NETCore.App.Ref\8.0.21\ref/net8.0/System.Windows.dll
                 Private = "false"
             C:\Program Files\dotnet\packs\Microsoft.NETCore.App.Ref\8.0.21\ref/net8.0/System.Xml.Linq.dll
                 Private = "false"
             C:\Program Files\dotnet\packs\Microsoft.NETCore.App.Ref\8.0.21\ref/net8.0/System.Xml.ReaderWriter.dll
                 Private = "false"
             C:\Program Files\dotnet\packs\Microsoft.NETCore.App.Ref\8.0.21\ref/net8.0/System.Xml.Serialization.dll
                 Private = "false"
             C:\Program Files\dotnet\packs\Microsoft.NETCore.App.Ref\8.0.21\ref/net8.0/System.Xml.XDocument.dll
                 Private = "false"
             C:\Program Files\dotnet\packs\Microsoft.NETCore.App.Ref\8.0.21\ref/net8.0/System.Xml.XPath.XDocument.dll
                 Private = "false"
             C:\Program Files\dotnet\packs\Microsoft.NETCore.App.Ref\8.0.21\ref/net8.0/System.Xml.XPath.dll
                 Private = "false"
             C:\Program Files\dotnet\packs\Microsoft.NETCore.App.Ref\8.0.21\ref/net8.0/System.Xml.XmlDocument.dll
                 Private = "false"
             C:\Program Files\dotnet\packs\Microsoft.NETCore.App.Ref\8.0.21\ref/net8.0/System.Xml.XmlSerializer.dll
                 Private = "false"
             C:\Program Files\dotnet\packs\Microsoft.NETCore.App.Ref\8.0.21\ref/net8.0/System.Xml.dll
                 Private = "false"
             C:\Program Files\dotnet\packs\Microsoft.NETCore.App.Ref\8.0.21\ref/net8.0/System.dll
                 Private = "false"
             C:\Program Files\dotnet\packs\Microsoft.NETCore.App.Ref\8.0.21\ref/net8.0/WindowsBase.dll
                 Private = "false"
             C:\Program Files\dotnet\packs\Microsoft.NETCore.App.Ref\8.0.21\ref/net8.0/mscorlib.dll
                 Private = "false"
             C:\Program Files\dotnet\packs\Microsoft.NETCore.App.Ref\8.0.21\ref/net8.0/netstandard.dll
                 Private = "false"
         AssemblyFiles:
             C:\Projects\Irma Dulce\backend\src\IrmaDulce.Domain\bin\Debug\net8.0\IrmaDulce.Domain.dll
         CandidateAssemblyFiles:
         TargetFrameworkDirectories:
             
         InstalledAssemblyTables:
         IgnoreInstalledAssemblyTable:
             False
         SearchPaths:
             {CandidateAssemblyFiles}
             {HintPathFromItem}
             {TargetFrameworkDirectory}
             {RawFileName}
         AllowedAssemblyExtensions:
             .winmd
             .dll
             .exe
         AllowedRelatedFileExtensions:
             .pdb
             .xml
             .pri
             .dll.config
             .exe.config
         AppConfigFile:
             
         AutoUnify:
             True
         CopyLocalDependenciesWhenParentReferenceInGac:
             True
         FindDependencies:
             True
         TargetProcessorArchitecture:
             msil
         StateFile:
             obj\Debug\net8.0\IrmaDulce.Application.csproj.AssemblyReference.cache
         InstalledAssemblySubsetTables:
         IgnoreInstalledAssemblySubsetTable:
             False
         TargetFrameworkSubsets:
         FullTargetFrameworkSubsetNames:
             Full
         ProfileName:
             
         FullFrameworkFolders:
         LatestTargetFrameworkDirectories:
         ProfileTablesLocation:
         Referência principal "IrmaDulce.Domain, Version=1.0.0.0, Culture=neutral, PublicKeyToken=null".
             O caminho do arquivo resolvido é "C:\Projects\Irma Dulce\backend\src\IrmaDulce.Domain\bin\Debug\net8.0\IrmaDulce.Domain.dll".
             Referência encontrada no local do caminho de pesquisa "C:\Projects\Irma Dulce\backend\src\IrmaDulce.Domain\bin\Debug\net8.0\IrmaDulce.Domain.dll".
             Encontrado arquivo relacionado "C:\Projects\Irma Dulce\backend\src\IrmaDulce.Domain\bin\Debug\net8.0\IrmaDulce.Domain.pdb".
         Referência principal "BCrypt.Net-Next, Version=4.0.3.0, Culture=neutral, PublicKeyToken=1e11be04b6288443".
             O caminho do arquivo resolvido é "C:\Users\lucas.bertin\.nuget\packages\bcrypt.net-next\4.0.3\lib\net6.0\BCrypt.Net-Next.dll".
             Referência encontrada no local do caminho de pesquisa "{HintPathFromItem}".
             Essa referência não é "CopyLocal" porque pelo menos um item de origem tinha "Private" definido como "false" e nenhum item de origem tinha "Private" definido como "true".
         Referência principal "Xceed.Document.NET, Version=5.0.0.0, Culture=neutral, PublicKeyToken=3e4669d2f30244f4".
             O caminho do arquivo resolvido é "C:\Users\lucas.bertin\.nuget\packages\docx\5.0.0\lib\net5.0\Xceed.Document.NET.dll".
             Referência encontrada no local do caminho de pesquisa "{HintPathFromItem}".
             Essa referência não é "CopyLocal" porque pelo menos um item de origem tinha "Private" definido como "false" e nenhum item de origem tinha "Private" definido como "true".
         Referência principal "Xceed.Drawing.NET, Version=1.0.0.0, Culture=neutral, PublicKeyToken=3e4669d2f30244f4".
             O caminho do arquivo resolvido é "C:\Users\lucas.bertin\.nuget\packages\docx\5.0.0\lib\net5.0\Xceed.Drawing.NET.dll".
             Referência encontrada no local do caminho de pesquisa "{HintPathFromItem}".
             Essa referência não é "CopyLocal" porque pelo menos um item de origem tinha "Private" definido como "false" e nenhum item de origem tinha "Private" definido como "true".
         Referência principal "Xceed.Words.NET, Version=5.0.0.0, Culture=neutral, PublicKeyToken=3e4669d2f30244f4".
             O caminho do arquivo resolvido é "C:\Users\lucas.bertin\.nuget\packages\docx\5.0.0\lib\net5.0\Xceed.Words.NET.dll".
             Referência encontrada no local do caminho de pesquisa "{HintPathFromItem}".
             Essa referência não é "CopyLocal" porque pelo menos um item de origem tinha "Private" definido como "false" e nenhum item de origem tinha "Private" definido como "true".
         Referência principal "Microsoft.Extensions.Configuration.Abstractions, Version=8.0.0.0, Culture=neutral, PublicKeyToken=adb9793829ddae60".
             O caminho do arquivo resolvido é "C:\Users\lucas.bertin\.nuget\packages\microsoft.extensions.configuration.abstractions\8.0.0\lib\net8.0\Microsoft.Extensions.Configuration.Abstractions.dll".
             Referência encontrada no local do caminho de pesquisa "{HintPathFromItem}".
             Essa referência não é "CopyLocal" porque pelo menos um item de origem tinha "Private" definido como "false" e nenhum item de origem tinha "Private" definido como "true".
         Referência principal "Microsoft.Extensions.Primitives, Version=8.0.0.0, Culture=neutral, PublicKeyToken=adb9793829ddae60".
             O caminho do arquivo resolvido é "C:\Users\lucas.bertin\.nuget\packages\microsoft.extensions.primitives\8.0.0\lib\net8.0\Microsoft.Extensions.Primitives.dll".
             Referência encontrada no local do caminho de pesquisa "{HintPathFromItem}".
             Essa referência não é "CopyLocal" porque pelo menos um item de origem tinha "Private" definido como "false" e nenhum item de origem tinha "Private" definido como "true".
         Referência principal "Microsoft.IdentityModel.Abstractions, Version=8.3.0.0, Culture=neutral, PublicKeyToken=31bf3856ad364e35".
             O caminho do arquivo resolvido é "C:\Users\lucas.bertin\.nuget\packages\microsoft.identitymodel.abstractions\8.3.0\lib\net8.0\Microsoft.IdentityModel.Abstractions.dll".
             Referência encontrada no local do caminho de pesquisa "{HintPathFromItem}".
             Essa referência não é "CopyLocal" porque pelo menos um item de origem tinha "Private" definido como "false" e nenhum item de origem tinha "Private" definido como "true".
         Referência principal "Microsoft.IdentityModel.JsonWebTokens, Version=8.3.0.0, Culture=neutral, PublicKeyToken=31bf3856ad364e35".
             O caminho do arquivo resolvido é "C:\Users\lucas.bertin\.nuget\packages\microsoft.identitymodel.jsonwebtokens\8.3.0\lib\net8.0\Microsoft.IdentityModel.JsonWebTokens.dll".
             Referência encontrada no local do caminho de pesquisa "{HintPathFromItem}".
             Essa referência não é "CopyLocal" porque pelo menos um item de origem tinha "Private" definido como "false" e nenhum item de origem tinha "Private" definido como "true".
         Referência principal "Microsoft.IdentityModel.Logging, Version=8.3.0.0, Culture=neutral, PublicKeyToken=31bf3856ad364e35".
             O caminho do arquivo resolvido é "C:\Users\lucas.bertin\.nuget\packages\microsoft.identitymodel.logging\8.3.0\lib\net8.0\Microsoft.IdentityModel.Logging.dll".
             Referência encontrada no local do caminho de pesquisa "{HintPathFromItem}".
             Essa referência não é "CopyLocal" porque pelo menos um item de origem tinha "Private" definido como "false" e nenhum item de origem tinha "Private" definido como "true".
         Referência principal "Microsoft.IdentityModel.Tokens, Version=8.3.0.0, Culture=neutral, PublicKeyToken=31bf3856ad364e35".
             O caminho do arquivo resolvido é "C:\Users\lucas.bertin\.nuget\packages\microsoft.identitymodel.tokens\8.3.0\lib\net8.0\Microsoft.IdentityModel.Tokens.dll".
             Referência encontrada no local do caminho de pesquisa "{HintPathFromItem}".
             Essa referência não é "CopyLocal" porque pelo menos um item de origem tinha "Private" definido como "false" e nenhum item de origem tinha "Private" definido como "true".
         Referência principal "SkiaSharp, Version=2.88.0.0, Culture=neutral, PublicKeyToken=0738eb9f132ed756".
             O caminho do arquivo resolvido é "C:\Users\lucas.bertin\.nuget\packages\skiasharp\2.88.8\lib\net6.0\SkiaSharp.dll".
             Referência encontrada no local do caminho de pesquisa "{HintPathFromItem}".
             Essa referência não é "CopyLocal" porque pelo menos um item de origem tinha "Private" definido como "false" e nenhum item de origem tinha "Private" definido como "true".
         Referência principal "System.IdentityModel.Tokens.Jwt, Version=8.3.0.0, Culture=neutral, PublicKeyToken=31bf3856ad364e35".
             O caminho do arquivo resolvido é "C:\Users\lucas.bertin\.nuget\packages\system.identitymodel.tokens.jwt\8.3.0\lib\net8.0\System.IdentityModel.Tokens.Jwt.dll".
             Referência encontrada no local do caminho de pesquisa "{HintPathFromItem}".
             Essa referência não é "CopyLocal" porque pelo menos um item de origem tinha "Private" definido como "false" e nenhum item de origem tinha "Private" definido como "true".
         Referência principal "System.IO.Packaging, Version=4.0.3.0, Culture=neutral, PublicKeyToken=b03f5f7f11d50a3a".
             O caminho do arquivo resolvido é "C:\Users\lucas.bertin\.nuget\packages\system.io.packaging\4.5.0\ref\netstandard2.0\System.IO.Packaging.dll".
             Referência encontrada no local do caminho de pesquisa "{HintPathFromItem}".
             Essa referência não é "CopyLocal" porque pelo menos um item de origem tinha "Private" definido como "false" e nenhum item de origem tinha "Private" definido como "true".
         Referência principal "Microsoft.CSharp, Version=8.0.0.0, Culture=neutral, PublicKeyToken=b03f5f7f11d50a3a".
             O caminho do arquivo resolvido é "C:\Program Files\dotnet\packs\Microsoft.NETCore.App.Ref\8.0.21\ref\net8.0\Microsoft.CSharp.dll".
             Referência encontrada no local do caminho de pesquisa "{RawFileName}".
             Essa referência não é "CopyLocal" porque pelo menos um item de origem tinha "Private" definido como "false" e nenhum item de origem tinha "Private" definido como "true".
         Referência principal "Microsoft.VisualBasic.Core, Version=13.0.0.0, Culture=neutral, PublicKeyToken=b03f5f7f11d50a3a".
             O caminho do arquivo resolvido é "C:\Program Files\dotnet\packs\Microsoft.NETCore.App.Ref\8.0.21\ref\net8.0\Microsoft.VisualBasic.Core.dll".
             Referência encontrada no local do caminho de pesquisa "{RawFileName}".
             Essa referência não é "CopyLocal" porque pelo menos um item de origem tinha "Private" definido como "false" e nenhum item de origem tinha "Private" definido como "true".
         Referência principal "Microsoft.VisualBasic, Version=10.0.0.0, Culture=neutral, PublicKeyToken=b03f5f7f11d50a3a".
             O caminho do arquivo resolvido é "C:\Program Files\dotnet\packs\Microsoft.NETCore.App.Ref\8.0.21\ref\net8.0\Microsoft.VisualBasic.dll".
             Referência encontrada no local do caminho de pesquisa "{RawFileName}".
             Essa referência não é "CopyLocal" porque pelo menos um item de origem tinha "Private" definido como "false" e nenhum item de origem tinha "Private" definido como "true".
         Referência principal "Microsoft.Win32.Primitives, Version=8.0.0.0, Culture=neutral, PublicKeyToken=b03f5f7f11d50a3a".
             O caminho do arquivo resolvido é "C:\Program Files\dotnet\packs\Microsoft.NETCore.App.Ref\8.0.21\ref\net8.0\Microsoft.Win32.Primitives.dll".
             Referência encontrada no local do caminho de pesquisa "{RawFileName}".
             Essa referência não é "CopyLocal" porque pelo menos um item de origem tinha "Private" definido como "false" e nenhum item de origem tinha "Private" definido como "true".
         Referência principal "Microsoft.Win32.Registry, Version=8.0.0.0, Culture=neutral, PublicKeyToken=b03f5f7f11d50a3a".
             O caminho do arquivo resolvido é "C:\Program Files\dotnet\packs\Microsoft.NETCore.App.Ref\8.0.21\ref\net8.0\Microsoft.Win32.Registry.dll".
             Referência encontrada no local do caminho de pesquisa "{RawFileName}".
             Essa referência não é "CopyLocal" porque pelo menos um item de origem tinha "Private" definido como "false" e nenhum item de origem tinha "Private" definido como "true".
         Referência principal "System.AppContext, Version=8.0.0.0, Culture=neutral, PublicKeyToken=b03f5f7f11d50a3a".
             O caminho do arquivo resolvido é "C:\Program Files\dotnet\packs\Microsoft.NETCore.App.Ref\8.0.21\ref\net8.0\System.AppContext.dll".
             Referência encontrada no local do caminho de pesquisa "{RawFileName}".
             Essa referência não é "CopyLocal" porque pelo menos um item de origem tinha "Private" definido como "false" e nenhum item de origem tinha "Private" definido como "true".
         Referência principal "System.Buffers, Version=8.0.0.0, Culture=neutral, PublicKeyToken=cc7b13ffcd2ddd51".
             O caminho do arquivo resolvido é "C:\Program Files\dotnet\packs\Microsoft.NETCore.App.Ref\8.0.21\ref\net8.0\System.Buffers.dll".
             Referência encontrada no local do caminho de pesquisa "{RawFileName}".
             Essa referência não é "CopyLocal" porque pelo menos um item de origem tinha "Private" definido como "false" e nenhum item de origem tinha "Private" definido como "true".
         Referência principal "System.Collections.Concurrent, Version=8.0.0.0, Culture=neutral, PublicKeyToken=b03f5f7f11d50a3a".
             O caminho do arquivo resolvido é "C:\Program Files\dotnet\packs\Microsoft.NETCore.App.Ref\8.0.21\ref\net8.0\System.Collections.Concurrent.dll".
             Referência encontrada no local do caminho de pesquisa "{RawFileName}".
             Essa referência não é "CopyLocal" porque pelo menos um item de origem tinha "Private" definido como "false" e nenhum item de origem tinha "Private" definido como "true".
         Referência principal "System.Collections.Immutable, Version=8.0.0.0, Culture=neutral, PublicKeyToken=b03f5f7f11d50a3a".
             O caminho do arquivo resolvido é "C:\Program Files\dotnet\packs\Microsoft.NETCore.App.Ref\8.0.21\ref\net8.0\System.Collections.Immutable.dll".
             Referência encontrada no local do caminho de pesquisa "{RawFileName}".
             Essa referência não é "CopyLocal" porque pelo menos um item de origem tinha "Private" definido como "false" e nenhum item de origem tinha "Private" definido como "true".
         Referência principal "System.Collections.NonGeneric, Version=8.0.0.0, Culture=neutral, PublicKeyToken=b03f5f7f11d50a3a".
             O caminho do arquivo resolvido é "C:\Program Files\dotnet\packs\Microsoft.NETCore.App.Ref\8.0.21\ref\net8.0\System.Collections.NonGeneric.dll".
             Referência encontrada no local do caminho de pesquisa "{RawFileName}".
             Essa referência não é "CopyLocal" porque pelo menos um item de origem tinha "Private" definido como "false" e nenhum item de origem tinha "Private" definido como "true".
         Referência principal "System.Collections.Specialized, Version=8.0.0.0, Culture=neutral, PublicKeyToken=b03f5f7f11d50a3a".
             O caminho do arquivo resolvido é "C:\Program Files\dotnet\packs\Microsoft.NETCore.App.Ref\8.0.21\ref\net8.0\System.Collections.Specialized.dll".
             Referência encontrada no local do caminho de pesquisa "{RawFileName}".
             Essa referência não é "CopyLocal" porque pelo menos um item de origem tinha "Private" definido como "false" e nenhum item de origem tinha "Private" definido como "true".
         Referência principal "System.Collections, Version=8.0.0.0, Culture=neutral, PublicKeyToken=b03f5f7f11d50a3a".
             O caminho do arquivo resolvido é "C:\Program Files\dotnet\packs\Microsoft.NETCore.App.Ref\8.0.21\ref\net8.0\System.Collections.dll".
             Referência encontrada no local do caminho de pesquisa "{RawFileName}".
             Essa referência não é "CopyLocal" porque pelo menos um item de origem tinha "Private" definido como "false" e nenhum item de origem tinha "Private" definido como "true".
         Referência principal "System.ComponentModel.Annotations, Version=8.0.0.0, Culture=neutral, PublicKeyToken=b03f5f7f11d50a3a".
             O caminho do arquivo resolvido é "C:\Program Files\dotnet\packs\Microsoft.NETCore.App.Ref\8.0.21\ref\net8.0\System.ComponentModel.Annotations.dll".
             Referência encontrada no local do caminho de pesquisa "{RawFileName}".
             Essa referência não é "CopyLocal" porque pelo menos um item de origem tinha "Private" definido como "false" e nenhum item de origem tinha "Private" definido como "true".
         Referência principal "System.ComponentModel.DataAnnotations, Version=4.0.0.0, Culture=neutral, PublicKeyToken=31bf3856ad364e35".
             O caminho do arquivo resolvido é "C:\Program Files\dotnet\packs\Microsoft.NETCore.App.Ref\8.0.21\ref\net8.0\System.ComponentModel.DataAnnotations.dll".
             Referência encontrada no local do caminho de pesquisa "{RawFileName}".
             Essa referência não é "CopyLocal" porque pelo menos um item de origem tinha "Private" definido como "false" e nenhum item de origem tinha "Private" definido como "true".
         Referência principal "System.ComponentModel.EventBasedAsync, Version=8.0.0.0, Culture=neutral, PublicKeyToken=b03f5f7f11d50a3a".
             O caminho do arquivo resolvido é "C:\Program Files\dotnet\packs\Microsoft.NETCore.App.Ref\8.0.21\ref\net8.0\System.ComponentModel.EventBasedAsync.dll".
             Referência encontrada no local do caminho de pesquisa "{RawFileName}".
             Essa referência não é "CopyLocal" porque pelo menos um item de origem tinha "Private" definido como "false" e nenhum item de origem tinha "Private" definido como "true".
         Referência principal "System.ComponentModel.Primitives, Version=8.0.0.0, Culture=neutral, PublicKeyToken=b03f5f7f11d50a3a".
             O caminho do arquivo resolvido é "C:\Program Files\dotnet\packs\Microsoft.NETCore.App.Ref\8.0.21\ref\net8.0\System.ComponentModel.Primitives.dll".
             Referência encontrada no local do caminho de pesquisa "{RawFileName}".
             Essa referência não é "CopyLocal" porque pelo menos um item de origem tinha "Private" definido como "false" e nenhum item de origem tinha "Private" definido como "true".
         Referência principal "System.ComponentModel.TypeConverter, Version=8.0.0.0, Culture=neutral, PublicKeyToken=b03f5f7f11d50a3a".
             O caminho do arquivo resolvido é "C:\Program Files\dotnet\packs\Microsoft.NETCore.App.Ref\8.0.21\ref\net8.0\System.ComponentModel.TypeConverter.dll".
             Referência encontrada no local do caminho de pesquisa "{RawFileName}".
             Essa referência não é "CopyLocal" porque pelo menos um item de origem tinha "Private" definido como "false" e nenhum item de origem tinha "Private" definido como "true".
         Referência principal "System.ComponentModel, Version=8.0.0.0, Culture=neutral, PublicKeyToken=b03f5f7f11d50a3a".
             O caminho do arquivo resolvido é "C:\Program Files\dotnet\packs\Microsoft.NETCore.App.Ref\8.0.21\ref\net8.0\System.ComponentModel.dll".
             Referência encontrada no local do caminho de pesquisa "{RawFileName}".
             Essa referência não é "CopyLocal" porque pelo menos um item de origem tinha "Private" definido como "false" e nenhum item de origem tinha "Private" definido como "true".
         Referência principal "System.Configuration, Version=4.0.0.0, Culture=neutral, PublicKeyToken=b03f5f7f11d50a3a".
             O caminho do arquivo resolvido é "C:\Program Files\dotnet\packs\Microsoft.NETCore.App.Ref\8.0.21\ref\net8.0\System.Configuration.dll".
             Referência encontrada no local do caminho de pesquisa "{RawFileName}".
             Essa referência não é "CopyLocal" porque pelo menos um item de origem tinha "Private" definido como "false" e nenhum item de origem tinha "Private" definido como "true".
         Referência principal "System.Console, Version=8.0.0.0, Culture=neutral, PublicKeyToken=b03f5f7f11d50a3a".
             O caminho do arquivo resolvido é "C:\Program Files\dotnet\packs\Microsoft.NETCore.App.Ref\8.0.21\ref\net8.0\System.Console.dll".
             Referência encontrada no local do caminho de pesquisa "{RawFileName}".
             Essa referência não é "CopyLocal" porque pelo menos um item de origem tinha "Private" definido como "false" e nenhum item de origem tinha "Private" definido como "true".
         Referência principal "System.Core, Version=4.0.0.0, Culture=neutral, PublicKeyToken=b77a5c561934e089".
             O caminho do arquivo resolvido é "C:\Program Files\dotnet\packs\Microsoft.NETCore.App.Ref\8.0.21\ref\net8.0\System.Core.dll".
             Referência encontrada no local do caminho de pesquisa "{RawFileName}".
             Essa referência não é "CopyLocal" porque pelo menos um item de origem tinha "Private" definido como "false" e nenhum item de origem tinha "Private" definido como "true".
         Referência principal "System.Data.Common, Version=8.0.0.0, Culture=neutral, PublicKeyToken=b03f5f7f11d50a3a".
             O caminho do arquivo resolvido é "C:\Program Files\dotnet\packs\Microsoft.NETCore.App.Ref\8.0.21\ref\net8.0\System.Data.Common.dll".
             Referência encontrada no local do caminho de pesquisa "{RawFileName}".
             Essa referência não é "CopyLocal" porque pelo menos um item de origem tinha "Private" definido como "false" e nenhum item de origem tinha "Private" definido como "true".
         Referência principal "System.Data.DataSetExtensions, Version=8.0.0.0, Culture=neutral, PublicKeyToken=b77a5c561934e089".
             O caminho do arquivo resolvido é "C:\Program Files\dotnet\packs\Microsoft.NETCore.App.Ref\8.0.21\ref\net8.0\System.Data.DataSetExtensions.dll".
             Referência encontrada no local do caminho de pesquisa "{RawFileName}".
             Essa referência não é "CopyLocal" porque pelo menos um item de origem tinha "Private" definido como "false" e nenhum item de origem tinha "Private" definido como "true".
         Referência principal "System.Data, Version=4.0.0.0, Culture=neutral, PublicKeyToken=b77a5c561934e089".
             O caminho do arquivo resolvido é "C:\Program Files\dotnet\packs\Microsoft.NETCore.App.Ref\8.0.21\ref\net8.0\System.Data.dll".
             Referência encontrada no local do caminho de pesquisa "{RawFileName}".
             Essa referência não é "CopyLocal" porque pelo menos um item de origem tinha "Private" definido como "false" e nenhum item de origem tinha "Private" definido como "true".
         Referência principal "System.Diagnostics.Contracts, Version=8.0.0.0, Culture=neutral, PublicKeyToken=b03f5f7f11d50a3a".
             O caminho do arquivo resolvido é "C:\Program Files\dotnet\packs\Microsoft.NETCore.App.Ref\8.0.21\ref\net8.0\System.Diagnostics.Contracts.dll".
             Referência encontrada no local do caminho de pesquisa "{RawFileName}".
             Essa referência não é "CopyLocal" porque pelo menos um item de origem tinha "Private" definido como "false" e nenhum item de origem tinha "Private" definido como "true".
         Referência principal "System.Diagnostics.Debug, Version=8.0.0.0, Culture=neutral, PublicKeyToken=b03f5f7f11d50a3a".
             O caminho do arquivo resolvido é "C:\Program Files\dotnet\packs\Microsoft.NETCore.App.Ref\8.0.21\ref\net8.0\System.Diagnostics.Debug.dll".
             Referência encontrada no local do caminho de pesquisa "{RawFileName}".
             Essa referência não é "CopyLocal" porque pelo menos um item de origem tinha "Private" definido como "false" e nenhum item de origem tinha "Private" definido como "true".
         Referência principal "System.Diagnostics.DiagnosticSource, Version=8.0.0.0, Culture=neutral, PublicKeyToken=cc7b13ffcd2ddd51".
             O caminho do arquivo resolvido é "C:\Program Files\dotnet\packs\Microsoft.NETCore.App.Ref\8.0.21\ref\net8.0\System.Diagnostics.DiagnosticSource.dll".
             Referência encontrada no local do caminho de pesquisa "{RawFileName}".
             Essa referência não é "CopyLocal" porque pelo menos um item de origem tinha "Private" definido como "false" e nenhum item de origem tinha "Private" definido como "true".
         Referência principal "System.Diagnostics.FileVersionInfo, Version=8.0.0.0, Culture=neutral, PublicKeyToken=b03f5f7f11d50a3a".
             O caminho do arquivo resolvido é "C:\Program Files\dotnet\packs\Microsoft.NETCore.App.Ref\8.0.21\ref\net8.0\System.Diagnostics.FileVersionInfo.dll".
             Referência encontrada no local do caminho de pesquisa "{RawFileName}".
             Essa referência não é "CopyLocal" porque pelo menos um item de origem tinha "Private" definido como "false" e nenhum item de origem tinha "Private" definido como "true".
         Referência principal "System.Diagnostics.Process, Version=8.0.0.0, Culture=neutral, PublicKeyToken=b03f5f7f11d50a3a".
             O caminho do arquivo resolvido é "C:\Program Files\dotnet\packs\Microsoft.NETCore.App.Ref\8.0.21\ref\net8.0\System.Diagnostics.Process.dll".
             Referência encontrada no local do caminho de pesquisa "{RawFileName}".
             Essa referência não é "CopyLocal" porque pelo menos um item de origem tinha "Private" definido como "false" e nenhum item de origem tinha "Private" definido como "true".
         Referência principal "System.Diagnostics.StackTrace, Version=8.0.0.0, Culture=neutral, PublicKeyToken=b03f5f7f11d50a3a".
             O caminho do arquivo resolvido é "C:\Program Files\dotnet\packs\Microsoft.NETCore.App.Ref\8.0.21\ref\net8.0\System.Diagnostics.StackTrace.dll".
             Referência encontrada no local do caminho de pesquisa "{RawFileName}".
             Essa referência não é "CopyLocal" porque pelo menos um item de origem tinha "Private" definido como "false" e nenhum item de origem tinha "Private" definido como "true".
         Referência principal "System.Diagnostics.TextWriterTraceListener, Version=8.0.0.0, Culture=neutral, PublicKeyToken=b03f5f7f11d50a3a".
             O caminho do arquivo resolvido é "C:\Program Files\dotnet\packs\Microsoft.NETCore.App.Ref\8.0.21\ref\net8.0\System.Diagnostics.TextWriterTraceListener.dll".
             Referência encontrada no local do caminho de pesquisa "{RawFileName}".
             Essa referência não é "CopyLocal" porque pelo menos um item de origem tinha "Private" definido como "false" e nenhum item de origem tinha "Private" definido como "true".
         Referência principal "System.Diagnostics.Tools, Version=8.0.0.0, Culture=neutral, PublicKeyToken=b03f5f7f11d50a3a".
             O caminho do arquivo resolvido é "C:\Program Files\dotnet\packs\Microsoft.NETCore.App.Ref\8.0.21\ref\net8.0\System.Diagnostics.Tools.dll".
             Referência encontrada no local do caminho de pesquisa "{RawFileName}".
             Essa referência não é "CopyLocal" porque pelo menos um item de origem tinha "Private" definido como "false" e nenhum item de origem tinha "Private" definido como "true".
         Referência principal "System.Diagnostics.TraceSource, Version=8.0.0.0, Culture=neutral, PublicKeyToken=b03f5f7f11d50a3a".
             O caminho do arquivo resolvido é "C:\Program Files\dotnet\packs\Microsoft.NETCore.App.Ref\8.0.21\ref\net8.0\System.Diagnostics.TraceSource.dll".
             Referência encontrada no local do caminho de pesquisa "{RawFileName}".
             Essa referência não é "CopyLocal" porque pelo menos um item de origem tinha "Private" definido como "false" e nenhum item de origem tinha "Private" definido como "true".
         Referência principal "System.Diagnostics.Tracing, Version=8.0.0.0, Culture=neutral, PublicKeyToken=b03f5f7f11d50a3a".
             O caminho do arquivo resolvido é "C:\Program Files\dotnet\packs\Microsoft.NETCore.App.Ref\8.0.21\ref\net8.0\System.Diagnostics.Tracing.dll".
             Referência encontrada no local do caminho de pesquisa "{RawFileName}".
             Essa referência não é "CopyLocal" porque pelo menos um item de origem tinha "Private" definido como "false" e nenhum item de origem tinha "Private" definido como "true".
         Referência principal "System.Drawing.Primitives, Version=8.0.0.0, Culture=neutral, PublicKeyToken=b03f5f7f11d50a3a".
             O caminho do arquivo resolvido é "C:\Program Files\dotnet\packs\Microsoft.NETCore.App.Ref\8.0.21\ref\net8.0\System.Drawing.Primitives.dll".
             Referência encontrada no local do caminho de pesquisa "{RawFileName}".
             Essa referência não é "CopyLocal" porque pelo menos um item de origem tinha "Private" definido como "false" e nenhum item de origem tinha "Private" definido como "true".
         Referência principal "System.Drawing, Version=4.0.0.0, Culture=neutral, PublicKeyToken=b03f5f7f11d50a3a".
             O caminho do arquivo resolvido é "C:\Program Files\dotnet\packs\Microsoft.NETCore.App.Ref\8.0.21\ref\net8.0\System.Drawing.dll".
             Referência encontrada no local do caminho de pesquisa "{RawFileName}".
             Essa referência não é "CopyLocal" porque pelo menos um item de origem tinha "Private" definido como "false" e nenhum item de origem tinha "Private" definido como "true".
         Referência principal "System.Dynamic.Runtime, Version=8.0.0.0, Culture=neutral, PublicKeyToken=b03f5f7f11d50a3a".
             O caminho do arquivo resolvido é "C:\Program Files\dotnet\packs\Microsoft.NETCore.App.Ref\8.0.21\ref\net8.0\System.Dynamic.Runtime.dll".
             Referência encontrada no local do caminho de pesquisa "{RawFileName}".
             Essa referência não é "CopyLocal" porque pelo menos um item de origem tinha "Private" definido como "false" e nenhum item de origem tinha "Private" definido como "true".
         Referência principal "System.Formats.Asn1, Version=8.0.0.0, Culture=neutral, PublicKeyToken=cc7b13ffcd2ddd51".
             O caminho do arquivo resolvido é "C:\Program Files\dotnet\packs\Microsoft.NETCore.App.Ref\8.0.21\ref\net8.0\System.Formats.Asn1.dll".
             Referência encontrada no local do caminho de pesquisa "{RawFileName}".
             Essa referência não é "CopyLocal" porque pelo menos um item de origem tinha "Private" definido como "false" e nenhum item de origem tinha "Private" definido como "true".
         Referência principal "System.Formats.Tar, Version=8.0.0.0, Culture=neutral, PublicKeyToken=cc7b13ffcd2ddd51".
             O caminho do arquivo resolvido é "C:\Program Files\dotnet\packs\Microsoft.NETCore.App.Ref\8.0.21\ref\net8.0\System.Formats.Tar.dll".
             Referência encontrada no local do caminho de pesquisa "{RawFileName}".
             Essa referência não é "CopyLocal" porque pelo menos um item de origem tinha "Private" definido como "false" e nenhum item de origem tinha "Private" definido como "true".
         Referência principal "System.Globalization.Calendars, Version=8.0.0.0, Culture=neutral, PublicKeyToken=b03f5f7f11d50a3a".
             O caminho do arquivo resolvido é "C:\Program Files\dotnet\packs\Microsoft.NETCore.App.Ref\8.0.21\ref\net8.0\System.Globalization.Calendars.dll".
             Referência encontrada no local do caminho de pesquisa "{RawFileName}".
             Essa referência não é "CopyLocal" porque pelo menos um item de origem tinha "Private" definido como "false" e nenhum item de origem tinha "Private" definido como "true".
         Referência principal "System.Globalization.Extensions, Version=8.0.0.0, Culture=neutral, PublicKeyToken=b03f5f7f11d50a3a".
             O caminho do arquivo resolvido é "C:\Program Files\dotnet\packs\Microsoft.NETCore.App.Ref\8.0.21\ref\net8.0\System.Globalization.Extensions.dll".
             Referência encontrada no local do caminho de pesquisa "{RawFileName}".
             Essa referência não é "CopyLocal" porque pelo menos um item de origem tinha "Private" definido como "false" e nenhum item de origem tinha "Private" definido como "true".
         Referência principal "System.Globalization, Version=8.0.0.0, Culture=neutral, PublicKeyToken=b03f5f7f11d50a3a".
             O caminho do arquivo resolvido é "C:\Program Files\dotnet\packs\Microsoft.NETCore.App.Ref\8.0.21\ref\net8.0\System.Globalization.dll".
             Referência encontrada no local do caminho de pesquisa "{RawFileName}".
             Essa referência não é "CopyLocal" porque pelo menos um item de origem tinha "Private" definido como "false" e nenhum item de origem tinha "Private" definido como "true".
         Referência principal "System.IO.Compression.Brotli, Version=8.0.0.0, Culture=neutral, PublicKeyToken=b77a5c561934e089".
             O caminho do arquivo resolvido é "C:\Program Files\dotnet\packs\Microsoft.NETCore.App.Ref\8.0.21\ref\net8.0\System.IO.Compression.Brotli.dll".
             Referência encontrada no local do caminho de pesquisa "{RawFileName}".
             Essa referência não é "CopyLocal" porque pelo menos um item de origem tinha "Private" definido como "false" e nenhum item de origem tinha "Private" definido como "true".
         Referência principal "System.IO.Compression.FileSystem, Version=4.0.0.0, Culture=neutral, PublicKeyToken=b77a5c561934e089".
             O caminho do arquivo resolvido é "C:\Program Files\dotnet\packs\Microsoft.NETCore.App.Ref\8.0.21\ref\net8.0\System.IO.Compression.FileSystem.dll".
             Referência encontrada no local do caminho de pesquisa "{RawFileName}".
             Essa referência não é "CopyLocal" porque pelo menos um item de origem tinha "Private" definido como "false" e nenhum item de origem tinha "Private" definido como "true".
         Referência principal "System.IO.Compression.ZipFile, Version=8.0.0.0, Culture=neutral, PublicKeyToken=b77a5c561934e089".
             O caminho do arquivo resolvido é "C:\Program Files\dotnet\packs\Microsoft.NETCore.App.Ref\8.0.21\ref\net8.0\System.IO.Compression.ZipFile.dll".
             Referência encontrada no local do caminho de pesquisa "{RawFileName}".
             Essa referência não é "CopyLocal" porque pelo menos um item de origem tinha "Private" definido como "false" e nenhum item de origem tinha "Private" definido como "true".
         Referência principal "System.IO.Compression, Version=8.0.0.0, Culture=neutral, PublicKeyToken=b77a5c561934e089".
             O caminho do arquivo resolvido é "C:\Program Files\dotnet\packs\Microsoft.NETCore.App.Ref\8.0.21\ref\net8.0\System.IO.Compression.dll".
             Referência encontrada no local do caminho de pesquisa "{RawFileName}".
             Essa referência não é "CopyLocal" porque pelo menos um item de origem tinha "Private" definido como "false" e nenhum item de origem tinha "Private" definido como "true".
         Referência principal "System.IO.FileSystem.AccessControl, Version=8.0.0.0, Culture=neutral, PublicKeyToken=b03f5f7f11d50a3a".
             O caminho do arquivo resolvido é "C:\Program Files\dotnet\packs\Microsoft.NETCore.App.Ref\8.0.21\ref\net8.0\System.IO.FileSystem.AccessControl.dll".
             Referência encontrada no local do caminho de pesquisa "{RawFileName}".
             Essa referência não é "CopyLocal" porque pelo menos um item de origem tinha "Private" definido como "false" e nenhum item de origem tinha "Private" definido como "true".
         Referência principal "System.IO.FileSystem.DriveInfo, Version=8.0.0.0, Culture=neutral, PublicKeyToken=b03f5f7f11d50a3a".
             O caminho do arquivo resolvido é "C:\Program Files\dotnet\packs\Microsoft.NETCore.App.Ref\8.0.21\ref\net8.0\System.IO.FileSystem.DriveInfo.dll".
             Referência encontrada no local do caminho de pesquisa "{RawFileName}".
             Essa referência não é "CopyLocal" porque pelo menos um item de origem tinha "Private" definido como "false" e nenhum item de origem tinha "Private" definido como "true".
         Referência principal "System.IO.FileSystem.Primitives, Version=8.0.0.0, Culture=neutral, PublicKeyToken=b03f5f7f11d50a3a".
             O caminho do arquivo resolvido é "C:\Program Files\dotnet\packs\Microsoft.NETCore.App.Ref\8.0.21\ref\net8.0\System.IO.FileSystem.Primitives.dll".
             Referência encontrada no local do caminho de pesquisa "{RawFileName}".
             Essa referência não é "CopyLocal" porque pelo menos um item de origem tinha "Private" definido como "false" e nenhum item de origem tinha "Private" definido como "true".
         Referência principal "System.IO.FileSystem.Watcher, Version=8.0.0.0, Culture=neutral, PublicKeyToken=b03f5f7f11d50a3a".
             O caminho do arquivo resolvido é "C:\Program Files\dotnet\packs\Microsoft.NETCore.App.Ref\8.0.21\ref\net8.0\System.IO.FileSystem.Watcher.dll".
             Referência encontrada no local do caminho de pesquisa "{RawFileName}".
             Essa referência não é "CopyLocal" porque pelo menos um item de origem tinha "Private" definido como "false" e nenhum item de origem tinha "Private" definido como "true".
         Referência principal "System.IO.FileSystem, Version=8.0.0.0, Culture=neutral, PublicKeyToken=b03f5f7f11d50a3a".
             O caminho do arquivo resolvido é "C:\Program Files\dotnet\packs\Microsoft.NETCore.App.Ref\8.0.21\ref\net8.0\System.IO.FileSystem.dll".
             Referência encontrada no local do caminho de pesquisa "{RawFileName}".
             Essa referência não é "CopyLocal" porque pelo menos um item de origem tinha "Private" definido como "false" e nenhum item de origem tinha "Private" definido como "true".
         Referência principal "System.IO.IsolatedStorage, Version=8.0.0.0, Culture=neutral, PublicKeyToken=b03f5f7f11d50a3a".
             O caminho do arquivo resolvido é "C:\Program Files\dotnet\packs\Microsoft.NETCore.App.Ref\8.0.21\ref\net8.0\System.IO.IsolatedStorage.dll".
             Referência encontrada no local do caminho de pesquisa "{RawFileName}".
             Essa referência não é "CopyLocal" porque pelo menos um item de origem tinha "Private" definido como "false" e nenhum item de origem tinha "Private" definido como "true".
         Referência principal "System.IO.MemoryMappedFiles, Version=8.0.0.0, Culture=neutral, PublicKeyToken=b03f5f7f11d50a3a".
             O caminho do arquivo resolvido é "C:\Program Files\dotnet\packs\Microsoft.NETCore.App.Ref\8.0.21\ref\net8.0\System.IO.MemoryMappedFiles.dll".
             Referência encontrada no local do caminho de pesquisa "{RawFileName}".
             Essa referência não é "CopyLocal" porque pelo menos um item de origem tinha "Private" definido como "false" e nenhum item de origem tinha "Private" definido como "true".
         Referência principal "System.IO.Pipes.AccessControl, Version=8.0.0.0, Culture=neutral, PublicKeyToken=b03f5f7f11d50a3a".
             O caminho do arquivo resolvido é "C:\Program Files\dotnet\packs\Microsoft.NETCore.App.Ref\8.0.21\ref\net8.0\System.IO.Pipes.AccessControl.dll".
             Referência encontrada no local do caminho de pesquisa "{RawFileName}".
             Essa referência não é "CopyLocal" porque pelo menos um item de origem tinha "Private" definido como "false" e nenhum item de origem tinha "Private" definido como "true".
         Referência principal "System.IO.Pipes, Version=8.0.0.0, Culture=neutral, PublicKeyToken=b03f5f7f11d50a3a".
             O caminho do arquivo resolvido é "C:\Program Files\dotnet\packs\Microsoft.NETCore.App.Ref\8.0.21\ref\net8.0\System.IO.Pipes.dll".
             Referência encontrada no local do caminho de pesquisa "{RawFileName}".
             Essa referência não é "CopyLocal" porque pelo menos um item de origem tinha "Private" definido como "false" e nenhum item de origem tinha "Private" definido como "true".
         Referência principal "System.IO.UnmanagedMemoryStream, Version=8.0.0.0, Culture=neutral, PublicKeyToken=b03f5f7f11d50a3a".
             O caminho do arquivo resolvido é "C:\Program Files\dotnet\packs\Microsoft.NETCore.App.Ref\8.0.21\ref\net8.0\System.IO.UnmanagedMemoryStream.dll".
             Referência encontrada no local do caminho de pesquisa "{RawFileName}".
             Essa referência não é "CopyLocal" porque pelo menos um item de origem tinha "Private" definido como "false" e nenhum item de origem tinha "Private" definido como "true".
         Referência principal "System.IO, Version=8.0.0.0, Culture=neutral, PublicKeyToken=b03f5f7f11d50a3a".
             O caminho do arquivo resolvido é "C:\Program Files\dotnet\packs\Microsoft.NETCore.App.Ref\8.0.21\ref\net8.0\System.IO.dll".
             Referência encontrada no local do caminho de pesquisa "{RawFileName}".
             Essa referência não é "CopyLocal" porque pelo menos um item de origem tinha "Private" definido como "false" e nenhum item de origem tinha "Private" definido como "true".
         Referência principal "System.Linq.Expressions, Version=8.0.0.0, Culture=neutral, PublicKeyToken=b03f5f7f11d50a3a".
             O caminho do arquivo resolvido é "C:\Program Files\dotnet\packs\Microsoft.NETCore.App.Ref\8.0.21\ref\net8.0\System.Linq.Expressions.dll".
             Referência encontrada no local do caminho de pesquisa "{RawFileName}".
             Essa referência não é "CopyLocal" porque pelo menos um item de origem tinha "Private" definido como "false" e nenhum item de origem tinha "Private" definido como "true".
         Referência principal "System.Linq.Parallel, Version=8.0.0.0, Culture=neutral, PublicKeyToken=b03f5f7f11d50a3a".
             O caminho do arquivo resolvido é "C:\Program Files\dotnet\packs\Microsoft.NETCore.App.Ref\8.0.21\ref\net8.0\System.Linq.Parallel.dll".
             Referência encontrada no local do caminho de pesquisa "{RawFileName}".
             Essa referência não é "CopyLocal" porque pelo menos um item de origem tinha "Private" definido como "false" e nenhum item de origem tinha "Private" definido como "true".
         Referência principal "System.Linq.Queryable, Version=8.0.0.0, Culture=neutral, PublicKeyToken=b03f5f7f11d50a3a".
             O caminho do arquivo resolvido é "C:\Program Files\dotnet\packs\Microsoft.NETCore.App.Ref\8.0.21\ref\net8.0\System.Linq.Queryable.dll".
             Referência encontrada no local do caminho de pesquisa "{RawFileName}".
             Essa referência não é "CopyLocal" porque pelo menos um item de origem tinha "Private" definido como "false" e nenhum item de origem tinha "Private" definido como "true".
         Referência principal "System.Linq, Version=8.0.0.0, Culture=neutral, PublicKeyToken=b03f5f7f11d50a3a".
             O caminho do arquivo resolvido é "C:\Program Files\dotnet\packs\Microsoft.NETCore.App.Ref\8.0.21\ref\net8.0\System.Linq.dll".
             Referência encontrada no local do caminho de pesquisa "{RawFileName}".
             Essa referência não é "CopyLocal" porque pelo menos um item de origem tinha "Private" definido como "false" e nenhum item de origem tinha "Private" definido como "true".
         Referência principal "System.Memory, Version=8.0.0.0, Culture=neutral, PublicKeyToken=cc7b13ffcd2ddd51".
             O caminho do arquivo resolvido é "C:\Program Files\dotnet\packs\Microsoft.NETCore.App.Ref\8.0.21\ref\net8.0\System.Memory.dll".
             Referência encontrada no local do caminho de pesquisa "{RawFileName}".
             Essa referência não é "CopyLocal" porque pelo menos um item de origem tinha "Private" definido como "false" e nenhum item de origem tinha "Private" definido como "true".
         Referência principal "System.Net.Http.Json, Version=8.0.0.0, Culture=neutral, PublicKeyToken=cc7b13ffcd2ddd51".
             O caminho do arquivo resolvido é "C:\Program Files\dotnet\packs\Microsoft.NETCore.App.Ref\8.0.21\ref\net8.0\System.Net.Http.Json.dll".
             Referência encontrada no local do caminho de pesquisa "{RawFileName}".
             Essa referência não é "CopyLocal" porque pelo menos um item de origem tinha "Private" definido como "false" e nenhum item de origem tinha "Private" definido como "true".
         Referência principal "System.Net.Http, Version=8.0.0.0, Culture=neutral, PublicKeyToken=b03f5f7f11d50a3a".
             O caminho do arquivo resolvido é "C:\Program Files\dotnet\packs\Microsoft.NETCore.App.Ref\8.0.21\ref\net8.0\System.Net.Http.dll".
             Referência encontrada no local do caminho de pesquisa "{RawFileName}".
             Essa referência não é "CopyLocal" porque pelo menos um item de origem tinha "Private" definido como "false" e nenhum item de origem tinha "Private" definido como "true".
         Referência principal "System.Net.HttpListener, Version=8.0.0.0, Culture=neutral, PublicKeyToken=cc7b13ffcd2ddd51".
             O caminho do arquivo resolvido é "C:\Program Files\dotnet\packs\Microsoft.NETCore.App.Ref\8.0.21\ref\net8.0\System.Net.HttpListener.dll".
             Referência encontrada no local do caminho de pesquisa "{RawFileName}".
             Essa referência não é "CopyLocal" porque pelo menos um item de origem tinha "Private" definido como "false" e nenhum item de origem tinha "Private" definido como "true".
         Referência principal "System.Net.Mail, Version=8.0.0.0, Culture=neutral, PublicKeyToken=cc7b13ffcd2ddd51".
             O caminho do arquivo resolvido é "C:\Program Files\dotnet\packs\Microsoft.NETCore.App.Ref\8.0.21\ref\net8.0\System.Net.Mail.dll".
             Referência encontrada no local do caminho de pesquisa "{RawFileName}".
             Essa referência não é "CopyLocal" porque pelo menos um item de origem tinha "Private" definido como "false" e nenhum item de origem tinha "Private" definido como "true".
         Referência principal "System.Net.NameResolution, Version=8.0.0.0, Culture=neutral, PublicKeyToken=b03f5f7f11d50a3a".
             O caminho do arquivo resolvido é "C:\Program Files\dotnet\packs\Microsoft.NETCore.App.Ref\8.0.21\ref\net8.0\System.Net.NameResolution.dll".
             Referência encontrada no local do caminho de pesquisa "{RawFileName}".
             Essa referência não é "CopyLocal" porque pelo menos um item de origem tinha "Private" definido como "false" e nenhum item de origem tinha "Private" definido como "true".
         Referência principal "System.Net.NetworkInformation, Version=8.0.0.0, Culture=neutral, PublicKeyToken=b03f5f7f11d50a3a".
             O caminho do arquivo resolvido é "C:\Program Files\dotnet\packs\Microsoft.NETCore.App.Ref\8.0.21\ref\net8.0\System.Net.NetworkInformation.dll".
             Referência encontrada no local do caminho de pesquisa "{RawFileName}".
             Essa referência não é "CopyLocal" porque pelo menos um item de origem tinha "Private" definido como "false" e nenhum item de origem tinha "Private" definido como "true".
         Referência principal "System.Net.Ping, Version=8.0.0.0, Culture=neutral, PublicKeyToken=b03f5f7f11d50a3a".
             O caminho do arquivo resolvido é "C:\Program Files\dotnet\packs\Microsoft.NETCore.App.Ref\8.0.21\ref\net8.0\System.Net.Ping.dll".
             Referência encontrada no local do caminho de pesquisa "{RawFileName}".
             Essa referência não é "CopyLocal" porque pelo menos um item de origem tinha "Private" definido como "false" e nenhum item de origem tinha "Private" definido como "true".
         Referência principal "System.Net.Primitives, Version=8.0.0.0, Culture=neutral, PublicKeyToken=b03f5f7f11d50a3a".
             O caminho do arquivo resolvido é "C:\Program Files\dotnet\packs\Microsoft.NETCore.App.Ref\8.0.21\ref\net8.0\System.Net.Primitives.dll".
             Referência encontrada no local do caminho de pesquisa "{RawFileName}".
             Essa referência não é "CopyLocal" porque pelo menos um item de origem tinha "Private" definido como "false" e nenhum item de origem tinha "Private" definido como "true".
         Referência principal "System.Net.Quic, Version=8.0.0.0, Culture=neutral, PublicKeyToken=b03f5f7f11d50a3a".
             O caminho do arquivo resolvido é "C:\Program Files\dotnet\packs\Microsoft.NETCore.App.Ref\8.0.21\ref\net8.0\System.Net.Quic.dll".
             Referência encontrada no local do caminho de pesquisa "{RawFileName}".
             Essa referência não é "CopyLocal" porque pelo menos um item de origem tinha "Private" definido como "false" e nenhum item de origem tinha "Private" definido como "true".
         Referência principal "System.Net.Requests, Version=8.0.0.0, Culture=neutral, PublicKeyToken=b03f5f7f11d50a3a".
             O caminho do arquivo resolvido é "C:\Program Files\dotnet\packs\Microsoft.NETCore.App.Ref\8.0.21\ref\net8.0\System.Net.Requests.dll".
             Referência encontrada no local do caminho de pesquisa "{RawFileName}".
             Essa referência não é "CopyLocal" porque pelo menos um item de origem tinha "Private" definido como "false" e nenhum item de origem tinha "Private" definido como "true".
         Referência principal "System.Net.Security, Version=8.0.0.0, Culture=neutral, PublicKeyToken=b03f5f7f11d50a3a".
             O caminho do arquivo resolvido é "C:\Program Files\dotnet\packs\Microsoft.NETCore.App.Ref\8.0.21\ref\net8.0\System.Net.Security.dll".
             Referência encontrada no local do caminho de pesquisa "{RawFileName}".
             Essa referência não é "CopyLocal" porque pelo menos um item de origem tinha "Private" definido como "false" e nenhum item de origem tinha "Private" definido como "true".
         Referência principal "System.Net.ServicePoint, Version=8.0.0.0, Culture=neutral, PublicKeyToken=cc7b13ffcd2ddd51".
             O caminho do arquivo resolvido é "C:\Program Files\dotnet\packs\Microsoft.NETCore.App.Ref\8.0.21\ref\net8.0\System.Net.ServicePoint.dll".
             Referência encontrada no local do caminho de pesquisa "{RawFileName}".
             Essa referência não é "CopyLocal" porque pelo menos um item de origem tinha "Private" definido como "false" e nenhum item de origem tinha "Private" definido como "true".
         Referência principal "System.Net.Sockets, Version=8.0.0.0, Culture=neutral, PublicKeyToken=b03f5f7f11d50a3a".
             O caminho do arquivo resolvido é "C:\Program Files\dotnet\packs\Microsoft.NETCore.App.Ref\8.0.21\ref\net8.0\System.Net.Sockets.dll".
             Referência encontrada no local do caminho de pesquisa "{RawFileName}".
             Essa referência não é "CopyLocal" porque pelo menos um item de origem tinha "Private" definido como "false" e nenhum item de origem tinha "Private" definido como "true".
         Referência principal "System.Net.WebClient, Version=8.0.0.0, Culture=neutral, PublicKeyToken=cc7b13ffcd2ddd51".
             O caminho do arquivo resolvido é "C:\Program Files\dotnet\packs\Microsoft.NETCore.App.Ref\8.0.21\ref\net8.0\System.Net.WebClient.dll".
             Referência encontrada no local do caminho de pesquisa "{RawFileName}".
             Essa referência não é "CopyLocal" porque pelo menos um item de origem tinha "Private" definido como "false" e nenhum item de origem tinha "Private" definido como "true".
         Referência principal "System.Net.WebHeaderCollection, Version=8.0.0.0, Culture=neutral, PublicKeyToken=b03f5f7f11d50a3a".
             O caminho do arquivo resolvido é "C:\Program Files\dotnet\packs\Microsoft.NETCore.App.Ref\8.0.21\ref\net8.0\System.Net.WebHeaderCollection.dll".
             Referência encontrada no local do caminho de pesquisa "{RawFileName}".
             Essa referência não é "CopyLocal" porque pelo menos um item de origem tinha "Private" definido como "false" e nenhum item de origem tinha "Private" definido como "true".
         Referência principal "System.Net.WebProxy, Version=8.0.0.0, Culture=neutral, PublicKeyToken=cc7b13ffcd2ddd51".
             O caminho do arquivo resolvido é "C:\Program Files\dotnet\packs\Microsoft.NETCore.App.Ref\8.0.21\ref\net8.0\System.Net.WebProxy.dll".
             Referência encontrada no local do caminho de pesquisa "{RawFileName}".
             Essa referência não é "CopyLocal" porque pelo menos um item de origem tinha "Private" definido como "false" e nenhum item de origem tinha "Private" definido como "true".
         Referência principal "System.Net.WebSockets.Client, Version=8.0.0.0, Culture=neutral, PublicKeyToken=b03f5f7f11d50a3a".
             O caminho do arquivo resolvido é "C:\Program Files\dotnet\packs\Microsoft.NETCore.App.Ref\8.0.21\ref\net8.0\System.Net.WebSockets.Client.dll".
             Referência encontrada no local do caminho de pesquisa "{RawFileName}".
             Essa referência não é "CopyLocal" porque pelo menos um item de origem tinha "Private" definido como "false" e nenhum item de origem tinha "Private" definido como "true".
         Referência principal "System.Net.WebSockets, Version=8.0.0.0, Culture=neutral, PublicKeyToken=b03f5f7f11d50a3a".
             O caminho do arquivo resolvido é "C:\Program Files\dotnet\packs\Microsoft.NETCore.App.Ref\8.0.21\ref\net8.0\System.Net.WebSockets.dll".
             Referência encontrada no local do caminho de pesquisa "{RawFileName}".
             Essa referência não é "CopyLocal" porque pelo menos um item de origem tinha "Private" definido como "false" e nenhum item de origem tinha "Private" definido como "true".
         Referência principal "System.Net, Version=4.0.0.0, Culture=neutral, PublicKeyToken=b03f5f7f11d50a3a".
             O caminho do arquivo resolvido é "C:\Program Files\dotnet\packs\Microsoft.NETCore.App.Ref\8.0.21\ref\net8.0\System.Net.dll".
             Referência encontrada no local do caminho de pesquisa "{RawFileName}".
             Essa referência não é "CopyLocal" porque pelo menos um item de origem tinha "Private" definido como "false" e nenhum item de origem tinha "Private" definido como "true".
         Referência principal "System.Numerics.Vectors, Version=8.0.0.0, Culture=neutral, PublicKeyToken=b03f5f7f11d50a3a".
             O caminho do arquivo resolvido é "C:\Program Files\dotnet\packs\Microsoft.NETCore.App.Ref\8.0.21\ref\net8.0\System.Numerics.Vectors.dll".
             Referência encontrada no local do caminho de pesquisa "{RawFileName}".
             Essa referência não é "CopyLocal" porque pelo menos um item de origem tinha "Private" definido como "false" e nenhum item de origem tinha "Private" definido como "true".
         Referência principal "System.Numerics, Version=4.0.0.0, Culture=neutral, PublicKeyToken=b77a5c561934e089".
             O caminho do arquivo resolvido é "C:\Program Files\dotnet\packs\Microsoft.NETCore.App.Ref\8.0.21\ref\net8.0\System.Numerics.dll".
             Referência encontrada no local do caminho de pesquisa "{RawFileName}".
             Essa referência não é "CopyLocal" porque pelo menos um item de origem tinha "Private" definido como "false" e nenhum item de origem tinha "Private" definido como "true".
         Referência principal "System.ObjectModel, Version=8.0.0.0, Culture=neutral, PublicKeyToken=b03f5f7f11d50a3a".
             O caminho do arquivo resolvido é "C:\Program Files\dotnet\packs\Microsoft.NETCore.App.Ref\8.0.21\ref\net8.0\System.ObjectModel.dll".
             Referência encontrada no local do caminho de pesquisa "{RawFileName}".
             Essa referência não é "CopyLocal" porque pelo menos um item de origem tinha "Private" definido como "false" e nenhum item de origem tinha "Private" definido como "true".
         Referência principal "System.Reflection.DispatchProxy, Version=8.0.0.0, Culture=neutral, PublicKeyToken=b03f5f7f11d50a3a".
             O caminho do arquivo resolvido é "C:\Program Files\dotnet\packs\Microsoft.NETCore.App.Ref\8.0.21\ref\net8.0\System.Reflection.DispatchProxy.dll".
             Referência encontrada no local do caminho de pesquisa "{RawFileName}".
             Essa referência não é "CopyLocal" porque pelo menos um item de origem tinha "Private" definido como "false" e nenhum item de origem tinha "Private" definido como "true".
         Referência principal "System.Reflection.Emit.ILGeneration, Version=8.0.0.0, Culture=neutral, PublicKeyToken=b03f5f7f11d50a3a".
             O caminho do arquivo resolvido é "C:\Program Files\dotnet\packs\Microsoft.NETCore.App.Ref\8.0.21\ref\net8.0\System.Reflection.Emit.ILGeneration.dll".
             Referência encontrada no local do caminho de pesquisa "{RawFileName}".
             Essa referência não é "CopyLocal" porque pelo menos um item de origem tinha "Private" definido como "false" e nenhum item de origem tinha "Private" definido como "true".
         Referência principal "System.Reflection.Emit.Lightweight, Version=8.0.0.0, Culture=neutral, PublicKeyToken=b03f5f7f11d50a3a".
             O caminho do arquivo resolvido é "C:\Program Files\dotnet\packs\Microsoft.NETCore.App.Ref\8.0.21\ref\net8.0\System.Reflection.Emit.Lightweight.dll".
             Referência encontrada no local do caminho de pesquisa "{RawFileName}".
             Essa referência não é "CopyLocal" porque pelo menos um item de origem tinha "Private" definido como "false" e nenhum item de origem tinha "Private" definido como "true".
         Referência principal "System.Reflection.Emit, Version=8.0.0.0, Culture=neutral, PublicKeyToken=b03f5f7f11d50a3a".
             O caminho do arquivo resolvido é "C:\Program Files\dotnet\packs\Microsoft.NETCore.App.Ref\8.0.21\ref\net8.0\System.Reflection.Emit.dll".
             Referência encontrada no local do caminho de pesquisa "{RawFileName}".
             Essa referência não é "CopyLocal" porque pelo menos um item de origem tinha "Private" definido como "false" e nenhum item de origem tinha "Private" definido como "true".
         Referência principal "System.Reflection.Extensions, Version=8.0.0.0, Culture=neutral, PublicKeyToken=b03f5f7f11d50a3a".
             O caminho do arquivo resolvido é "C:\Program Files\dotnet\packs\Microsoft.NETCore.App.Ref\8.0.21\ref\net8.0\System.Reflection.Extensions.dll".
             Referência encontrada no local do caminho de pesquisa "{RawFileName}".
             Essa referência não é "CopyLocal" porque pelo menos um item de origem tinha "Private" definido como "false" e nenhum item de origem tinha "Private" definido como "true".
         Referência principal "System.Reflection.Metadata, Version=8.0.0.0, Culture=neutral, PublicKeyToken=b03f5f7f11d50a3a".
             O caminho do arquivo resolvido é "C:\Program Files\dotnet\packs\Microsoft.NETCore.App.Ref\8.0.21\ref\net8.0\System.Reflection.Metadata.dll".
             Referência encontrada no local do caminho de pesquisa "{RawFileName}".
             Essa referência não é "CopyLocal" porque pelo menos um item de origem tinha "Private" definido como "false" e nenhum item de origem tinha "Private" definido como "true".
         Referência principal "System.Reflection.Primitives, Version=8.0.0.0, Culture=neutral, PublicKeyToken=b03f5f7f11d50a3a".
             O caminho do arquivo resolvido é "C:\Program Files\dotnet\packs\Microsoft.NETCore.App.Ref\8.0.21\ref\net8.0\System.Reflection.Primitives.dll".
             Referência encontrada no local do caminho de pesquisa "{RawFileName}".
             Essa referência não é "CopyLocal" porque pelo menos um item de origem tinha "Private" definido como "false" e nenhum item de origem tinha "Private" definido como "true".
         Referência principal "System.Reflection.TypeExtensions, Version=8.0.0.0, Culture=neutral, PublicKeyToken=b03f5f7f11d50a3a".
             O caminho do arquivo resolvido é "C:\Program Files\dotnet\packs\Microsoft.NETCore.App.Ref\8.0.21\ref\net8.0\System.Reflection.TypeExtensions.dll".
             Referência encontrada no local do caminho de pesquisa "{RawFileName}".
             Essa referência não é "CopyLocal" porque pelo menos um item de origem tinha "Private" definido como "false" e nenhum item de origem tinha "Private" definido como "true".
         Referência principal "System.Reflection, Version=8.0.0.0, Culture=neutral, PublicKeyToken=b03f5f7f11d50a3a".
             O caminho do arquivo resolvido é "C:\Program Files\dotnet\packs\Microsoft.NETCore.App.Ref\8.0.21\ref\net8.0\System.Reflection.dll".
             Referência encontrada no local do caminho de pesquisa "{RawFileName}".
             Essa referência não é "CopyLocal" porque pelo menos um item de origem tinha "Private" definido como "false" e nenhum item de origem tinha "Private" definido como "true".
         Referência principal "System.Resources.Reader, Version=8.0.0.0, Culture=neutral, PublicKeyToken=b03f5f7f11d50a3a".
             O caminho do arquivo resolvido é "C:\Program Files\dotnet\packs\Microsoft.NETCore.App.Ref\8.0.21\ref\net8.0\System.Resources.Reader.dll".
             Referência encontrada no local do caminho de pesquisa "{RawFileName}".
             Essa referência não é "CopyLocal" porque pelo menos um item de origem tinha "Private" definido como "false" e nenhum item de origem tinha "Private" definido como "true".
         Referência principal "System.Resources.ResourceManager, Version=8.0.0.0, Culture=neutral, PublicKeyToken=b03f5f7f11d50a3a".
             O caminho do arquivo resolvido é "C:\Program Files\dotnet\packs\Microsoft.NETCore.App.Ref\8.0.21\ref\net8.0\System.Resources.ResourceManager.dll".
             Referência encontrada no local do caminho de pesquisa "{RawFileName}".
             Essa referência não é "CopyLocal" porque pelo menos um item de origem tinha "Private" definido como "false" e nenhum item de origem tinha "Private" definido como "true".
         Referência principal "System.Resources.Writer, Version=8.0.0.0, Culture=neutral, PublicKeyToken=b03f5f7f11d50a3a".
             O caminho do arquivo resolvido é "C:\Program Files\dotnet\packs\Microsoft.NETCore.App.Ref\8.0.21\ref\net8.0\System.Resources.Writer.dll".
             Referência encontrada no local do caminho de pesquisa "{RawFileName}".
             Essa referência não é "CopyLocal" porque pelo menos um item de origem tinha "Private" definido como "false" e nenhum item de origem tinha "Private" definido como "true".
         Referência principal "System.Runtime.CompilerServices.Unsafe, Version=8.0.0.0, Culture=neutral, PublicKeyToken=b03f5f7f11d50a3a".
             O caminho do arquivo resolvido é "C:\Program Files\dotnet\packs\Microsoft.NETCore.App.Ref\8.0.21\ref\net8.0\System.Runtime.CompilerServices.Unsafe.dll".
             Referência encontrada no local do caminho de pesquisa "{RawFileName}".
             Essa referência não é "CopyLocal" porque pelo menos um item de origem tinha "Private" definido como "false" e nenhum item de origem tinha "Private" definido como "true".
         Referência principal "System.Runtime.CompilerServices.VisualC, Version=8.0.0.0, Culture=neutral, PublicKeyToken=b03f5f7f11d50a3a".
             O caminho do arquivo resolvido é "C:\Program Files\dotnet\packs\Microsoft.NETCore.App.Ref\8.0.21\ref\net8.0\System.Runtime.CompilerServices.VisualC.dll".
             Referência encontrada no local do caminho de pesquisa "{RawFileName}".
             Essa referência não é "CopyLocal" porque pelo menos um item de origem tinha "Private" definido como "false" e nenhum item de origem tinha "Private" definido como "true".
         Referência principal "System.Runtime.Extensions, Version=8.0.0.0, Culture=neutral, PublicKeyToken=b03f5f7f11d50a3a".
             O caminho do arquivo resolvido é "C:\Program Files\dotnet\packs\Microsoft.NETCore.App.Ref\8.0.21\ref\net8.0\System.Runtime.Extensions.dll".
             Referência encontrada no local do caminho de pesquisa "{RawFileName}".
             Essa referência não é "CopyLocal" porque pelo menos um item de origem tinha "Private" definido como "false" e nenhum item de origem tinha "Private" definido como "true".
         Referência principal "System.Runtime.Handles, Version=8.0.0.0, Culture=neutral, PublicKeyToken=b03f5f7f11d50a3a".
             O caminho do arquivo resolvido é "C:\Program Files\dotnet\packs\Microsoft.NETCore.App.Ref\8.0.21\ref\net8.0\System.Runtime.Handles.dll".
             Referência encontrada no local do caminho de pesquisa "{RawFileName}".
             Essa referência não é "CopyLocal" porque pelo menos um item de origem tinha "Private" definido como "false" e nenhum item de origem tinha "Private" definido como "true".
         Referência principal "System.Runtime.InteropServices.JavaScript, Version=8.0.0.0, Culture=neutral, PublicKeyToken=b03f5f7f11d50a3a".
             O caminho do arquivo resolvido é "C:\Program Files\dotnet\packs\Microsoft.NETCore.App.Ref\8.0.21\ref\net8.0\System.Runtime.InteropServices.JavaScript.dll".
             Referência encontrada no local do caminho de pesquisa "{RawFileName}".
             Essa referência não é "CopyLocal" porque pelo menos um item de origem tinha "Private" definido como "false" e nenhum item de origem tinha "Private" definido como "true".
         Referência principal "System.Runtime.InteropServices.RuntimeInformation, Version=8.0.0.0, Culture=neutral, PublicKeyToken=b03f5f7f11d50a3a".
             O caminho do arquivo resolvido é "C:\Program Files\dotnet\packs\Microsoft.NETCore.App.Ref\8.0.21\ref\net8.0\System.Runtime.InteropServices.RuntimeInformation.dll".
             Referência encontrada no local do caminho de pesquisa "{RawFileName}".
             Essa referência não é "CopyLocal" porque pelo menos um item de origem tinha "Private" definido como "false" e nenhum item de origem tinha "Private" definido como "true".
         Referência principal "System.Runtime.InteropServices, Version=8.0.0.0, Culture=neutral, PublicKeyToken=b03f5f7f11d50a3a".
             O caminho do arquivo resolvido é "C:\Program Files\dotnet\packs\Microsoft.NETCore.App.Ref\8.0.21\ref\net8.0\System.Runtime.InteropServices.dll".
             Referência encontrada no local do caminho de pesquisa "{RawFileName}".
             Essa referência não é "CopyLocal" porque pelo menos um item de origem tinha "Private" definido como "false" e nenhum item de origem tinha "Private" definido como "true".
         Referência principal "System.Runtime.Intrinsics, Version=8.0.0.0, Culture=neutral, PublicKeyToken=cc7b13ffcd2ddd51".
             O caminho do arquivo resolvido é "C:\Program Files\dotnet\packs\Microsoft.NETCore.App.Ref\8.0.21\ref\net8.0\System.Runtime.Intrinsics.dll".
             Referência encontrada no local do caminho de pesquisa "{RawFileName}".
             Essa referência não é "CopyLocal" porque pelo menos um item de origem tinha "Private" definido como "false" e nenhum item de origem tinha "Private" definido como "true".
         Referência principal "System.Runtime.Loader, Version=8.0.0.0, Culture=neutral, PublicKeyToken=b03f5f7f11d50a3a".
             O caminho do arquivo resolvido é "C:\Program Files\dotnet\packs\Microsoft.NETCore.App.Ref\8.0.21\ref\net8.0\System.Runtime.Loader.dll".
             Referência encontrada no local do caminho de pesquisa "{RawFileName}".
             Essa referência não é "CopyLocal" porque pelo menos um item de origem tinha "Private" definido como "false" e nenhum item de origem tinha "Private" definido como "true".
         Referência principal "System.Runtime.Numerics, Version=8.0.0.0, Culture=neutral, PublicKeyToken=b03f5f7f11d50a3a".
             O caminho do arquivo resolvido é "C:\Program Files\dotnet\packs\Microsoft.NETCore.App.Ref\8.0.21\ref\net8.0\System.Runtime.Numerics.dll".
             Referência encontrada no local do caminho de pesquisa "{RawFileName}".
             Essa referência não é "CopyLocal" porque pelo menos um item de origem tinha "Private" definido como "false" e nenhum item de origem tinha "Private" definido como "true".
         Referência principal "System.Runtime.Serialization.Formatters, Version=8.0.0.0, Culture=neutral, PublicKeyToken=b03f5f7f11d50a3a".
             O caminho do arquivo resolvido é "C:\Program Files\dotnet\packs\Microsoft.NETCore.App.Ref\8.0.21\ref\net8.0\System.Runtime.Serialization.Formatters.dll".
             Referência encontrada no local do caminho de pesquisa "{RawFileName}".
             Essa referência não é "CopyLocal" porque pelo menos um item de origem tinha "Private" definido como "false" e nenhum item de origem tinha "Private" definido como "true".
         Referência principal "System.Runtime.Serialization.Json, Version=8.0.0.0, Culture=neutral, PublicKeyToken=b03f5f7f11d50a3a".
             O caminho do arquivo resolvido é "C:\Program Files\dotnet\packs\Microsoft.NETCore.App.Ref\8.0.21\ref\net8.0\System.Runtime.Serialization.Json.dll".
             Referência encontrada no local do caminho de pesquisa "{RawFileName}".
             Essa referência não é "CopyLocal" porque pelo menos um item de origem tinha "Private" definido como "false" e nenhum item de origem tinha "Private" definido como "true".
         Referência principal "System.Runtime.Serialization.Primitives, Version=8.0.0.0, Culture=neutral, PublicKeyToken=b03f5f7f11d50a3a".
             O caminho do arquivo resolvido é "C:\Program Files\dotnet\packs\Microsoft.NETCore.App.Ref\8.0.21\ref\net8.0\System.Runtime.Serialization.Primitives.dll".
             Referência encontrada no local do caminho de pesquisa "{RawFileName}".
             Essa referência não é "CopyLocal" porque pelo menos um item de origem tinha "Private" definido como "false" e nenhum item de origem tinha "Private" definido como "true".
         Referência principal "System.Runtime.Serialization.Xml, Version=8.0.0.0, Culture=neutral, PublicKeyToken=b03f5f7f11d50a3a".
             O caminho do arquivo resolvido é "C:\Program Files\dotnet\packs\Microsoft.NETCore.App.Ref\8.0.21\ref\net8.0\System.Runtime.Serialization.Xml.dll".
             Referência encontrada no local do caminho de pesquisa "{RawFileName}".
             Essa referência não é "CopyLocal" porque pelo menos um item de origem tinha "Private" definido como "false" e nenhum item de origem tinha "Private" definido como "true".
         Referência principal "System.Runtime.Serialization, Version=4.0.0.0, Culture=neutral, PublicKeyToken=b77a5c561934e089".
             O caminho do arquivo resolvido é "C:\Program Files\dotnet\packs\Microsoft.NETCore.App.Ref\8.0.21\ref\net8.0\System.Runtime.Serialization.dll".
             Referência encontrada no local do caminho de pesquisa "{RawFileName}".
             Essa referência não é "CopyLocal" porque pelo menos um item de origem tinha "Private" definido como "false" e nenhum item de origem tinha "Private" definido como "true".
         Referência principal "System.Runtime, Version=8.0.0.0, Culture=neutral, PublicKeyToken=b03f5f7f11d50a3a".
             O caminho do arquivo resolvido é "C:\Program Files\dotnet\packs\Microsoft.NETCore.App.Ref\8.0.21\ref\net8.0\System.Runtime.dll".
             Referência encontrada no local do caminho de pesquisa "{RawFileName}".
             Essa referência não é "CopyLocal" porque pelo menos um item de origem tinha "Private" definido como "false" e nenhum item de origem tinha "Private" definido como "true".
         Referência principal "System.Security.AccessControl, Version=8.0.0.0, Culture=neutral, PublicKeyToken=b03f5f7f11d50a3a".
             O caminho do arquivo resolvido é "C:\Program Files\dotnet\packs\Microsoft.NETCore.App.Ref\8.0.21\ref\net8.0\System.Security.AccessControl.dll".
             Referência encontrada no local do caminho de pesquisa "{RawFileName}".
             Essa referência não é "CopyLocal" porque pelo menos um item de origem tinha "Private" definido como "false" e nenhum item de origem tinha "Private" definido como "true".
         Referência principal "System.Security.Claims, Version=8.0.0.0, Culture=neutral, PublicKeyToken=b03f5f7f11d50a3a".
             O caminho do arquivo resolvido é "C:\Program Files\dotnet\packs\Microsoft.NETCore.App.Ref\8.0.21\ref\net8.0\System.Security.Claims.dll".
             Referência encontrada no local do caminho de pesquisa "{RawFileName}".
             Essa referência não é "CopyLocal" porque pelo menos um item de origem tinha "Private" definido como "false" e nenhum item de origem tinha "Private" definido como "true".
         Referência principal "System.Security.Cryptography.Algorithms, Version=8.0.0.0, Culture=neutral, PublicKeyToken=b03f5f7f11d50a3a".
             O caminho do arquivo resolvido é "C:\Program Files\dotnet\packs\Microsoft.NETCore.App.Ref\8.0.21\ref\net8.0\System.Security.Cryptography.Algorithms.dll".
             Referência encontrada no local do caminho de pesquisa "{RawFileName}".
             Essa referência não é "CopyLocal" porque pelo menos um item de origem tinha "Private" definido como "false" e nenhum item de origem tinha "Private" definido como "true".
         Referência principal "System.Security.Cryptography.Cng, Version=8.0.0.0, Culture=neutral, PublicKeyToken=b03f5f7f11d50a3a".
             O caminho do arquivo resolvido é "C:\Program Files\dotnet\packs\Microsoft.NETCore.App.Ref\8.0.21\ref\net8.0\System.Security.Cryptography.Cng.dll".
             Referência encontrada no local do caminho de pesquisa "{RawFileName}".
             Essa referência não é "CopyLocal" porque pelo menos um item de origem tinha "Private" definido como "false" e nenhum item de origem tinha "Private" definido como "true".
         Referência principal "System.Security.Cryptography.Csp, Version=8.0.0.0, Culture=neutral, PublicKeyToken=b03f5f7f11d50a3a".
             O caminho do arquivo resolvido é "C:\Program Files\dotnet\packs\Microsoft.NETCore.App.Ref\8.0.21\ref\net8.0\System.Security.Cryptography.Csp.dll".
             Referência encontrada no local do caminho de pesquisa "{RawFileName}".
             Essa referência não é "CopyLocal" porque pelo menos um item de origem tinha "Private" definido como "false" e nenhum item de origem tinha "Private" definido como "true".
         Referência principal "System.Security.Cryptography.Encoding, Version=8.0.0.0, Culture=neutral, PublicKeyToken=b03f5f7f11d50a3a".
             O caminho do arquivo resolvido é "C:\Program Files\dotnet\packs\Microsoft.NETCore.App.Ref\8.0.21\ref\net8.0\System.Security.Cryptography.Encoding.dll".
             Referência encontrada no local do caminho de pesquisa "{RawFileName}".
             Essa referência não é "CopyLocal" porque pelo menos um item de origem tinha "Private" definido como "false" e nenhum item de origem tinha "Private" definido como "true".
         Referência principal "System.Security.Cryptography.OpenSsl, Version=8.0.0.0, Culture=neutral, PublicKeyToken=b03f5f7f11d50a3a".
             O caminho do arquivo resolvido é "C:\Program Files\dotnet\packs\Microsoft.NETCore.App.Ref\8.0.21\ref\net8.0\System.Security.Cryptography.OpenSsl.dll".
             Referência encontrada no local do caminho de pesquisa "{RawFileName}".
             Essa referência não é "CopyLocal" porque pelo menos um item de origem tinha "Private" definido como "false" e nenhum item de origem tinha "Private" definido como "true".
         Referência principal "System.Security.Cryptography.Primitives, Version=8.0.0.0, Culture=neutral, PublicKeyToken=b03f5f7f11d50a3a".
             O caminho do arquivo resolvido é "C:\Program Files\dotnet\packs\Microsoft.NETCore.App.Ref\8.0.21\ref\net8.0\System.Security.Cryptography.Primitives.dll".
             Referência encontrada no local do caminho de pesquisa "{RawFileName}".
             Essa referência não é "CopyLocal" porque pelo menos um item de origem tinha "Private" definido como "false" e nenhum item de origem tinha "Private" definido como "true".
         Referência principal "System.Security.Cryptography.X509Certificates, Version=8.0.0.0, Culture=neutral, PublicKeyToken=b03f5f7f11d50a3a".
             O caminho do arquivo resolvido é "C:\Program Files\dotnet\packs\Microsoft.NETCore.App.Ref\8.0.21\ref\net8.0\System.Security.Cryptography.X509Certificates.dll".
             Referência encontrada no local do caminho de pesquisa "{RawFileName}".
             Essa referência não é "CopyLocal" porque pelo menos um item de origem tinha "Private" definido como "false" e nenhum item de origem tinha "Private" definido como "true".
         Referência principal "System.Security.Cryptography, Version=8.0.0.0, Culture=neutral, PublicKeyToken=b03f5f7f11d50a3a".
             O caminho do arquivo resolvido é "C:\Program Files\dotnet\packs\Microsoft.NETCore.App.Ref\8.0.21\ref\net8.0\System.Security.Cryptography.dll".
             Referência encontrada no local do caminho de pesquisa "{RawFileName}".
             Essa referência não é "CopyLocal" porque pelo menos um item de origem tinha "Private" definido como "false" e nenhum item de origem tinha "Private" definido como "true".
         Referência principal "System.Security.Principal.Windows, Version=8.0.0.0, Culture=neutral, PublicKeyToken=b03f5f7f11d50a3a".
             O caminho do arquivo resolvido é "C:\Program Files\dotnet\packs\Microsoft.NETCore.App.Ref\8.0.21\ref\net8.0\System.Security.Principal.Windows.dll".
             Referência encontrada no local do caminho de pesquisa "{RawFileName}".
             Essa referência não é "CopyLocal" porque pelo menos um item de origem tinha "Private" definido como "false" e nenhum item de origem tinha "Private" definido como "true".
         Referência principal "System.Security.Principal, Version=8.0.0.0, Culture=neutral, PublicKeyToken=b03f5f7f11d50a3a".
             O caminho do arquivo resolvido é "C:\Program Files\dotnet\packs\Microsoft.NETCore.App.Ref\8.0.21\ref\net8.0\System.Security.Principal.dll".
             Referência encontrada no local do caminho de pesquisa "{RawFileName}".
             Essa referência não é "CopyLocal" porque pelo menos um item de origem tinha "Private" definido como "false" e nenhum item de origem tinha "Private" definido como "true".
         Referência principal "System.Security.SecureString, Version=8.0.0.0, Culture=neutral, PublicKeyToken=b03f5f7f11d50a3a".
             O caminho do arquivo resolvido é "C:\Program Files\dotnet\packs\Microsoft.NETCore.App.Ref\8.0.21\ref\net8.0\System.Security.SecureString.dll".
             Referência encontrada no local do caminho de pesquisa "{RawFileName}".
             Essa referência não é "CopyLocal" porque pelo menos um item de origem tinha "Private" definido como "false" e nenhum item de origem tinha "Private" definido como "true".
         Referência principal "System.Security, Version=4.0.0.0, Culture=neutral, PublicKeyToken=b03f5f7f11d50a3a".
             O caminho do arquivo resolvido é "C:\Program Files\dotnet\packs\Microsoft.NETCore.App.Ref\8.0.21\ref\net8.0\System.Security.dll".
             Referência encontrada no local do caminho de pesquisa "{RawFileName}".
             Essa referência não é "CopyLocal" porque pelo menos um item de origem tinha "Private" definido como "false" e nenhum item de origem tinha "Private" definido como "true".
         Referência principal "System.ServiceModel.Web, Version=4.0.0.0, Culture=neutral, PublicKeyToken=31bf3856ad364e35".
             O caminho do arquivo resolvido é "C:\Program Files\dotnet\packs\Microsoft.NETCore.App.Ref\8.0.21\ref\net8.0\System.ServiceModel.Web.dll".
             Referência encontrada no local do caminho de pesquisa "{RawFileName}".
             Essa referência não é "CopyLocal" porque pelo menos um item de origem tinha "Private" definido como "false" e nenhum item de origem tinha "Private" definido como "true".
         Referência principal "System.ServiceProcess, Version=4.0.0.0, Culture=neutral, PublicKeyToken=b03f5f7f11d50a3a".
             O caminho do arquivo resolvido é "C:\Program Files\dotnet\packs\Microsoft.NETCore.App.Ref\8.0.21\ref\net8.0\System.ServiceProcess.dll".
             Referência encontrada no local do caminho de pesquisa "{RawFileName}".
             Essa referência não é "CopyLocal" porque pelo menos um item de origem tinha "Private" definido como "false" e nenhum item de origem tinha "Private" definido como "true".
         Referência principal "System.Text.Encoding.CodePages, Version=8.0.0.0, Culture=neutral, PublicKeyToken=b03f5f7f11d50a3a".
             O caminho do arquivo resolvido é "C:\Program Files\dotnet\packs\Microsoft.NETCore.App.Ref\8.0.21\ref\net8.0\System.Text.Encoding.CodePages.dll".
             Referência encontrada no local do caminho de pesquisa "{RawFileName}".
             Essa referência não é "CopyLocal" porque pelo menos um item de origem tinha "Private" definido como "false" e nenhum item de origem tinha "Private" definido como "true".
         Referência principal "System.Text.Encoding.Extensions, Version=8.0.0.0, Culture=neutral, PublicKeyToken=b03f5f7f11d50a3a".
             O caminho do arquivo resolvido é "C:\Program Files\dotnet\packs\Microsoft.NETCore.App.Ref\8.0.21\ref\net8.0\System.Text.Encoding.Extensions.dll".
             Referência encontrada no local do caminho de pesquisa "{RawFileName}".
             Essa referência não é "CopyLocal" porque pelo menos um item de origem tinha "Private" definido como "false" e nenhum item de origem tinha "Private" definido como "true".
         Referência principal "System.Text.Encoding, Version=8.0.0.0, Culture=neutral, PublicKeyToken=b03f5f7f11d50a3a".
             O caminho do arquivo resolvido é "C:\Program Files\dotnet\packs\Microsoft.NETCore.App.Ref\8.0.21\ref\net8.0\System.Text.Encoding.dll".
             Referência encontrada no local do caminho de pesquisa "{RawFileName}".
             Essa referência não é "CopyLocal" porque pelo menos um item de origem tinha "Private" definido como "false" e nenhum item de origem tinha "Private" definido como "true".
         Referência principal "System.Text.Encodings.Web, Version=8.0.0.0, Culture=neutral, PublicKeyToken=cc7b13ffcd2ddd51".
             O caminho do arquivo resolvido é "C:\Program Files\dotnet\packs\Microsoft.NETCore.App.Ref\8.0.21\ref\net8.0\System.Text.Encodings.Web.dll".
             Referência encontrada no local do caminho de pesquisa "{RawFileName}".
             Essa referência não é "CopyLocal" porque pelo menos um item de origem tinha "Private" definido como "false" e nenhum item de origem tinha "Private" definido como "true".
         Referência principal "System.Text.Json, Version=8.0.0.0, Culture=neutral, PublicKeyToken=cc7b13ffcd2ddd51".
             O caminho do arquivo resolvido é "C:\Program Files\dotnet\packs\Microsoft.NETCore.App.Ref\8.0.21\ref\net8.0\System.Text.Json.dll".
             Referência encontrada no local do caminho de pesquisa "{RawFileName}".
             Essa referência não é "CopyLocal" porque pelo menos um item de origem tinha "Private" definido como "false" e nenhum item de origem tinha "Private" definido como "true".
         Referência principal "System.Text.RegularExpressions, Version=8.0.0.0, Culture=neutral, PublicKeyToken=b03f5f7f11d50a3a".
             O caminho do arquivo resolvido é "C:\Program Files\dotnet\packs\Microsoft.NETCore.App.Ref\8.0.21\ref\net8.0\System.Text.RegularExpressions.dll".
             Referência encontrada no local do caminho de pesquisa "{RawFileName}".
             Essa referência não é "CopyLocal" porque pelo menos um item de origem tinha "Private" definido como "false" e nenhum item de origem tinha "Private" definido como "true".
         Referência principal "System.Threading.Channels, Version=8.0.0.0, Culture=neutral, PublicKeyToken=cc7b13ffcd2ddd51".
             O caminho do arquivo resolvido é "C:\Program Files\dotnet\packs\Microsoft.NETCore.App.Ref\8.0.21\ref\net8.0\System.Threading.Channels.dll".
             Referência encontrada no local do caminho de pesquisa "{RawFileName}".
             Essa referência não é "CopyLocal" porque pelo menos um item de origem tinha "Private" definido como "false" e nenhum item de origem tinha "Private" definido como "true".
         Referência principal "System.Threading.Overlapped, Version=8.0.0.0, Culture=neutral, PublicKeyToken=b03f5f7f11d50a3a".
             O caminho do arquivo resolvido é "C:\Program Files\dotnet\packs\Microsoft.NETCore.App.Ref\8.0.21\ref\net8.0\System.Threading.Overlapped.dll".
             Referência encontrada no local do caminho de pesquisa "{RawFileName}".
             Essa referência não é "CopyLocal" porque pelo menos um item de origem tinha "Private" definido como "false" e nenhum item de origem tinha "Private" definido como "true".
         Referência principal "System.Threading.Tasks.Dataflow, Version=8.0.0.0, Culture=neutral, PublicKeyToken=b03f5f7f11d50a3a".
             O caminho do arquivo resolvido é "C:\Program Files\dotnet\packs\Microsoft.NETCore.App.Ref\8.0.21\ref\net8.0\System.Threading.Tasks.Dataflow.dll".
             Referência encontrada no local do caminho de pesquisa "{RawFileName}".
             Essa referência não é "CopyLocal" porque pelo menos um item de origem tinha "Private" definido como "false" e nenhum item de origem tinha "Private" definido como "true".
         Referência principal "System.Threading.Tasks.Extensions, Version=8.0.0.0, Culture=neutral, PublicKeyToken=cc7b13ffcd2ddd51".
             O caminho do arquivo resolvido é "C:\Program Files\dotnet\packs\Microsoft.NETCore.App.Ref\8.0.21\ref\net8.0\System.Threading.Tasks.Extensions.dll".
             Referência encontrada no local do caminho de pesquisa "{RawFileName}".
             Essa referência não é "CopyLocal" porque pelo menos um item de origem tinha "Private" definido como "false" e nenhum item de origem tinha "Private" definido como "true".
         Referência principal "System.Threading.Tasks.Parallel, Version=8.0.0.0, Culture=neutral, PublicKeyToken=b03f5f7f11d50a3a".
             O caminho do arquivo resolvido é "C:\Program Files\dotnet\packs\Microsoft.NETCore.App.Ref\8.0.21\ref\net8.0\System.Threading.Tasks.Parallel.dll".
             Referência encontrada no local do caminho de pesquisa "{RawFileName}".
             Essa referência não é "CopyLocal" porque pelo menos um item de origem tinha "Private" definido como "false" e nenhum item de origem tinha "Private" definido como "true".
         Referência principal "System.Threading.Tasks, Version=8.0.0.0, Culture=neutral, PublicKeyToken=b03f5f7f11d50a3a".
             O caminho do arquivo resolvido é "C:\Program Files\dotnet\packs\Microsoft.NETCore.App.Ref\8.0.21\ref\net8.0\System.Threading.Tasks.dll".
             Referência encontrada no local do caminho de pesquisa "{RawFileName}".
             Essa referência não é "CopyLocal" porque pelo menos um item de origem tinha "Private" definido como "false" e nenhum item de origem tinha "Private" definido como "true".
         Referência principal "System.Threading.Thread, Version=8.0.0.0, Culture=neutral, PublicKeyToken=b03f5f7f11d50a3a".
             O caminho do arquivo resolvido é "C:\Program Files\dotnet\packs\Microsoft.NETCore.App.Ref\8.0.21\ref\net8.0\System.Threading.Thread.dll".
             Referência encontrada no local do caminho de pesquisa "{RawFileName}".
             Essa referência não é "CopyLocal" porque pelo menos um item de origem tinha "Private" definido como "false" e nenhum item de origem tinha "Private" definido como "true".
         Referência principal "System.Threading.ThreadPool, Version=8.0.0.0, Culture=neutral, PublicKeyToken=b03f5f7f11d50a3a".
             O caminho do arquivo resolvido é "C:\Program Files\dotnet\packs\Microsoft.NETCore.App.Ref\8.0.21\ref\net8.0\System.Threading.ThreadPool.dll".
             Referência encontrada no local do caminho de pesquisa "{RawFileName}".
             Essa referência não é "CopyLocal" porque pelo menos um item de origem tinha "Private" definido como "false" e nenhum item de origem tinha "Private" definido como "true".
         Referência principal "System.Threading.Timer, Version=8.0.0.0, Culture=neutral, PublicKeyToken=b03f5f7f11d50a3a".
             O caminho do arquivo resolvido é "C:\Program Files\dotnet\packs\Microsoft.NETCore.App.Ref\8.0.21\ref\net8.0\System.Threading.Timer.dll".
             Referência encontrada no local do caminho de pesquisa "{RawFileName}".
             Essa referência não é "CopyLocal" porque pelo menos um item de origem tinha "Private" definido como "false" e nenhum item de origem tinha "Private" definido como "true".
         Referência principal "System.Threading, Version=8.0.0.0, Culture=neutral, PublicKeyToken=b03f5f7f11d50a3a".
             O caminho do arquivo resolvido é "C:\Program Files\dotnet\packs\Microsoft.NETCore.App.Ref\8.0.21\ref\net8.0\System.Threading.dll".
             Referência encontrada no local do caminho de pesquisa "{RawFileName}".
             Essa referência não é "CopyLocal" porque pelo menos um item de origem tinha "Private" definido como "false" e nenhum item de origem tinha "Private" definido como "true".
         Referência principal "System.Transactions.Local, Version=8.0.0.0, Culture=neutral, PublicKeyToken=cc7b13ffcd2ddd51".
             O caminho do arquivo resolvido é "C:\Program Files\dotnet\packs\Microsoft.NETCore.App.Ref\8.0.21\ref\net8.0\System.Transactions.Local.dll".
             Referência encontrada no local do caminho de pesquisa "{RawFileName}".
             Essa referência não é "CopyLocal" porque pelo menos um item de origem tinha "Private" definido como "false" e nenhum item de origem tinha "Private" definido como "true".
         Referência principal "System.Transactions, Version=4.0.0.0, Culture=neutral, PublicKeyToken=b77a5c561934e089".
             O caminho do arquivo resolvido é "C:\Program Files\dotnet\packs\Microsoft.NETCore.App.Ref\8.0.21\ref\net8.0\System.Transactions.dll".
             Referência encontrada no local do caminho de pesquisa "{RawFileName}".
             Essa referência não é "CopyLocal" porque pelo menos um item de origem tinha "Private" definido como "false" e nenhum item de origem tinha "Private" definido como "true".
         Referência principal "System.ValueTuple, Version=8.0.0.0, Culture=neutral, PublicKeyToken=cc7b13ffcd2ddd51".
             O caminho do arquivo resolvido é "C:\Program Files\dotnet\packs\Microsoft.NETCore.App.Ref\8.0.21\ref\net8.0\System.ValueTuple.dll".
             Referência encontrada no local do caminho de pesquisa "{RawFileName}".
             Essa referência não é "CopyLocal" porque pelo menos um item de origem tinha "Private" definido como "false" e nenhum item de origem tinha "Private" definido como "true".
         Referência principal "System.Web.HttpUtility, Version=8.0.0.0, Culture=neutral, PublicKeyToken=cc7b13ffcd2ddd51".
             O caminho do arquivo resolvido é "C:\Program Files\dotnet\packs\Microsoft.NETCore.App.Ref\8.0.21\ref\net8.0\System.Web.HttpUtility.dll".
             Referência encontrada no local do caminho de pesquisa "{RawFileName}".
             Essa referência não é "CopyLocal" porque pelo menos um item de origem tinha "Private" definido como "false" e nenhum item de origem tinha "Private" definido como "true".
         Referência principal "System.Web, Version=4.0.0.0, Culture=neutral, PublicKeyToken=b03f5f7f11d50a3a".
             O caminho do arquivo resolvido é "C:\Program Files\dotnet\packs\Microsoft.NETCore.App.Ref\8.0.21\ref\net8.0\System.Web.dll".
             Referência encontrada no local do caminho de pesquisa "{RawFileName}".
             Essa referência não é "CopyLocal" porque pelo menos um item de origem tinha "Private" definido como "false" e nenhum item de origem tinha "Private" definido como "true".
         Referência principal "System.Windows, Version=4.0.0.0, Culture=neutral, PublicKeyToken=b03f5f7f11d50a3a".
             O caminho do arquivo resolvido é "C:\Program Files\dotnet\packs\Microsoft.NETCore.App.Ref\8.0.21\ref\net8.0\System.Windows.dll".
             Referência encontrada no local do caminho de pesquisa "{RawFileName}".
             Essa referência não é "CopyLocal" porque pelo menos um item de origem tinha "Private" definido como "false" e nenhum item de origem tinha "Private" definido como "true".
         Referência principal "System.Xml.Linq, Version=4.0.0.0, Culture=neutral, PublicKeyToken=b77a5c561934e089".
             O caminho do arquivo resolvido é "C:\Program Files\dotnet\packs\Microsoft.NETCore.App.Ref\8.0.21\ref\net8.0\System.Xml.Linq.dll".
             Referência encontrada no local do caminho de pesquisa "{RawFileName}".
             Essa referência não é "CopyLocal" porque pelo menos um item de origem tinha "Private" definido como "false" e nenhum item de origem tinha "Private" definido como "true".
         Referência principal "System.Xml.ReaderWriter, Version=8.0.0.0, Culture=neutral, PublicKeyToken=b03f5f7f11d50a3a".
             O caminho do arquivo resolvido é "C:\Program Files\dotnet\packs\Microsoft.NETCore.App.Ref\8.0.21\ref\net8.0\System.Xml.ReaderWriter.dll".
             Referência encontrada no local do caminho de pesquisa "{RawFileName}".
             Essa referência não é "CopyLocal" porque pelo menos um item de origem tinha "Private" definido como "false" e nenhum item de origem tinha "Private" definido como "true".
         Referência principal "System.Xml.Serialization, Version=4.0.0.0, Culture=neutral, PublicKeyToken=b77a5c561934e089".
             O caminho do arquivo resolvido é "C:\Program Files\dotnet\packs\Microsoft.NETCore.App.Ref\8.0.21\ref\net8.0\System.Xml.Serialization.dll".
             Referência encontrada no local do caminho de pesquisa "{RawFileName}".
             Essa referência não é "CopyLocal" porque pelo menos um item de origem tinha "Private" definido como "false" e nenhum item de origem tinha "Private" definido como "true".
         Referência principal "System.Xml.XDocument, Version=8.0.0.0, Culture=neutral, PublicKeyToken=b03f5f7f11d50a3a".
             O caminho do arquivo resolvido é "C:\Program Files\dotnet\packs\Microsoft.NETCore.App.Ref\8.0.21\ref\net8.0\System.Xml.XDocument.dll".
             Referência encontrada no local do caminho de pesquisa "{RawFileName}".
             Essa referência não é "CopyLocal" porque pelo menos um item de origem tinha "Private" definido como "false" e nenhum item de origem tinha "Private" definido como "true".
         Referência principal "System.Xml.XPath.XDocument, Version=8.0.0.0, Culture=neutral, PublicKeyToken=b03f5f7f11d50a3a".
             O caminho do arquivo resolvido é "C:\Program Files\dotnet\packs\Microsoft.NETCore.App.Ref\8.0.21\ref\net8.0\System.Xml.XPath.XDocument.dll".
             Referência encontrada no local do caminho de pesquisa "{RawFileName}".
             Essa referência não é "CopyLocal" porque pelo menos um item de origem tinha "Private" definido como "false" e nenhum item de origem tinha "Private" definido como "true".
         Referência principal "System.Xml.XPath, Version=8.0.0.0, Culture=neutral, PublicKeyToken=b03f5f7f11d50a3a".
             O caminho do arquivo resolvido é "C:\Program Files\dotnet\packs\Microsoft.NETCore.App.Ref\8.0.21\ref\net8.0\System.Xml.XPath.dll".
             Referência encontrada no local do caminho de pesquisa "{RawFileName}".
             Essa referência não é "CopyLocal" porque pelo menos um item de origem tinha "Private" definido como "false" e nenhum item de origem tinha "Private" definido como "true".
         Referência principal "System.Xml.XmlDocument, Version=8.0.0.0, Culture=neutral, PublicKeyToken=b03f5f7f11d50a3a".
             O caminho do arquivo resolvido é "C:\Program Files\dotnet\packs\Microsoft.NETCore.App.Ref\8.0.21\ref\net8.0\System.Xml.XmlDocument.dll".
             Referência encontrada no local do caminho de pesquisa "{RawFileName}".
             Essa referência não é "CopyLocal" porque pelo menos um item de origem tinha "Private" definido como "false" e nenhum item de origem tinha "Private" definido como "true".
         Referência principal "System.Xml.XmlSerializer, Version=8.0.0.0, Culture=neutral, PublicKeyToken=b03f5f7f11d50a3a".
             O caminho do arquivo resolvido é "C:\Program Files\dotnet\packs\Microsoft.NETCore.App.Ref\8.0.21\ref\net8.0\System.Xml.XmlSerializer.dll".
             Referência encontrada no local do caminho de pesquisa "{RawFileName}".
             Essa referência não é "CopyLocal" porque pelo menos um item de origem tinha "Private" definido como "false" e nenhum item de origem tinha "Private" definido como "true".
         Referência principal "System.Xml, Version=4.0.0.0, Culture=neutral, PublicKeyToken=b77a5c561934e089".
             O caminho do arquivo resolvido é "C:\Program Files\dotnet\packs\Microsoft.NETCore.App.Ref\8.0.21\ref\net8.0\System.Xml.dll".
             Referência encontrada no local do caminho de pesquisa "{RawFileName}".
             Essa referência não é "CopyLocal" porque pelo menos um item de origem tinha "Private" definido como "false" e nenhum item de origem tinha "Private" definido como "true".
         Referência principal "System, Version=4.0.0.0, Culture=neutral, PublicKeyToken=b77a5c561934e089".
             O caminho do arquivo resolvido é "C:\Program Files\dotnet\packs\Microsoft.NETCore.App.Ref\8.0.21\ref\net8.0\System.dll".
             Referência encontrada no local do caminho de pesquisa "{RawFileName}".
             Essa referência não é "CopyLocal" porque pelo menos um item de origem tinha "Private" definido como "false" e nenhum item de origem tinha "Private" definido como "true".
         Referência principal "WindowsBase, Version=4.0.0.0, Culture=neutral, PublicKeyToken=31bf3856ad364e35".
             O caminho do arquivo resolvido é "C:\Program Files\dotnet\packs\Microsoft.NETCore.App.Ref\8.0.21\ref\net8.0\WindowsBase.dll".
             Referência encontrada no local do caminho de pesquisa "{RawFileName}".
             Essa referência não é "CopyLocal" porque pelo menos um item de origem tinha "Private" definido como "false" e nenhum item de origem tinha "Private" definido como "true".
         Referência principal "mscorlib, Version=4.0.0.0, Culture=neutral, PublicKeyToken=b77a5c561934e089".
             O caminho do arquivo resolvido é "C:\Program Files\dotnet\packs\Microsoft.NETCore.App.Ref\8.0.21\ref\net8.0\mscorlib.dll".
             Referência encontrada no local do caminho de pesquisa "{RawFileName}".
             Essa referência não é "CopyLocal" porque pelo menos um item de origem tinha "Private" definido como "false" e nenhum item de origem tinha "Private" definido como "true".
         Referência principal "netstandard, Version=2.1.0.0, Culture=neutral, PublicKeyToken=cc7b13ffcd2ddd51".
             O caminho do arquivo resolvido é "C:\Program Files\dotnet\packs\Microsoft.NETCore.App.Ref\8.0.21\ref\net8.0\netstandard.dll".
             Referência encontrada no local do caminho de pesquisa "{RawFileName}".
             Essa referência não é "CopyLocal" porque pelo menos um item de origem tinha "Private" definido como "false" e nenhum item de origem tinha "Private" definido como "true".
       Tarefa em execução pronta "ResolveAssemblyReference".
   3:8>Destino de compilação pronto"ResolveAssemblyReferences" no projeto "IrmaDulce.Application.csproj".
       Destino "GenerateBindingRedirects" ignorado devido à condição falsa; ('$(AutoGenerateBindingRedirects)' == 'true' and '$(GenerateBindingRedirectsOutputType)' == 'true' and '@(SuggestedBindingRedirects)' != '' and '$(DesignTimeBuild)' != 'true' and '$(BuildingProject)' == 'true') foi avaliado como ('' == 'true' and '' == 'true' and '' != '' and '' != 'true' and 'true' == 'true').
       Destino "GenerateSupportedRuntime" ignorado devido à condição falsa; ('$(GenerateSupportedRuntime)' != 'false' and '$(TargetFrameworkIdentifier)' == '.NETFramework' and '$(HasRuntimeOutput)' == 'true') foi avaliado como ('' != 'false' and '.NETCoreApp' == '.NETFramework' and '' == 'true').
       Destino "GenerateBindingRedirectsUpdateAppConfig" ignorado devido à condição falsa; ('$(AutoGenerateBindingRedirects)' == 'true' and '$(GenerateBindingRedirectsOutputType)' == 'true') foi avaliado como ('' == 'true' and '' == 'true').
       Destino "ResolveComReferences" ignorado devido à condição falsa; ('@(COMReference)'!='' or '@(COMFileReference)'!='') foi avaliado como (''!='' or ''!='').
   3:8>Destino "AfterResolveReferences" no arquivo "C:\Program Files\dotnet\sdk\8.0.415\Microsoft.Common.CurrentVersion.targets" do projeto "C:\Projects\Irma Dulce\backend\src\IrmaDulce.Application\IrmaDulce.Application.csproj" (o destino "ResolveReferences" depende dele):
   3:8>Destino de compilação pronto"AfterResolveReferences" no projeto "IrmaDulce.Application.csproj".
   3:8>Destino "ResolveReferences" no arquivo "C:\Program Files\dotnet\sdk\8.0.415\Microsoft.Common.CurrentVersion.targets" do projeto "C:\Projects\Irma Dulce\backend\src\IrmaDulce.Application\IrmaDulce.Application.csproj" (o destino "_BlockWinMDsOnUnsupportedTFMs" depende dele):
   3:8>Destino de compilação pronto"ResolveReferences" no projeto "IrmaDulce.Application.csproj".
   3:8>Destino "_BlockWinMDsOnUnsupportedTFMs" no arquivo "C:\Program Files\dotnet\sdk\8.0.415\Sdks\Microsoft.NET.Sdk\targets\Microsoft.NET.Sdk.targets" do projeto "C:\Projects\Irma Dulce\backend\src\IrmaDulce.Application\IrmaDulce.Application.csproj" (o destino "CoreBuild" depende dele):
       Usando a tarefa "CheckForUnsupportedWinMDReferences" do assembly "C:\Program Files\dotnet\sdk\8.0.415\Sdks\Microsoft.NET.Sdk\targets\..\tools\net8.0\Microsoft.NET.Build.Tasks.dll".
       Tarefa "CheckForUnsupportedWinMDReferences"
       Tarefa em execução pronta "CheckForUnsupportedWinMDReferences".
       A tarefa "NETSdkError" foi ignorada devido a condição falsa; ('$(OutputType)' == 'winmdobj') foi avaliado como ('Library' == 'winmdobj').
   3:8>Destino de compilação pronto"_BlockWinMDsOnUnsupportedTFMs" no projeto "IrmaDulce.Application.csproj".
       Destino "ResolveReferences" ignorado. Compilado anteriormente com êxito.
       Destino "ResolvePackageDependenciesForBuild" ignorado. Compilado anteriormente com êxito.
       Destino "_HandlePackageFileConflicts" ignorado. Compilado anteriormente com êxito.
   3:8>Destino "CopyAdditionalFiles" no arquivo "C:\Program Files\dotnet\sdk\8.0.415\Roslyn\Microsoft.Managed.Core.targets" do projeto "C:\Projects\Irma Dulce\backend\src\IrmaDulce.Application\IrmaDulce.Application.csproj" (o destino "AssignTargetPaths" depende dele):
   3:8>Destino de compilação pronto"CopyAdditionalFiles" no projeto "IrmaDulce.Application.csproj".
       Destino "_ChooseAppHost" ignorado devido à condição falsa; ('$(UseAppHost)' == 'true' and '$(_IsExecutable)' == 'true') foi avaliado como ('' == 'true' and '' == 'true').
       Destino "_GetComHostPaths" ignorado devido à condição falsa; ('$(EnableComHosting)' == 'true' and '$(_IsExecutable)' != 'true') foi avaliado como ('' == 'true' and '' != 'true').
       Destino "_GetIjwHostPaths" ignorado devido à condição falsa; ('$(UseIJWHost)' == 'true') foi avaliado como ('' == 'true').
   3:8>Destino "_ComputeNETCoreBuildOutputFiles" no arquivo "C:\Program Files\dotnet\sdk\8.0.415\Sdks\Microsoft.NET.Sdk\targets\Microsoft.NET.Sdk.targets" do projeto "C:\Projects\Irma Dulce\backend\src\IrmaDulce.Application\IrmaDulce.Application.csproj" (o destino "AssignTargetPaths" depende dele):
   3:8>Destino de compilação pronto"_ComputeNETCoreBuildOutputFiles" no projeto "IrmaDulce.Application.csproj".
   3:8>Destino "AssignTargetPaths" no arquivo "C:\Program Files\dotnet\sdk\8.0.415\Microsoft.Common.CurrentVersion.targets" do projeto "C:\Projects\Irma Dulce\backend\src\IrmaDulce.Application\IrmaDulce.Application.csproj" (o destino "PrepareResourceNames" depende dele):
       Usando a tarefa "AssignTargetPath" do assembly "Microsoft.Build.Tasks.Core, Version=15.1.0.0, Culture=neutral, PublicKeyToken=b03f5f7f11d50a3a".
       Tarefa "AssignTargetPath"
       Tarefa em execução pronta "AssignTargetPath".
       Tarefa "AssignTargetPath"
       Tarefa em execução pronta "AssignTargetPath".
       Tarefa "AssignTargetPath"
       Tarefa em execução pronta "AssignTargetPath".
       Tarefa "AssignTargetPath"
       Tarefa em execução pronta "AssignTargetPath".
       A tarefa "AssignTargetPath" foi ignorada devido a condição falsa; ('@(_DeploymentBaseManifestWithTargetPath)'=='' and '%(None.Extension)'=='.manifest') foi avaliado como (''=='' and ''=='.manifest').
   3:8>Destino de compilação pronto"AssignTargetPaths" no projeto "IrmaDulce.Application.csproj".
       Destino "AssignTargetPaths" ignorado. Compilado anteriormente com êxito.
   3:8>Destino "SplitResourcesByCulture" no arquivo "C:\Program Files\dotnet\sdk\8.0.415\Microsoft.Common.CurrentVersion.targets" do projeto "C:\Projects\Irma Dulce\backend\src\IrmaDulce.Application\IrmaDulce.Application.csproj" (o destino "PrepareResourceNames" depende dele):
       A tarefa "Warning" foi ignorada devido a condição falsa; ('@(ResxWithNoCulture)'!='') foi avaliado como (''!='').
       A tarefa "Warning" foi ignorada devido a condição falsa; ('@(ResxWithCulture)'!='') foi avaliado como (''!='').
       A tarefa "Warning" foi ignorada devido a condição falsa; ('@(NonResxWithCulture)'!='') foi avaliado como (''!='').
       A tarefa "Warning" foi ignorada devido a condição falsa; ('@(NonResxWithNoCulture)'!='') foi avaliado como (''!='').
       Usando a tarefa "AssignCulture" do assembly "Microsoft.Build.Tasks.Core, Version=15.1.0.0, Culture=neutral, PublicKeyToken=b03f5f7f11d50a3a".
       Tarefa "AssignCulture"
       Tarefa em execução pronta "AssignCulture".
   3:8>Destino de compilação pronto"SplitResourcesByCulture" no projeto "IrmaDulce.Application.csproj".
       Destino "CreateManifestResourceNames" ignorado devido à condição falsa; ('@(EmbeddedResource)' != '') foi avaliado como ('' != '').
   3:8>Destino "CreateCustomManifestResourceNames" no arquivo "C:\Program Files\dotnet\sdk\8.0.415\Microsoft.Common.CurrentVersion.targets" do projeto "C:\Projects\Irma Dulce\backend\src\IrmaDulce.Application\IrmaDulce.Application.csproj" (o destino "PrepareResourceNames" depende dele):
   3:8>Destino de compilação pronto"CreateCustomManifestResourceNames" no projeto "IrmaDulce.Application.csproj".
   3:8>Destino "PrepareResourceNames" no arquivo "C:\Program Files\dotnet\sdk\8.0.415\Microsoft.Common.CurrentVersion.targets" do projeto "C:\Projects\Irma Dulce\backend\src\IrmaDulce.Application\IrmaDulce.Application.csproj" (o destino "PrepareResources" depende dele):
   3:8>Destino de compilação pronto"PrepareResourceNames" no projeto "IrmaDulce.Application.csproj".
       Destino "ResolveAssemblyReferences" ignorado. Compilado anteriormente com êxito.
       Destino "SplitResourcesByCulture" ignorado. Compilado anteriormente com êxito.
   3:8>Destino "BeforeResGen" no arquivo "C:\Program Files\dotnet\sdk\8.0.415\Microsoft.Common.CurrentVersion.targets" do projeto "C:\Projects\Irma Dulce\backend\src\IrmaDulce.Application\IrmaDulce.Application.csproj" (o destino "ResGen" depende dele):
   3:8>Destino de compilação pronto"BeforeResGen" no projeto "IrmaDulce.Application.csproj".
       Destino "ResolveReferences" ignorado. Compilado anteriormente com êxito.
   3:8>Destino "FindReferenceAssembliesForReferences" no arquivo "C:\Program Files\dotnet\sdk\8.0.415\Microsoft.Common.CurrentVersion.targets" do projeto "C:\Projects\Irma Dulce\backend\src\IrmaDulce.Application\IrmaDulce.Application.csproj" (o destino "CoreResGen" depende dele):
   3:8>Destino de compilação pronto"FindReferenceAssembliesForReferences" no projeto "IrmaDulce.Application.csproj".
   3:8>Destino "CoreResGen" no arquivo "C:\Program Files\dotnet\sdk\8.0.415\Microsoft.Common.CurrentVersion.targets" do projeto "C:\Projects\Irma Dulce\backend\src\IrmaDulce.Application\IrmaDulce.Application.csproj" (o destino "ResGen" depende dele):
       A tarefa "GenerateResource" foi ignorada devido a condição falsa; ('%(EmbeddedResource.Type)' == 'Resx' and '%(EmbeddedResource.GenerateResource)' != 'false' and '$(GenerateResourceMSBuildRuntime)' != 'CLR2') foi avaliado como ('' == 'Resx' and '' != 'false' and 'CurrentRuntime' != 'CLR2').
       A tarefa "GenerateResource" foi ignorada devido a condição falsa; ('%(EmbeddedResource.Type)' == 'Resx' and '%(EmbeddedResource.GenerateResource)' != 'false' and '$(GenerateResourceMSBuildRuntime)' == 'CLR2') foi avaliado como ('' == 'Resx' and '' != 'false' and 'CurrentRuntime' == 'CLR2').
   3:8>Destino de compilação pronto"CoreResGen" no projeto "IrmaDulce.Application.csproj".
   3:8>Destino "AfterResGen" no arquivo "C:\Program Files\dotnet\sdk\8.0.415\Microsoft.Common.CurrentVersion.targets" do projeto "C:\Projects\Irma Dulce\backend\src\IrmaDulce.Application\IrmaDulce.Application.csproj" (o destino "ResGen" depende dele):
   3:8>Destino de compilação pronto"AfterResGen" no projeto "IrmaDulce.Application.csproj".
   3:8>Destino "ResGen" no arquivo "C:\Program Files\dotnet\sdk\8.0.415\Microsoft.Common.CurrentVersion.targets" do projeto "C:\Projects\Irma Dulce\backend\src\IrmaDulce.Application\IrmaDulce.Application.csproj" (o destino "PrepareResources" depende dele):
   3:8>Destino de compilação pronto"ResGen" no projeto "IrmaDulce.Application.csproj".
       Destino "CompileLicxFiles" ignorado devido à condição falsa; ('@(_LicxFile)'!='') foi avaliado como (''!='').
   3:8>Destino "PrepareResources" no arquivo "C:\Program Files\dotnet\sdk\8.0.415\Microsoft.Common.CurrentVersion.targets" do projeto "C:\Projects\Irma Dulce\backend\src\IrmaDulce.Application\IrmaDulce.Application.csproj" (o destino "CoreBuild" depende dele):
   3:8>Destino de compilação pronto"PrepareResources" no projeto "IrmaDulce.Application.csproj".
       Destino "ResolveKeySource" ignorado devido à condição falsa; ($(SignManifests) == 'true' or $(SignAssembly) == 'true') foi avaliado como ( == 'true' or false == 'true').
       Destino "ResolveReferences" ignorado. Compilado anteriormente com êxito.
       Destino "ResolveKeySource" ignorado devido à condição falsa; ($(SignManifests) == 'true' or $(SignAssembly) == 'true') foi avaliado como ( == 'true' or false == 'true').
       Destino "ResolveComReferences" ignorado devido à condição falsa; ('@(COMReference)'!='' or '@(COMFileReference)'!='') foi avaliado como (''!='' or ''!='').
       Destino "ResolveNativeReferences" ignorado devido à condição falsa; ('@(NativeReference)'!='') foi avaliado como (''!='').
       Destino "_SetExternalWin32ManifestProperties" ignorado devido à condição falsa; ('$(GenerateClickOnceManifests)'=='true' or '@(NativeReference)'!='' or '@(ResolvedIsolatedComModules)'!='') foi avaliado como (''=='true' or ''!='' or ''!='').
   3:8>Destino "_SetEmbeddedWin32ManifestProperties" no arquivo "C:\Program Files\dotnet\sdk\8.0.415\Microsoft.Common.CurrentVersion.targets" do projeto "C:\Projects\Irma Dulce\backend\src\IrmaDulce.Application\IrmaDulce.Application.csproj" (o destino "SetWin32ManifestProperties" depende dele):
       Usando a tarefa "GetFrameworkPath" do assembly "Microsoft.Build.Tasks.Core, Version=15.1.0.0, Culture=neutral, PublicKeyToken=b03f5f7f11d50a3a".
       Tarefa "GetFrameworkPath"
       Tarefa em execução pronta "GetFrameworkPath".
   3:8>Destino de compilação pronto"_SetEmbeddedWin32ManifestProperties" no projeto "IrmaDulce.Application.csproj".
   3:8>Destino "SetWin32ManifestProperties" no arquivo "C:\Program Files\dotnet\sdk\8.0.415\Microsoft.Common.CurrentVersion.targets" do projeto "C:\Projects\Irma Dulce\backend\src\IrmaDulce.Application\IrmaDulce.Application.csproj" (o destino "Compile" depende dele):
   3:8>Destino de compilação pronto"SetWin32ManifestProperties" no projeto "IrmaDulce.Application.csproj".
       Destino "_SetPreferNativeArm64Win32ManifestProperties" ignorado devido à condição falsa; ( '$(PreferNativeArm64)'=='true' and '$(NoWin32Manifest)'!='true') foi avaliado como ( ''=='true' and ''!='true').
       Destino "FindReferenceAssembliesForReferences" ignorado. Compilado anteriormente com êxito.
   3:8>Destino "_GenerateCompileInputs" no arquivo "C:\Program Files\dotnet\sdk\8.0.415\Microsoft.Common.CurrentVersion.targets" do projeto "C:\Projects\Irma Dulce\backend\src\IrmaDulce.Application\IrmaDulce.Application.csproj" (o destino "Compile" depende dele):
       A tarefa "Warning" foi ignorada devido a condição falsa; ('@(ManifestResourceWithNoCulture)'!='' and '%(ManifestResourceWithNoCulture.EmittedForCompatibilityOnly)'=='') foi avaliado como (''!='' and ''=='').
       A tarefa "Warning" foi ignorada devido a condição falsa; ('@(ManifestNonResxWithNoCultureOnDisk)'!='' and '%(ManifestNonResxWithNoCultureOnDisk.EmittedForCompatibilityOnly)'=='') foi avaliado como (''!='' and ''=='').
   3:8>Destino de compilação pronto"_GenerateCompileInputs" no projeto "IrmaDulce.Application.csproj".
       Destino "PrepareForBuild" ignorado. Compilado anteriormente com êxito.
   3:8>Destino "GenerateMSBuildEditorConfigFileShouldRun" no arquivo "C:\Program Files\dotnet\sdk\8.0.415\Roslyn\Microsoft.Managed.Core.targets" do projeto "C:\Projects\Irma Dulce\backend\src\IrmaDulce.Application\IrmaDulce.Application.csproj" (o destino "GenerateMSBuildEditorConfigFile" depende dele):
   3:8>Destino de compilação pronto"GenerateMSBuildEditorConfigFileShouldRun" no projeto "IrmaDulce.Application.csproj".
   3:8>Destino "GenerateMSBuildEditorConfigFileCore" no arquivo "C:\Program Files\dotnet\sdk\8.0.415\Roslyn\Microsoft.Managed.Core.targets" do projeto "C:\Projects\Irma Dulce\backend\src\IrmaDulce.Application\IrmaDulce.Application.csproj" (o destino "GenerateMSBuildEditorConfigFile" depende dele):
       Compilação de destino "GenerateMSBuildEditorConfigFileCore" concluída.
       Não há arquivos de entrada especificados.
       Usando a tarefa "GenerateMSBuildEditorConfig" do assembly "C:\Program Files\dotnet\sdk\8.0.415\Roslyn\Microsoft.Build.Tasks.CodeAnalysis.dll".
       Tarefa "GenerateMSBuildEditorConfig"
       Tarefa em execução pronta "GenerateMSBuildEditorConfig".
   3:8>Destino de compilação pronto"GenerateMSBuildEditorConfigFileCore" no projeto "IrmaDulce.Application.csproj".
   3:8>Destino "GenerateMSBuildEditorConfigFile" no arquivo "C:\Program Files\dotnet\sdk\8.0.415\Roslyn\Microsoft.Managed.Core.targets" do projeto "C:\Projects\Irma Dulce\backend\src\IrmaDulce.Application\IrmaDulce.Application.csproj" (o destino "BeforeCompile" depende dele):
   3:8>Destino de compilação pronto"GenerateMSBuildEditorConfigFile" no projeto "IrmaDulce.Application.csproj".
       Destino "PrepareForBuild" ignorado. Compilado anteriormente com êxito.
       Destino "GetReferenceAssemblyPaths" ignorado. Compilado anteriormente com êxito.
   3:8>Destino "_SetTargetFrameworkMonikerAttribute" no arquivo "C:\Program Files\dotnet\sdk\8.0.415\Microsoft.CSharp.CurrentVersion.targets" do projeto "C:\Projects\Irma Dulce\backend\src\IrmaDulce.Application\IrmaDulce.Application.csproj" (o destino "GenerateTargetFrameworkMonikerAttribute" depende dele):
   3:8>Destino de compilação pronto"_SetTargetFrameworkMonikerAttribute" no projeto "IrmaDulce.Application.csproj".
   3:8>Destino "GenerateTargetFrameworkMonikerAttribute" no arquivo "C:\Program Files\dotnet\sdk\8.0.415\Microsoft.Common.CurrentVersion.targets" do projeto "C:\Projects\Irma Dulce\backend\src\IrmaDulce.Application\IrmaDulce.Application.csproj" (o destino "BeforeCompile" depende dele):
       Ignorando o destino "GenerateTargetFrameworkMonikerAttribute" porque todos os arquivos de saída estão atualizados em relação aos arquivos de entrada.
       Arquivos de entrada: C:\Program Files\dotnet\sdk\8.0.415\Microsoft.Common.targets
       Arquivos de saída: obj\Debug\net8.0\.NETCoreApp,Version=v8.0.AssemblyAttributes.cs
   3:8>Destino de compilação pronto"GenerateTargetFrameworkMonikerAttribute" no projeto "IrmaDulce.Application.csproj".
       Destino "GenerateAdditionalSources" ignorado devido à condição falsa; ('@(AssemblyAttributes)' != '' and '$(GenerateAdditionalSources)' == 'true') foi avaliado como ('' != '' and '' == 'true').
       Destino "PrepareForBuild" ignorado. Compilado anteriormente com êxito.
   3:8>Destino "GetAssemblyVersion" no arquivo "C:\Program Files\dotnet\sdk\8.0.415\Sdks\Microsoft.NET.Sdk\targets\Microsoft.NET.GenerateAssemblyInfo.targets" do projeto "C:\Projects\Irma Dulce\backend\src\IrmaDulce.Application\IrmaDulce.Application.csproj" (o destino "GetAssemblyAttributes" depende dele):
       Usando a tarefa "GetAssemblyVersion" do assembly "C:\Program Files\dotnet\sdk\8.0.415\Sdks\Microsoft.NET.Sdk\targets\..\tools\net8.0\Microsoft.NET.Build.Tasks.dll".
       Tarefa "GetAssemblyVersion"
       Tarefa em execução pronta "GetAssemblyVersion".
   3:8>Destino de compilação pronto"GetAssemblyVersion" no projeto "IrmaDulce.Application.csproj".
       Destino "GetAssemblyVersion" ignorado. Compilado anteriormente com êxito.
   3:8>Destino "InitializeSourceControlInformationFromSourceControlManager" no arquivo "C:\Program Files\dotnet\sdk\8.0.415\Sdks\Microsoft.Build.Tasks.Git\build\Microsoft.Build.Tasks.Git.targets" do projeto "C:\Projects\Irma Dulce\backend\src\IrmaDulce.Application\IrmaDulce.Application.csproj" (o destino "_InitializeSourceControlInformationFromSourceControlManager" depende dele):
       Usando a tarefa "Microsoft.Build.Tasks.Git.LocateRepository" do assembly "C:\Program Files\dotnet\sdk\8.0.415\Sdks\Microsoft.Build.Tasks.Git\build\..\tools\core\Microsoft.Build.Tasks.Git.dll".
       Tarefa "Microsoft.Build.Tasks.Git.LocateRepository"
         SourceLink: Repository instance not found in cache: '*:C:\Projects\Irma Dulce\backend\.git'
       Tarefa em execução pronta "Microsoft.Build.Tasks.Git.LocateRepository".
   3:8>Destino de compilação pronto"InitializeSourceControlInformationFromSourceControlManager" no projeto "IrmaDulce.Application.csproj".
   3:8>Destino "_SourceLinkHasSingleProvider" no arquivo "C:\Program Files\dotnet\sdk\8.0.415\Sdks\Microsoft.SourceLink.Common\build\InitializeSourceControlInformation.targets" do projeto "C:\Projects\Irma Dulce\backend\src\IrmaDulce.Application\IrmaDulce.Application.csproj" (o destino "_InitializeSourceControlInformationFromSourceControlManager" depende dele):
       Usando a tarefa "Microsoft.SourceLink.Common.SourceLinkHasSingleProvider" do assembly "C:\Program Files\dotnet\sdk\8.0.415\Sdks\Microsoft.SourceLink.Common\build\..\tools\core\Microsoft.SourceLink.Common.dll".
       Tarefa "Microsoft.SourceLink.Common.SourceLinkHasSingleProvider"
       Tarefa em execução pronta "Microsoft.SourceLink.Common.SourceLinkHasSingleProvider".
   3:8>Destino de compilação pronto"_SourceLinkHasSingleProvider" no projeto "IrmaDulce.Application.csproj".
   3:8>Destino "TranslateGitHubUrlsInSourceControlInformation" no arquivo "C:\Program Files\dotnet\sdk\8.0.415\Sdks\Microsoft.SourceLink.GitHub\build\Microsoft.SourceLink.GitHub.targets" do projeto "C:\Projects\Irma Dulce\backend\src\IrmaDulce.Application\IrmaDulce.Application.csproj" (o destino "_InitializeSourceControlInformationFromSourceControlManager" depende dele):
       Usando a tarefa "Microsoft.SourceLink.GitHub.TranslateRepositoryUrls" do assembly "C:\Program Files\dotnet\sdk\8.0.415\Sdks\Microsoft.SourceLink.GitHub\build\..\tools\core\Microsoft.SourceLink.GitHub.dll".
       Tarefa "Microsoft.SourceLink.GitHub.TranslateRepositoryUrls"
       Tarefa em execução pronta "Microsoft.SourceLink.GitHub.TranslateRepositoryUrls".
   3:8>Destino de compilação pronto"TranslateGitHubUrlsInSourceControlInformation" no projeto "IrmaDulce.Application.csproj".
   3:8>Destino "TranslateGitLabUrlsInSourceControlInformation" no arquivo "C:\Program Files\dotnet\sdk\8.0.415\Sdks\Microsoft.SourceLink.GitLab\build\Microsoft.SourceLink.GitLab.targets" do projeto "C:\Projects\Irma Dulce\backend\src\IrmaDulce.Application\IrmaDulce.Application.csproj" (o destino "_InitializeSourceControlInformationFromSourceControlManager" depende dele):
       Usando a tarefa "Microsoft.SourceLink.GitLab.TranslateRepositoryUrls" do assembly "C:\Program Files\dotnet\sdk\8.0.415\Sdks\Microsoft.SourceLink.GitLab\build\..\tools\core\Microsoft.SourceLink.GitLab.dll".
       Tarefa "Microsoft.SourceLink.GitLab.TranslateRepositoryUrls"
       Tarefa em execução pronta "Microsoft.SourceLink.GitLab.TranslateRepositoryUrls".
   3:8>Destino de compilação pronto"TranslateGitLabUrlsInSourceControlInformation" no projeto "IrmaDulce.Application.csproj".
   3:8>Destino "TranslateAzureReposGitUrlsInSourceControlInformation" no arquivo "C:\Program Files\dotnet\sdk\8.0.415\Sdks\Microsoft.SourceLink.AzureRepos.Git\build\Microsoft.SourceLink.AzureRepos.Git.targets" do projeto "C:\Projects\Irma Dulce\backend\src\IrmaDulce.Application\IrmaDulce.Application.csproj" (o destino "_InitializeSourceControlInformationFromSourceControlManager" depende dele):
       Usando a tarefa "Microsoft.SourceLink.AzureRepos.Git.TranslateRepositoryUrls" do assembly "C:\Program Files\dotnet\sdk\8.0.415\Sdks\Microsoft.SourceLink.AzureRepos.Git\build\..\tools\core\Microsoft.SourceLink.AzureRepos.Git.dll".
       Tarefa "Microsoft.SourceLink.AzureRepos.Git.TranslateRepositoryUrls"
       Tarefa em execução pronta "Microsoft.SourceLink.AzureRepos.Git.TranslateRepositoryUrls".
   3:8>Destino de compilação pronto"TranslateAzureReposGitUrlsInSourceControlInformation" no projeto "IrmaDulce.Application.csproj".
   3:8>Destino "TranslateBitbucketGitUrlsInSourceControlInformation" no arquivo "C:\Program Files\dotnet\sdk\8.0.415\Sdks\Microsoft.SourceLink.Bitbucket.Git\build\Microsoft.SourceLink.Bitbucket.Git.targets" do projeto "C:\Projects\Irma Dulce\backend\src\IrmaDulce.Application\IrmaDulce.Application.csproj" (o destino "_InitializeSourceControlInformationFromSourceControlManager" depende dele):
       Usando a tarefa "Microsoft.SourceLink.Bitbucket.Git.TranslateRepositoryUrls" do assembly "C:\Program Files\dotnet\sdk\8.0.415\Sdks\Microsoft.SourceLink.Bitbucket.Git\build\..\tools\core\Microsoft.SourceLink.Bitbucket.Git.dll".
       Tarefa "Microsoft.SourceLink.Bitbucket.Git.TranslateRepositoryUrls"
       Tarefa em execução pronta "Microsoft.SourceLink.Bitbucket.Git.TranslateRepositoryUrls".
   3:8>Destino de compilação pronto"TranslateBitbucketGitUrlsInSourceControlInformation" no projeto "IrmaDulce.Application.csproj".
   3:8>Destino "SourceControlManagerPublishTranslatedUrls" no arquivo "C:\Program Files\dotnet\sdk\8.0.415\Sdks\Microsoft.SourceLink.Common\build\InitializeSourceControlInformation.targets" do projeto "C:\Projects\Irma Dulce\backend\src\IrmaDulce.Application\IrmaDulce.Application.csproj" (o destino "_InitializeSourceControlInformationFromSourceControlManager" depende dele):
   3:8>Destino de compilação pronto"SourceControlManagerPublishTranslatedUrls" no projeto "IrmaDulce.Application.csproj".
   3:8>Destino "_InitializeSourceControlInformationFromSourceControlManager" no arquivo "C:\Program Files\dotnet\sdk\8.0.415\Sdks\Microsoft.SourceLink.Common\build\InitializeSourceControlInformation.targets" do projeto "C:\Projects\Irma Dulce\backend\src\IrmaDulce.Application\IrmaDulce.Application.csproj" (o destino "InitializeSourceControlInformation" depende dele):
   3:8>Destino de compilação pronto"_InitializeSourceControlInformationFromSourceControlManager" no projeto "IrmaDulce.Application.csproj".
   3:8>Destino "InitializeSourceControlInformation" no arquivo "C:\Program Files\dotnet\sdk\8.0.415\Microsoft.Common.CurrentVersion.targets" do projeto "C:\Projects\Irma Dulce\backend\src\IrmaDulce.Application\IrmaDulce.Application.csproj" (o destino "AddSourceRevisionToInformationalVersion" depende dele):
   3:8>Destino de compilação pronto"InitializeSourceControlInformation" no projeto "IrmaDulce.Application.csproj".
   3:8>Destino "AddSourceRevisionToInformationalVersion" no arquivo "C:\Program Files\dotnet\sdk\8.0.415\Sdks\Microsoft.NET.Sdk\targets\Microsoft.NET.GenerateAssemblyInfo.targets" do projeto "C:\Projects\Irma Dulce\backend\src\IrmaDulce.Application\IrmaDulce.Application.csproj" (o destino "GetAssemblyAttributes" depende dele):
   3:8>Destino de compilação pronto"AddSourceRevisionToInformationalVersion" no projeto "IrmaDulce.Application.csproj".
       Destino "_GetUserSecretsAssemblyAttribute" ignorado devido à condição falsa; ( '$(UserSecretsId)' != '' AND '$(GenerateUserSecretsAttribute)' != 'false' AND '$(GeneratedUserSecretsAttributeFile)' == '' ) foi avaliado como ( '' != '' AND '' != 'false' AND '' == '' ).
   3:8>Destino "GetAssemblyAttributes" no arquivo "C:\Program Files\dotnet\sdk\8.0.415\Sdks\Microsoft.NET.Sdk\targets\Microsoft.NET.GenerateAssemblyInfo.targets" do projeto "C:\Projects\Irma Dulce\backend\src\IrmaDulce.Application\IrmaDulce.Application.csproj" (o destino "CreateGeneratedAssemblyInfoInputsCacheFile" depende dele):
   3:8>Destino de compilação pronto"GetAssemblyAttributes" no projeto "IrmaDulce.Application.csproj".
   3:8>Destino "CreateGeneratedAssemblyInfoInputsCacheFile" no arquivo "C:\Program Files\dotnet\sdk\8.0.415\Sdks\Microsoft.NET.Sdk\targets\Microsoft.NET.GenerateAssemblyInfo.targets" do projeto "C:\Projects\Irma Dulce\backend\src\IrmaDulce.Application\IrmaDulce.Application.csproj" (o destino "CoreGenerateAssemblyInfo" depende dele):
       Usando a tarefa "Hash" do assembly "Microsoft.Build.Tasks.Core, Version=15.1.0.0, Culture=neutral, PublicKeyToken=b03f5f7f11d50a3a".
       Tarefa "Hash"
       Tarefa em execução pronta "Hash".
       Tarefa "WriteLinesToFile"
         Ignorando a gravação no arquivo "obj\Debug\net8.0\IrmaDulce.Application.AssemblyInfoInputs.cache" porque o conteúdo não seria alterado.
       Tarefa em execução pronta "WriteLinesToFile".
   3:8>Destino de compilação pronto"CreateGeneratedAssemblyInfoInputsCacheFile" no projeto "IrmaDulce.Application.csproj".
   3:8>Destino "CoreGenerateAssemblyInfo" no arquivo "C:\Program Files\dotnet\sdk\8.0.415\Sdks\Microsoft.NET.Sdk\targets\Microsoft.NET.GenerateAssemblyInfo.targets" do projeto "C:\Projects\Irma Dulce\backend\src\IrmaDulce.Application\IrmaDulce.Application.csproj" (o destino "GenerateAssemblyInfo" depende dele):
       Ignorando o destino "CoreGenerateAssemblyInfo" porque todos os arquivos de saída estão atualizados em relação aos arquivos de entrada.
       Arquivos de entrada: obj\Debug\net8.0\IrmaDulce.Application.AssemblyInfoInputs.cache
       Arquivos de saída: obj\Debug\net8.0\IrmaDulce.Application.AssemblyInfo.cs
   3:8>Destino de compilação pronto"CoreGenerateAssemblyInfo" no projeto "IrmaDulce.Application.csproj".
   3:8>Destino "GenerateAssemblyInfo" no arquivo "C:\Program Files\dotnet\sdk\8.0.415\Sdks\Microsoft.NET.Sdk\targets\Microsoft.NET.GenerateAssemblyInfo.targets" do projeto "C:\Projects\Irma Dulce\backend\src\IrmaDulce.Application\IrmaDulce.Application.csproj" (o destino "BeforeCompile" depende dele):
   3:8>Destino de compilação pronto"GenerateAssemblyInfo" no projeto "IrmaDulce.Application.csproj".
   3:8>Destino "BeforeCompile" no arquivo "C:\Program Files\dotnet\sdk\8.0.415\Microsoft.Common.CurrentVersion.targets" do projeto "C:\Projects\Irma Dulce\backend\src\IrmaDulce.Application\IrmaDulce.Application.csproj" (o destino "Compile" depende dele):
   3:8>Destino de compilação pronto"BeforeCompile" no projeto "IrmaDulce.Application.csproj".
       Destino "_TimeStampBeforeCompile" ignorado devido à condição falsa; ('$(RunPostBuildEvent)'=='OnOutputUpdated' or ('$(RegisterForComInterop)'=='true' and '$(OutputType)'=='library')) foi avaliado como (''=='OnOutputUpdated' or (''=='true' and 'Library'=='library')).
       Destino "ResolveAssemblyReferences" ignorado. Compilado anteriormente com êxito.
   3:8>Destino "_GenerateCompileDependencyCache" no arquivo "C:\Program Files\dotnet\sdk\8.0.415\Microsoft.Common.CurrentVersion.targets" do projeto "C:\Projects\Irma Dulce\backend\src\IrmaDulce.Application\IrmaDulce.Application.csproj" (o destino "Compile" depende dele):
       Tarefa "Hash"
       Tarefa em execução pronta "Hash".
       Tarefa "WriteLinesToFile"
         Ignorando a gravação no arquivo "obj\Debug\net8.0\IrmaDulce.Application.csproj.CoreCompileInputs.cache" porque o conteúdo não seria alterado.
       Tarefa em execução pronta "WriteLinesToFile".
   3:8>Destino de compilação pronto"_GenerateCompileDependencyCache" no projeto "IrmaDulce.Application.csproj".
       Destino "_ComputeNonExistentFileProperty" ignorado devido à condição falsa; (('$(BuildingInsideVisualStudio)' == 'true') and ('$(BuildingOutOfProcess)' != 'true') and (('$(BuildingProject)' == 'false') or ('$(UseHostCompilerIfAvailable)' == 'true'))) foi avaliado como (('' == 'true') and ('' != 'true') and (('true' == 'false') or ('true' == 'true'))).
       Destino "ResolveCodeAnalysisRuleSet" ignorado devido à condição falsa; ('$(CodeAnalysisRuleSet)' != '') foi avaliado como ('' != '').
       Destino "ShimReferencePathsWhenCommonTargetsDoesNotUnderstandReferenceAssemblies" ignorado devido à condição falsa; ('@(ReferencePathWithRefAssemblies)' == '') foi avaliado como ('C:\Users\lucas.bertin\.nuget\packages\bcrypt.net-next\4.0.3\lib\net6.0\BCrypt.Net-Next.dll;C:\Projects\Irma Dulce\backend\src\IrmaDulce.Domain\obj\Debug\net8.0\ref\IrmaDulce.Domain.dll;C:\Program Files\dotnet\packs\Microsoft.NETCore.App.Ref\8.0.21\ref\net8.0\Microsoft.CSharp.dll;...' == '').
   3:8>Destino "_BeforeVBCSCoreCompile" no arquivo "C:\Program Files\dotnet\sdk\8.0.415\Roslyn\Microsoft.Managed.Core.targets" do projeto "C:\Projects\Irma Dulce\backend\src\IrmaDulce.Application\IrmaDulce.Application.csproj" (o destino "CoreCompile" depende dele):
   3:8>Destino de compilação pronto"_BeforeVBCSCoreCompile" no projeto "IrmaDulce.Application.csproj".
       Destino "AdjustDefaultPlatformTargetForNetFrameworkExeWithNoNativeCopyLocalItems" ignorado devido à condição falsa; ('$(_UsingDefaultPlatformTarget)' == 'true' and
                            '$(_UsingDefaultRuntimeIdentifier)' == 'true') foi avaliado como ('true' == 'true' and
                            '' == 'true').
       Destino "_DisableDiagnosticTracing" ignorado devido à condição falsa; ('$(DisableDiagnosticTracing)' == 'true') foi avaliado como ('' == 'true').
       Destino "GenerateTargetPlatformDefineConstants" ignorado devido à condição falsa; ( '$(DisableImplicitFrameworkDefines)' != 'true' and '$(TargetPlatformIdentifier)' != '' and '$(TargetFrameworkIdentifier)' == '.NETCoreApp' and $([MSBuild]::VersionGreaterThanOrEquals($(TargetFrameworkVersion), 5.0)) ) foi avaliado como ( '' != 'true' and '' != '' and '.NETCoreApp' == '.NETCoreApp' and True ).
   3:8>Destino "GenerateNETCompatibleDefineConstants" no arquivo "C:\Program Files\dotnet\sdk\8.0.415\Sdks\Microsoft.NET.Sdk\targets\Microsoft.NET.Sdk.BeforeCommon.targets" do projeto "C:\Projects\Irma Dulce\backend\src\IrmaDulce.Application\IrmaDulce.Application.csproj" (o destino "AddImplicitDefineConstants" depende dele):
   3:8>Destino de compilação pronto"GenerateNETCompatibleDefineConstants" no projeto "IrmaDulce.Application.csproj".
       Destino "GeneratePlatformCompatibleDefineConstants" ignorado devido à condição falsa; ( '$(DisableImplicitFrameworkDefines)' != 'true' and '$(TargetPlatformIdentifier)' != '' and '$(TargetFrameworkIdentifier)' == '.NETCoreApp' and $([MSBuild]::VersionGreaterThanOrEquals($(TargetFrameworkVersion), 5.0)) ) foi avaliado como ( '' != 'true' and '' != '' and '.NETCoreApp' == '.NETCoreApp' and True ).
       Destino "_DisableDiagnosticTracing" ignorado devido à condição falsa; ('$(DisableDiagnosticTracing)' == 'true') foi avaliado como ('' == 'true').
   3:8>Destino "AddImplicitDefineConstants" no arquivo "C:\Program Files\dotnet\sdk\8.0.415\Sdks\Microsoft.NET.Sdk\targets\Microsoft.NET.Sdk.BeforeCommon.targets" do projeto "C:\Projects\Irma Dulce\backend\src\IrmaDulce.Application\IrmaDulce.Application.csproj" (o destino "CoreCompile" depende dele):
   3:8>Destino de compilação pronto"AddImplicitDefineConstants" no projeto "IrmaDulce.Application.csproj".
       Destino "ShimReferencePathsWhenCommonTargetsDoesNotUnderstandReferenceAssemblies" ignorado devido à condição falsa; ('@(ReferencePathWithRefAssemblies)' == '') foi avaliado como ('C:\Users\lucas.bertin\.nuget\packages\bcrypt.net-next\4.0.3\lib\net6.0\BCrypt.Net-Next.dll;C:\Projects\Irma Dulce\backend\src\IrmaDulce.Domain\obj\Debug\net8.0\ref\IrmaDulce.Domain.dll;C:\Program Files\dotnet\packs\Microsoft.NETCore.App.Ref\8.0.21\ref\net8.0\Microsoft.CSharp.dll;...' == '').
   3:8>Destino "_ComputeSkipAnalyzers" no arquivo "C:\Program Files\dotnet\sdk\8.0.415\Roslyn\Microsoft.Managed.Core.targets" do projeto "C:\Projects\Irma Dulce\backend\src\IrmaDulce.Application\IrmaDulce.Application.csproj" (o destino "CoreCompile" depende dele):
       A tarefa "ShowMessageForImplicitlySkipAnalyzers" foi ignorada devido a condição falsa; ('$(_ImplicitlySkipAnalyzers)' == 'true') foi avaliado como ('' == 'true').
   3:8>Destino de compilação pronto"_ComputeSkipAnalyzers" no projeto "IrmaDulce.Application.csproj".
       Destino "_SetPathMapFromSourceRoots" ignorado devido à condição falsa; ('$(DeterministicSourcePaths)' == 'true') foi avaliado como ('' == 'true').
       Destino "CreateCompilerGeneratedFilesOutputPath" ignorado devido à condição falsa; ('$(EmitCompilerGeneratedFiles)' == 'true' and !('$(DesignTimeBuild)' == 'true' OR '$(BuildingProject)' != 'true')) foi avaliado como ('false' == 'true' and !('' == 'true' OR 'true' != 'true')).
       Destino "BeforeCompile" ignorado. Compilado anteriormente com êxito.
       Destino "InitializeSourceControlInformationFromSourceControlManager" ignorado. Compilado anteriormente com êxito.
   3:8>Destino "SetEmbeddedFilesFromSourceControlManagerUntrackedFiles" no arquivo "C:\Program Files\dotnet\sdk\8.0.415\Sdks\Microsoft.Build.Tasks.Git\build\Microsoft.Build.Tasks.Git.targets" do projeto "C:\Projects\Irma Dulce\backend\src\IrmaDulce.Application\IrmaDulce.Application.csproj" (o destino "_SetEmbeddedFilesFromSourceControlManagerUntrackedFiles" depende dele):
       Usando a tarefa "Microsoft.Build.Tasks.Git.GetUntrackedFiles" do assembly "C:\Program Files\dotnet\sdk\8.0.415\Sdks\Microsoft.Build.Tasks.Git\build\..\tools\core\Microsoft.Build.Tasks.Git.dll".
       Tarefa "Microsoft.Build.Tasks.Git.GetUntrackedFiles"
         SourceLink: Reusing cached git repository information.
       Tarefa em execução pronta "Microsoft.Build.Tasks.Git.GetUntrackedFiles".
   3:8>Destino de compilação pronto"SetEmbeddedFilesFromSourceControlManagerUntrackedFiles" no projeto "IrmaDulce.Application.csproj".
   3:8>Destino "_SetEmbeddedFilesFromSourceControlManagerUntrackedFiles" no arquivo "C:\Program Files\dotnet\sdk\8.0.415\Sdks\Microsoft.SourceLink.Common\build\Microsoft.SourceLink.Common.targets" do projeto "C:\Projects\Irma Dulce\backend\src\IrmaDulce.Application\IrmaDulce.Application.csproj" (o destino "CoreCompile" depende dele):
   3:8>Destino de compilação pronto"_SetEmbeddedFilesFromSourceControlManagerUntrackedFiles" no projeto "IrmaDulce.Application.csproj".
       Destino "InitializeSourceControlInformation" ignorado. Compilado anteriormente com êxito.
   3:8>Destino "_SetSourceLinkFilePath" no arquivo "C:\Program Files\dotnet\sdk\8.0.415\Sdks\Microsoft.SourceLink.Common\build\Microsoft.SourceLink.Common.targets" do projeto "C:\Projects\Irma Dulce\backend\src\IrmaDulce.Application\IrmaDulce.Application.csproj" (o destino "_GenerateSourceLinkFile" depende dele):
   3:8>Destino de compilação pronto"_SetSourceLinkFilePath" no projeto "IrmaDulce.Application.csproj".
       Destino "InitializeSourceControlInformation" ignorado. Compilado anteriormente com êxito.
   3:8>Destino "_InitializeSourceRootMappedPathsFromSourceControl" no arquivo "C:\Program Files\dotnet\sdk\8.0.415\Roslyn\Microsoft.Managed.Core.targets" do projeto "C:\Projects\Irma Dulce\backend\src\IrmaDulce.Application\IrmaDulce.Application.csproj" (o destino "InitializeSourceRootMappedPaths" depende dele):
   3:8>Destino de compilação pronto"_InitializeSourceRootMappedPathsFromSourceControl" no projeto "IrmaDulce.Application.csproj".
   3:8>Destino "InitializeSourceRootMappedPaths" no arquivo "C:\Program Files\dotnet\sdk\8.0.415\Roslyn\Microsoft.Managed.Core.targets" do projeto "C:\Projects\Irma Dulce\backend\src\IrmaDulce.Application\IrmaDulce.Application.csproj" (o destino "_InitializeSourceRootMappedPathsOpt" depende dele):
       Usando a tarefa "Microsoft.CodeAnalysis.BuildTasks.MapSourceRoots" do assembly "C:\Program Files\dotnet\sdk\8.0.415\Roslyn\Microsoft.Build.Tasks.CodeAnalysis.dll".
       Tarefa "Microsoft.CodeAnalysis.BuildTasks.MapSourceRoots"
       Tarefa em execução pronta "Microsoft.CodeAnalysis.BuildTasks.MapSourceRoots".
   3:8>Destino de compilação pronto"InitializeSourceRootMappedPaths" no projeto "IrmaDulce.Application.csproj".
   3:8>Destino "_InitializeSourceRootMappedPathsOpt" no arquivo "C:\Program Files\dotnet\sdk\8.0.415\Sdks\Microsoft.SourceLink.Common\build\Microsoft.SourceLink.Common.targets" do projeto "C:\Projects\Irma Dulce\backend\src\IrmaDulce.Application\IrmaDulce.Application.csproj" (o destino "_GenerateSourceLinkFile" depende dele):
   3:8>Destino de compilação pronto"_InitializeSourceRootMappedPathsOpt" no projeto "IrmaDulce.Application.csproj".
   3:8>Destino "_InitializeGitHubSourceLinkUrl" no arquivo "C:\Program Files\dotnet\sdk\8.0.415\Sdks\Microsoft.SourceLink.GitHub\build\Microsoft.SourceLink.GitHub.targets" do projeto "C:\Projects\Irma Dulce\backend\src\IrmaDulce.Application\IrmaDulce.Application.csproj" (o destino "_GenerateSourceLinkFile" depende dele):
       Compilação de destino "_InitializeGitHubSourceLinkUrl" concluída.
       Não há arquivos de entrada especificados.
       Usando a tarefa "Microsoft.SourceLink.GitHub.GetSourceLinkUrl" do assembly "C:\Program Files\dotnet\sdk\8.0.415\Sdks\Microsoft.SourceLink.GitHub\build\..\tools\core\Microsoft.SourceLink.GitHub.dll".
       Tarefa "Microsoft.SourceLink.GitHub.GetSourceLinkUrl"
       Tarefa em execução pronta "Microsoft.SourceLink.GitHub.GetSourceLinkUrl".
   3:8>Destino de compilação pronto"_InitializeGitHubSourceLinkUrl" no projeto "IrmaDulce.Application.csproj".
   3:8>Destino "_InitializeGitHubSourceLinkUrl" no arquivo "C:\Program Files\dotnet\sdk\8.0.415\Sdks\Microsoft.SourceLink.GitHub\build\Microsoft.SourceLink.GitHub.targets" do projeto "C:\Projects\Irma Dulce\backend\src\IrmaDulce.Application\IrmaDulce.Application.csproj" (o destino "_GenerateSourceLinkFile" depende dele):
       Compilação de destino "_InitializeGitHubSourceLinkUrl" concluída.
       Não há arquivos de entrada especificados.
       Tarefa "Microsoft.SourceLink.GitHub.GetSourceLinkUrl"
       Tarefa em execução pronta "Microsoft.SourceLink.GitHub.GetSourceLinkUrl".
   3:8>Destino de compilação pronto"_InitializeGitHubSourceLinkUrl" no projeto "IrmaDulce.Application.csproj".
   3:8>Destino "_InitializeGitLabSourceLinkUrl" no arquivo "C:\Program Files\dotnet\sdk\8.0.415\Sdks\Microsoft.SourceLink.GitLab\build\Microsoft.SourceLink.GitLab.targets" do projeto "C:\Projects\Irma Dulce\backend\src\IrmaDulce.Application\IrmaDulce.Application.csproj" (o destino "_GenerateSourceLinkFile" depende dele):
       Compilação de destino "_InitializeGitLabSourceLinkUrl" concluída.
       Não há arquivos de entrada especificados.
       Usando a tarefa "Microsoft.SourceLink.GitLab.GetSourceLinkUrl" do assembly "C:\Program Files\dotnet\sdk\8.0.415\Sdks\Microsoft.SourceLink.GitLab\build\..\tools\core\Microsoft.SourceLink.GitLab.dll".
       Tarefa "Microsoft.SourceLink.GitLab.GetSourceLinkUrl"
       Tarefa em execução pronta "Microsoft.SourceLink.GitLab.GetSourceLinkUrl".
   3:8>Destino de compilação pronto"_InitializeGitLabSourceLinkUrl" no projeto "IrmaDulce.Application.csproj".
   3:8>Destino "_InitializeGitLabSourceLinkUrl" no arquivo "C:\Program Files\dotnet\sdk\8.0.415\Sdks\Microsoft.SourceLink.GitLab\build\Microsoft.SourceLink.GitLab.targets" do projeto "C:\Projects\Irma Dulce\backend\src\IrmaDulce.Application\IrmaDulce.Application.csproj" (o destino "_GenerateSourceLinkFile" depende dele):
       Compilação de destino "_InitializeGitLabSourceLinkUrl" concluída.
       Não há arquivos de entrada especificados.
       Tarefa "Microsoft.SourceLink.GitLab.GetSourceLinkUrl"
       Tarefa em execução pronta "Microsoft.SourceLink.GitLab.GetSourceLinkUrl".
   3:8>Destino de compilação pronto"_InitializeGitLabSourceLinkUrl" no projeto "IrmaDulce.Application.csproj".
   3:8>Destino "_InitializeAzureReposGitSourceLinkUrl" no arquivo "C:\Program Files\dotnet\sdk\8.0.415\Sdks\Microsoft.SourceLink.AzureRepos.Git\build\Microsoft.SourceLink.AzureRepos.Git.targets" do projeto "C:\Projects\Irma Dulce\backend\src\IrmaDulce.Application\IrmaDulce.Application.csproj" (o destino "_GenerateSourceLinkFile" depende dele):
       Compilação de destino "_InitializeAzureReposGitSourceLinkUrl" concluída.
       Não há arquivos de entrada especificados.
       Usando a tarefa "Microsoft.SourceLink.AzureRepos.Git.GetSourceLinkUrl" do assembly "C:\Program Files\dotnet\sdk\8.0.415\Sdks\Microsoft.SourceLink.AzureRepos.Git\build\..\tools\core\Microsoft.SourceLink.AzureRepos.Git.dll".
       Tarefa "Microsoft.SourceLink.AzureRepos.Git.GetSourceLinkUrl"
       Tarefa em execução pronta "Microsoft.SourceLink.AzureRepos.Git.GetSourceLinkUrl".
   3:8>Destino de compilação pronto"_InitializeAzureReposGitSourceLinkUrl" no projeto "IrmaDulce.Application.csproj".
   3:8>Destino "_InitializeAzureReposGitSourceLinkUrl" no arquivo "C:\Program Files\dotnet\sdk\8.0.415\Sdks\Microsoft.SourceLink.AzureRepos.Git\build\Microsoft.SourceLink.AzureRepos.Git.targets" do projeto "C:\Projects\Irma Dulce\backend\src\IrmaDulce.Application\IrmaDulce.Application.csproj" (o destino "_GenerateSourceLinkFile" depende dele):
       Compilação de destino "_InitializeAzureReposGitSourceLinkUrl" concluída.
       Não há arquivos de entrada especificados.
       Tarefa "Microsoft.SourceLink.AzureRepos.Git.GetSourceLinkUrl"
       Tarefa em execução pronta "Microsoft.SourceLink.AzureRepos.Git.GetSourceLinkUrl".
   3:8>Destino de compilação pronto"_InitializeAzureReposGitSourceLinkUrl" no projeto "IrmaDulce.Application.csproj".
   3:8>Destino "_InitializeBitbucketGitSourceLinkUrl" no arquivo "C:\Program Files\dotnet\sdk\8.0.415\Sdks\Microsoft.SourceLink.Bitbucket.Git\build\Microsoft.SourceLink.Bitbucket.Git.targets" do projeto "C:\Projects\Irma Dulce\backend\src\IrmaDulce.Application\IrmaDulce.Application.csproj" (o destino "_GenerateSourceLinkFile" depende dele):
       Compilação de destino "_InitializeBitbucketGitSourceLinkUrl" concluída.
       Não há arquivos de entrada especificados.
       Usando a tarefa "Microsoft.SourceLink.Bitbucket.Git.GetSourceLinkUrl" do assembly "C:\Program Files\dotnet\sdk\8.0.415\Sdks\Microsoft.SourceLink.Bitbucket.Git\build\..\tools\core\Microsoft.SourceLink.Bitbucket.Git.dll".
       Tarefa "Microsoft.SourceLink.Bitbucket.Git.GetSourceLinkUrl"
       Tarefa em execução pronta "Microsoft.SourceLink.Bitbucket.Git.GetSourceLinkUrl".
   3:8>Destino de compilação pronto"_InitializeBitbucketGitSourceLinkUrl" no projeto "IrmaDulce.Application.csproj".
   3:8>Destino "_InitializeBitbucketGitSourceLinkUrl" no arquivo "C:\Program Files\dotnet\sdk\8.0.415\Sdks\Microsoft.SourceLink.Bitbucket.Git\build\Microsoft.SourceLink.Bitbucket.Git.targets" do projeto "C:\Projects\Irma Dulce\backend\src\IrmaDulce.Application\IrmaDulce.Application.csproj" (o destino "_GenerateSourceLinkFile" depende dele):
       Compilação de destino "_InitializeBitbucketGitSourceLinkUrl" concluída.
       Não há arquivos de entrada especificados.
       Tarefa "Microsoft.SourceLink.Bitbucket.Git.GetSourceLinkUrl"
       Tarefa em execução pronta "Microsoft.SourceLink.Bitbucket.Git.GetSourceLinkUrl".
   3:8>Destino de compilação pronto"_InitializeBitbucketGitSourceLinkUrl" no projeto "IrmaDulce.Application.csproj".
   3:8>Destino "_GenerateSourceLinkFile" no arquivo "C:\Program Files\dotnet\sdk\8.0.415\Sdks\Microsoft.SourceLink.Common\build\Microsoft.SourceLink.Common.targets" do projeto "C:\Projects\Irma Dulce\backend\src\IrmaDulce.Application\IrmaDulce.Application.csproj" (o destino "GenerateSourceLinkFile" depende dele):
       Compilação de destino "_GenerateSourceLinkFile" concluída.
       Não há arquivos de entrada especificados.
       Usando a tarefa "Microsoft.SourceLink.Common.GenerateSourceLinkFile" do assembly "C:\Program Files\dotnet\sdk\8.0.415\Sdks\Microsoft.SourceLink.Common\build\..\tools\core\Microsoft.SourceLink.Common.dll".
       Tarefa "Microsoft.SourceLink.Common.GenerateSourceLinkFile"
         O arquivo de link de origem 'obj\Debug\net8.0\IrmaDulce.Application.sourcelink.json' está atualizado.
       Tarefa em execução pronta "Microsoft.SourceLink.Common.GenerateSourceLinkFile".
   3:8>Destino de compilação pronto"_GenerateSourceLinkFile" no projeto "IrmaDulce.Application.csproj".
   3:8>Destino "GenerateSourceLinkFile" no arquivo "C:\Program Files\dotnet\sdk\8.0.415\Sdks\Microsoft.SourceLink.Common\build\Microsoft.SourceLink.Common.targets" do projeto "C:\Projects\Irma Dulce\backend\src\IrmaDulce.Application\IrmaDulce.Application.csproj" (o destino "CoreCompile" depende dele):
   3:8>Destino de compilação pronto"GenerateSourceLinkFile" no projeto "IrmaDulce.Application.csproj".
   3:8>Destino "AddGlobalAnalyzerConfigForPackage_MicrosoftCodeAnalysisNetAnalyzers" no arquivo "C:\Program Files\dotnet\sdk\8.0.415\Sdks\Microsoft.NET.Sdk\analyzers\build\Microsoft.CodeAnalysis.NetAnalyzers.targets" do projeto "C:\Projects\Irma Dulce\backend\src\IrmaDulce.Application\IrmaDulce.Application.csproj" (o destino "CoreCompile" depende dele):
   3:8>Destino de compilação pronto"AddGlobalAnalyzerConfigForPackage_MicrosoftCodeAnalysisNetAnalyzers" no projeto "IrmaDulce.Application.csproj".
       Destino "AddGlobalAnalyzerConfigForPackage_MicrosoftCodeAnalysisNetAnalyzersDesign" ignorado devido à condição falsa; ('$(SkipGlobalAnalyzerConfigForPackage)' != 'true' and ('$(AnalysisLevelDesign)' != '' or '$(AnalysisModeDesign)' != '')) foi avaliado como ('' != 'true' and ('' != '' or '' != '')).
       Destino "AddGlobalAnalyzerConfigForPackage_MicrosoftCodeAnalysisNetAnalyzersDocumentation" ignorado devido à condição falsa; ('$(SkipGlobalAnalyzerConfigForPackage)' != 'true' and ('$(AnalysisLevelDocumentation)' != '' or '$(AnalysisModeDocumentation)' != '')) foi avaliado como ('' != 'true' and ('' != '' or '' != '')).
       Destino "AddGlobalAnalyzerConfigForPackage_MicrosoftCodeAnalysisNetAnalyzersGlobalization" ignorado devido à condição falsa; ('$(SkipGlobalAnalyzerConfigForPackage)' != 'true' and ('$(AnalysisLevelGlobalization)' != '' or '$(AnalysisModeGlobalization)' != '')) foi avaliado como ('' != 'true' and ('' != '' or '' != '')).
       Destino "AddGlobalAnalyzerConfigForPackage_MicrosoftCodeAnalysisNetAnalyzersInteroperability" ignorado devido à condição falsa; ('$(SkipGlobalAnalyzerConfigForPackage)' != 'true' and ('$(AnalysisLevelInteroperability)' != '' or '$(AnalysisModeInteroperability)' != '')) foi avaliado como ('' != 'true' and ('' != '' or '' != '')).
       Destino "AddGlobalAnalyzerConfigForPackage_MicrosoftCodeAnalysisNetAnalyzersMaintainability" ignorado devido à condição falsa; ('$(SkipGlobalAnalyzerConfigForPackage)' != 'true' and ('$(AnalysisLevelMaintainability)' != '' or '$(AnalysisModeMaintainability)' != '')) foi avaliado como ('' != 'true' and ('' != '' or '' != '')).
       Destino "AddGlobalAnalyzerConfigForPackage_MicrosoftCodeAnalysisNetAnalyzersNaming" ignorado devido à condição falsa; ('$(SkipGlobalAnalyzerConfigForPackage)' != 'true' and ('$(AnalysisLevelNaming)' != '' or '$(AnalysisModeNaming)' != '')) foi avaliado como ('' != 'true' and ('' != '' or '' != '')).
       Destino "AddGlobalAnalyzerConfigForPackage_MicrosoftCodeAnalysisNetAnalyzersPerformance" ignorado devido à condição falsa; ('$(SkipGlobalAnalyzerConfigForPackage)' != 'true' and ('$(AnalysisLevelPerformance)' != '' or '$(AnalysisModePerformance)' != '')) foi avaliado como ('' != 'true' and ('' != '' or '' != '')).
       Destino "AddGlobalAnalyzerConfigForPackage_MicrosoftCodeAnalysisNetAnalyzersReliability" ignorado devido à condição falsa; ('$(SkipGlobalAnalyzerConfigForPackage)' != 'true' and ('$(AnalysisLevelReliability)' != '' or '$(AnalysisModeReliability)' != '')) foi avaliado como ('' != 'true' and ('' != '' or '' != '')).
       Destino "AddGlobalAnalyzerConfigForPackage_MicrosoftCodeAnalysisNetAnalyzersSecurity" ignorado devido à condição falsa; ('$(SkipGlobalAnalyzerConfigForPackage)' != 'true' and ('$(AnalysisLevelSecurity)' != '' or '$(AnalysisModeSecurity)' != '')) foi avaliado como ('' != 'true' and ('' != '' or '' != '')).
       Destino "AddGlobalAnalyzerConfigForPackage_MicrosoftCodeAnalysisNetAnalyzersUsage" ignorado devido à condição falsa; ('$(SkipGlobalAnalyzerConfigForPackage)' != 'true' and ('$(AnalysisLevelUsage)' != '' or '$(AnalysisModeUsage)' != '')) foi avaliado como ('' != 'true' and ('' != '' or '' != '')).
       Destino "_CodeAnalysisTreatWarningsAsErrors" ignorado devido à condição falsa; ('$(DesignTimeBuild)' == 'true' OR '$(BuildingProject)' != 'true') foi avaliado como ('' == 'true' OR 'true' != 'true').
   3:8>Destino "_ReportUpgradeNetAnalyzersNuGetWarning" no arquivo "C:\Program Files\dotnet\sdk\8.0.415\Sdks\Microsoft.NET.Sdk\analyzers\build\Microsoft.CodeAnalysis.NetAnalyzers.targets" do projeto "C:\Projects\Irma Dulce\backend\src\IrmaDulce.Application\IrmaDulce.Application.csproj" (o destino "CoreCompile" depende dele):
       A tarefa "Warning" foi ignorada devido a condição falsa; ('$(_NETAnalyzersNuGetAssemblyVersion)' != '' AND
                                '$(_NETAnalyzersSDKAssemblyVersion)' != '' AND
                                 $(_NETAnalyzersNuGetAssemblyVersion) < $(_NETAnalyzersSDKAssemblyVersion)) foi avaliado como ('' != '' AND
                                '8.0.0' != '' AND
                                  < 8.0.0).
   3:8>Destino de compilação pronto"_ReportUpgradeNetAnalyzersNuGetWarning" no projeto "IrmaDulce.Application.csproj".
   3:8>Destino "CoreCompile" no arquivo "C:\Program Files\dotnet\sdk\8.0.415\Roslyn\Microsoft.CSharp.Core.targets" do projeto "C:\Projects\Irma Dulce\backend\src\IrmaDulce.Application\IrmaDulce.Application.csproj" (o destino "Compile" depende dele):
       Compilação de destino "CoreCompile" concluída.
       O arquivo de entrada "Services\DocumentoService.cs" é mais recente do que o arquivo de saída "obj\Debug\net8.0\IrmaDulce.Application.pdb".
       Usando a tarefa "Csc" do assembly "C:\Program Files\dotnet\sdk\8.0.415\Roslyn\Microsoft.Build.Tasks.CodeAnalysis.dll".
       Tarefa "Csc"
         C:\Program Files\dotnet\dotnet.exe exec "C:\Program Files\dotnet\sdk\8.0.415\Roslyn\bincore\csc.dll" /noconfig /unsafe- /checked- /nowarn:1701,1702,1701,1702 /fullpaths /nostdlib+ /errorreport:prompt /warn:8 /define:TRACE;DEBUG;NET;NET8_0;NETCOREAPP;NET5_0_OR_GREATER;NET6_0_OR_GREATER;NET7_0_OR_GREATER;NET8_0_OR_GREATER;NETCOREAPP1_0_OR_GREATER;NETCOREAPP1_1_OR_GREATER;NETCOREAPP2_0_OR_GREATER;NETCOREAPP2_1_OR_GREATER;NETCOREAPP2_2_OR_GREATER;NETCOREAPP3_0_OR_GREATER;NETCOREAPP3_1_OR_GREATER /highentropyva+ /nullable:enable /reference:C:\Users\lucas.bertin\.nuget\packages\bcrypt.net-next\4.0.3\lib\net6.0\BCrypt.Net-Next.dll /reference:"C:\Projects\Irma Dulce\backend\src\IrmaDulce.Domain\obj\Debug\net8.0\ref\IrmaDulce.Domain.dll" /reference:"C:\Program Files\dotnet\packs\Microsoft.NETCore.App.Ref\8.0.21\ref\net8.0\Microsoft.CSharp.dll" /reference:C:\Users\lucas.bertin\.nuget\packages\microsoft.extensions.configuration.abstractions\8.0.0\lib\net8.0\Microsoft.Extensions.Configuration.Abstractions.dll /reference:C:\Users\lucas.bertin\.nuget\packages\microsoft.extensions.primitives\8.0.0\lib\net8.0\Microsoft.Extensions.Primitives.dll /reference:C:\Users\lucas.bertin\.nuget\packages\microsoft.identitymodel.abstractions\8.3.0\lib\net8.0\Microsoft.IdentityModel.Abstractions.dll /reference:C:\Users\lucas.bertin\.nuget\packages\microsoft.identitymodel.jsonwebtokens\8.3.0\lib\net8.0\Microsoft.IdentityModel.JsonWebTokens.dll /reference:C:\Users\lucas.bertin\.nuget\packages\microsoft.identitymodel.logging\8.3.0\lib\net8.0\Microsoft.IdentityModel.Logging.dll /reference:C:\Users\lucas.bertin\.nuget\packages\microsoft.identitymodel.tokens\8.3.0\lib\net8.0\Microsoft.IdentityModel.Tokens.dll /reference:"C:\Program Files\dotnet\packs\Microsoft.NETCore.App.Ref\8.0.21\ref\net8.0\Microsoft.VisualBasic.Core.dll" /reference:"C:\Program Files\dotnet\packs\Microsoft.NETCore.App.Ref\8.0.21\ref\net8.0\Microsoft.VisualBasic.dll" /reference:"C:\Program Files\dotnet\packs\Microsoft.NETCore.App.Ref\8.0.21\ref\net8.0\Microsoft.Win32.Primitives.dll" /reference:"C:\Program Files\dotnet\packs\Microsoft.NETCore.App.Ref\8.0.21\ref\net8.0\Microsoft.Win32.Registry.dll" /reference:"C:\Program Files\dotnet\packs\Microsoft.NETCore.App.Ref\8.0.21\ref\net8.0\mscorlib.dll" /reference:"C:\Program Files\dotnet\packs\Microsoft.NETCore.App.Ref\8.0.21\ref\net8.0\netstandard.dll" /reference:C:\Users\lucas.bertin\.nuget\packages\skiasharp\2.88.8\lib\net6.0\SkiaSharp.dll /reference:"C:\Program Files\dotnet\packs\Microsoft.NETCore.App.Ref\8.0.21\ref\net8.0\System.AppContext.dll" /reference:"C:\Program Files\dotnet\packs\Microsoft.NETCore.App.Ref\8.0.21\ref\net8.0\System.Buffers.dll" /reference:"C:\Program Files\dotnet\packs\Microsoft.NETCore.App.Ref\8.0.21\ref\net8.0\System.Collections.Concurrent.dll" /reference:"C:\Program Files\dotnet\packs\Microsoft.NETCore.App.Ref\8.0.21\ref\net8.0\System.Collections.dll" /reference:"C:\Program Files\dotnet\packs\Microsoft.NETCore.App.Ref\8.0.21\ref\net8.0\System.Collections.Immutable.dll" /reference:"C:\Program Files\dotnet\packs\Microsoft.NETCore.App.Ref\8.0.21\ref\net8.0\System.Collections.NonGeneric.dll" /reference:"C:\Program Files\dotnet\packs\Microsoft.NETCore.App.Ref\8.0.21\ref\net8.0\System.Collections.Specialized.dll" /reference:"C:\Program Files\dotnet\packs\Microsoft.NETCore.App.Ref\8.0.21\ref\net8.0\System.ComponentModel.Annotations.dll" /reference:"C:\Program Files\dotnet\packs\Microsoft.NETCore.App.Ref\8.0.21\ref\net8.0\System.ComponentModel.DataAnnotations.dll" /reference:"C:\Program Files\dotnet\packs\Microsoft.NETCore.App.Ref\8.0.21\ref\net8.0\System.ComponentModel.dll" /reference:"C:\Program Files\dotnet\packs\Microsoft.NETCore.App.Ref\8.0.21\ref\net8.0\System.ComponentModel.EventBasedAsync.dll" /reference:"C:\Program Files\dotnet\packs\Microsoft.NETCore.App.Ref\8.0.21\ref\net8.0\System.ComponentModel.Primitives.dll" /reference:"C:\Program Files\dotnet\packs\Microsoft.NETCore.App.Ref\8.0.21\ref\net8.0\System.ComponentModel.TypeConverter.dll" /reference:"C:\Program Files\dotnet\packs\Microsoft.NETCore.App.Ref\8.0.21\ref\net8.0\System.Configuration.dll" /reference:"C:\Program Files\dotnet\packs\Microsoft.NETCore.App.Ref\8.0.21\ref\net8.0\System.Console.dll" /reference:"C:\Program Files\dotnet\packs\Microsoft.NETCore.App.Ref\8.0.21\ref\net8.0\System.Core.dll" /reference:"C:\Program Files\dotnet\packs\Microsoft.NETCore.App.Ref\8.0.21\ref\net8.0\System.Data.Common.dll" /reference:"C:\Program Files\dotnet\packs\Microsoft.NETCore.App.Ref\8.0.21\ref\net8.0\System.Data.DataSetExtensions.dll" /reference:"C:\Program Files\dotnet\packs\Microsoft.NETCore.App.Ref\8.0.21\ref\net8.0\System.Data.dll" /reference:"C:\Program Files\dotnet\packs\Microsoft.NETCore.App.Ref\8.0.21\ref\net8.0\System.Diagnostics.Contracts.dll" /reference:"C:\Program Files\dotnet\packs\Microsoft.NETCore.App.Ref\8.0.21\ref\net8.0\System.Diagnostics.Debug.dll" /reference:"C:\Program Files\dotnet\packs\Microsoft.NETCore.App.Ref\8.0.21\ref\net8.0\System.Diagnostics.DiagnosticSource.dll" /reference:"C:\Program Files\dotnet\packs\Microsoft.NETCore.App.Ref\8.0.21\ref\net8.0\System.Diagnostics.FileVersionInfo.dll" /reference:"C:\Program Files\dotnet\packs\Microsoft.NETCore.App.Ref\8.0.21\ref\net8.0\System.Diagnostics.Process.dll" /reference:"C:\Program Files\dotnet\packs\Microsoft.NETCore.App.Ref\8.0.21\ref\net8.0\System.Diagnostics.StackTrace.dll" /reference:"C:\Program Files\dotnet\packs\Microsoft.NETCore.App.Ref\8.0.21\ref\net8.0\System.Diagnostics.TextWriterTraceListener.dll" /reference:"C:\Program Files\dotnet\packs\Microsoft.NETCore.App.Ref\8.0.21\ref\net8.0\System.Diagnostics.Tools.dll" /reference:"C:\Program Files\dotnet\packs\Microsoft.NETCore.App.Ref\8.0.21\ref\net8.0\System.Diagnostics.TraceSource.dll" /reference:"C:\Program Files\dotnet\packs\Microsoft.NETCore.App.Ref\8.0.21\ref\net8.0\System.Diagnostics.Tracing.dll" /reference:"C:\Program Files\dotnet\packs\Microsoft.NETCore.App.Ref\8.0.21\ref\net8.0\System.dll" /reference:"C:\Program Files\dotnet\packs\Microsoft.NETCore.App.Ref\8.0.21\ref\net8.0\System.Drawing.dll" /reference:"C:\Program Files\dotnet\packs\Microsoft.NETCore.App.Ref\8.0.21\ref\net8.0\System.Drawing.Primitives.dll" /reference:"C:\Program Files\dotnet\packs\Microsoft.NETCore.App.Ref\8.0.21\ref\net8.0\System.Dynamic.Runtime.dll" /reference:"C:\Program Files\dotnet\packs\Microsoft.NETCore.App.Ref\8.0.21\ref\net8.0\System.Formats.Asn1.dll" /reference:"C:\Program Files\dotnet\packs\Microsoft.NETCore.App.Ref\8.0.21\ref\net8.0\System.Formats.Tar.dll" /reference:"C:\Program Files\dotnet\packs\Microsoft.NETCore.App.Ref\8.0.21\ref\net8.0\System.Globalization.Calendars.dll" /reference:"C:\Program Files\dotnet\packs\Microsoft.NETCore.App.Ref\8.0.21\ref\net8.0\System.Globalization.dll" /reference:"C:\Program Files\dotnet\packs\Microsoft.NETCore.App.Ref\8.0.21\ref\net8.0\System.Globalization.Extensions.dll" /reference:C:\Users\lucas.bertin\.nuget\packages\system.identitymodel.tokens.jwt\8.3.0\lib\net8.0\System.IdentityModel.Tokens.Jwt.dll /reference:"C:\Program Files\dotnet\packs\Microsoft.NETCore.App.Ref\8.0.21\ref\net8.0\System.IO.Compression.Brotli.dll" /reference:"C:\Program Files\dotnet\packs\Microsoft.NETCore.App.Ref\8.0.21\ref\net8.0\System.IO.Compression.dll" /reference:"C:\Program Files\dotnet\packs\Microsoft.NETCore.App.Ref\8.0.21\ref\net8.0\System.IO.Compression.FileSystem.dll" /reference:"C:\Program Files\dotnet\packs\Microsoft.NETCore.App.Ref\8.0.21\ref\net8.0\System.IO.Compression.ZipFile.dll" /reference:"C:\Program Files\dotnet\packs\Microsoft.NETCore.App.Ref\8.0.21\ref\net8.0\System.IO.dll" /reference:"C:\Program Files\dotnet\packs\Microsoft.NETCore.App.Ref\8.0.21\ref\net8.0\System.IO.FileSystem.AccessControl.dll" /reference:"C:\Program Files\dotnet\packs\Microsoft.NETCore.App.Ref\8.0.21\ref\net8.0\System.IO.FileSystem.dll" /reference:"C:\Program Files\dotnet\packs\Microsoft.NETCore.App.Ref\8.0.21\ref\net8.0\System.IO.FileSystem.DriveInfo.dll" /reference:"C:\Program Files\dotnet\packs\Microsoft.NETCore.App.Ref\8.0.21\ref\net8.0\System.IO.FileSystem.Primitives.dll" /reference:"C:\Program Files\dotnet\packs\Microsoft.NETCore.App.Ref\8.0.21\ref\net8.0\System.IO.FileSystem.Watcher.dll" /reference:"C:\Program Files\dotnet\packs\Microsoft.NETCore.App.Ref\8.0.21\ref\net8.0\System.IO.IsolatedStorage.dll" /reference:"C:\Program Files\dotnet\packs\Microsoft.NETCore.App.Ref\8.0.21\ref\net8.0\System.IO.MemoryMappedFiles.dll" /reference:C:\Users\lucas.bertin\.nuget\packages\system.io.packaging\4.5.0\ref\netstandard2.0\System.IO.Packaging.dll /reference:"C:\Program Files\dotnet\packs\Microsoft.NETCore.App.Ref\8.0.21\ref\net8.0\System.IO.Pipes.AccessControl.dll" /reference:"C:\Program Files\dotnet\packs\Microsoft.NETCore.App.Ref\8.0.21\ref\net8.0\System.IO.Pipes.dll" /reference:"C:\Program Files\dotnet\packs\Microsoft.NETCore.App.Ref\8.0.21\ref\net8.0\System.IO.UnmanagedMemoryStream.dll" /reference:"C:\Program Files\dotnet\packs\Microsoft.NETCore.App.Ref\8.0.21\ref\net8.0\System.Linq.dll" /reference:"C:\Program Files\dotnet\packs\Microsoft.NETCore.App.Ref\8.0.21\ref\net8.0\System.Linq.Expressions.dll" /reference:"C:\Program Files\dotnet\packs\Microsoft.NETCore.App.Ref\8.0.21\ref\net8.0\System.Linq.Parallel.dll" /reference:"C:\Program Files\dotnet\packs\Microsoft.NETCore.App.Ref\8.0.21\ref\net8.0\System.Linq.Queryable.dll" /reference:"C:\Program Files\dotnet\packs\Microsoft.NETCore.App.Ref\8.0.21\ref\net8.0\System.Memory.dll" /reference:"C:\Program Files\dotnet\packs\Microsoft.NETCore.App.Ref\8.0.21\ref\net8.0\System.Net.dll" /reference:"C:\Program Files\dotnet\packs\Microsoft.NETCore.App.Ref\8.0.21\ref\net8.0\System.Net.Http.dll" /reference:"C:\Program Files\dotnet\packs\Microsoft.NETCore.App.Ref\8.0.21\ref\net8.0\System.Net.Http.Json.dll" /reference:"C:\Program Files\dotnet\packs\Microsoft.NETCore.App.Ref\8.0.21\ref\net8.0\System.Net.HttpListener.dll" /reference:"C:\Program Files\dotnet\packs\Microsoft.NETCore.App.Ref\8.0.21\ref\net8.0\System.Net.Mail.dll" /reference:"C:\Program Files\dotnet\packs\Microsoft.NETCore.App.Ref\8.0.21\ref\net8.0\System.Net.NameResolution.dll" /reference:"C:\Program Files\dotnet\packs\Microsoft.NETCore.App.Ref\8.0.21\ref\net8.0\System.Net.NetworkInformation.dll" /reference:"C:\Program Files\dotnet\packs\Microsoft.NETCore.App.Ref\8.0.21\ref\net8.0\System.Net.Ping.dll" /reference:"C:\Program Files\dotnet\packs\Microsoft.NETCore.App.Ref\8.0.21\ref\net8.0\System.Net.Primitives.dll" /reference:"C:\Program Files\dotnet\packs\Microsoft.NETCore.App.Ref\8.0.21\ref\net8.0\System.Net.Quic.dll" /reference:"C:\Program Files\dotnet\packs\Microsoft.NETCore.App.Ref\8.0.21\ref\net8.0\System.Net.Requests.dll" /reference:"C:\Program Files\dotnet\packs\Microsoft.NETCore.App.Ref\8.0.21\ref\net8.0\System.Net.Security.dll" /reference:"C:\Program Files\dotnet\packs\Microsoft.NETCore.App.Ref\8.0.21\ref\net8.0\System.Net.ServicePoint.dll" /reference:"C:\Program Files\dotnet\packs\Microsoft.NETCore.App.Ref\8.0.21\ref\net8.0\System.Net.Sockets.dll" /reference:"C:\Program Files\dotnet\packs\Microsoft.NETCore.App.Ref\8.0.21\ref\net8.0\System.Net.WebClient.dll" /reference:"C:\Program Files\dotnet\packs\Microsoft.NETCore.App.Ref\8.0.21\ref\net8.0\System.Net.WebHeaderCollection.dll" /reference:"C:\Program Files\dotnet\packs\Microsoft.NETCore.App.Ref\8.0.21\ref\net8.0\System.Net.WebProxy.dll" /reference:"C:\Program Files\dotnet\packs\Microsoft.NETCore.App.Ref\8.0.21\ref\net8.0\System.Net.WebSockets.Client.dll" /reference:"C:\Program Files\dotnet\packs\Microsoft.NETCore.App.Ref\8.0.21\ref\net8.0\System.Net.WebSockets.dll" /reference:"C:\Program Files\dotnet\packs\Microsoft.NETCore.App.Ref\8.0.21\ref\net8.0\System.Numerics.dll" /reference:"C:\Program Files\dotnet\packs\Microsoft.NETCore.App.Ref\8.0.21\ref\net8.0\System.Numerics.Vectors.dll" /reference:"C:\Program Files\dotnet\packs\Microsoft.NETCore.App.Ref\8.0.21\ref\net8.0\System.ObjectModel.dll" /reference:"C:\Program Files\dotnet\packs\Microsoft.NETCore.App.Ref\8.0.21\ref\net8.0\System.Reflection.DispatchProxy.dll" /reference:"C:\Program Files\dotnet\packs\Microsoft.NETCore.App.Ref\8.0.21\ref\net8.0\System.Reflection.dll" /reference:"C:\Program Files\dotnet\packs\Microsoft.NETCore.App.Ref\8.0.21\ref\net8.0\System.Reflection.Emit.dll" /reference:"C:\Program Files\dotnet\packs\Microsoft.NETCore.App.Ref\8.0.21\ref\net8.0\System.Reflection.Emit.ILGeneration.dll" /reference:"C:\Program Files\dotnet\packs\Microsoft.NETCore.App.Ref\8.0.21\ref\net8.0\System.Reflection.Emit.Lightweight.dll" /reference:"C:\Program Files\dotnet\packs\Microsoft.NETCore.App.Ref\8.0.21\ref\net8.0\System.Reflection.Extensions.dll" /reference:"C:\Program Files\dotnet\packs\Microsoft.NETCore.App.Ref\8.0.21\ref\net8.0\System.Reflection.Metadata.dll" /reference:"C:\Program Files\dotnet\packs\Microsoft.NETCore.App.Ref\8.0.21\ref\net8.0\System.Reflection.Primitives.dll" /reference:"C:\Program Files\dotnet\packs\Microsoft.NETCore.App.Ref\8.0.21\ref\net8.0\System.Reflection.TypeExtensions.dll" /reference:"C:\Program Files\dotnet\packs\Microsoft.NETCore.App.Ref\8.0.21\ref\net8.0\System.Resources.Reader.dll" /reference:"C:\Program Files\dotnet\packs\Microsoft.NETCore.App.Ref\8.0.21\ref\net8.0\System.Resources.ResourceManager.dll" /reference:"C:\Program Files\dotnet\packs\Microsoft.NETCore.App.Ref\8.0.21\ref\net8.0\System.Resources.Writer.dll" /reference:"C:\Program Files\dotnet\packs\Microsoft.NETCore.App.Ref\8.0.21\ref\net8.0\System.Runtime.CompilerServices.Unsafe.dll" /reference:"C:\Program Files\dotnet\packs\Microsoft.NETCore.App.Ref\8.0.21\ref\net8.0\System.Runtime.CompilerServices.VisualC.dll" /reference:"C:\Program Files\dotnet\packs\Microsoft.NETCore.App.Ref\8.0.21\ref\net8.0\System.Runtime.dll" /reference:"C:\Program Files\dotnet\packs\Microsoft.NETCore.App.Ref\8.0.21\ref\net8.0\System.Runtime.Extensions.dll" /reference:"C:\Program Files\dotnet\packs\Microsoft.NETCore.App.Ref\8.0.21\ref\net8.0\System.Runtime.Handles.dll" /reference:"C:\Program Files\dotnet\packs\Microsoft.NETCore.App.Ref\8.0.21\ref\net8.0\System.Runtime.InteropServices.dll" /reference:"C:\Program Files\dotnet\packs\Microsoft.NETCore.App.Ref\8.0.21\ref\net8.0\System.Runtime.InteropServices.JavaScript.dll" /reference:"C:\Program Files\dotnet\packs\Microsoft.NETCore.App.Ref\8.0.21\ref\net8.0\System.Runtime.InteropServices.RuntimeInformation.dll" /reference:"C:\Program Files\dotnet\packs\Microsoft.NETCore.App.Ref\8.0.21\ref\net8.0\System.Runtime.Intrinsics.dll" /reference:"C:\Program Files\dotnet\packs\Microsoft.NETCore.App.Ref\8.0.21\ref\net8.0\System.Runtime.Loader.dll" /reference:"C:\Program Files\dotnet\packs\Microsoft.NETCore.App.Ref\8.0.21\ref\net8.0\System.Runtime.Numerics.dll" /reference:"C:\Program Files\dotnet\packs\Microsoft.NETCore.App.Ref\8.0.21\ref\net8.0\System.Runtime.Serialization.dll" /reference:"C:\Program Files\dotnet\packs\Microsoft.NETCore.App.Ref\8.0.21\ref\net8.0\System.Runtime.Serialization.Formatters.dll" /reference:"C:\Program Files\dotnet\packs\Microsoft.NETCore.App.Ref\8.0.21\ref\net8.0\System.Runtime.Serialization.Json.dll" /reference:"C:\Program Files\dotnet\packs\Microsoft.NETCore.App.Ref\8.0.21\ref\net8.0\System.Runtime.Serialization.Primitives.dll" /reference:"C:\Program Files\dotnet\packs\Microsoft.NETCore.App.Ref\8.0.21\ref\net8.0\System.Runtime.Serialization.Xml.dll" /reference:"C:\Program Files\dotnet\packs\Microsoft.NETCore.App.Ref\8.0.21\ref\net8.0\System.Security.AccessControl.dll" /reference:"C:\Program Files\dotnet\packs\Microsoft.NETCore.App.Ref\8.0.21\ref\net8.0\System.Security.Claims.dll" /reference:"C:\Program Files\dotnet\packs\Microsoft.NETCore.App.Ref\8.0.21\ref\net8.0\System.Security.Cryptography.Algorithms.dll" /reference:"C:\Program Files\dotnet\packs\Microsoft.NETCore.App.Ref\8.0.21\ref\net8.0\System.Security.Cryptography.Cng.dll" /reference:"C:\Program Files\dotnet\packs\Microsoft.NETCore.App.Ref\8.0.21\ref\net8.0\System.Security.Cryptography.Csp.dll" /reference:"C:\Program Files\dotnet\packs\Microsoft.NETCore.App.Ref\8.0.21\ref\net8.0\System.Security.Cryptography.dll" /reference:"C:\Program Files\dotnet\packs\Microsoft.NETCore.App.Ref\8.0.21\ref\net8.0\System.Security.Cryptography.Encoding.dll" /reference:"C:\Program Files\dotnet\packs\Microsoft.NETCore.App.Ref\8.0.21\ref\net8.0\System.Security.Cryptography.OpenSsl.dll" /reference:"C:\Program Files\dotnet\packs\Microsoft.NETCore.App.Ref\8.0.21\ref\net8.0\System.Security.Cryptography.Primitives.dll" /reference:"C:\Program Files\dotnet\packs\Microsoft.NETCore.App.Ref\8.0.21\ref\net8.0\System.Security.Cryptography.X509Certificates.dll" /reference:"C:\Program Files\dotnet\packs\Microsoft.NETCore.App.Ref\8.0.21\ref\net8.0\System.Security.dll" /reference:"C:\Program Files\dotnet\packs\Microsoft.NETCore.App.Ref\8.0.21\ref\net8.0\System.Security.Principal.dll" /reference:"C:\Program Files\dotnet\packs\Microsoft.NETCore.App.Ref\8.0.21\ref\net8.0\System.Security.Principal.Windows.dll" /reference:"C:\Program Files\dotnet\packs\Microsoft.NETCore.App.Ref\8.0.21\ref\net8.0\System.Security.SecureString.dll" /reference:"C:\Program Files\dotnet\packs\Microsoft.NETCore.App.Ref\8.0.21\ref\net8.0\System.ServiceModel.Web.dll" /reference:"C:\Program Files\dotnet\packs\Microsoft.NETCore.App.Ref\8.0.21\ref\net8.0\System.ServiceProcess.dll" /reference:"C:\Program Files\dotnet\packs\Microsoft.NETCore.App.Ref\8.0.21\ref\net8.0\System.Text.Encoding.CodePages.dll" /reference:"C:\Program Files\dotnet\packs\Microsoft.NETCore.App.Ref\8.0.21\ref\net8.0\System.Text.Encoding.dll" /reference:"C:\Program Files\dotnet\packs\Microsoft.NETCore.App.Ref\8.0.21\ref\net8.0\System.Text.Encoding.Extensions.dll" /reference:"C:\Program Files\dotnet\packs\Microsoft.NETCore.App.Ref\8.0.21\ref\net8.0\System.Text.Encodings.Web.dll" /reference:"C:\Program Files\dotnet\packs\Microsoft.NETCore.App.Ref\8.0.21\ref\net8.0\System.Text.Json.dll" /reference:"C:\Program Files\dotnet\packs\Microsoft.NETCore.App.Ref\8.0.21\ref\net8.0\System.Text.RegularExpressions.dll" /reference:"C:\Program Files\dotnet\packs\Microsoft.NETCore.App.Ref\8.0.21\ref\net8.0\System.Threading.Channels.dll" /reference:"C:\Program Files\dotnet\packs\Microsoft.NETCore.App.Ref\8.0.21\ref\net8.0\System.Threading.dll" /reference:"C:\Program Files\dotnet\packs\Microsoft.NETCore.App.Ref\8.0.21\ref\net8.0\System.Threading.Overlapped.dll" /reference:"C:\Program Files\dotnet\packs\Microsoft.NETCore.App.Ref\8.0.21\ref\net8.0\System.Threading.Tasks.Dataflow.dll" /reference:"C:\Program Files\dotnet\packs\Microsoft.NETCore.App.Ref\8.0.21\ref\net8.0\System.Threading.Tasks.dll" /reference:"C:\Program Files\dotnet\packs\Microsoft.NETCore.App.Ref\8.0.21\ref\net8.0\System.Threading.Tasks.Extensions.dll" /reference:"C:\Program Files\dotnet\packs\Microsoft.NETCore.App.Ref\8.0.21\ref\net8.0\System.Threading.Tasks.Parallel.dll" /reference:"C:\Program Files\dotnet\packs\Microsoft.NETCore.App.Ref\8.0.21\ref\net8.0\System.Threading.Thread.dll" /reference:"C:\Program Files\dotnet\packs\Microsoft.NETCore.App.Ref\8.0.21\ref\net8.0\System.Threading.ThreadPool.dll" /reference:"C:\Program Files\dotnet\packs\Microsoft.NETCore.App.Ref\8.0.21\ref\net8.0\System.Threading.Timer.dll" /reference:"C:\Program Files\dotnet\packs\Microsoft.NETCore.App.Ref\8.0.21\ref\net8.0\System.Transactions.dll" /reference:"C:\Program Files\dotnet\packs\Microsoft.NETCore.App.Ref\8.0.21\ref\net8.0\System.Transactions.Local.dll" /reference:"C:\Program Files\dotnet\packs\Microsoft.NETCore.App.Ref\8.0.21\ref\net8.0\System.ValueTuple.dll" /reference:"C:\Program Files\dotnet\packs\Microsoft.NETCore.App.Ref\8.0.21\ref\net8.0\System.Web.dll" /reference:"C:\Program Files\dotnet\packs\Microsoft.NETCore.App.Ref\8.0.21\ref\net8.0\System.Web.HttpUtility.dll" /reference:"C:\Program Files\dotnet\packs\Microsoft.NETCore.App.Ref\8.0.21\ref\net8.0\System.Windows.dll" /reference:"C:\Program Files\dotnet\packs\Microsoft.NETCore.App.Ref\8.0.21\ref\net8.0\System.Xml.dll" /reference:"C:\Program Files\dotnet\packs\Microsoft.NETCore.App.Ref\8.0.21\ref\net8.0\System.Xml.Linq.dll" /reference:"C:\Program Files\dotnet\packs\Microsoft.NETCore.App.Ref\8.0.21\ref\net8.0\System.Xml.ReaderWriter.dll" /reference:"C:\Program Files\dotnet\packs\Microsoft.NETCore.App.Ref\8.0.21\ref\net8.0\System.Xml.Serialization.dll" /reference:"C:\Program Files\dotnet\packs\Microsoft.NETCore.App.Ref\8.0.21\ref\net8.0\System.Xml.XDocument.dll" /reference:"C:\Program Files\dotnet\packs\Microsoft.NETCore.App.Ref\8.0.21\ref\net8.0\System.Xml.XmlDocument.dll" /reference:"C:\Program Files\dotnet\packs\Microsoft.NETCore.App.Ref\8.0.21\ref\net8.0\System.Xml.XmlSerializer.dll" /reference:"C:\Program Files\dotnet\packs\Microsoft.NETCore.App.Ref\8.0.21\ref\net8.0\System.Xml.XPath.dll" /reference:"C:\Program Files\dotnet\packs\Microsoft.NETCore.App.Ref\8.0.21\ref\net8.0\System.Xml.XPath.XDocument.dll" /reference:"C:\Program Files\dotnet\packs\Microsoft.NETCore.App.Ref\8.0.21\ref\net8.0\WindowsBase.dll" /reference:C:\Users\lucas.bertin\.nuget\packages\docx\5.0.0\lib\net5.0\Xceed.Document.NET.dll /reference:C:\Users\lucas.bertin\.nuget\packages\docx\5.0.0\lib\net5.0\Xceed.Drawing.NET.dll /reference:C:\Users\lucas.bertin\.nuget\packages\docx\5.0.0\lib\net5.0\Xceed.Words.NET.dll /debug+ /debug:portable /filealign:512 /optimize- /out:obj\Debug\net8.0\IrmaDulce.Application.dll /refout:obj\Debug\net8.0\refint\IrmaDulce.Application.dll /target:library /warnaserror- /utf8output /deterministic+ /sourcelink:obj\Debug\net8.0\IrmaDulce.Application.sourcelink.json /langversion:12.0 /analyzerconfig:obj\Debug\net8.0\IrmaDulce.Application.GeneratedMSBuildEditorConfig.editorconfig /analyzerconfig:"C:\Program Files\dotnet\sdk\8.0.415\Sdks\Microsoft.NET.Sdk\analyzers\build\config\analysislevel_8_default.globalconfig" /analyzer:"C:\Program Files\dotnet\sdk\8.0.415\Sdks\Microsoft.NET.Sdk\targets\..\analyzers\Microsoft.CodeAnalysis.CSharp.NetAnalyzers.dll" /analyzer:"C:\Program Files\dotnet\sdk\8.0.415\Sdks\Microsoft.NET.Sdk\targets\..\analyzers\Microsoft.CodeAnalysis.NetAnalyzers.dll" /analyzer:"C:\Program Files\dotnet\packs\Microsoft.NETCore.App.Ref\8.0.21\analyzers/dotnet/cs/Microsoft.Interop.ComInterfaceGenerator.dll" /analyzer:"C:\Program Files\dotnet\packs\Microsoft.NETCore.App.Ref\8.0.21\analyzers/dotnet/cs/Microsoft.Interop.JavaScript.JSImportGenerator.dll" /analyzer:"C:\Program Files\dotnet\packs\Microsoft.NETCore.App.Ref\8.0.21\analyzers/dotnet/cs/Microsoft.Interop.LibraryImportGenerator.dll" /analyzer:"C:\Program Files\dotnet\packs\Microsoft.NETCore.App.Ref\8.0.21\analyzers/dotnet/cs/Microsoft.Interop.SourceGeneration.dll" /analyzer:"C:\Program Files\dotnet\packs\Microsoft.NETCore.App.Ref\8.0.21\analyzers/dotnet/cs/System.Text.Json.SourceGeneration.dll" /analyzer:"C:\Program Files\dotnet\packs\Microsoft.NETCore.App.Ref\8.0.21\analyzers/dotnet/cs/System.Text.RegularExpressions.Generator.dll" DTOs\DTOs.cs DTOs\TemplateDTOs.cs Interfaces\IServices.cs Interfaces\ITemplateService.cs Services\AuthService.cs Services\AvaliacaoService.cs Services\ConfiguracaoService.cs Services\CronogramaService.cs Services\CursoService.cs Services\DiarioClasseService.cs Services\DisciplinaService.cs Services\DocumentoService.cs Services\FinanceiroService.cs Services\PessoaService.cs Services\TemplateService.cs Services\TurmaService.cs obj\Debug\net8.0\IrmaDulce.Application.GlobalUsings.g.cs "obj\Debug\net8.0\.NETCoreApp,Version=v8.0.AssemblyAttributes.cs" obj\Debug\net8.0\IrmaDulce.Application.AssemblyInfo.cs /warnaserror+:NU1605,SYSLIB0011
         Compilador do Microsoft (R) Visual C# versão 4.11.0-3.24554.2 (bc1c3011)
         Copyright (C) Microsoft Corporation. Todos os direitos reservados.
   3:8>C:\Projects\Irma Dulce\backend\src\IrmaDulce.Application\DTOs\TemplateDTOs.cs(2,7): warning CS0105: A diretiva using para "IrmaDulce.Domain.Enums" apareceu anteriormente neste namespace [C:\Projects\Irma Dulce\backend\src\IrmaDulce.Application\IrmaDulce.Application.csproj]
   3:8>C:\Projects\Irma Dulce\backend\src\IrmaDulce.Application\Services\DocumentoService.cs(182,25): warning CS0618: "Container.ReplaceText(string, string, bool, RegexOptions, Formatting, Formatting, MatchFormattingOptions, bool, bool, bool)" é obsoleto: "ReplaceText() with many parameters is obsolete. Use ReplaceText() with a StringReplaceTextOptions parameter instead." [C:\Projects\Irma Dulce\backend\src\IrmaDulce.Application\IrmaDulce.Application.csproj]
   3:8>C:\Projects\Irma Dulce\backend\src\IrmaDulce.Application\Services\DocumentoService.cs(191,29): warning CS0618: "Container.ReplaceText(string, string, bool, RegexOptions, Formatting, Formatting, MatchFormattingOptions, bool, bool, bool)" é obsoleto: "ReplaceText() with many parameters is obsolete. Use ReplaceText() with a StringReplaceTextOptions parameter instead." [C:\Projects\Irma Dulce\backend\src\IrmaDulce.Application\IrmaDulce.Application.csproj]
   3:8>C:\Projects\Irma Dulce\backend\src\IrmaDulce.Application\Services\DocumentoService.cs(204,29): warning CS0618: "Paragraph.ReplaceText(string, string, bool, RegexOptions, Formatting, Formatting, MatchFormattingOptions, bool, bool, bool)" é obsoleto: "ReplaceText() with many parameters is obsolete. Use ReplaceText() with a StringReplaceTextOptions parameter instead." [C:\Projects\Irma Dulce\backend\src\IrmaDulce.Application\IrmaDulce.Application.csproj]
   3:8>C:\Projects\Irma Dulce\backend\src\IrmaDulce.Application\Services\DocumentoService.cs(213,45): error CS1061: ‘DocX’ não contém uma definição para "InsertTableAfterSelf" e não foi possível encontrar nenhum método de extensão "InsertTableAfterSelf" que aceite um primeiro argumento do tipo ‘DocX’ (você está se esquecendo de usar uma diretiva ou uma referência de assembly?) [C:\Projects\Irma Dulce\backend\src\IrmaDulce.Application\IrmaDulce.Application.csproj]
   3:8>C:\Projects\Irma Dulce\backend\src\IrmaDulce.Application\Services\DocumentoService.cs(216,44): error CS0234: O nome de tipo ou namespace "TableDesign" não existe no namespace "Xceed.Words.NET" (você está sem uma referência de assembly?) [C:\Projects\Irma Dulce\backend\src\IrmaDulce.Application\IrmaDulce.Application.csproj]
         CompilerServer: server - server processed compilation - IrmaDulce.Application (net8.0)
       Tarefa em execução pronta "Csc" -- FALHA.
   3:8>Destino de compilação pronto "CoreCompile" no projeto "IrmaDulce.Application.csproj" -- FALHA.
   3:8>Destino "_CheckForCompileOutputs" no arquivo "C:\Program Files\dotnet\sdk\8.0.415\Microsoft.Common.CurrentVersion.targets" do projeto "C:\Projects\Irma Dulce\backend\src\IrmaDulce.Application\IrmaDulce.Application.csproj" (o destino "_CleanGetCurrentAndPriorFileWrites" depende dele):
   3:8>Destino de compilação pronto"_CheckForCompileOutputs" no projeto "IrmaDulce.Application.csproj".
       Destino "_SGenCheckForOutputs" ignorado devido à condição falsa; ('$(_SGenGenerateSerializationAssembliesConfig)' == 'On' or ('@(WebReferenceUrl)'!='' and '$(_SGenGenerateSerializationAssembliesConfig)' == 'Auto')) foi avaliado como ('Off' == 'On' or (''!='' and 'Off' == 'Auto')).
   3:8>Destino "_CleanGetCurrentAndPriorFileWrites" no arquivo "C:\Program Files\dotnet\sdk\8.0.415\Microsoft.Common.CurrentVersion.targets" do projeto "C:\Projects\Irma Dulce\backend\src\IrmaDulce.Application\IrmaDulce.Application.csproj" (o destino "_CleanRecordFileWrites" depende dele):
       Usando a tarefa "ReadLinesFromFile" do assembly "Microsoft.Build.Tasks.Core, Version=15.1.0.0, Culture=neutral, PublicKeyToken=b03f5f7f11d50a3a".
       Tarefa "ReadLinesFromFile"
       Tarefa em execução pronta "ReadLinesFromFile".
       Tarefa "ConvertToAbsolutePath"
       Tarefa em execução pronta "ConvertToAbsolutePath".
       Usando a tarefa "FindUnderPath" do assembly "Microsoft.Build.Tasks.Core, Version=15.1.0.0, Culture=neutral, PublicKeyToken=b03f5f7f11d50a3a".
       Tarefa "FindUnderPath"
         O caminho de comparação é "C:\Projects\Irma Dulce\backend\src\IrmaDulce.Application".
       Tarefa em execução pronta "FindUnderPath".
       Tarefa "FindUnderPath"
         O caminho de comparação é "bin\Debug\net8.0\".
       Tarefa em execução pronta "FindUnderPath".
       Tarefa "FindUnderPath"
         O caminho de comparação é "obj\Debug\net8.0\".
       Tarefa em execução pronta "FindUnderPath".
       Tarefa "RemoveDuplicates"
       Tarefa em execução pronta "RemoveDuplicates".
   3:8>Destino de compilação pronto"_CleanGetCurrentAndPriorFileWrites" no projeto "IrmaDulce.Application.csproj".
   3:8>Destino "_CleanRecordFileWrites" no arquivo "C:\Program Files\dotnet\sdk\8.0.415\Microsoft.Common.CurrentVersion.targets" do projeto "C:\Projects\Irma Dulce\backend\src\IrmaDulce.Application\IrmaDulce.Application.csproj" (o destino "CoreBuild" depende dele):
       Tarefa "RemoveDuplicates"
       Tarefa em execução pronta "RemoveDuplicates".
       Tarefa "MakeDir"
       Tarefa em execução pronta "MakeDir".
       Tarefa "WriteLinesToFile"
         Ignorando a gravação no arquivo "obj\Debug\net8.0\IrmaDulce.Application.csproj.FileListAbsolute.txt" porque o conteúdo não seria alterado.
       Tarefa em execução pronta "WriteLinesToFile".
   3:8>Destino de compilação pronto"_CleanRecordFileWrites" no projeto "IrmaDulce.Application.csproj".
   3:8>Projeto de compilação pronto "C:\Projects\Irma Dulce\backend\src\IrmaDulce.Application\IrmaDulce.Application.csproj" (destinos padrão) -- FALHA.
   4:6>O projeto "C:\Projects\Irma Dulce\backend\src\IrmaDulce.API\IrmaDulce.API.csproj" (4:6) está compilando "C:\Projects\Irma Dulce\backend\src\IrmaDulce.Application\IrmaDulce.Application.csproj" (3:11) no nó 4 (destinos padrão).
  3:11>Destino "Build" ignorado. Compilado anteriormente sem êxito.
  3:11>Projeto de compilação pronto "C:\Projects\Irma Dulce\backend\src\IrmaDulce.Application\IrmaDulce.Application.csproj" (destinos padrão) -- FALHA.
   2:7>O projeto "C:\Projects\Irma Dulce\backend\src\IrmaDulce.Infrastructure\IrmaDulce.Infrastructure.csproj" (2:7) está compilando "C:\Projects\Irma Dulce\backend\src\IrmaDulce.Application\IrmaDulce.Application.csproj" (3:12) no nó 4 (destinos padrão).
  3:12>Destino "Build" ignorado. Compilado anteriormente sem êxito.
  3:12>Projeto de compilação pronto "C:\Projects\Irma Dulce\backend\src\IrmaDulce.Application\IrmaDulce.Application.csproj" (destinos padrão) -- FALHA.
   2:7>Tarefa em execução pronta "MSBuild" -- FALHA.
   2:7>Destino de compilação pronto "ResolveProjectReferences" no projeto "IrmaDulce.Infrastructure.csproj" -- FALHA.
   2:7>Destino "_CheckForCompileOutputs" no arquivo "C:\Program Files\dotnet\sdk\8.0.415\Microsoft.Common.CurrentVersion.targets" do projeto "C:\Projects\Irma Dulce\backend\src\IrmaDulce.Infrastructure\IrmaDulce.Infrastructure.csproj" (o destino "_CleanGetCurrentAndPriorFileWrites" depende dele):
   2:7>Destino de compilação pronto"_CheckForCompileOutputs" no projeto "IrmaDulce.Infrastructure.csproj".
       Destino "_SGenCheckForOutputs" ignorado devido à condição falsa; ('$(_SGenGenerateSerializationAssembliesConfig)' == 'On' or ('@(WebReferenceUrl)'!='' and '$(_SGenGenerateSerializationAssembliesConfig)' == 'Auto')) foi avaliado como ('Off' == 'On' or (''!='' and 'Off' == 'Auto')).
   2:7>Destino "_CleanGetCurrentAndPriorFileWrites" no arquivo "C:\Program Files\dotnet\sdk\8.0.415\Microsoft.Common.CurrentVersion.targets" do projeto "C:\Projects\Irma Dulce\backend\src\IrmaDulce.Infrastructure\IrmaDulce.Infrastructure.csproj" (o destino "_CleanRecordFileWrites" depende dele):
       Usando a tarefa "ReadLinesFromFile" do assembly "Microsoft.Build.Tasks.Core, Version=15.1.0.0, Culture=neutral, PublicKeyToken=b03f5f7f11d50a3a".
       Tarefa "ReadLinesFromFile"
       Tarefa em execução pronta "ReadLinesFromFile".
       Tarefa "ConvertToAbsolutePath"
       Tarefa em execução pronta "ConvertToAbsolutePath".
       Usando a tarefa "FindUnderPath" do assembly "Microsoft.Build.Tasks.Core, Version=15.1.0.0, Culture=neutral, PublicKeyToken=b03f5f7f11d50a3a".
       Tarefa "FindUnderPath"
         O caminho de comparação é "C:\Projects\Irma Dulce\backend\src\IrmaDulce.Infrastructure".
       Tarefa em execução pronta "FindUnderPath".
       Tarefa "FindUnderPath"
         O caminho de comparação é "bin\Debug\net8.0\".
       Tarefa em execução pronta "FindUnderPath".
       Tarefa "FindUnderPath"
         O caminho de comparação é "obj\Debug\net8.0\".
       Tarefa em execução pronta "FindUnderPath".
       Tarefa "RemoveDuplicates"
       Tarefa em execução pronta "RemoveDuplicates".
   2:7>Destino de compilação pronto"_CleanGetCurrentAndPriorFileWrites" no projeto "IrmaDulce.Infrastructure.csproj".
   2:7>Destino "_CleanRecordFileWrites" no arquivo "C:\Program Files\dotnet\sdk\8.0.415\Microsoft.Common.CurrentVersion.targets" do projeto "C:\Projects\Irma Dulce\backend\src\IrmaDulce.Infrastructure\IrmaDulce.Infrastructure.csproj" (o destino "CoreBuild" depende dele):
       Tarefa "RemoveDuplicates"
       Tarefa em execução pronta "RemoveDuplicates".
       Tarefa "MakeDir"
       Tarefa em execução pronta "MakeDir".
       Tarefa "WriteLinesToFile"
         Ignorando a gravação no arquivo "obj\Debug\net8.0\IrmaDulce.Infrastructure.csproj.FileListAbsolute.txt" porque o conteúdo não seria alterado.
       Tarefa em execução pronta "WriteLinesToFile".
   2:7>Destino de compilação pronto"_CleanRecordFileWrites" no projeto "IrmaDulce.Infrastructure.csproj".
   2:7>Projeto de compilação pronto "C:\Projects\Irma Dulce\backend\src\IrmaDulce.Infrastructure\IrmaDulce.Infrastructure.csproj" (destinos padrão) -- FALHA.
   4:6>O projeto "C:\Projects\Irma Dulce\backend\src\IrmaDulce.API\IrmaDulce.API.csproj" (4:6) está compilando "C:\Projects\Irma Dulce\backend\src\IrmaDulce.Infrastructure\IrmaDulce.Infrastructure.csproj" (2:9) no nó 3 (destinos padrão).
   2:9>Destino "Build" ignorado. Compilado anteriormente sem êxito.
   2:9>Projeto de compilação pronto "C:\Projects\Irma Dulce\backend\src\IrmaDulce.Infrastructure\IrmaDulce.Infrastructure.csproj" (destinos padrão) -- FALHA.
   4:6>Tarefa em execução pronta "MSBuild" -- FALHA.
   4:6>Destino de compilação pronto "ResolveProjectReferences" no projeto "IrmaDulce.API.csproj" -- FALHA.
   4:6>Destino "_CheckForCompileOutputs" no arquivo "C:\Program Files\dotnet\sdk\8.0.415\Microsoft.Common.CurrentVersion.targets" do projeto "C:\Projects\Irma Dulce\backend\src\IrmaDulce.API\IrmaDulce.API.csproj" (o destino "_CleanGetCurrentAndPriorFileWrites" depende dele):
   4:6>Destino de compilação pronto"_CheckForCompileOutputs" no projeto "IrmaDulce.API.csproj".
       Destino "_SGenCheckForOutputs" ignorado devido à condição falsa; ('$(_SGenGenerateSerializationAssembliesConfig)' == 'On' or ('@(WebReferenceUrl)'!='' and '$(_SGenGenerateSerializationAssembliesConfig)' == 'Auto')) foi avaliado como ('Off' == 'On' or (''!='' and 'Off' == 'Auto')).
   4:6>Destino "_CleanGetCurrentAndPriorFileWrites" no arquivo "C:\Program Files\dotnet\sdk\8.0.415\Microsoft.Common.CurrentVersion.targets" do projeto "C:\Projects\Irma Dulce\backend\src\IrmaDulce.API\IrmaDulce.API.csproj" (o destino "_CleanRecordFileWrites" depende dele):
       Usando a tarefa "ReadLinesFromFile" do assembly "Microsoft.Build.Tasks.Core, Version=15.1.0.0, Culture=neutral, PublicKeyToken=b03f5f7f11d50a3a".
       Tarefa "ReadLinesFromFile"
       Tarefa em execução pronta "ReadLinesFromFile".
       Tarefa "ConvertToAbsolutePath"
       Tarefa em execução pronta "ConvertToAbsolutePath".
       Usando a tarefa "FindUnderPath" do assembly "Microsoft.Build.Tasks.Core, Version=15.1.0.0, Culture=neutral, PublicKeyToken=b03f5f7f11d50a3a".
       Tarefa "FindUnderPath"
         O caminho de comparação é "C:\Projects\Irma Dulce\backend\src\IrmaDulce.API".
       Tarefa em execução pronta "FindUnderPath".
       Tarefa "FindUnderPath"
         O caminho de comparação é "bin\Debug\net8.0\".
       Tarefa em execução pronta "FindUnderPath".
       Tarefa "FindUnderPath"
         O caminho de comparação é "obj\Debug\net8.0\".
       Tarefa em execução pronta "FindUnderPath".
       Tarefa "RemoveDuplicates"
       Tarefa em execução pronta "RemoveDuplicates".
   4:6>Destino de compilação pronto"_CleanGetCurrentAndPriorFileWrites" no projeto "IrmaDulce.API.csproj".
   4:6>Destino "_CleanRecordFileWrites" no arquivo "C:\Program Files\dotnet\sdk\8.0.415\Microsoft.Common.CurrentVersion.targets" do projeto "C:\Projects\Irma Dulce\backend\src\IrmaDulce.API\IrmaDulce.API.csproj" (o destino "CoreBuild" depende dele):
       Tarefa "RemoveDuplicates"
       Tarefa em execução pronta "RemoveDuplicates".
       Tarefa "MakeDir"
       Tarefa em execução pronta "MakeDir".
       Tarefa "WriteLinesToFile"
         Ignorando a gravação no arquivo "obj\Debug\net8.0\IrmaDulce.API.csproj.FileListAbsolute.txt" porque o conteúdo não seria alterado.
       Tarefa em execução pronta "WriteLinesToFile".
   4:6>Destino de compilação pronto"_CleanRecordFileWrites" no projeto "IrmaDulce.API.csproj".
   4:6>Projeto de compilação pronto "C:\Projects\Irma Dulce\backend\src\IrmaDulce.API\IrmaDulce.API.csproj" (destinos padrão) -- FALHA.
   1:2>Tarefa em execução pronta "MSBuild" -- FALHA.
   1:2>Destino de compilação pronto "Build" no projeto "IrmaDulce.sln" -- FALHA.
   1:2>Projeto de compilação pronto "C:\Projects\Irma Dulce\backend\IrmaDulce.sln" (destinos padrão) -- FALHA.

FALHA da compilação.

       "C:\Projects\Irma Dulce\backend\IrmaDulce.sln" (destino padrão) (1:2) ->
       "C:\Projects\Irma Dulce\backend\src\IrmaDulce.Application\IrmaDulce.Application.csproj" (destino padrão) (3:8) ->
       (CoreCompile destino) -> 
         C:\Projects\Irma Dulce\backend\src\IrmaDulce.Application\DTOs\TemplateDTOs.cs(2,7): warning CS0105: A diretiva using para "IrmaDulce.Domain.Enums" apareceu anteriormente neste namespace [C:\Projects\Irma Dulce\backend\src\IrmaDulce.Application\IrmaDulce.Application.csproj]
         C:\Projects\Irma Dulce\backend\src\IrmaDulce.Application\Services\DocumentoService.cs(182,25): warning CS0618: "Container.ReplaceText(string, string, bool, RegexOptions, Formatting, Formatting, MatchFormattingOptions, bool, bool, bool)" é obsoleto: "ReplaceText() with many parameters is obsolete. Use ReplaceText() with a StringReplaceTextOptions parameter instead." [C:\Projects\Irma Dulce\backend\src\IrmaDulce.Application\IrmaDulce.Application.csproj]
         C:\Projects\Irma Dulce\backend\src\IrmaDulce.Application\Services\DocumentoService.cs(191,29): warning CS0618: "Container.ReplaceText(string, string, bool, RegexOptions, Formatting, Formatting, MatchFormattingOptions, bool, bool, bool)" é obsoleto: "ReplaceText() with many parameters is obsolete. Use ReplaceText() with a StringReplaceTextOptions parameter instead." [C:\Projects\Irma Dulce\backend\src\IrmaDulce.Application\IrmaDulce.Application.csproj]
         C:\Projects\Irma Dulce\backend\src\IrmaDulce.Application\Services\DocumentoService.cs(204,29): warning CS0618: "Paragraph.ReplaceText(string, string, bool, RegexOptions, Formatting, Formatting, MatchFormattingOptions, bool, bool, bool)" é obsoleto: "ReplaceText() with many parameters is obsolete. Use ReplaceText() with a StringReplaceTextOptions parameter instead." [C:\Projects\Irma Dulce\backend\src\IrmaDulce.Application\IrmaDulce.Application.csproj]


       "C:\Projects\Irma Dulce\backend\IrmaDulce.sln" (destino padrão) (1:2) ->
       "C:\Projects\Irma Dulce\backend\src\IrmaDulce.Application\IrmaDulce.Application.csproj" (destino padrão) (3:8) ->
       (CoreCompile destino) -> 
         C:\Projects\Irma Dulce\backend\src\IrmaDulce.Application\Services\DocumentoService.cs(213,45): error CS1061: ‘DocX’ não contém uma definição para "InsertTableAfterSelf" e não foi possível encontrar nenhum método de extensão "InsertTableAfterSelf" que aceite um primeiro argumento do tipo ‘DocX’ (você está se esquecendo de usar uma diretiva ou uma referência de assembly?) [C:\Projects\Irma Dulce\backend\src\IrmaDulce.Application\IrmaDulce.Application.csproj]
         C:\Projects\Irma Dulce\backend\src\IrmaDulce.Application\Services\DocumentoService.cs(216,44): error CS0234: O nome de tipo ou namespace "TableDesign" não existe no namespace "Xceed.Words.NET" (você está sem uma referência de assembly?) [C:\Projects\Irma Dulce\backend\src\IrmaDulce.Application\IrmaDulce.Application.csproj]

    4 Aviso(s)
    2 Erro(s)

Tempo Decorrido 00:00:01.16
